# ---------------------------------------------------------------------
# races [struct] 0:
# courses can be uses several times, so use [race] for access
# [race] must be unique in this list
# ---------------------------------------------------------------------

*[struct] 0 [race] race_bunnyhill [course] bunny_hill [light] sunny [snow] 0 [wind] 0
[herring] 20 22 23 [time] 37 34 30 [theme] calm

*[struct] 0 [race] race_twistyslope [course] twisty_slope [light] night [snow] 0 [wind] 0
[herring] 21 23 24 [time] 43 39 34 [theme] spunky

*[struct] 0 [race] race_bumpyride [course] bumpy_ride  [light] sunny [snow] 0 [wind] 0
[herring] 13 16 17 [time] 35 31 28

*[struct] 0 [race] race_frozenriver [course] frozen_river [light] evening [snow] 0 [wind] 0
[herring] 40 48 52 [time] 160 150 146

*[struct] 0 [race] race_pathofdaggers [course] path_of_daggers [light] sunny [snow] 1 [wind] 0
[herring] 34 38 42 [time] 149 132 128

# ---------------------------------------------------------------------
# cups [struct] 1:
# name and desc are only for display on menu screen, use [cup] for access
# [cup] must be unique in this lise
# ---------------------------------------------------------------------

*[struct] 1 [cup] canadian [name] Canadian Cup
[num] 3 [1] race_bunnyhill [2] race_twistyslope [3] race_bumpyride
[desc] The classic Tux Racer cup for beginners. Learn to paddle and to find the best track.

*[struct] 1 [cup] swiss [name] Swiss Cup
[num] 2 [1] race_frozenriver [2] race_pathofdaggers
[desc] Two slightly more challenging courses that shipped with the original Tux Racer.

# ---------------------------------------------------------------------
# events [struct] 2:
# name is only only for displaying on menu screen, use [event] for access
# ---------------------------------------------------------------------

*[struct] 2 [event] classics [name] Tux Racer Classics
[num] 2 [1] canadian [2] swiss