*[name]tree[x]50[z]1[height]3.2[diam]2.6
*[name]shrub[x]33[z]2[height]1.0[diam]0.9
*[name]tree[x]38[z]2[height]3.2[diam]2.7
*[name]tree[x]39[z]2[height]2.3[diam]2.1
*[name]tree[x]40[z]2[height]1.6[diam]1.6
*[name]tree[x]42[z]2[height]4.0[diam]3.9
*[name]tree[x]43[z]2[height]2.9[diam]2.4
*[name]tree[x]44[z]2[height]3.6[diam]2.8
*[name]tree[x]45[z]2[height]4.5[diam]4.4
*[name]tree[x]46[z]2[height]1.7[diam]1.3
*[name]tree[x]47[z]2[height]2.8[diam]2.4
*[name]tree[x]49[z]2[height]4.8[diam]3.8
*[name]tree[x]52[z]2[height]1.4[diam]1.0
*[name]tree[x]53[z]2[height]4.9[diam]4.8
*[name]tree[x]54[z]2[height]1.3[diam]1.2
*[name]tree[x]55[z]2[height]2.5[diam]2.2
*[name]tree[x]56[z]2[height]1.6[diam]1.4
*[name]shrub[x]34[z]3[height]1.0[diam]0.9
*[name]shrub[x]35[z]3[height]2.4[diam]2.0
*[name]tree[x]42[z]3[height]2.4[diam]1.8
*[name]tree[x]43[z]3[height]2.5[diam]1.8
*[name]tree[x]45[z]3[height]1.3[diam]1.2
*[name]tree[x]46[z]3[height]3.0[diam]2.7
*[name]tree[x]47[z]3[height]4.8[diam]3.9
*[name]tree[x]51[z]3[height]3.5[diam]2.6
*[name]tree[x]52[z]3[height]3.6[diam]2.5
*[name]tree[x]53[z]3[height]3.4[diam]3.0
*[name]shrub[x]35[z]4[height]1.1[diam]1.0
*[name]shrub[x]36[z]4[height]1.7[diam]1.3
*[name]tree[x]37[z]4[height]3.2[diam]2.8
*[name]tree[x]38[z]4[height]1.5[diam]1.4
*[name]tree[x]39[z]4[height]1.8[diam]1.4
*[name]tree[x]40[z]4[height]2.7[diam]2.2
*[name]tree[x]41[z]4[height]4.2[diam]3.5
*[name]tree[x]42[z]4[height]4.5[diam]3.3
*[name]tree[x]46[z]4[height]3.0[diam]2.3
*[name]tree[x]48[z]4[height]1.8[diam]1.5
*[name]tree[x]51[z]4[height]4.8[diam]4.3
*[name]tree[x]52[z]4[height]1.7[diam]1.6
*[name]tree[x]54[z]4[height]4.8[diam]4.4
*[name]tree[x]55[z]4[height]4.7[diam]4.1
*[name]tree[x]38[z]5[height]4.0[diam]3.4
*[name]tree[x]42[z]5[height]1.7[diam]1.2
*[name]tree[x]43[z]5[height]1.7[diam]1.6
*[name]tree[x]52[z]5[height]2.4[diam]2.1
*[name]tree[x]55[z]5[height]2.4[diam]2.0
*[name]tree[x]56[z]5[height]3.1[diam]2.6
*[name]tree[x]35[z]6[height]3.3[diam]3.1
*[name]tree[x]36[z]6[height]4.4[diam]3.5
*[name]tree[x]37[z]6[height]2.2[diam]2.0
*[name]tree[x]38[z]6[height]2.8[diam]2.6
*[name]tree[x]39[z]6[height]4.5[diam]4.0
*[name]tree[x]40[z]6[height]2.0[diam]1.9
*[name]tree[x]56[z]6[height]1.9[diam]1.5
*[name]tree[x]36[z]7[height]3.9[diam]2.9
*[name]tree[x]37[z]7[height]1.3[diam]1.2
*[name]tree[x]38[z]7[height]3.9[diam]3.6
*[name]tree[x]39[z]7[height]1.7[diam]1.6
*[name]shrub[x]40[z]7[height]2.0[diam]1.6
*[name]shrub[x]41[z]7[height]1.6[diam]1.1
*[name]tree[x]56[z]7[height]4.6[diam]4.4
*[name]tree[x]36[z]8[height]2.9[diam]2.4
*[name]shrub[x]39[z]8[height]1.2[diam]1.2
*[name]shrub[x]40[z]8[height]1.0[diam]0.8
*[name]shrub[x]41[z]8[height]1.1[diam]1.0
*[name]tree[x]56[z]8[height]4.4[diam]4.1
*[name]tree[x]58[z]8[height]2.0[diam]1.9
*[name]shrub[x]37[z]9[height]1.1[diam]0.9
*[name]shrub[x]39[z]9[height]1.6[diam]1.3
*[name]tree[x]40[z]9[height]3.9[diam]3.1
*[name]tree[x]55[z]9[height]3.5[diam]3.2
*[name]tree[x]56[z]9[height]4.5[diam]3.6
*[name]tree[x]58[z]9[height]3.0[diam]3.0
*[name]tree[x]38[z]10[height]1.7[diam]1.3
*[name]tree[x]40[z]10[height]2.2[diam]2.0
*[name]shrub[x]41[z]10[height]1.1[diam]0.9
*[name]shrub[x]38[z]11[height]1.5[diam]1.4
*[name]shrub[x]39[z]11[height]1.5[diam]1.4
*[name]shrub[x]40[z]11[height]1.9[diam]1.7
*[name]tree[x]55[z]11[height]1.3[diam]1.3
*[name]tree[x]58[z]11[height]2.1[diam]2.0
*[name]shrub[x]38[z]12[height]1.9[diam]1.6
*[name]tree[x]39[z]12[height]3.4[diam]3.4
*[name]shrub[x]40[z]12[height]2.1[diam]1.6
*[name]finish[x]48[z]12[height]6.0[diam]9.0
*[name]tree[x]58[z]12[height]3.0[diam]2.6
*[name]shrub[x]37[z]13[height]1.2[diam]0.9
*[name]shrub[x]39[z]13[height]1.1[diam]0.9
*[name]tree[x]40[z]13[height]2.6[diam]2.4
*[name]tree[x]55[z]13[height]2.0[diam]1.7
*[name]tree[x]41[z]14[height]5.0[diam]4.2
*[name]tree[x]54[z]14[height]1.8[diam]1.4
*[name]tree[x]56[z]14[height]3.4[diam]3.1
*[name]tree[x]40[z]15[height]1.4[diam]1.0
*[name]tree[x]41[z]15[height]3.1[diam]2.9
*[name]tree[x]56[z]15[height]4.3[diam]3.7
*[name]shrub[x]56[z]16[height]1.9[diam]1.4
*[name]shrub[x]57[z]16[height]1.2[diam]1.0
*[name]tree[x]58[z]16[height]3.1[diam]3.0
*[name]tree[x]40[z]17[height]2.9[diam]2.4
*[name]tree[x]58[z]17[height]1.3[diam]1.3
*[name]tree[x]59[z]17[height]4.6[diam]3.7
*[name]tree[x]40[z]18[height]4.8[diam]3.7
*[name]tree[x]56[z]18[height]3.4[diam]2.7
*[name]shrub[x]58[z]18[height]2.3[diam]2.1
*[name]tree[x]59[z]18[height]4.2[diam]4.1
*[name]tree[x]60[z]18[height]2.1[diam]2.0
*[name]tree[x]39[z]19[height]2.1[diam]2.0
*[name]tree[x]40[z]19[height]3.4[diam]2.7
*[name]tree[x]55[z]19[height]4.5[diam]3.3
*[name]tree[x]58[z]19[height]1.3[diam]1.2
*[name]shrub[x]59[z]19[height]1.6[diam]1.5
*[name]tree[x]61[z]19[height]4.0[diam]3.9
*[name]tree[x]55[z]20[height]2.0[diam]1.6
*[name]shrub[x]59[z]20[height]2.1[diam]1.9
*[name]shrub[x]60[z]20[height]1.6[diam]1.5
*[name]tree[x]40[z]21[height]3.3[diam]2.8
*[name]tree[x]41[z]21[height]2.0[diam]1.7
*[name]shrub[x]55[z]21[height]1.7[diam]1.6
*[name]shrub[x]56[z]21[height]2.1[diam]1.8
*[name]shrub[x]59[z]21[height]1.6[diam]1.4
*[name]shrub[x]60[z]21[height]1.5[diam]1.4
*[name]tree[x]39[z]22[height]3.2[diam]2.9
*[name]tree[x]40[z]22[height]3.3[diam]2.5
*[name]shrub[x]54[z]22[height]2.4[diam]2.0
*[name]tree[x]56[z]22[height]1.8[diam]1.3
*[name]shrub[x]57[z]22[height]0.8[diam]0.7
*[name]shrub[x]59[z]22[height]2.0[diam]1.9
*[name]tree[x]60[z]22[height]3.6[diam]3.5
*[name]tree[x]39[z]23[height]1.5[diam]1.3
*[name]tree[x]40[z]23[height]3.5[diam]3.1
*[name]tree[x]56[z]23[height]2.3[diam]1.7
*[name]shrub[x]55[z]24[height]0.8[diam]0.7
*[name]shrub[x]56[z]24[height]1.8[diam]1.6
*[name]tree[x]58[z]24[height]2.2[diam]1.9
*[name]tree[x]59[z]24[height]2.3[diam]2.2
*[name]tree[x]41[z]25[height]1.5[diam]1.4
*[name]shrub[x]58[z]25[height]1.6[diam]1.4
*[name]tree[x]41[z]26[height]3.1[diam]2.4
*[name]herring[x]48[z]33[height]1.0[diam]1.0
*[name]herring[x]49[z]35[height]1.0[diam]1.0
*[name]herring[x]50[z]37[height]1.0[diam]1.0
*[name]herring[x]42[z]74[height]1.0[diam]1.0
*[name]herring[x]40[z]76[height]1.0[diam]1.0
*[name]herring[x]39[z]81[height]1.0[diam]1.0
*[name]herring[x]39[z]84[height]1.0[diam]1.0
*[name]herring[x]45[z]109[height]1.0[diam]1.0
*[name]herring[x]57[z]136[height]1.0[diam]1.0
*[name]herring[x]59[z]139[height]1.0[diam]1.0
*[name]herring[x]60[z]142[height]1.0[diam]1.0
*[name]herring[x]56[z]168[height]1.0[diam]1.0
*[name]herring[x]41[z]195[height]1.0[diam]1.0
*[name]herring[x]41[z]198[height]1.0[diam]1.0
*[name]herring[x]54[z]238[height]1.0[diam]1.0
*[name]herring[x]60[z]241[height]1.0[diam]1.0
*[name]herring[x]63[z]243[height]1.0[diam]1.0
*[name]herring[x]65[z]245[height]1.0[diam]1.0
*[name]tree[x]13[z]277[height]3.8[diam]3.2
*[name]tree[x]14[z]277[height]3.3[diam]3.2
*[name]tree[x]14[z]278[height]3.1[diam]2.8
*[name]tree[x]24[z]278[height]3.3[diam]2.6
*[name]tree[x]13[z]279[height]3.1[diam]2.4
*[name]tree[x]14[z]279[height]2.0[diam]1.8
*[name]tree[x]22[z]280[height]3.5[diam]3.3
*[name]tree[x]14[z]281[height]2.1[diam]2.0
*[name]tree[x]22[z]281[height]4.8[diam]3.9
*[name]tree[x]12[z]282[height]2.6[diam]2.3
*[name]tree[x]14[z]282[height]1.5[diam]1.3
*[name]tree[x]23[z]282[height]1.5[diam]1.2
*[name]tree[x]24[z]282[height]2.8[diam]2.1
*[name]tree[x]11[z]283[height]1.7[diam]1.7
*[name]tree[x]24[z]283[height]4.0[diam]3.5
*[name]tree[x]25[z]283[height]1.7[diam]1.4
*[name]tree[x]27[z]283[height]1.7[diam]1.5
*[name]tree[x]12[z]284[height]2.1[diam]1.9
*[name]tree[x]12[z]285[height]2.5[diam]2.3
*[name]tree[x]15[z]285[height]4.5[diam]4.3
*[name]tree[x]24[z]285[height]4.7[diam]3.5
*[name]tree[x]25[z]285[height]2.8[diam]2.5
*[name]tree[x]29[z]285[height]4.6[diam]4.1
*[name]tree[x]30[z]285[height]2.7[diam]2.6
*[name]herring[x]63[z]285[height]1.0[diam]1.0
*[name]tree[x]16[z]286[height]4.9[diam]4.6
*[name]tree[x]26[z]286[height]2.9[diam]2.1
*[name]tree[x]28[z]286[height]2.6[diam]2.2
*[name]tree[x]12[z]287[height]2.6[diam]2.5
*[name]tree[x]14[z]287[height]3.7[diam]3.2
*[name]tree[x]29[z]287[height]4.1[diam]3.4
*[name]tree[x]33[z]287[height]1.7[diam]1.6
*[name]tree[x]34[z]287[height]4.2[diam]3.3
*[name]tree[x]18[z]288[height]3.4[diam]2.5
*[name]tree[x]32[z]288[height]4.4[diam]4.3
*[name]tree[x]14[z]289[height]4.2[diam]3.8
*[name]tree[x]19[z]289[height]4.1[diam]3.8
*[name]tree[x]20[z]289[height]4.3[diam]3.3
*[name]tree[x]30[z]289[height]2.1[diam]1.9
*[name]tree[x]31[z]289[height]4.4[diam]3.9
*[name]tree[x]33[z]289[height]3.2[diam]3.1
*[name]herring[x]64[z]289[height]1.0[diam]1.0
*[name]tree[x]12[z]290[height]2.7[diam]2.7
*[name]tree[x]14[z]290[height]4.4[diam]4.1
*[name]tree[x]21[z]290[height]3.1[diam]2.4
*[name]tree[x]33[z]290[height]3.2[diam]2.4
*[name]tree[x]34[z]290[height]3.9[diam]3.1
*[name]tree[x]37[z]290[height]3.2[diam]3.0
*[name]tree[x]38[z]290[height]2.0[diam]1.6
*[name]tree[x]17[z]291[height]1.5[diam]1.4
*[name]tree[x]33[z]291[height]2.4[diam]2.3
*[name]tree[x]36[z]291[height]3.8[diam]2.8
*[name]tree[x]11[z]292[height]3.6[diam]3.1
*[name]tree[x]16[z]292[height]4.2[diam]3.5
*[name]tree[x]23[z]292[height]3.6[diam]2.6
*[name]tree[x]33[z]292[height]1.8[diam]1.5
*[name]tree[x]34[z]292[height]3.7[diam]3.3
*[name]tree[x]19[z]293[height]2.3[diam]1.7
*[name]tree[x]20[z]293[height]3.6[diam]2.7
*[name]tree[x]34[z]293[height]4.1[diam]3.1
*[name]tree[x]40[z]293[height]2.5[diam]2.0
*[name]tree[x]41[z]293[height]2.2[diam]1.6
*[name]tree[x]11[z]294[height]3.4[diam]3.2
*[name]tree[x]14[z]294[height]4.6[diam]4.3
*[name]tree[x]18[z]294[height]1.5[diam]1.5
*[name]tree[x]37[z]294[height]3.2[diam]2.7
*[name]tree[x]22[z]295[height]4.4[diam]3.5
*[name]tree[x]25[z]295[height]2.9[diam]2.5
*[name]tree[x]26[z]295[height]3.7[diam]2.9
*[name]tree[x]35[z]295[height]4.7[diam]3.8
*[name]tree[x]39[z]295[height]2.2[diam]1.6
*[name]tree[x]41[z]295[height]4.1[diam]4.0
*[name]tree[x]42[z]295[height]4.0[diam]2.9
*[name]tree[x]11[z]296[height]4.8[diam]3.9
*[name]tree[x]14[z]296[height]1.9[diam]1.7
*[name]tree[x]18[z]296[height]3.1[diam]2.6
*[name]tree[x]21[z]296[height]1.3[diam]1.2
*[name]tree[x]35[z]296[height]3.4[diam]3.0
*[name]tree[x]42[z]296[height]3.1[diam]2.6
*[name]tree[x]43[z]296[height]2.5[diam]2.2
*[name]tree[x]11[z]297[height]2.7[diam]2.6
*[name]tree[x]19[z]297[height]4.7[diam]3.7
*[name]tree[x]27[z]297[height]1.6[diam]1.3
*[name]tree[x]40[z]297[height]4.0[diam]3.7
*[name]tree[x]22[z]298[height]3.6[diam]3.2
*[name]tree[x]27[z]298[height]1.4[diam]1.4
*[name]tree[x]38[z]298[height]4.0[diam]3.8
*[name]tree[x]12[z]299[height]4.2[diam]3.6
*[name]tree[x]13[z]299[height]4.4[diam]4.1
*[name]tree[x]17[z]299[height]4.4[diam]3.1
*[name]tree[x]20[z]299[height]3.0[diam]2.4
*[name]tree[x]22[z]299[height]3.2[diam]2.7
*[name]tree[x]25[z]299[height]1.4[diam]1.0
*[name]tree[x]27[z]299[height]1.4[diam]1.3
*[name]tree[x]35[z]299[height]3.3[diam]2.7
*[name]tree[x]41[z]299[height]1.6[diam]1.6
*[name]tree[x]44[z]299[height]2.2[diam]1.6
*[name]tree[x]11[z]300[height]1.9[diam]1.6
*[name]tree[x]16[z]300[height]2.8[diam]2.7
*[name]tree[x]20[z]300[height]1.7[diam]1.2
*[name]tree[x]23[z]300[height]3.4[diam]2.6
*[name]tree[x]35[z]300[height]4.6[diam]3.7
*[name]tree[x]37[z]300[height]4.9[diam]4.5
*[name]tree[x]38[z]300[height]4.2[diam]4.0
*[name]tree[x]39[z]300[height]2.9[diam]2.6
*[name]tree[x]42[z]300[height]4.4[diam]4.3
*[name]tree[x]11[z]301[height]4.7[diam]3.9
*[name]tree[x]15[z]301[height]2.6[diam]2.6
*[name]tree[x]16[z]301[height]2.9[diam]2.5
*[name]tree[x]24[z]301[height]3.2[diam]3.1
*[name]tree[x]25[z]301[height]4.3[diam]3.8
*[name]tree[x]27[z]301[height]4.7[diam]3.5
*[name]tree[x]38[z]301[height]3.6[diam]2.7
*[name]tree[x]39[z]301[height]2.9[diam]2.1
*[name]tree[x]11[z]302[height]1.3[diam]1.1
*[name]tree[x]14[z]302[height]1.5[diam]1.3
*[name]tree[x]16[z]302[height]3.9[diam]3.8
*[name]tree[x]17[z]302[height]4.6[diam]4.2
*[name]tree[x]20[z]302[height]3.7[diam]3.3
*[name]tree[x]25[z]302[height]3.1[diam]2.3
*[name]tree[x]27[z]302[height]2.3[diam]1.9
*[name]tree[x]35[z]302[height]4.9[diam]3.8
*[name]tree[x]38[z]302[height]3.9[diam]3.2
*[name]tree[x]39[z]302[height]1.9[diam]1.5
*[name]tree[x]40[z]302[height]4.1[diam]3.8
*[name]tree[x]42[z]302[height]1.8[diam]1.6
*[name]tree[x]12[z]303[height]2.3[diam]1.7
*[name]tree[x]18[z]303[height]3.7[diam]3.6
*[name]tree[x]21[z]303[height]1.9[diam]1.4
*[name]tree[x]38[z]303[height]4.8[diam]3.7
*[name]tree[x]45[z]303[height]3.6[diam]2.6
*[name]tree[x]18[z]304[height]4.1[diam]3.3
*[name]tree[x]21[z]304[height]4.9[diam]4.4
*[name]tree[x]22[z]304[height]1.3[diam]1.1
*[name]tree[x]26[z]304[height]2.5[diam]2.1
*[name]tree[x]36[z]304[height]3.8[diam]3.4
*[name]tree[x]38[z]304[height]4.4[diam]4.0
*[name]tree[x]14[z]305[height]4.3[diam]3.8
*[name]tree[x]17[z]305[height]1.3[diam]1.3
*[name]tree[x]21[z]305[height]3.9[diam]3.6
*[name]tree[x]23[z]305[height]3.8[diam]3.6
*[name]tree[x]24[z]305[height]2.6[diam]2.6
*[name]tree[x]35[z]305[height]4.6[diam]3.3
*[name]tree[x]39[z]305[height]4.6[diam]3.4
*[name]tree[x]42[z]305[height]1.6[diam]1.6
*[name]tree[x]45[z]305[height]2.1[diam]2.0
*[name]tree[x]14[z]306[height]4.5[diam]4.5
*[name]tree[x]21[z]306[height]1.5[diam]1.4
*[name]tree[x]22[z]306[height]3.7[diam]2.7
*[name]tree[x]41[z]306[height]2.9[diam]2.9
*[name]tree[x]25[z]307[height]3.4[diam]2.5
*[name]tree[x]34[z]307[height]3.4[diam]2.9
*[name]tree[x]37[z]307[height]4.2[diam]3.5
*[name]tree[x]17[z]308[height]4.8[diam]4.6
*[name]tree[x]19[z]308[height]2.8[diam]2.5
*[name]tree[x]21[z]308[height]3.4[diam]2.5
*[name]tree[x]25[z]308[height]3.1[diam]3.0
*[name]tree[x]34[z]308[height]1.5[diam]1.2
*[name]tree[x]37[z]308[height]4.8[diam]4.8
*[name]tree[x]39[z]308[height]2.9[diam]2.1
*[name]tree[x]40[z]308[height]4.4[diam]4.0
*[name]tree[x]42[z]308[height]4.2[diam]3.8
*[name]tree[x]12[z]309[height]3.8[diam]3.6
*[name]tree[x]15[z]309[height]3.3[diam]2.6
*[name]tree[x]23[z]309[height]4.6[diam]4.6
*[name]tree[x]34[z]309[height]2.4[diam]2.0
*[name]tree[x]45[z]309[height]1.7[diam]1.6
*[name]tree[x]11[z]310[height]4.6[diam]4.5
*[name]tree[x]15[z]310[height]2.3[diam]2.2
*[name]tree[x]36[z]310[height]3.9[diam]3.6
*[name]tree[x]38[z]310[height]3.1[diam]2.5
*[name]tree[x]39[z]310[height]4.2[diam]4.2
*[name]tree[x]42[z]310[height]2.1[diam]2.0
*[name]tree[x]45[z]310[height]2.6[diam]2.0
*[name]herring[x]71[z]310[height]1.0[diam]1.0
*[name]tree[x]13[z]311[height]4.3[diam]4.1
*[name]tree[x]15[z]311[height]2.1[diam]1.9
*[name]tree[x]21[z]311[height]3.1[diam]2.2
*[name]tree[x]33[z]311[height]2.6[diam]2.0
*[name]tree[x]44[z]311[height]4.5[diam]4.4
*[name]tree[x]10[z]312[height]3.1[diam]2.9
*[name]tree[x]14[z]312[height]4.6[diam]4.3
*[name]tree[x]16[z]312[height]2.1[diam]2.1
*[name]tree[x]18[z]312[height]3.8[diam]2.8
*[name]tree[x]20[z]312[height]4.7[diam]4.6
*[name]tree[x]32[z]312[height]4.9[diam]4.4
*[name]tree[x]34[z]312[height]3.7[diam]3.2
*[name]tree[x]39[z]312[height]4.7[diam]3.9
*[name]tree[x]40[z]312[height]3.0[diam]2.2
*[name]herring[x]71[z]312[height]1.0[diam]1.0
*[name]tree[x]9[z]313[height]2.4[diam]2.3
*[name]tree[x]13[z]313[height]2.4[diam]1.8
*[name]tree[x]14[z]313[height]3.7[diam]3.2
*[name]tree[x]16[z]313[height]4.1[diam]3.1
*[name]tree[x]31[z]313[height]3.4[diam]2.5
*[name]tree[x]34[z]313[height]2.4[diam]2.0
*[name]tree[x]37[z]313[height]1.3[diam]1.2
*[name]tree[x]38[z]313[height]2.0[diam]2.0
*[name]tree[x]39[z]313[height]3.5[diam]2.9
*[name]tree[x]9[z]314[height]4.6[diam]3.6
*[name]tree[x]11[z]314[height]3.4[diam]3.2
*[name]tree[x]14[z]314[height]2.2[diam]1.9
*[name]tree[x]17[z]314[height]2.8[diam]2.8
*[name]tree[x]35[z]314[height]1.3[diam]1.0
*[name]tree[x]36[z]314[height]2.6[diam]2.2
*[name]tree[x]37[z]314[height]3.0[diam]2.7
*[name]tree[x]38[z]314[height]2.4[diam]2.2
*[name]tree[x]42[z]314[height]4.2[diam]4.1
*[name]tree[x]83[z]314[height]2.5[diam]2.2
*[name]tree[x]84[z]314[height]1.6[diam]1.5
*[name]tree[x]85[z]314[height]3.7[diam]3.1
*[name]tree[x]15[z]315[height]2.6[diam]2.3
*[name]tree[x]30[z]315[height]2.0[diam]1.8
*[name]tree[x]34[z]315[height]3.4[diam]3.2
*[name]tree[x]35[z]315[height]1.3[diam]1.1
*[name]tree[x]38[z]315[height]1.6[diam]1.4
*[name]tree[x]41[z]315[height]2.2[diam]1.8
*[name]tree[x]84[z]315[height]1.7[diam]1.5
*[name]tree[x]86[z]315[height]2.2[diam]1.7
*[name]tree[x]87[z]315[height]5.0[diam]4.5
*[name]tree[x]88[z]315[height]3.5[diam]2.9
*[name]tree[x]12[z]316[height]2.3[diam]2.2
*[name]tree[x]18[z]316[height]2.2[diam]1.6
*[name]tree[x]32[z]316[height]4.4[diam]3.9
*[name]tree[x]34[z]316[height]3.6[diam]3.5
*[name]tree[x]37[z]316[height]3.1[diam]2.5
*[name]tree[x]38[z]316[height]2.4[diam]2.3
*[name]tree_barren[x]56[z]316[height]5.8[diam]5.0
*[name]tree[x]80[z]316[height]2.8[diam]2.4
*[name]tree[x]81[z]316[height]2.5[diam]2.1
*[name]tree[x]82[z]316[height]4.9[diam]4.1
*[name]tree[x]85[z]316[height]5.0[diam]3.9
*[name]tree[x]88[z]316[height]4.1[diam]3.1
*[name]tree[x]9[z]317[height]4.6[diam]3.3
*[name]tree[x]13[z]317[height]2.1[diam]2.1
*[name]tree[x]16[z]317[height]3.6[diam]3.5
*[name]tree[x]17[z]317[height]2.6[diam]2.5
*[name]tree[x]28[z]317[height]3.9[diam]3.5
*[name]tree[x]32[z]317[height]5.0[diam]4.3
*[name]tree[x]34[z]317[height]2.0[diam]1.7
*[name]tree[x]35[z]317[height]3.0[diam]2.7
*[name]tree_barren[x]52[z]317[height]5.5[diam]5.1
*[name]tree_barren[x]53[z]317[height]4.0[diam]3.8
*[name]tree_barren[x]54[z]317[height]2.9[diam]2.9
*[name]float[x]71[z]317[height]1.0[diam]1.0
*[name]tree[x]78[z]317[height]2.6[diam]2.3
*[name]tree[x]79[z]317[height]2.7[diam]2.2
*[name]tree[x]80[z]317[height]1.5[diam]1.2
*[name]tree[x]81[z]317[height]3.2[diam]3.1
*[name]tree[x]83[z]317[height]3.1[diam]2.6
*[name]tree[x]84[z]317[height]4.4[diam]4.1
*[name]tree[x]88[z]317[height]2.4[diam]2.0
*[name]tree[x]11[z]318[height]3.4[diam]3.0
*[name]tree[x]27[z]318[height]2.7[diam]2.2
*[name]tree[x]31[z]318[height]2.2[diam]1.8
*[name]tree[x]34[z]318[height]4.4[diam]3.7
*[name]tree[x]35[z]318[height]5.0[diam]4.0
*[name]tree_barren[x]52[z]318[height]2.1[diam]2.0
*[name]tree_barren[x]54[z]318[height]1.9[diam]1.7
*[name]tree_barren[x]57[z]318[height]4.7[diam]3.9
*[name]tree[x]79[z]318[height]3.7[diam]2.7
*[name]tree[x]82[z]318[height]1.3[diam]1.0
*[name]tree[x]85[z]318[height]2.7[diam]2.0
*[name]tree[x]86[z]318[height]2.8[diam]2.7
*[name]tree[x]87[z]318[height]4.7[diam]4.5
*[name]tree[x]15[z]319[height]2.4[diam]2.3
*[name]tree[x]29[z]319[height]3.7[diam]3.3
*[name]tree[x]33[z]319[height]2.1[diam]1.6
*[name]tree_barren[x]55[z]319[height]2.7[diam]2.4
*[name]tree_barren[x]56[z]319[height]3.7[diam]3.2
*[name]tree[x]76[z]319[height]1.3[diam]1.0
*[name]tree[x]78[z]319[height]4.8[diam]4.8
*[name]tree[x]79[z]319[height]3.6[diam]2.6
*[name]tree[x]82[z]319[height]4.5[diam]4.1
*[name]tree[x]13[z]320[height]4.1[diam]3.6
*[name]tree[x]27[z]320[height]1.6[diam]1.3
*[name]tree[x]30[z]320[height]3.7[diam]2.8
*[name]tree[x]32[z]320[height]2.9[diam]2.1
*[name]tree[x]33[z]320[height]2.0[diam]1.9
*[name]tree_barren[x]54[z]320[height]5.7[diam]4.2
*[name]tree[x]77[z]320[height]4.1[diam]3.2
*[name]shrub[x]78[z]320[height]2.1[diam]1.8
*[name]tree[x]79[z]320[height]4.5[diam]3.3
*[name]tree[x]80[z]320[height]3.6[diam]2.7
*[name]tree[x]84[z]320[height]3.8[diam]2.9
*[name]tree[x]15[z]321[height]3.6[diam]3.3
*[name]tree[x]37[z]321[height]2.9[diam]2.5
*[name]tree_barren[x]53[z]321[height]4.6[diam]3.4
*[name]tree_barren[x]54[z]321[height]4.4[diam]3.8
*[name]tree_barren[x]57[z]321[height]4.9[diam]4.1
*[name]shrub[x]78[z]321[height]0.9[diam]0.8
*[name]tree[x]79[z]321[height]4.2[diam]4.0
*[name]tree[x]28[z]322[height]4.8[diam]3.8
*[name]tree_barren[x]56[z]322[height]5.3[diam]4.0
*[name]tree_barren[x]57[z]322[height]1.9[diam]1.8
*[name]tree[x]77[z]322[height]2.2[diam]2.1
*[name]shrub[x]78[z]322[height]0.6[diam]0.5
*[name]tree[x]80[z]322[height]2.3[diam]2.2
*[name]tree[x]15[z]323[height]1.9[diam]1.9
*[name]tree[x]29[z]323[height]5.0[diam]4.8
*[name]tree[x]31[z]323[height]1.3[diam]1.1
*[name]tree[x]32[z]323[height]3.4[diam]2.8
*[name]tree[x]33[z]323[height]1.9[diam]1.5
*[name]tree_barren[x]56[z]323[height]3.8[diam]3.6
*[name]tree_barren[x]57[z]323[height]5.2[diam]4.1
*[name]tree[x]75[z]323[height]2.0[diam]2.0
*[name]tree[x]76[z]323[height]1.7[diam]1.7
*[name]shrub[x]77[z]323[height]2.0[diam]1.5
*[name]shrub[x]78[z]323[height]1.0[diam]0.9
*[name]tree[x]16[z]324[height]2.1[diam]1.7
*[name]tree[x]25[z]324[height]2.8[diam]2.4
*[name]tree[x]27[z]324[height]1.8[diam]1.5
*[name]tree[x]29[z]324[height]3.5[diam]2.9
*[name]tree[x]33[z]324[height]2.4[diam]2.2
*[name]tree_barren[x]52[z]324[height]2.9[diam]2.3
*[name]tree_barren[x]54[z]324[height]4.4[diam]3.6
*[name]flag[x]63[z]324[height]1.0[diam]1.0
*[name]shrub[x]76[z]324[height]2.2[diam]1.7
*[name]tree[x]16[z]325[height]4.2[diam]3.1
*[name]tree[x]26[z]325[height]3.0[diam]2.4
*[name]tree_barren[x]52[z]325[height]5.5[diam]4.4
*[name]tree_barren[x]54[z]325[height]4.0[diam]2.9
*[name]tree_barren[x]57[z]325[height]2.8[diam]2.5
*[name]shrub[x]76[z]325[height]0.7[diam]0.5
*[name]tree[x]14[z]326[height]4.0[diam]3.2
*[name]tree[x]26[z]326[height]4.0[diam]3.9
*[name]tree[x]27[z]326[height]3.5[diam]2.6
*[name]tree[x]29[z]326[height]2.8[diam]2.6
*[name]tree[x]31[z]326[height]3.4[diam]2.4
*[name]tree[x]34[z]326[height]1.9[diam]1.8
*[name]tree_barren[x]56[z]326[height]5.0[diam]4.3
*[name]tree_barren[x]57[z]326[height]2.2[diam]1.9
*[name]tree_barren[x]58[z]326[height]5.2[diam]3.8
*[name]flag[x]63[z]326[height]1.0[diam]1.0
*[name]shrub[x]76[z]326[height]1.7[diam]1.5
*[name]tree[x]13[z]327[height]1.8[diam]1.3
*[name]tree[x]14[z]327[height]4.5[diam]3.3
*[name]tree[x]17[z]327[height]2.8[diam]2.3
*[name]tree[x]18[z]327[height]1.7[diam]1.5
*[name]tree[x]31[z]327[height]1.6[diam]1.2
*[name]tree[x]33[z]327[height]4.3[diam]4.0
*[name]tree[x]34[z]327[height]3.0[diam]2.6
*[name]tree_barren[x]52[z]327[height]5.0[diam]3.6
*[name]tree_barren[x]54[z]327[height]4.6[diam]3.5
*[name]tree_barren[x]55[z]327[height]5.1[diam]4.0
*[name]shrub[x]75[z]327[height]1.0[diam]1.0
*[name]tree[x]19[z]328[height]1.7[diam]1.7
*[name]tree[x]31[z]328[height]3.0[diam]2.4
*[name]tree[x]33[z]328[height]2.8[diam]2.2
*[name]tree_barren[x]52[z]328[height]3.1[diam]2.3
*[name]tree_barren[x]55[z]328[height]5.4[diam]4.6
*[name]tree_barren[x]57[z]328[height]2.2[diam]2.1
*[name]flag[x]63[z]328[height]1.0[diam]1.0
*[name]tree[x]15[z]329[height]3.3[diam]2.9
*[name]tree[x]29[z]329[height]1.9[diam]1.7
*[name]tree_barren[x]52[z]329[height]2.8[diam]2.2
*[name]tree_barren[x]54[z]329[height]5.2[diam]3.9
*[name]tree_barren[x]55[z]329[height]1.8[diam]1.5
*[name]tree_barren[x]56[z]329[height]4.3[diam]4.1
*[name]tree_barren[x]57[z]329[height]3.0[diam]2.4
*[name]tree[x]12[z]330[height]1.4[diam]1.0
*[name]tree[x]20[z]330[height]3.3[diam]2.6
*[name]tree[x]30[z]330[height]1.6[diam]1.5
*[name]tree[x]33[z]330[height]2.1[diam]1.8
*[name]tree_barren[x]51[z]330[height]5.8[diam]5.2
*[name]tree_barren[x]53[z]330[height]5.2[diam]4.2
*[name]flag[x]63[z]330[height]1.0[diam]1.0
*[name]tree[x]12[z]331[height]3.8[diam]3.5
*[name]tree[x]15[z]331[height]4.3[diam]4.1
*[name]tree[x]18[z]331[height]2.9[diam]2.3
*[name]tree[x]34[z]331[height]2.8[diam]2.5
*[name]tree[x]35[z]331[height]1.3[diam]1.2
*[name]tree_barren[x]50[z]331[height]5.4[diam]5.1
*[name]tree[x]11[z]332[height]4.2[diam]4.1
*[name]tree[x]18[z]332[height]1.7[diam]1.5
*[name]tree[x]21[z]332[height]4.2[diam]3.5
*[name]tree[x]22[z]332[height]3.9[diam]3.7
*[name]tree[x]34[z]332[height]3.6[diam]2.8
*[name]tree[x]35[z]332[height]1.4[diam]1.3
*[name]tree_barren[x]51[z]332[height]5.7[diam]4.5
*[name]tree_barren[x]53[z]332[height]2.7[diam]2.6
*[name]tree_barren[x]54[z]332[height]5.6[diam]4.2
*[name]tree_barren[x]55[z]332[height]2.4[diam]2.1
*[name]tree[x]13[z]333[height]4.2[diam]3.1
*[name]tree[x]14[z]333[height]2.9[diam]2.3
*[name]tree[x]16[z]333[height]2.7[diam]2.6
*[name]tree[x]17[z]333[height]4.4[diam]3.6
*[name]tree[x]22[z]333[height]3.4[diam]3.1
*[name]tree[x]31[z]333[height]2.1[diam]1.7
*[name]tree_barren[x]54[z]333[height]4.3[diam]3.5
*[name]tree[x]9[z]334[height]4.1[diam]3.4
*[name]tree[x]14[z]334[height]4.4[diam]3.8
*[name]tree[x]16[z]334[height]2.0[diam]1.7
*[name]tree[x]32[z]334[height]4.0[diam]3.1
*[name]tree[x]8[z]335[height]1.9[diam]1.7
*[name]tree[x]31[z]335[height]3.3[diam]2.8
*[name]tree[x]32[z]335[height]3.3[diam]2.7
*[name]tree_barren[x]52[z]335[height]4.0[diam]3.7
*[name]tree[x]11[z]336[height]1.5[diam]1.2
*[name]tree[x]13[z]336[height]4.1[diam]3.5
*[name]tree[x]14[z]336[height]3.4[diam]2.6
*[name]tree[x]18[z]336[height]2.6[diam]2.2
*[name]tree[x]19[z]336[height]3.3[diam]3.2
*[name]tree[x]20[z]336[height]1.6[diam]1.5
*[name]tree[x]32[z]336[height]2.4[diam]2.2
*[name]tree[x]9[z]337[height]1.8[diam]1.3
*[name]tree[x]11[z]337[height]1.7[diam]1.7
*[name]tree[x]15[z]337[height]3.3[diam]2.7
*[name]tree[x]18[z]337[height]2.9[diam]2.3
*[name]tree[x]32[z]337[height]3.4[diam]3.1
*[name]tree[x]17[z]338[height]4.8[diam]3.6
*[name]tree[x]31[z]338[height]1.5[diam]1.3
*[name]tree[x]32[z]338[height]3.4[diam]3.0
*[name]tree[x]9[z]339[height]2.0[diam]1.8
*[name]tree[x]11[z]339[height]4.9[diam]4.9
*[name]tree[x]13[z]339[height]1.7[diam]1.5
*[name]tree[x]9[z]340[height]1.6[diam]1.4
*[name]tree[x]14[z]340[height]4.9[diam]4.4
*[name]tree[x]30[z]340[height]2.9[diam]2.2
*[name]tree[x]9[z]341[height]2.8[diam]2.6
*[name]tree[x]30[z]341[height]4.2[diam]3.7
*[name]tree[x]10[z]342[height]4.4[diam]4.3
*[name]tree[x]13[z]342[height]3.2[diam]2.7
*[name]tree[x]9[z]344[height]2.1[diam]2.1
*[name]tree[x]12[z]344[height]3.8[diam]3.6
*[name]tree[x]9[z]345[height]3.5[diam]3.1
*[name]tree[x]11[z]347[height]4.7[diam]4.3
*[name]tree[x]9[z]348[height]1.6[diam]1.4
*[name]tree[x]11[z]349[height]2.3[diam]1.8
*[name]tree_barren[x]50[z]356[height]2.1[diam]1.7
*[name]tree_barren[x]51[z]356[height]2.7[diam]2.1
*[name]tree_barren[x]52[z]357[height]5.2[diam]4.2
*[name]tree_barren[x]49[z]358[height]5.0[diam]4.7
*[name]tree_barren[x]51[z]358[height]1.5[diam]1.2
*[name]tree_barren[x]52[z]358[height]5.4[diam]4.5
*[name]tree_barren[x]49[z]359[height]5.9[diam]5.3
*[name]tree_barren[x]50[z]359[height]5.8[diam]5.5
*[name]tree_barren[x]51[z]359[height]4.0[diam]3.4
*[name]tree_barren[x]48[z]360[height]2.5[diam]2.3
*[name]tree_barren[x]51[z]360[height]3.6[diam]3.5
*[name]tree_barren[x]52[z]360[height]4.1[diam]3.0
*[name]tree_barren[x]49[z]361[height]3.8[diam]3.3
*[name]tree_barren[x]50[z]361[height]4.7[diam]4.2
*[name]tree_barren[x]51[z]361[height]1.6[diam]1.6
*[name]tree_barren[x]51[z]362[height]5.6[diam]4.3
*[name]tree_barren[x]52[z]362[height]2.7[diam]2.0
*[name]herring[x]37[z]363[height]1.0[diam]1.0
*[name]tree_barren[x]48[z]363[height]3.5[diam]2.5
*[name]tree_barren[x]50[z]363[height]3.9[diam]3.1
*[name]tree_barren[x]51[z]363[height]5.4[diam]4.7
*[name]tree_barren[x]46[z]364[height]3.5[diam]3.2
*[name]tree_barren[x]48[z]364[height]5.8[diam]4.9
*[name]tree_barren[x]49[z]364[height]3.1[diam]3.1
*[name]tree_barren[x]50[z]364[height]2.7[diam]2.6
*[name]tree_barren[x]44[z]365[height]3.3[diam]2.8
*[name]tree_barren[x]45[z]365[height]4.6[diam]4.4
*[name]tree_barren[x]46[z]365[height]3.2[diam]2.5
*[name]tree_barren[x]48[z]365[height]5.7[diam]5.5
*[name]tree_barren[x]49[z]365[height]5.0[diam]4.5
*[name]tree_barren[x]50[z]365[height]3.8[diam]3.5
*[name]tree_barren[x]51[z]365[height]4.4[diam]3.6
*[name]tree_barren[x]44[z]366[height]5.9[diam]5.7
*[name]tree_barren[x]45[z]366[height]4.1[diam]3.4
*[name]tree_barren[x]47[z]366[height]5.9[diam]4.4
*[name]tree_barren[x]49[z]366[height]4.3[diam]4.1
*[name]tree_barren[x]46[z]367[height]4.5[diam]3.3
*[name]tree_barren[x]47[z]367[height]4.0[diam]3.6
*[name]tree_barren[x]45[z]368[height]3.7[diam]3.6
*[name]tree_barren[x]46[z]368[height]4.0[diam]3.7
*[name]herring[x]53[z]368[height]1.0[diam]1.0
*[name]herring[x]49[z]370[height]1.0[diam]1.0
*[name]flag[x]43[z]371[height]1.0[diam]1.0
*[name]flag[x]35[z]372[height]1.0[diam]1.0
*[name]flag[x]38[z]372[height]1.0[diam]1.0
*[name]flag[x]40[z]372[height]1.0[diam]1.0
*[name]flag[x]32[z]373[height]1.0[diam]1.0
*[name]float[x]35[z]384[height]1.0[diam]1.0
*[name]herring[x]35[z]389[height]1.0[diam]1.0
*[name]herring[x]34[z]391[height]1.0[diam]1.0
*[name]tree[x]80[z]393[height]4.4[diam]4.3
*[name]tree[x]84[z]393[height]2.1[diam]1.8
*[name]tree[x]85[z]393[height]4.4[diam]3.9
*[name]tree[x]86[z]393[height]4.2[diam]3.9
*[name]tree[x]80[z]394[height]3.1[diam]2.7
*[name]tree[x]81[z]394[height]2.8[diam]2.7
*[name]tree[x]82[z]394[height]2.6[diam]1.9
*[name]tree[x]87[z]394[height]2.8[diam]2.2
*[name]tree[x]81[z]395[height]4.8[diam]4.8
*[name]tree[x]84[z]395[height]4.0[diam]3.9
*[name]tree[x]85[z]395[height]1.7[diam]1.4
*[name]tree[x]87[z]395[height]4.0[diam]3.8
*[name]tree[x]81[z]396[height]2.8[diam]2.3
*[name]tree[x]83[z]396[height]2.8[diam]2.8
*[name]tree[x]87[z]396[height]2.1[diam]2.1
*[name]tree[x]78[z]397[height]3.8[diam]2.7
*[name]tree[x]82[z]397[height]4.8[diam]4.6
*[name]tree[x]85[z]397[height]3.4[diam]3.2
*[name]tree[x]86[z]397[height]3.1[diam]2.5
*[name]tree[x]87[z]397[height]3.2[diam]3.2
*[name]tree[x]80[z]398[height]4.7[diam]4.6
*[name]tree[x]82[z]398[height]4.9[diam]4.0
*[name]tree[x]83[z]398[height]4.9[diam]4.0
*[name]tree[x]87[z]398[height]3.7[diam]3.6
*[name]tree[x]86[z]399[height]2.7[diam]2.2
*[name]tree[x]81[z]400[height]4.3[diam]3.7
*[name]tree[x]84[z]400[height]4.1[diam]3.5
*[name]herring[x]38[z]401[height]1.0[diam]1.0
*[name]herring[x]42[z]401[height]1.0[diam]1.0
*[name]tree[x]84[z]401[height]2.3[diam]1.8
*[name]herring[x]46[z]402[height]1.0[diam]1.0
*[name]tree[x]82[z]402[height]4.5[diam]4.1
*[name]tree[x]86[z]402[height]1.6[diam]1.2
*[name]tree[x]80[z]403[height]3.9[diam]3.6
*[name]tree[x]39[z]404[height]1.7[diam]1.5
*[name]tree[x]42[z]404[height]3.7[diam]3.4
*[name]tree[x]46[z]404[height]2.7[diam]2.1
*[name]tree[x]47[z]404[height]1.5[diam]1.5
*[name]tree[x]82[z]404[height]1.8[diam]1.8
*[name]tree[x]84[z]404[height]4.4[diam]3.3
*[name]tree[x]85[z]404[height]2.4[diam]2.2
*[name]tree[x]42[z]405[height]3.2[diam]3.1
*[name]tree[x]43[z]405[height]3.9[diam]3.8
*[name]tree[x]47[z]405[height]2.5[diam]2.1
*[name]tree[x]81[z]405[height]2.7[diam]2.0
*[name]tree[x]83[z]405[height]1.5[diam]1.4
*[name]tree[x]37[z]406[height]2.2[diam]2.1
*[name]tree[x]43[z]406[height]2.8[diam]2.2
*[name]tree[x]44[z]406[height]5.0[diam]3.7
*[name]tree[x]51[z]406[height]1.6[diam]1.2
*[name]tree[x]81[z]406[height]4.0[diam]3.7
*[name]tree[x]37[z]407[height]4.4[diam]3.3
*[name]tree[x]38[z]407[height]4.6[diam]4.5
*[name]tree[x]39[z]407[height]1.4[diam]1.0
*[name]tree[x]40[z]407[height]4.6[diam]4.4
*[name]tree[x]44[z]407[height]1.9[diam]1.5
*[name]tree[x]45[z]407[height]3.7[diam]3.4
*[name]tree[x]47[z]407[height]1.7[diam]1.4
*[name]tree[x]50[z]407[height]3.5[diam]2.9
*[name]herring[x]62[z]407[height]1.0[diam]1.0
*[name]tree[x]81[z]407[height]4.5[diam]4.5
*[name]tree[x]85[z]407[height]3.2[diam]3.1
*[name]tree[x]38[z]408[height]3.8[diam]3.5
*[name]tree[x]41[z]408[height]4.5[diam]3.3
*[name]tree[x]42[z]408[height]1.6[diam]1.5
*[name]tree[x]43[z]408[height]2.0[diam]1.5
*[name]tree[x]48[z]408[height]4.9[diam]4.8
*[name]tree[x]51[z]408[height]4.8[diam]4.5
*[name]tree[x]52[z]408[height]1.4[diam]1.3
*[name]tree[x]83[z]408[height]3.9[diam]2.8
*[name]tree[x]84[z]408[height]4.5[diam]4.0
*[name]tree[x]45[z]409[height]4.8[diam]3.5
*[name]tree[x]53[z]409[height]4.1[diam]3.6
*[name]tree[x]46[z]410[height]4.1[diam]3.9
*[name]tree[x]49[z]410[height]4.9[diam]4.0
*[name]tree[x]50[z]410[height]2.4[diam]2.3
*[name]tree[x]53[z]410[height]2.5[diam]2.4
*[name]tree[x]51[z]411[height]4.2[diam]3.0
*[name]tree[x]47[z]412[height]3.5[diam]3.1
*[name]herring[x]68[z]412[height]1.0[diam]1.0
*[name]herring[x]70[z]427[height]1.0[diam]1.0
*[name]herring[x]66[z]430[height]1.0[diam]1.0
*[name]herring[x]63[z]432[height]1.0[diam]1.0
*[name]tree[x]78[z]440[height]1.6[diam]1.5
*[name]tree[x]79[z]440[height]3.1[diam]2.4
*[name]tree[x]74[z]442[height]4.5[diam]3.8
*[name]tree[x]75[z]442[height]2.0[diam]1.9
*[name]tree[x]76[z]443[height]2.2[diam]1.8
*[name]tree[x]77[z]443[height]3.7[diam]3.6
*[name]tree[x]73[z]444[height]2.5[diam]2.1
*[name]tree[x]74[z]444[height]3.3[diam]2.6
*[name]tree[x]75[z]444[height]3.4[diam]2.7
*[name]tree[x]76[z]444[height]4.5[diam]3.7
*[name]tree[x]77[z]444[height]1.9[diam]1.8
*[name]tree[x]73[z]445[height]3.7[diam]3.2
*[name]tree[x]77[z]445[height]3.8[diam]3.8
*[name]tree[x]74[z]446[height]2.5[diam]2.1
*[name]tree[x]70[z]447[height]1.3[diam]1.2
*[name]tree[x]71[z]447[height]1.6[diam]1.2
*[name]tree[x]72[z]447[height]3.5[diam]3.1
*[name]tree[x]70[z]448[height]2.7[diam]2.3
*[name]tree[x]71[z]448[height]1.4[diam]1.2
*[name]tree[x]76[z]448[height]2.3[diam]1.8
*[name]tree[x]68[z]449[height]4.4[diam]4.3
*[name]tree[x]69[z]449[height]2.2[diam]1.7
*[name]tree[x]73[z]449[height]2.9[diam]2.7
*[name]tree[x]66[z]450[height]2.8[diam]2.0
*[name]tree[x]73[z]450[height]1.6[diam]1.3
*[name]tree[x]75[z]450[height]2.5[diam]2.0
*[name]tree[x]65[z]451[height]1.8[diam]1.7
*[name]tree[x]69[z]451[height]4.1[diam]3.9
*[name]tree[x]73[z]451[height]5.0[diam]3.7
*[name]tree[x]75[z]451[height]2.3[diam]2.3
*[name]tree[x]68[z]452[height]1.3[diam]1.0
*[name]tree[x]70[z]452[height]1.6[diam]1.4
*[name]tree[x]71[z]452[height]4.8[diam]4.1
*[name]tree[x]73[z]452[height]1.6[diam]1.5
*[name]tree[x]66[z]453[height]1.5[diam]1.2
*[name]tree[x]69[z]454[height]2.3[diam]2.2
*[name]tree[x]63[z]455[height]2.3[diam]2.0
*[name]tree[x]64[z]455[height]1.4[diam]1.3
*[name]tree[x]69[z]455[height]2.5[diam]2.1
*[name]tree[x]64[z]456[height]4.0[diam]3.3
*[name]tree[x]67[z]456[height]4.0[diam]2.9
*[name]tree[x]67[z]457[height]3.8[diam]3.7
*[name]tree[x]65[z]459[height]1.5[diam]1.2
*[name]tree[x]62[z]460[height]3.8[diam]2.8
*[name]herring[x]38[z]461[height]1.0[diam]1.0
*[name]tree[x]62[z]462[height]3.3[diam]3.3
*[name]tree[x]61[z]463[height]1.4[diam]1.2
*[name]herring[x]36[z]464[height]1.0[diam]1.0
*[name]tree[x]73[z]467[height]2.5[diam]1.9
*[name]tree[x]74[z]467[height]1.9[diam]1.5
*[name]tree[x]71[z]468[height]3.5[diam]2.7
*[name]tree[x]66[z]470[height]2.2[diam]1.9
*[name]tree[x]72[z]470[height]3.5[diam]3.0
*[name]tree[x]73[z]470[height]3.3[diam]3.2
*[name]tree[x]62[z]471[height]1.4[diam]1.3
*[name]tree[x]63[z]471[height]3.5[diam]2.9
*[name]tree[x]65[z]471[height]1.3[diam]1.1
*[name]tree[x]66[z]471[height]4.2[diam]4.0
*[name]tree[x]62[z]472[height]2.7[diam]2.3
*[name]tree[x]64[z]472[height]3.6[diam]3.0
*[name]tree[x]62[z]473[height]4.8[diam]3.9
*[name]tree[x]62[z]474[height]3.1[diam]2.6
*[name]tree[x]63[z]474[height]2.3[diam]2.0
*[name]tree[x]64[z]474[height]1.4[diam]1.3
*[name]float[x]36[z]478[height]1.0[diam]1.0
*[name]herring[x]29[z]490[height]1.0[diam]1.0
*[name]herring[x]12[z]499[height]1.0[diam]1.0
*[name]tree[x]23[z]529[height]3.7[diam]2.8
*[name]herring[x]34[z]529[height]1.0[diam]1.0
*[name]tree[x]23[z]530[height]4.6[diam]3.6
*[name]tree[x]21[z]531[height]3.0[diam]2.2
*[name]tree[x]19[z]532[height]4.6[diam]3.4
*[name]tree[x]22[z]532[height]3.6[diam]3.0
*[name]tree[x]24[z]532[height]4.8[diam]4.4
*[name]herring[x]36[z]532[height]1.0[diam]1.0
*[name]tree[x]21[z]533[height]5.0[diam]4.3
*[name]tree[x]22[z]533[height]1.5[diam]1.1
*[name]tree[x]23[z]533[height]4.5[diam]4.3
*[name]tree[x]18[z]534[height]4.2[diam]3.3
*[name]tree[x]20[z]534[height]2.6[diam]2.1
*[name]tree[x]21[z]534[height]3.9[diam]3.1
*[name]tree[x]22[z]534[height]4.0[diam]3.0
*[name]tree[x]18[z]535[height]4.2[diam]3.0
*[name]tree[x]22[z]535[height]3.9[diam]3.7
*[name]herring[x]38[z]535[height]1.0[diam]1.0
*[name]tree[x]17[z]536[height]3.6[diam]2.9
*[name]tree[x]21[z]536[height]1.5[diam]1.3
*[name]tree[x]15[z]537[height]3.4[diam]3.0
*[name]tree[x]17[z]537[height]3.6[diam]3.1
*[name]tree[x]19[z]537[height]3.5[diam]2.7
*[name]tree[x]15[z]538[height]4.6[diam]4.0
*[name]tree[x]16[z]538[height]4.8[diam]4.7
*[name]tree[x]14[z]539[height]1.5[diam]1.1
*[name]shrub[x]15[z]540[height]2.2[diam]2.2
*[name]tree[x]11[z]542[height]4.5[diam]4.1
*[name]tree[x]13[z]542[height]2.0[diam]1.6
*[name]shrub[x]8[z]547[height]0.8[diam]0.7
*[name]tree[x]23[z]547[height]3.2[diam]3.1
*[name]tree[x]24[z]547[height]1.6[diam]1.3
*[name]tree[x]21[z]548[height]4.3[diam]4.1
*[name]tree[x]23[z]548[height]1.9[diam]1.6
*[name]shrub[x]8[z]549[height]0.9[diam]0.7
*[name]shrub[x]9[z]549[height]2.3[diam]2.1
*[name]tree[x]20[z]549[height]4.1[diam]3.6
*[name]tree[x]24[z]549[height]2.0[diam]1.6
*[name]shrub[x]7[z]550[height]2.1[diam]1.6
*[name]shrub[x]8[z]550[height]2.2[diam]2.1
*[name]tree[x]19[z]550[height]5.0[diam]4.9
*[name]shrub[x]8[z]551[height]2.0[diam]2.0
*[name]shrub[x]10[z]551[height]2.2[diam]2.0
*[name]shrub[x]11[z]551[height]1.7[diam]1.2
*[name]tree[x]19[z]551[height]4.7[diam]4.2
*[name]tree[x]21[z]551[height]1.4[diam]1.1
*[name]tree[x]22[z]551[height]3.1[diam]2.3
*[name]tree[x]24[z]551[height]4.1[diam]3.3
*[name]shrub[x]8[z]552[height]2.2[diam]2.2
*[name]tree[x]19[z]552[height]4.1[diam]3.0
*[name]tree[x]22[z]552[height]2.0[diam]1.8
*[name]shrub[x]8[z]553[height]2.0[diam]2.0
*[name]shrub[x]10[z]553[height]1.1[diam]1.1
*[name]tree[x]19[z]553[height]2.4[diam]1.8
*[name]tree[x]20[z]553[height]1.5[diam]1.2
*[name]tree[x]24[z]553[height]4.7[diam]3.5
*[name]tree[x]25[z]553[height]1.9[diam]1.7
*[name]shrub[x]6[z]554[height]2.3[diam]1.7
*[name]shrub[x]8[z]554[height]1.3[diam]1.2
*[name]tree[x]18[z]554[height]2.0[diam]1.6
*[name]tree[x]20[z]554[height]2.1[diam]1.7
*[name]tree[x]22[z]554[height]4.1[diam]3.8
*[name]tree[x]24[z]554[height]2.6[diam]2.2
*[name]tree[x]26[z]554[height]1.5[diam]1.2
*[name]shrub[x]8[z]555[height]1.4[diam]1.4
*[name]shrub[x]9[z]555[height]1.2[diam]1.0
*[name]tree[x]18[z]555[height]3.3[diam]2.5
*[name]tree[x]20[z]555[height]3.6[diam]3.4
*[name]tree[x]24[z]555[height]1.4[diam]1.4
*[name]tree[x]26[z]555[height]4.9[diam]3.7
*[name]tree[x]27[z]555[height]1.7[diam]1.7
*[name]tree[x]18[z]556[height]1.9[diam]1.5
*[name]tree[x]19[z]556[height]3.7[diam]2.8
*[name]tree[x]20[z]556[height]2.6[diam]1.9
*[name]tree[x]24[z]556[height]3.8[diam]3.4
*[name]shrub[x]7[z]557[height]1.3[diam]1.3
*[name]shrub[x]8[z]557[height]2.0[diam]1.5
*[name]tree[x]18[z]557[height]3.8[diam]2.8
*[name]tree[x]20[z]557[height]3.7[diam]3.4
*[name]tree[x]22[z]557[height]2.7[diam]2.1
*[name]tree[x]20[z]558[height]3.4[diam]3.1
*[name]tree[x]22[z]558[height]4.2[diam]3.2
*[name]tree[x]25[z]558[height]4.2[diam]3.5
*[name]tree[x]27[z]558[height]4.9[diam]4.7
*[name]tree[x]28[z]558[height]2.5[diam]2.5
*[name]tree[x]18[z]559[height]4.8[diam]4.1
*[name]tree[x]20[z]559[height]4.5[diam]3.4
*[name]tree[x]25[z]559[height]4.0[diam]3.5
*[name]tree[x]20[z]560[height]2.2[diam]1.7
*[name]tree[x]23[z]560[height]3.4[diam]3.4
*[name]tree[x]28[z]560[height]3.7[diam]3.7
*[name]tree[x]22[z]561[height]4.6[diam]3.9
*[name]tree[x]26[z]561[height]1.6[diam]1.4
*[name]tree[x]29[z]561[height]3.4[diam]3.2
*[name]tree[x]19[z]562[height]2.3[diam]2.3
*[name]tree[x]20[z]562[height]4.6[diam]4.4
*[name]tree[x]22[z]562[height]3.8[diam]3.4
*[name]tree[x]26[z]562[height]4.9[diam]4.2
*[name]herring[x]56[z]562[height]1.0[diam]1.0
*[name]tree[x]18[z]563[height]1.6[diam]1.6
*[name]tree[x]22[z]563[height]2.4[diam]2.0
*[name]tree[x]29[z]563[height]4.7[diam]3.7
*[name]tree[x]32[z]563[height]4.6[diam]4.3
*[name]tree[x]33[z]563[height]2.7[diam]2.4
*[name]tree[x]37[z]563[height]2.5[diam]2.2
*[name]tree[x]8[z]564[height]3.9[diam]3.8
*[name]tree[x]21[z]564[height]3.5[diam]2.9
*[name]tree[x]23[z]564[height]4.5[diam]3.8
*[name]tree[x]28[z]564[height]4.3[diam]4.3
*[name]tree[x]33[z]564[height]1.4[diam]1.2
*[name]tree[x]41[z]564[height]3.9[diam]3.2
*[name]tree[x]43[z]564[height]2.6[diam]2.3
*[name]tree[x]46[z]564[height]2.0[diam]1.4
*[name]herring[x]60[z]564[height]1.0[diam]1.0
*[name]tree[x]7[z]565[height]2.3[diam]1.8
*[name]tree[x]8[z]565[height]3.1[diam]2.6
*[name]tree[x]19[z]565[height]1.7[diam]1.6
*[name]tree[x]29[z]565[height]4.3[diam]3.1
*[name]tree[x]30[z]565[height]1.4[diam]1.3
*[name]tree[x]31[z]565[height]4.5[diam]3.7
*[name]tree[x]38[z]565[height]2.4[diam]1.8
*[name]tree[x]7[z]566[height]1.5[diam]1.1
*[name]tree[x]19[z]566[height]1.6[diam]1.4
*[name]tree[x]20[z]566[height]2.7[diam]2.7
*[name]tree[x]21[z]566[height]1.8[diam]1.4
*[name]tree[x]23[z]566[height]4.7[diam]3.6
*[name]tree[x]31[z]566[height]3.5[diam]3.1
*[name]tree[x]32[z]566[height]3.2[diam]3.2
*[name]tree[x]34[z]566[height]2.2[diam]2.0
*[name]tree[x]44[z]566[height]1.3[diam]1.1
*[name]tree[x]47[z]566[height]4.6[diam]4.0
*[name]tree[x]50[z]566[height]4.6[diam]3.4
*[name]tree[x]7[z]567[height]2.4[diam]2.2
*[name]tree[x]8[z]567[height]1.6[diam]1.3
*[name]tree[x]21[z]567[height]2.7[diam]2.7
*[name]tree[x]22[z]567[height]4.2[diam]3.8
*[name]tree[x]24[z]567[height]1.7[diam]1.6
*[name]tree[x]31[z]567[height]3.9[diam]3.0
*[name]tree[x]33[z]567[height]3.2[diam]2.4
*[name]tree[x]35[z]567[height]1.8[diam]1.6
*[name]tree[x]36[z]567[height]2.4[diam]1.8
*[name]tree[x]37[z]567[height]4.5[diam]4.4
*[name]tree[x]41[z]567[height]3.9[diam]3.2
*[name]tree[x]9[z]568[height]4.5[diam]4.4
*[name]tree[x]23[z]568[height]1.7[diam]1.7
*[name]tree[x]24[z]568[height]3.0[diam]2.2
*[name]tree[x]25[z]568[height]2.7[diam]2.2
*[name]tree[x]36[z]568[height]1.5[diam]1.3
*[name]tree[x]39[z]568[height]1.6[diam]1.2
*[name]tree[x]47[z]568[height]1.4[diam]1.2
*[name]tree[x]49[z]568[height]1.6[diam]1.5
*[name]herring[x]63[z]568[height]1.0[diam]1.0
*[name]tree[x]9[z]569[height]1.9[diam]1.5
*[name]tree[x]27[z]569[height]3.8[diam]3.7
*[name]tree[x]32[z]569[height]2.7[diam]2.1
*[name]tree[x]41[z]569[height]5.0[diam]4.3
*[name]tree[x]42[z]569[height]4.5[diam]3.6
*[name]tree[x]53[z]569[height]3.5[diam]3.3
*[name]tree[x]8[z]570[height]2.0[diam]1.6
*[name]tree[x]9[z]570[height]1.8[diam]1.4
*[name]tree[x]26[z]570[height]2.2[diam]1.7
*[name]tree[x]28[z]570[height]4.7[diam]4.4
*[name]tree[x]39[z]570[height]2.4[diam]2.0
*[name]tree[x]45[z]570[height]1.6[diam]1.3
*[name]tree[x]10[z]571[height]5.0[diam]3.8
*[name]tree[x]29[z]571[height]3.2[diam]2.3
*[name]tree[x]40[z]571[height]3.7[diam]3.3
*[name]tree[x]41[z]571[height]4.5[diam]4.3
*[name]tree[x]50[z]571[height]4.3[diam]3.7
*[name]tree[x]53[z]571[height]3.9[diam]3.0
*[name]tree[x]8[z]572[height]4.1[diam]3.7
*[name]tree[x]10[z]572[height]4.1[diam]3.6
*[name]tree[x]29[z]572[height]5.0[diam]4.1
*[name]tree[x]30[z]572[height]2.7[diam]2.1
*[name]tree[x]31[z]572[height]3.8[diam]3.3
*[name]tree[x]41[z]572[height]2.2[diam]2.2
*[name]tree[x]46[z]572[height]4.4[diam]3.3
*[name]tree[x]47[z]572[height]3.7[diam]2.8
*[name]tree[x]30[z]573[height]3.1[diam]2.9
*[name]tree[x]31[z]573[height]3.2[diam]2.7
*[name]tree[x]32[z]573[height]4.6[diam]3.4
*[name]tree[x]45[z]573[height]3.3[diam]2.8
*[name]tree[x]48[z]573[height]3.7[diam]3.1
*[name]tree[x]10[z]574[height]2.6[diam]2.2
*[name]tree[x]12[z]574[height]4.8[diam]3.6
*[name]tree[x]33[z]574[height]3.7[diam]3.4
*[name]tree[x]35[z]574[height]4.2[diam]3.5
*[name]tree[x]41[z]574[height]2.5[diam]2.4
*[name]tree[x]45[z]574[height]4.1[diam]3.8
*[name]tree[x]46[z]574[height]4.9[diam]4.1
*[name]tree[x]53[z]574[height]2.2[diam]1.7
*[name]tree[x]11[z]575[height]2.6[diam]1.9
*[name]tree[x]35[z]575[height]2.8[diam]2.0
*[name]tree[x]36[z]575[height]2.1[diam]2.1
*[name]tree[x]42[z]575[height]4.0[diam]3.7
*[name]tree[x]46[z]575[height]2.8[diam]2.5
*[name]tree[x]49[z]575[height]4.2[diam]4.2
*[name]tree[x]51[z]575[height]2.0[diam]1.7
*[name]tree[x]9[z]576[height]2.6[diam]2.3
*[name]tree[x]14[z]576[height]4.6[diam]3.7
*[name]tree[x]36[z]576[height]3.7[diam]3.2
*[name]tree[x]37[z]576[height]1.3[diam]1.1
*[name]tree[x]49[z]576[height]4.9[diam]4.0
*[name]tree[x]54[z]576[height]2.0[diam]1.9
*[name]tree[x]14[z]577[height]1.6[diam]1.2
*[name]tree[x]37[z]577[height]1.9[diam]1.5
*[name]tree[x]38[z]577[height]2.8[diam]2.4
*[name]tree[x]44[z]577[height]2.8[diam]2.7
*[name]tree[x]50[z]577[height]3.3[diam]3.0
*[name]tree[x]11[z]578[height]4.1[diam]3.3
*[name]tree[x]17[z]578[height]2.7[diam]2.1
*[name]tree[x]39[z]578[height]4.8[diam]3.6
*[name]tree[x]40[z]578[height]1.7[diam]1.3
*[name]tree[x]46[z]578[height]3.6[diam]3.1
*[name]tree[x]53[z]578[height]3.9[diam]3.4
*[name]tree[x]13[z]579[height]4.3[diam]3.5
*[name]tree[x]14[z]579[height]1.6[diam]1.5
*[name]tree[x]15[z]579[height]4.2[diam]3.0
*[name]tree[x]20[z]579[height]2.0[diam]2.0
*[name]tree[x]21[z]579[height]4.2[diam]3.3
*[name]tree[x]39[z]579[height]1.9[diam]1.9
*[name]tree[x]41[z]579[height]3.5[diam]3.1
*[name]tree[x]49[z]579[height]3.1[diam]2.2
*[name]tree[x]21[z]580[height]2.9[diam]2.1
*[name]tree[x]22[z]580[height]3.7[diam]2.8
*[name]tree[x]23[z]580[height]2.5[diam]1.8
*[name]tree[x]42[z]580[height]2.7[diam]2.1
*[name]tree[x]51[z]580[height]2.1[diam]1.8
*[name]tree[x]16[z]581[height]2.8[diam]2.6
*[name]tree[x]18[z]581[height]5.0[diam]3.7
*[name]tree[x]25[z]581[height]2.7[diam]2.5
*[name]tree[x]42[z]581[height]3.0[diam]2.5
*[name]tree[x]45[z]581[height]3.6[diam]2.8
*[name]tree[x]20[z]582[height]3.2[diam]3.0
*[name]tree[x]23[z]582[height]2.1[diam]1.7
*[name]tree[x]25[z]582[height]1.5[diam]1.3
*[name]tree[x]26[z]582[height]2.2[diam]2.0
*[name]tree[x]40[z]582[height]4.9[diam]4.6
*[name]tree[x]41[z]582[height]3.9[diam]3.2
*[name]tree[x]43[z]582[height]4.3[diam]3.5
*[name]tree[x]44[z]582[height]3.5[diam]2.6
*[name]tree[x]47[z]582[height]2.7[diam]2.7
*[name]tree[x]50[z]582[height]2.8[diam]2.4
*[name]tree[x]52[z]582[height]3.1[diam]2.9
*[name]tree[x]26[z]583[height]3.0[diam]2.5
*[name]tree[x]30[z]583[height]4.7[diam]4.4
*[name]tree[x]50[z]583[height]2.3[diam]1.9
*[name]tree[x]23[z]584[height]2.4[diam]2.4
*[name]tree[x]24[z]584[height]3.5[diam]3.4
*[name]tree[x]25[z]584[height]3.9[diam]3.7
*[name]tree[x]27[z]584[height]1.8[diam]1.7
*[name]tree[x]28[z]584[height]2.1[diam]1.8
*[name]tree[x]41[z]584[height]3.0[diam]2.3
*[name]tree[x]44[z]584[height]1.8[diam]1.4
*[name]tree[x]46[z]584[height]3.6[diam]3.5
*[name]tree[x]47[z]584[height]3.1[diam]2.4
*[name]tree[x]28[z]585[height]1.6[diam]1.5
*[name]tree[x]29[z]585[height]2.0[diam]1.7
*[name]tree[x]32[z]585[height]3.1[diam]2.8
*[name]tree[x]43[z]585[height]2.4[diam]2.3
*[name]tree[x]48[z]585[height]1.8[diam]1.4
*[name]tree[x]50[z]585[height]4.2[diam]3.5
*[name]tree[x]31[z]586[height]3.4[diam]2.5
*[name]tree[x]32[z]586[height]2.4[diam]1.8
*[name]tree[x]45[z]586[height]4.8[diam]3.5
*[name]tree[x]32[z]587[height]1.3[diam]1.0
*[name]tree[x]46[z]587[height]4.2[diam]3.3
*[name]tree[x]43[z]588[height]3.1[diam]2.5
*[name]tree[x]69[z]602[height]2.9[diam]2.7
*[name]tree[x]71[z]602[height]2.7[diam]2.0
*[name]tree[x]69[z]603[height]3.6[diam]3.5
*[name]tree[x]71[z]603[height]2.3[diam]2.1
*[name]herring[x]67[z]604[height]1.0[diam]1.0
*[name]tree[x]70[z]604[height]4.1[diam]3.5
*[name]tree[x]71[z]605[height]2.0[diam]1.6
*[name]shrub[x]72[z]605[height]0.9[diam]0.8
*[name]shrub[x]73[z]605[height]1.0[diam]0.8
*[name]shrub[x]72[z]606[height]1.9[diam]1.3
*[name]tree[x]73[z]606[height]4.0[diam]3.2
*[name]shrub[x]74[z]606[height]0.8[diam]0.6
*[name]tree[x]71[z]607[height]3.0[diam]2.2
*[name]shrub[x]73[z]607[height]0.7[diam]0.6
*[name]tree[x]71[z]608[height]1.9[diam]1.8
*[name]tree[x]72[z]608[height]3.9[diam]3.6
*[name]shrub[x]73[z]608[height]0.7[diam]0.5
*[name]shrub[x]74[z]608[height]1.2[diam]1.0
*[name]tree[x]71[z]609[height]2.1[diam]2.1
*[name]tree[x]72[z]609[height]2.5[diam]2.1
*[name]shrub[x]73[z]609[height]1.8[diam]1.4
*[name]shrub[x]74[z]609[height]2.4[diam]2.3
*[name]tree[x]71[z]610[height]2.5[diam]1.9
*[name]tree[x]72[z]610[height]2.7[diam]2.4
*[name]shrub[x]74[z]610[height]1.4[diam]1.1
*[name]tree[x]70[z]611[height]3.3[diam]2.6
*[name]tree[x]71[z]611[height]2.7[diam]2.5
*[name]shrub[x]73[z]611[height]1.0[diam]1.0
*[name]tree[x]70[z]612[height]4.1[diam]3.2
*[name]shrub[x]72[z]612[height]1.2[diam]1.1
*[name]shrub[x]73[z]612[height]0.8[diam]0.6
*[name]tree[x]70[z]614[height]3.5[diam]2.7
*[name]herring[x]58[z]619[height]1.0[diam]1.0
*[name]herring[x]48[z]632[height]1.0[diam]1.0
*[name]float[x]45[z]633[height]1.0[diam]1.0
*[name]herring[x]46[z]639[height]1.0[diam]1.0
*[name]tree[x]67[z]639[height]2.0[diam]1.9
*[name]tree[x]69[z]639[height]3.6[diam]3.0
*[name]tree[x]70[z]639[height]4.7[diam]4.6
*[name]tree[x]72[z]639[height]4.7[diam]4.2
*[name]tree[x]74[z]639[height]1.5[diam]1.4
*[name]tree[x]66[z]640[height]3.1[diam]2.5
*[name]tree[x]67[z]640[height]1.5[diam]1.4
*[name]tree[x]68[z]640[height]4.8[diam]4.2
*[name]tree[x]71[z]640[height]5.0[diam]4.3
*[name]tree[x]73[z]640[height]3.9[diam]3.2
*[name]tree[x]74[z]640[height]1.9[diam]1.9
*[name]tree[x]75[z]640[height]2.1[diam]2.1
*[name]tree[x]76[z]640[height]2.0[diam]1.8
*[name]tree[x]67[z]641[height]4.5[diam]3.6
*[name]tree[x]68[z]641[height]3.4[diam]2.9
*[name]tree[x]74[z]641[height]3.1[diam]2.9
*[name]tree[x]78[z]641[height]2.8[diam]2.1
*[name]tree[x]64[z]642[height]1.9[diam]1.5
*[name]tree[x]65[z]642[height]1.6[diam]1.2
*[name]tree[x]66[z]642[height]4.7[diam]3.5
*[name]tree[x]70[z]642[height]1.3[diam]1.1
*[name]tree[x]75[z]642[height]3.3[diam]2.4
*[name]tree[x]65[z]643[height]2.3[diam]1.9
*[name]tree[x]67[z]643[height]3.5[diam]2.8
*[name]tree[x]72[z]643[height]5.0[diam]4.0
*[name]tree[x]73[z]643[height]3.6[diam]2.8
*[name]tree[x]75[z]643[height]2.1[diam]2.1
*[name]tree[x]76[z]643[height]1.7[diam]1.4
*[name]tree[x]64[z]644[height]2.8[diam]2.8
*[name]tree[x]68[z]644[height]4.1[diam]4.1
*[name]tree[x]69[z]644[height]2.9[diam]2.3
*[name]tree[x]70[z]644[height]4.0[diam]3.9
*[name]tree[x]71[z]644[height]2.7[diam]2.7
*[name]tree[x]76[z]644[height]1.9[diam]1.6
*[name]tree[x]64[z]645[height]1.3[diam]1.0
*[name]tree[x]70[z]645[height]3.6[diam]2.6
*[name]tree[x]74[z]645[height]3.1[diam]2.3
*[name]tree[x]76[z]645[height]1.7[diam]1.6
*[name]tree[x]37[z]646[height]3.7[diam]3.4
*[name]tree[x]39[z]646[height]1.3[diam]1.2
*[name]tree[x]67[z]646[height]1.3[diam]1.2
*[name]tree[x]68[z]646[height]4.4[diam]3.4
*[name]tree[x]69[z]646[height]3.2[diam]3.1
*[name]tree[x]71[z]646[height]3.9[diam]3.8
*[name]tree[x]72[z]646[height]4.7[diam]4.0
*[name]tree[x]74[z]646[height]4.7[diam]3.8
*[name]tree[x]77[z]646[height]4.0[diam]3.6
*[name]tree[x]79[z]646[height]2.0[diam]1.5
*[name]tree[x]36[z]647[height]3.4[diam]2.8
*[name]tree[x]48[z]647[height]3.5[diam]3.1
*[name]tree[x]70[z]647[height]3.0[diam]2.4
*[name]tree[x]73[z]647[height]3.6[diam]3.5
*[name]tree[x]75[z]647[height]2.7[diam]2.5
*[name]tree[x]76[z]647[height]3.9[diam]2.8
*[name]tree[x]77[z]647[height]3.0[diam]2.7
*[name]tree[x]38[z]648[height]3.8[diam]3.3
*[name]tree[x]49[z]648[height]2.7[diam]2.3
*[name]tree[x]50[z]648[height]4.0[diam]3.9
*[name]tree[x]73[z]648[height]3.0[diam]2.5
*[name]tree[x]74[z]648[height]4.3[diam]3.6
*[name]tree[x]77[z]648[height]4.6[diam]4.3
*[name]tree[x]36[z]649[height]4.1[diam]3.7
*[name]tree[x]38[z]649[height]2.7[diam]2.6
*[name]tree[x]40[z]649[height]4.1[diam]4.0
*[name]tree[x]51[z]649[height]2.6[diam]2.1
*[name]tree[x]38[z]650[height]3.2[diam]3.1
*[name]tree[x]50[z]650[height]3.4[diam]2.6
*[name]tree[x]78[z]650[height]4.2[diam]4.1
*[name]tree[x]36[z]651[height]4.6[diam]3.9
*[name]tree[x]39[z]651[height]1.3[diam]1.0
*[name]tree[x]50[z]652[height]2.1[diam]1.9
*[name]tree[x]52[z]652[height]4.3[diam]3.8
*[name]tree[x]36[z]653[height]2.1[diam]1.8
*[name]tree[x]38[z]653[height]3.1[diam]2.8
*[name]herring[x]69[z]653[height]1.0[diam]1.0
*[name]tree[x]51[z]654[height]4.9[diam]3.9
*[name]tree[x]53[z]654[height]1.6[diam]1.5
*[name]tree[x]34[z]655[height]1.4[diam]1.3
*[name]tree[x]37[z]655[height]3.1[diam]2.6
*[name]tree[x]52[z]655[height]4.3[diam]3.4
*[name]tree[x]33[z]656[height]2.6[diam]2.0
*[name]tree[x]33[z]657[height]3.5[diam]3.4
*[name]tree[x]35[z]657[height]5.0[diam]3.8
*[name]tree[x]53[z]657[height]1.3[diam]1.3
*[name]tree[x]55[z]657[height]1.8[diam]1.8
*[name]tree[x]33[z]658[height]2.3[diam]1.7
*[name]tree[x]35[z]658[height]2.2[diam]1.9
*[name]tree[x]57[z]658[height]4.4[diam]3.3
*[name]tree[x]58[z]658[height]1.6[diam]1.2
*[name]tree[x]59[z]658[height]3.5[diam]3.1
*[name]tree[x]32[z]659[height]4.1[diam]3.6
*[name]tree[x]34[z]659[height]4.5[diam]4.4
*[name]tree[x]57[z]659[height]2.9[diam]2.8
*[name]tree[x]60[z]659[height]3.9[diam]3.8
*[name]tree[x]31[z]660[height]2.4[diam]2.1
*[name]tree[x]60[z]660[height]2.0[diam]1.8
*[name]tree[x]61[z]660[height]3.8[diam]3.6
*[name]tree[x]62[z]660[height]3.3[diam]3.0
*[name]tree[x]64[z]660[height]1.3[diam]1.1
*[name]tree[x]30[z]661[height]3.0[diam]2.3
*[name]tree[x]31[z]661[height]3.1[diam]2.8
*[name]tree[x]32[z]661[height]2.4[diam]2.2
*[name]tree[x]33[z]661[height]2.1[diam]1.6
*[name]tree[x]30[z]662[height]4.3[diam]3.4
*[name]tree[x]31[z]662[height]2.1[diam]1.8
*[name]tree[x]62[z]662[height]4.6[diam]4.6
*[name]tree[x]27[z]666[height]5.0[diam]4.6
*[name]tree[x]31[z]666[height]4.4[diam]3.7
*[name]herring[x]36[z]666[height]1.0[diam]1.0
*[name]herring[x]36[z]668[height]1.0[diam]1.0
*[name]herring[x]79[z]668[height]1.0[diam]1.0
*[name]tree[x]25[z]669[height]3.8[diam]3.3
*[name]herring[x]63[z]691[height]1.0[diam]1.0
*[name]herring[x]62[z]694[height]1.0[diam]1.0
*[name]tree[x]47[z]701[height]2.7[diam]2.7
*[name]tree[x]50[z]701[height]1.5[diam]1.3
*[name]flag[x]58[z]701[height]1.0[diam]1.0
*[name]tree[x]46[z]702[height]3.8[diam]3.5
*[name]tree[x]45[z]703[height]2.7[diam]2.1
*[name]tree[x]46[z]703[height]2.8[diam]2.3
*[name]tree[x]50[z]703[height]4.2[diam]4.0
*[name]tree[x]43[z]704[height]3.3[diam]2.6
*[name]tree[x]46[z]704[height]3.5[diam]3.4
*[name]tree[x]47[z]704[height]5.0[diam]4.8
*[name]tree[x]50[z]704[height]1.3[diam]1.2
*[name]flag[x]55[z]704[height]1.0[diam]1.0
*[name]tree[x]47[z]705[height]1.8[diam]1.4
*[name]tree[x]49[z]705[height]2.1[diam]1.5
*[name]tree[x]44[z]706[height]2.2[diam]1.7
*[name]tree[x]47[z]706[height]4.3[diam]3.2
*[name]tree[x]48[z]706[height]3.7[diam]3.2
*[name]tree[x]48[z]707[height]3.7[diam]2.6
*[name]tree[x]49[z]707[height]3.1[diam]2.8
*[name]flag[x]53[z]707[height]1.0[diam]1.0
*[name]tree[x]46[z]708[height]3.5[diam]2.7
*[name]tree[x]48[z]708[height]2.9[diam]2.9
*[name]float[x]56[z]711[height]1.0[diam]1.0
*[name]flag[x]45[z]725[height]1.0[diam]1.0
*[name]herring[x]50[z]727[height]1.0[diam]1.0
*[name]flag[x]39[z]729[height]1.0[diam]1.0
*[name]flag[x]51[z]732[height]1.0[diam]1.0
*[name]flag[x]34[z]734[height]1.0[diam]1.0
*[name]tree[x]26[z]735[height]2.6[diam]2.5
*[name]tree[x]19[z]736[height]2.6[diam]2.0
*[name]flag[x]46[z]736[height]1.0[diam]1.0
*[name]tree[x]24[z]737[height]4.0[diam]3.9
*[name]tree[x]23[z]738[height]2.8[diam]2.3
*[name]tree[x]24[z]738[height]4.0[diam]3.4
*[name]tree[x]27[z]738[height]2.0[diam]1.8
*[name]tree[x]18[z]739[height]2.1[diam]1.7
*[name]tree[x]23[z]739[height]1.3[diam]1.1
*[name]flag[x]31[z]739[height]1.0[diam]1.0
*[name]tree[x]16[z]740[height]2.7[diam]2.1
*[name]tree[x]26[z]740[height]3.7[diam]2.8
*[name]tree[x]21[z]741[height]2.5[diam]2.0
*[name]tree[x]22[z]741[height]3.9[diam]3.9
*[name]flag[x]43[z]741[height]1.0[diam]1.0
*[name]tree[x]17[z]742[height]2.5[diam]1.9
*[name]tree[x]22[z]742[height]3.8[diam]3.7
*[name]tree[x]23[z]742[height]2.6[diam]1.9
*[name]tree[x]22[z]743[height]4.6[diam]4.2
*[name]tree[x]19[z]744[height]1.3[diam]1.0
*[name]tree[x]20[z]744[height]4.5[diam]4.2
*[name]tree[x]17[z]745[height]1.8[diam]1.4
*[name]tree[x]20[z]746[height]1.6[diam]1.6
*[name]tree[x]14[z]747[height]3.9[diam]3.1
*[name]tree[x]19[z]747[height]3.7[diam]3.6
*[name]tree[x]17[z]748[height]3.7[diam]3.3
*[name]tree[x]18[z]748[height]2.6[diam]1.9
*[name]tree[x]19[z]748[height]4.6[diam]3.3
*[name]tree[x]17[z]749[height]2.2[diam]1.7
*[name]herring[x]34[z]749[height]1.0[diam]1.0
*[name]tree[x]13[z]750[height]2.4[diam]2.3
*[name]tree[x]14[z]750[height]2.1[diam]1.9
*[name]tree[x]15[z]750[height]1.8[diam]1.7
*[name]tree[x]21[z]750[height]3.3[diam]2.8
*[name]tree[x]13[z]751[height]1.5[diam]1.2
*[name]tree[x]16[z]751[height]2.0[diam]1.5
*[name]tree[x]13[z]752[height]3.8[diam]2.8
*[name]herring[x]75[z]752[height]1.0[diam]1.0
*[name]tree[x]62[z]753[height]4.3[diam]4.1
*[name]tree[x]63[z]753[height]2.7[diam]2.6
*[name]herring[x]33[z]754[height]1.0[diam]1.0
*[name]tree[x]55[z]755[height]3.9[diam]2.9
*[name]tree[x]56[z]755[height]2.1[diam]1.7
*[name]tree[x]57[z]755[height]1.3[diam]1.2
*[name]tree[x]59[z]755[height]1.3[diam]1.0
*[name]tree[x]61[z]755[height]4.6[diam]4.5
*[name]tree[x]62[z]755[height]2.6[diam]2.0
*[name]tree[x]84[z]755[height]1.8[diam]1.7
*[name]tree[x]61[z]756[height]1.5[diam]1.3
*[name]tree[x]62[z]756[height]2.3[diam]1.8
*[name]tree[x]63[z]756[height]2.4[diam]2.3
*[name]tree[x]64[z]756[height]3.9[diam]3.2
*[name]tree[x]83[z]756[height]2.2[diam]2.1
*[name]tree[x]84[z]756[height]2.9[diam]2.8
*[name]tree[x]85[z]756[height]5.0[diam]3.9
*[name]tree[x]86[z]756[height]4.1[diam]3.3
*[name]tree[x]58[z]757[height]1.9[diam]1.6
*[name]tree[x]62[z]757[height]3.0[diam]2.5
*[name]tree[x]83[z]757[height]4.3[diam]3.6
*[name]tree[x]84[z]757[height]2.2[diam]2.0
*[name]tree[x]86[z]757[height]4.3[diam]3.3
*[name]tree[x]88[z]757[height]4.0[diam]3.0
*[name]tree[x]16[z]760[height]2.2[diam]2.2
*[name]tree[x]15[z]761[height]4.4[diam]3.6
*[name]tree[x]15[z]762[height]2.3[diam]1.7
*[name]tree[x]14[z]763[height]3.3[diam]2.9
*[name]tree[x]18[z]764[height]4.8[diam]3.7
*[name]tree[x]13[z]765[height]4.8[diam]3.7
*[name]tree[x]15[z]765[height]1.8[diam]1.5
*[name]tree[x]15[z]766[height]1.7[diam]1.3
*[name]tree[x]19[z]769[height]3.7[diam]3.6
*[name]tree[x]60[z]772[height]3.2[diam]3.1
*[name]tree[x]62[z]772[height]2.5[diam]2.5
*[name]tree[x]63[z]772[height]2.0[diam]1.5
*[name]tree[x]15[z]773[height]2.9[diam]2.5
*[name]tree[x]61[z]774[height]4.8[diam]3.8
*[name]tree[x]63[z]774[height]3.4[diam]3.1
*[name]tree[x]64[z]774[height]3.0[diam]2.8
*[name]herring[x]22[z]775[height]1.0[diam]1.0
*[name]tree[x]61[z]775[height]3.3[diam]2.7
*[name]tree[x]15[z]776[height]1.9[diam]1.9
*[name]tree[x]62[z]776[height]2.8[diam]2.6
*[name]tree[x]65[z]776[height]2.8[diam]2.3
*[name]tree[x]13[z]777[height]4.9[diam]4.0
*[name]herring[x]21[z]777[height]1.0[diam]1.0
*[name]tree[x]59[z]777[height]3.3[diam]2.5
*[name]tree[x]62[z]777[height]4.1[diam]3.7
*[name]tree[x]65[z]777[height]2.3[diam]1.9
*[name]tree[x]59[z]778[height]3.2[diam]3.1
*[name]tree[x]63[z]778[height]2.2[diam]2.1
*[name]tree[x]65[z]778[height]4.3[diam]3.6
*[name]tree[x]13[z]779[height]5.0[diam]3.9
*[name]tree[x]15[z]779[height]4.6[diam]4.6
*[name]herring[x]21[z]779[height]1.0[diam]1.0
*[name]tree[x]61[z]779[height]3.3[diam]2.8
*[name]tree[x]62[z]779[height]3.6[diam]3.6
*[name]tree[x]63[z]779[height]2.5[diam]1.9
*[name]tree[x]64[z]779[height]2.3[diam]2.0
*[name]tree[x]65[z]779[height]5.0[diam]4.6
*[name]tree[x]13[z]780[height]2.2[diam]1.8
*[name]tree[x]64[z]780[height]1.5[diam]1.2
*[name]tree[x]65[z]780[height]4.2[diam]3.7
*[name]tree[x]66[z]780[height]2.6[diam]2.3
*[name]tree[x]67[z]780[height]2.3[diam]2.1
*[name]tree[x]13[z]781[height]4.9[diam]4.6
*[name]tree[x]17[z]781[height]3.0[diam]2.3
*[name]tree[x]67[z]781[height]3.7[diam]3.0
*[name]tree[x]68[z]781[height]3.8[diam]3.4
*[name]tree[x]69[z]781[height]3.2[diam]2.8
*[name]tree[x]70[z]781[height]3.5[diam]2.6
*[name]tree[x]69[z]782[height]1.5[diam]1.2
*[name]tree[x]70[z]782[height]1.5[diam]1.2
*[name]tree[x]15[z]783[height]2.7[diam]2.2
*[name]tree[x]71[z]783[height]4.7[diam]3.9
*[name]tree[x]10[z]784[height]1.5[diam]1.1
*[name]tree[x]12[z]784[height]4.2[diam]3.2
*[name]tree[x]15[z]784[height]2.7[diam]2.4
*[name]tree[x]69[z]784[height]4.0[diam]3.8
*[name]tree[x]71[z]784[height]1.7[diam]1.3
*[name]tree[x]10[z]785[height]2.8[diam]2.1
*[name]tree[x]18[z]785[height]4.4[diam]4.2
*[name]tree[x]69[z]785[height]2.5[diam]2.1
*[name]tree[x]70[z]785[height]1.8[diam]1.3
*[name]tree[x]10[z]786[height]1.8[diam]1.7
*[name]tree[x]15[z]786[height]3.4[diam]3.2
*[name]tree[x]66[z]786[height]4.1[diam]3.6
*[name]tree[x]68[z]786[height]4.9[diam]4.6
*[name]tree[x]69[z]786[height]1.4[diam]1.1
*[name]tree[x]10[z]787[height]1.8[diam]1.8
*[name]tree[x]15[z]787[height]4.1[diam]3.1
*[name]tree[x]68[z]787[height]1.7[diam]1.5
*[name]tree[x]11[z]788[height]2.5[diam]2.2
*[name]tree[x]16[z]788[height]1.7[diam]1.3
*[name]tree[x]19[z]788[height]2.3[diam]1.8
*[name]tree[x]12[z]789[height]1.6[diam]1.5
*[name]tree[x]16[z]789[height]2.6[diam]2.6
*[name]tree[x]22[z]789[height]3.4[diam]3.1
*[name]tree[x]20[z]790[height]2.8[diam]2.6
*[name]tree[x]15[z]791[height]3.9[diam]3.4
*[name]tree[x]17[z]791[height]2.8[diam]2.2
*[name]tree[x]19[z]791[height]2.5[diam]1.9
*[name]tree[x]20[z]791[height]4.7[diam]3.8
*[name]tree[x]15[z]792[height]4.8[diam]4.8
*[name]tree[x]16[z]792[height]3.7[diam]2.7
*[name]tree[x]16[z]793[height]4.7[diam]3.9
*[name]herring[x]36[z]793[height]1.0[diam]1.0
*[name]tree[x]75[z]798[height]2.4[diam]1.7
*[name]tree[x]77[z]798[height]4.8[diam]4.3
*[name]tree[x]78[z]798[height]3.3[diam]2.4
*[name]tree[x]75[z]799[height]3.9[diam]3.7
*[name]tree[x]74[z]801[height]2.5[diam]2.4
*[name]tree[x]77[z]802[height]3.1[diam]2.8
*[name]tree[x]73[z]803[height]4.0[diam]3.0
*[name]tree[x]73[z]804[height]2.7[diam]2.1
*[name]tree[x]77[z]804[height]4.2[diam]3.1
*[name]herring[x]63[z]805[height]1.0[diam]1.0
*[name]tree[x]73[z]805[height]4.0[diam]3.1
*[name]tree[x]74[z]805[height]2.6[diam]1.9
*[name]tree[x]80[z]805[height]2.5[diam]2.0
*[name]tree[x]73[z]806[height]2.6[diam]2.1
*[name]tree[x]82[z]808[height]2.2[diam]1.6
*[name]tree[x]73[z]809[height]2.7[diam]2.0
*[name]tree[x]77[z]809[height]2.8[diam]2.5
*[name]tree[x]78[z]809[height]1.9[diam]1.6
*[name]tree[x]81[z]809[height]2.5[diam]2.3
*[name]tree[x]82[z]810[height]2.8[diam]2.1
*[name]tree[x]81[z]811[height]3.2[diam]3.0
*[name]tree[x]75[z]813[height]4.5[diam]3.2
*[name]tree[x]80[z]813[height]2.9[diam]2.6
*[name]tree[x]77[z]814[height]1.6[diam]1.5
*[name]flag[x]45[z]829[height]1.0[diam]1.0
*[name]flag[x]41[z]832[height]1.0[diam]1.0
*[name]herring[x]44[z]832[height]1.0[diam]1.0
*[name]tree[x]82[z]833[height]4.1[diam]4.0
*[name]tree[x]83[z]833[height]4.8[diam]4.1
*[name]tree[x]84[z]833[height]1.5[diam]1.2
*[name]tree[x]81[z]834[height]3.4[diam]2.8
*[name]tree[x]84[z]834[height]3.5[diam]3.4
*[name]tree[x]81[z]835[height]3.8[diam]3.6
*[name]tree[x]83[z]835[height]4.8[diam]3.5
*[name]tree[x]83[z]836[height]5.0[diam]4.1
*[name]tree[x]85[z]836[height]4.0[diam]3.1
*[name]tree[x]80[z]837[height]3.9[diam]2.9
*[name]tree[x]82[z]837[height]4.6[diam]3.4
*[name]tree[x]85[z]837[height]1.7[diam]1.4
*[name]tree[x]79[z]838[height]4.6[diam]4.6
*[name]tree[x]80[z]838[height]2.9[diam]2.4
*[name]tree[x]85[z]838[height]3.4[diam]2.9
*[name]tree[x]80[z]839[height]2.0[diam]1.6
*[name]tree[x]81[z]839[height]2.8[diam]2.1
*[name]tree[x]77[z]840[height]4.5[diam]3.8
*[name]tree[x]78[z]840[height]2.8[diam]2.4
*[name]tree[x]83[z]840[height]4.4[diam]3.2
*[name]flag[x]32[z]841[height]1.0[diam]1.0
*[name]flag[x]30[z]844[height]1.0[diam]1.0
*[name]tree[x]18[z]857[height]2.6[diam]2.3
*[name]tree[x]21[z]857[height]4.4[diam]3.6
*[name]tree[x]20[z]859[height]3.4[diam]3.2
*[name]tree[x]22[z]859[height]3.8[diam]3.0
*[name]tree[x]18[z]860[height]1.3[diam]1.1
*[name]herring[x]28[z]860[height]1.0[diam]1.0
*[name]tree[x]21[z]861[height]2.7[diam]2.6
*[name]tree[x]18[z]862[height]3.2[diam]2.8
*[name]shrub[x]20[z]862[height]1.2[diam]1.0
*[name]shrub[x]20[z]863[height]1.4[diam]1.3
*[name]shrub[x]21[z]863[height]2.0[diam]1.4
*[name]shrub[x]22[z]863[height]1.1[diam]1.1
*[name]herring[x]30[z]863[height]1.0[diam]1.0
*[name]tree[x]79[z]863[height]2.6[diam]2.4
*[name]shrub[x]21[z]864[height]0.7[diam]0.6
*[name]shrub[x]22[z]864[height]0.8[diam]0.7
*[name]tree[x]75[z]864[height]3.7[diam]3.7
*[name]tree[x]77[z]864[height]3.2[diam]2.3
*[name]tree[x]79[z]864[height]3.1[diam]2.6
*[name]tree[x]19[z]865[height]2.6[diam]1.9
*[name]shrub[x]21[z]865[height]1.0[diam]0.7
*[name]shrub[x]23[z]865[height]1.3[diam]1.0
*[name]shrub[x]24[z]865[height]1.4[diam]1.3
*[name]herring[x]33[z]865[height]1.0[diam]1.0
*[name]shrub[x]24[z]866[height]0.8[diam]0.8
*[name]tree[x]77[z]866[height]2.2[diam]1.8
*[name]shrub[x]22[z]867[height]1.3[diam]1.2
*[name]shrub[x]25[z]867[height]0.9[diam]0.7
*[name]shrub[x]27[z]867[height]1.9[diam]1.6
*[name]tree[x]76[z]867[height]1.6[diam]1.2
*[name]tree[x]77[z]867[height]1.7[diam]1.3
*[name]shrub[x]24[z]868[height]1.2[diam]0.9
*[name]shrub[x]25[z]868[height]1.8[diam]1.8
*[name]tree[x]75[z]868[height]2.1[diam]1.6
*[name]herring[x]74[z]877[height]1.0[diam]1.0
*[name]tree[x]84[z]889[height]1.3[diam]1.2
*[name]tree[x]82[z]890[height]3.3[diam]2.7
*[name]tree[x]84[z]890[height]4.3[diam]4.0
*[name]tree[x]85[z]891[height]2.8[diam]2.1
*[name]tree[x]81[z]892[height]4.9[diam]4.7
*[name]tree[x]80[z]893[height]4.9[diam]3.6
*[name]tree[x]84[z]893[height]4.2[diam]3.2
*[name]tree[x]80[z]894[height]3.1[diam]2.4
*[name]tree[x]84[z]894[height]4.7[diam]4.2
*[name]tree[x]80[z]895[height]2.3[diam]2.1
*[name]tree[x]83[z]895[height]1.6[diam]1.3
*[name]tree[x]82[z]896[height]4.1[diam]3.1
*[name]tree[x]82[z]897[height]3.3[diam]2.4
*[name]tree[x]77[z]898[height]2.9[diam]2.3
*[name]tree[x]80[z]898[height]1.5[diam]1.3
*[name]tree[x]54[z]900[height]2.8[diam]2.0
*[name]tree[x]78[z]900[height]2.8[diam]2.7
*[name]tree[x]54[z]901[height]2.9[diam]2.3
*[name]tree[x]54[z]903[height]4.0[diam]3.8
*[name]tree[x]53[z]904[height]2.8[diam]2.6
*[name]tree[x]52[z]905[height]3.8[diam]3.1
*[name]tree[x]54[z]907[height]4.3[diam]3.6
*[name]herring[x]41[z]915[height]1.0[diam]1.0
*[name]herring[x]40[z]918[height]1.0[diam]1.0
*[name]tree[x]78[z]918[height]3.5[diam]2.8
*[name]tree[x]79[z]918[height]3.5[diam]3.0
*[name]tree[x]82[z]918[height]4.9[diam]4.8
*[name]tree[x]83[z]918[height]1.8[diam]1.4
*[name]tree[x]83[z]919[height]2.2[diam]2.2
*[name]tree[x]79[z]920[height]2.3[diam]2.2
*[name]tree[x]83[z]920[height]4.9[diam]4.5
*[name]tree[x]78[z]921[height]1.3[diam]0.9
*[name]tree[x]82[z]921[height]2.8[diam]2.3
*[name]tree[x]53[z]931[height]1.6[diam]1.6
*[name]tree[x]55[z]931[height]2.7[diam]2.3
*[name]tree[x]57[z]932[height]1.3[diam]1.0
*[name]tree[x]55[z]933[height]2.8[diam]2.3
*[name]tree[x]57[z]933[height]4.3[diam]3.2
*[name]tree[x]58[z]933[height]4.3[diam]3.8
*[name]tree[x]51[z]934[height]3.3[diam]2.7
*[name]tree[x]55[z]934[height]4.8[diam]3.6
*[name]tree[x]51[z]935[height]4.6[diam]4.5
*[name]tree[x]51[z]936[height]1.4[diam]1.0
*[name]tree[x]54[z]936[height]5.0[diam]4.0
*[name]tree[x]55[z]937[height]4.9[diam]3.8
*[name]tree[x]52[z]938[height]1.6[diam]1.6
*[name]tree[x]55[z]938[height]5.0[diam]3.7
*[name]tree[x]56[z]938[height]4.9[diam]4.0
*[name]tree[x]52[z]939[height]3.2[diam]2.4
*[name]tree[x]56[z]939[height]2.0[diam]2.0
*[name]tree[x]53[z]940[height]3.6[diam]2.8
*[name]tree[x]55[z]940[height]1.3[diam]0.9
*[name]tree[x]56[z]940[height]3.7[diam]3.5
*[name]tree[x]50[z]941[height]1.7[diam]1.4
*[name]tree[x]51[z]941[height]3.0[diam]2.7
*[name]tree[x]53[z]941[height]4.4[diam]3.7
*[name]tree[x]51[z]942[height]4.2[diam]3.9
*[name]tree[x]22[z]959[height]2.5[diam]2.4
*[name]tree[x]24[z]960[height]4.3[diam]3.5
*[name]tree[x]22[z]961[height]1.7[diam]1.6
*[name]tree[x]25[z]962[height]3.5[diam]2.7
*[name]tree[x]23[z]963[height]3.9[diam]3.4
*[name]tree[x]25[z]963[height]2.6[diam]2.3
*[name]tree[x]27[z]963[height]4.9[diam]4.8
*[name]tree[x]23[z]964[height]4.1[diam]3.1
*[name]tree[x]24[z]965[height]4.2[diam]3.4
*[name]tree[x]25[z]965[height]2.8[diam]2.7
*[name]tree[x]26[z]965[height]2.8[diam]2.0
*[name]herring[x]30[z]965[height]1.0[diam]1.0
*[name]tree[x]28[z]966[height]3.6[diam]3.1
*[name]tree[x]57[z]974[height]3.2[diam]2.4
*[name]tree[x]59[z]974[height]1.9[diam]1.5
*[name]flag[x]40[z]975[height]1.0[diam]1.0
*[name]tree[x]56[z]975[height]3.2[diam]3.1
*[name]tree[x]59[z]975[height]1.8[diam]1.7
*[name]tree[x]56[z]976[height]4.2[diam]4.2
*[name]tree[x]57[z]976[height]1.8[diam]1.8
*[name]tree[x]59[z]976[height]4.0[diam]3.7
*[name]flag[x]36[z]977[height]1.0[diam]1.0
*[name]tree[x]54[z]977[height]1.8[diam]1.5
*[name]tree[x]55[z]977[height]2.5[diam]2.1
*[name]tree[x]56[z]977[height]1.6[diam]1.3
*[name]tree[x]58[z]977[height]2.7[diam]2.6
*[name]tree[x]59[z]977[height]3.2[diam]2.4
*[name]flag[x]44[z]978[height]1.0[diam]1.0
*[name]tree[x]55[z]978[height]2.1[diam]2.0
*[name]tree[x]56[z]978[height]4.9[diam]4.4
*[name]tree[x]57[z]978[height]5.0[diam]4.4
*[name]tree[x]59[z]978[height]1.8[diam]1.5
*[name]tree[x]54[z]979[height]3.9[diam]3.1
*[name]tree[x]56[z]979[height]4.7[diam]3.6
*[name]tree[x]57[z]979[height]2.2[diam]1.6
*[name]flag[x]39[z]980[height]1.0[diam]1.0
*[name]flag[x]48[z]980[height]1.0[diam]1.0
*[name]tree[x]56[z]980[height]1.5[diam]1.1
*[name]tree[x]58[z]980[height]5.0[diam]3.9
*[name]tree[x]55[z]981[height]4.9[diam]4.5
*[name]tree[x]56[z]981[height]4.9[diam]3.7
*[name]tree[x]58[z]981[height]1.8[diam]1.5
*[name]tree[x]55[z]982[height]3.6[diam]2.9
*[name]tree[x]57[z]982[height]3.6[diam]2.6
*[name]tree[x]58[z]982[height]1.7[diam]1.2
*[name]flag[x]41[z]983[height]1.0[diam]1.0
*[name]tree[x]54[z]983[height]1.9[diam]1.6
*[name]tree[x]56[z]983[height]1.5[diam]1.1
*[name]tree[x]57[z]983[height]4.8[diam]3.5
*[name]flag[x]51[z]984[height]1.0[diam]1.0
*[name]tree[x]56[z]984[height]4.1[diam]3.0
*[name]float[x]47[z]985[height]1.0[diam]1.0
*[name]tree[x]55[z]985[height]3.5[diam]2.9
*[name]tree[x]53[z]986[height]2.7[diam]2.3
*[name]tree[x]54[z]986[height]3.8[diam]3.4
*[name]flag[x]44[z]987[height]1.0[diam]1.0
*[name]tree[x]52[z]987[height]3.3[diam]3.1
*[name]tree[x]53[z]987[height]3.9[diam]3.4
*[name]tree[x]52[z]988[height]4.9[diam]4.5
*[name]tree[x]52[z]989[height]2.3[diam]2.3
*[name]tree[x]53[z]989[height]4.3[diam]3.6
*[name]tree[x]54[z]989[height]2.2[diam]1.8
*[name]tree[x]53[z]990[height]3.8[diam]3.7
*[name]flag[x]46[z]991[height]1.0[diam]1.0
*[name]tree[x]53[z]991[height]3.0[diam]2.8
*[name]tree[x]55[z]991[height]1.3[diam]1.1
*[name]tree[x]52[z]992[height]1.7[diam]1.3
*[name]tree[x]53[z]993[height]4.2[diam]3.1
*[name]tree[x]54[z]993[height]1.7[diam]1.5
*[name]tree[x]55[z]994[height]1.9[diam]1.8
*[name]tree[x]56[z]994[height]1.3[diam]1.1
*[name]flag[x]47[z]995[height]1.0[diam]1.0
*[name]tree[x]56[z]995[height]2.1[diam]1.9
*[name]start[x]50[z]996[height]6.0[diam]9.0