*[name]tree2[x]19[z]10[height]7.7[diam]7.1
*[name]tree2[x]16[z]11[height]4.2[diam]3.4
*[name]tree2[x]12[z]13[height]6.2[diam]4.8
*[name]tree2[x]22[z]13[height]7.1[diam]4.0
*[name]finish[x]18[z]20[height]6.0[diam]9.0
*[name]tree2[x]25[z]23[height]5.9[diam]5.2
*[name]herring[x]19[z]25[height]1.0[diam]1.0
*[name]herring[x]19[z]27[height]1.0[diam]1.0
*[name]herring[x]19[z]31[height]1.0[diam]1.0
*[name]herring[x]21[z]32[height]1.0[diam]1.0
*[name]tree2[x]27[z]32[height]4.7[diam]2.6
*[name]herring[x]23[z]38[height]1.0[diam]1.0
*[name]tree2[x]25[z]41[height]6.5[diam]4.2
*[name]tree_barren2[x]9[z]42[height]4.2[diam]4.2
*[name]tree_barren2[x]19[z]43[height]5.8[diam]4.4
*[name]tree_barren2[x]7[z]45[height]4.6[diam]3.7
*[name]tree_barren2[x]18[z]46[height]5.3[diam]5.1
*[name]herring[x]26[z]47[height]1.0[diam]1.0
*[name]herring[x]13[z]52[height]1.0[diam]1.0
*[name]tree1[x]28[z]52[height]4.2[diam]3.4
*[name]tree3[x]7[z]53[height]4.0[diam]2.8
*[name]herring[x]12[z]54[height]1.0[diam]1.0
*[name]tree3[x]16[z]54[height]4.6[diam]4.3
*[name]tree_barren2[x]21[z]58[height]5.4[diam]5.4
*[name]tree3[x]16[z]59[height]7.6[diam]7.5
*[name]tree3[x]5[z]60[height]6.1[diam]4.5
*[name]tree3[x]16[z]60[height]7.0[diam]5.8
*[name]herring[x]13[z]61[height]1.0[diam]1.0
*[name]herring[x]26[z]61[height]1.0[diam]1.0
*[name]tree3[x]8[z]65[height]7.8[diam]5.8
*[name]herring[x]15[z]75[height]1.0[diam]1.0
*[name]tree3[x]11[z]76[height]7.3[diam]3.8
*[name]herring[x]27[z]76[height]1.0[diam]1.0
*[name]tree1[x]30[z]83[height]4.5[diam]2.5
*[name]tree1[x]28[z]86[height]4.6[diam]3.2
*[name]tree_barren2[x]22[z]87[height]7.0[diam]4.2
*[name]tree1[x]28[z]90[height]5.5[diam]3.3
*[name]tree3[x]17[z]93[height]6.9[diam]5.2
*[name]tree1[x]28[z]93[height]7.3[diam]3.9
*[name]tree3[x]7[z]94[height]5.7[diam]5.4
*[name]herring[x]25[z]95[height]1.0[diam]1.0
*[name]herring[x]13[z]98[height]1.0[diam]1.0
*[name]herring[x]26[z]98[height]1.0[diam]1.0
*[name]tree3[x]7[z]99[height]6.6[diam]4.7
*[name]herring[x]26[z]101[height]1.0[diam]1.0
*[name]tree3[x]16[z]106[height]5.2[diam]4.7
*[name]herring[x]11[z]110[height]1.0[diam]1.0
*[name]tree1[x]30[z]112[height]5.2[diam]4.3
*[name]tree3[x]17[z]113[height]7.2[diam]4.3
*[name]herring[x]12[z]114[height]1.0[diam]1.0
*[name]herring[x]27[z]115[height]1.0[diam]1.0
*[name]tree3[x]8[z]117[height]6.5[diam]4.3
*[name]herring[x]13[z]117[height]1.0[diam]1.0
*[name]herring[x]27[z]118[height]1.0[diam]1.0
*[name]tree1[x]31[z]118[height]6.6[diam]4.5
*[name]herring[x]26[z]123[height]1.0[diam]1.0
*[name]tree_barren2[x]21[z]127[height]8.0[diam]6.4
*[name]tree1[x]26[z]134[height]7.4[diam]6.8
*[name]tree1[x]30[z]138[height]6.6[diam]6.4
*[name]tree3[x]17[z]140[height]7.9[diam]7.1
*[name]tree3[x]7[z]141[height]5.4[diam]4.6
*[name]herring[x]11[z]142[height]1.0[diam]1.0
*[name]herring[x]26[z]143[height]1.0[diam]1.0
*[name]tree1[x]29[z]143[height]4.0[diam]3.5
*[name]tree_barren2[x]22[z]144[height]7.7[diam]6.6
*[name]herring[x]27[z]146[height]1.0[diam]1.0
*[name]tree3[x]8[z]147[height]5.0[diam]4.4
*[name]tree3[x]8[z]150[height]7.1[diam]6.0
*[name]tree1[x]28[z]153[height]6.5[diam]4.6
*[name]tree1[x]30[z]155[height]4.5[diam]4.3
*[name]tree3[x]17[z]157[height]4.9[diam]3.5
*[name]tree_barren2[x]21[z]158[height]6.3[diam]3.2
*[name]tree1[x]29[z]158[height]6.5[diam]3.8
*[name]tree3[x]16[z]162[height]5.5[diam]3.5
*[name]herring[x]28[z]162[height]1.0[diam]1.0
*[name]tree3[x]6[z]166[height]6.2[diam]4.2
*[name]herring[x]12[z]167[height]1.0[diam]1.0
*[name]tree3[x]8[z]173[height]7.5[diam]5.2
*[name]tree_barren2[x]31[z]178[height]4.7[diam]3.6
*[name]herring[x]14[z]183[height]1.0[diam]1.0
*[name]tree3[x]18[z]183[height]8.4[diam]5.1
*[name]tree3[x]22[z]183[height]7.3[diam]5.5
*[name]herring[x]25[z]183[height]1.0[diam]1.0