*[name]tree[x]45[z]1[height]2.9[diam]2.7
*[name]tree[x]55[z]1[height]6.0[diam]5.0
*[name]tree[x]36[z]2[height]5.1[diam]3.9
*[name]tree[x]39[z]2[height]5.1[diam]4.4
*[name]tree[x]50[z]2[height]2.8[diam]2.3
*[name]tree_barren[x]39[z]3[height]5.1[diam]4.5
*[name]tree[x]42[z]3[height]5.0[diam]5.0
*[name]tree[x]44[z]3[height]6.4[diam]6.3
*[name]tree[x]47[z]3[height]3.5[diam]2.5
*[name]tree[x]36[z]4[height]2.4[diam]2.0
*[name]tree[x]43[z]4[height]6.1[diam]5.7
*[name]tree_barren[x]28[z]5[height]6.3[diam]4.9
*[name]shrub[x]46[z]5[height]2.2[diam]1.6
*[name]shrub[x]47[z]5[height]2.5[diam]2.1
*[name]tree[x]50[z]5[height]3.1[diam]3.0
*[name]tree[x]57[z]5[height]2.6[diam]2.2
*[name]tree[x]32[z]6[height]6.0[diam]6.0
*[name]tree[x]50[z]6[height]6.2[diam]5.3
*[name]tree_barren[x]36[z]7[height]3.2[diam]2.7
*[name]tree[x]52[z]7[height]6.7[diam]5.5
*[name]tree[x]34[z]8[height]6.7[diam]5.6
*[name]tree_barren[x]30[z]9[height]8.0[diam]7.0
*[name]tree[x]32[z]9[height]3.9[diam]3.7
*[name]tree_barren[x]56[z]9[height]5.6[diam]5.2
*[name]tree[x]54[z]10[height]6.4[diam]5.8
*[name]tree[x]59[z]10[height]2.1[diam]1.9
*[name]tree[x]27[z]11[height]4.1[diam]3.8
*[name]shrub[x]56[z]11[height]3.1[diam]3.1
*[name]shrub[x]57[z]11[height]2.9[diam]2.5
*[name]tree_barren[x]58[z]12[height]5.0[diam]3.7
*[name]shrub[x]60[z]12[height]2.1[diam]1.9
*[name]tree[x]24[z]13[height]4.5[diam]3.6
*[name]tree[x]29[z]13[height]5.0[diam]4.1
*[name]shrub[x]57[z]13[height]2.8[diam]2.6
*[name]tree[x]27[z]14[height]6.4[diam]5.9
*[name]tree_barren[x]34[z]14[height]3.1[diam]2.9
*[name]shrub[x]59[z]14[height]1.2[diam]0.9
*[name]tree[x]62[z]14[height]3.8[diam]3.3
*[name]shrub[x]60[z]15[height]3.1[diam]3.1
*[name]shrub[x]60[z]16[height]1.6[diam]1.5
*[name]tree[x]64[z]16[height]5.0[diam]4.1
*[name]tree[x]28[z]17[height]4.4[diam]3.2
*[name]tree[x]24[z]18[height]2.3[diam]1.9
*[name]shrub[x]59[z]18[height]1.0[diam]1.0
*[name]tree[x]27[z]19[height]6.7[diam]5.8
*[name]shrub[x]61[z]19[height]3.4[diam]2.8
*[name]tree[x]63[z]19[height]2.6[diam]2.3
*[name]tree[x]25[z]20[height]5.8[diam]5.4
*[name]tree_barren[x]56[z]20[height]7.8[diam]6.8
*[name]shrub[x]59[z]21[height]2.3[diam]2.1
*[name]tree[x]64[z]21[height]3.2[diam]2.9
*[name]tree_barren[x]17[z]22[height]6.0[diam]5.0
*[name]shrub[x]12[z]23[height]2.9[diam]2.1
*[name]tree[x]25[z]23[height]6.8[diam]6.3
*[name]tree[x]28[z]23[height]6.7[diam]5.3
*[name]tree_barren[x]77[z]23[height]5.4[diam]4.8
*[name]shrub[x]86[z]23[height]2.5[diam]1.8
*[name]shrub[x]22[z]24[height]2.5[diam]2.3
*[name]tree[x]58[z]24[height]4.0[diam]3.7
*[name]tree_barren[x]62[z]24[height]6.4[diam]5.3
*[name]tree_barren[x]60[z]25[height]3.6[diam]3.2
*[name]tree_barren[x]62[z]25[height]7.3[diam]6.1
*[name]shrub[x]69[z]25[height]1.4[diam]1.2
*[name]tree_barren[x]29[z]26[height]3.2[diam]2.4
*[name]finish[x]45[z]26[height]6.0[diam]9.0
*[name]tree[x]56[z]27[height]2.5[diam]2.4
*[name]tree[x]7[z]28[height]6.6[diam]5.5
*[name]tree[x]17[z]28[height]4.2[diam]3.7
*[name]tree[x]58[z]28[height]6.1[diam]4.8
*[name]tree_barren[x]22[z]29[height]5.5[diam]5.2
*[name]tree[x]29[z]29[height]1.9[diam]1.6
*[name]tree[x]31[z]29[height]2.1[diam]1.8
*[name]tree[x]61[z]29[height]2.0[diam]1.8
*[name]tree[x]63[z]30[height]4.8[diam]4.4
*[name]tree[x]27[z]31[height]4.2[diam]3.0
*[name]tree_barren[x]34[z]31[height]4.6[diam]3.5
*[name]flag[x]38[z]31[height]1.0[diam]1.0
*[name]flag[x]53[z]31[height]1.0[diam]1.0
*[name]shrub[x]54[z]31[height]1.8[diam]1.6
*[name]tree[x]80[z]31[height]6.1[diam]4.7
*[name]tree_barren[x]85[z]31[height]2.3[diam]1.6
*[name]shrub[x]3[z]32[height]2.9[diam]2.2
*[name]tree[x]37[z]32[height]2.6[diam]2.6
*[name]tree[x]57[z]32[height]6.8[diam]5.0
*[name]tree_barren[x]59[z]32[height]4.5[diam]3.8
*[name]tree[x]12[z]33[height]5.0[diam]3.9
*[name]tree[x]33[z]33[height]5.5[diam]4.2
*[name]tree[x]57[z]33[height]1.8[diam]1.6
*[name]tree[x]60[z]33[height]5.1[diam]3.7
*[name]tree[x]61[z]33[height]3.2[diam]2.9
*[name]tree[x]72[z]33[height]5.8[diam]5.5
*[name]tree[x]27[z]34[height]3.7[diam]2.9
*[name]tree[x]29[z]34[height]6.3[diam]5.9
*[name]shrub[x]34[z]34[height]1.8[diam]1.4
*[name]flag[x]39[z]34[height]1.0[diam]1.0
*[name]flag[x]51[z]34[height]1.0[diam]1.0
*[name]tree[x]63[z]34[height]3.8[diam]3.0
*[name]tree[x]64[z]34[height]4.2[diam]3.5
*[name]tree[x]72[z]34[height]3.0[diam]2.4
*[name]tree[x]56[z]35[height]5.1[diam]4.2
*[name]tree[x]37[z]36[height]3.0[diam]2.7
*[name]tree[x]60[z]36[height]4.3[diam]3.8
*[name]shrub[x]20[z]37[height]0.9[diam]0.7
*[name]tree[x]24[z]37[height]6.2[diam]5.7
*[name]tree[x]31[z]37[height]3.1[diam]2.9
*[name]tree[x]54[z]37[height]4.2[diam]4.1
*[name]tree[x]62[z]37[height]6.5[diam]6.0
*[name]tree[x]82[z]37[height]4.8[diam]4.3
*[name]shrub[x]88[z]37[height]2.4[diam]2.3
*[name]tree[x]24[z]38[height]6.5[diam]5.5
*[name]tree[x]57[z]38[height]5.5[diam]4.4
*[name]tree[x]58[z]38[height]5.5[diam]4.1
*[name]tree[x]27[z]39[height]4.2[diam]3.2
*[name]tree[x]34[z]39[height]4.6[diam]4.2
*[name]flag[x]39[z]39[height]1.0[diam]1.0
*[name]flag[x]49[z]39[height]1.0[diam]1.0
*[name]tree[x]56[z]39[height]4.2[diam]3.2
*[name]tree[x]62[z]39[height]2.3[diam]2.1
*[name]tree[x]76[z]39[height]5.8[diam]5.1
*[name]tree[x]28[z]40[height]3.5[diam]3.3
*[name]shrub[x]52[z]40[height]2.6[diam]2.0
*[name]shrub[x]68[z]40[height]2.2[diam]2.1
*[name]shrub[x]72[z]40[height]0.9[diam]0.9
*[name]tree[x]76[z]40[height]6.1[diam]6.0
*[name]tree[x]23[z]41[height]5.6[diam]4.7
*[name]tree[x]28[z]41[height]4.9[diam]4.0
*[name]tree[x]32[z]41[height]3.6[diam]3.1
*[name]tree[x]36[z]41[height]6.1[diam]4.5
*[name]tree[x]37[z]41[height]5.8[diam]5.0
*[name]tree[x]60[z]41[height]2.8[diam]2.2
*[name]tree[x]23[z]42[height]5.5[diam]5.1
*[name]tree[x]32[z]42[height]6.7[diam]5.1
*[name]flag[x]40[z]42[height]1.0[diam]1.0
*[name]herring[x]44[z]42[height]1.0[diam]1.0
*[name]tree[x]56[z]42[height]6.6[diam]4.8
*[name]tree[x]64[z]42[height]6.4[diam]5.8
*[name]tree[x]34[z]43[height]5.1[diam]3.9
*[name]tree[x]57[z]43[height]4.3[diam]3.5
*[name]tree[x]63[z]43[height]3.8[diam]2.7
*[name]tree[x]5[z]44[height]3.2[diam]2.7
*[name]tree_barren[x]16[z]44[height]2.1[diam]1.6
*[name]tree[x]25[z]44[height]3.5[diam]3.3
*[name]tree[x]52[z]44[height]4.5[diam]4.4
*[name]tree[x]30[z]45[height]2.2[diam]2.1
*[name]tree[x]39[z]45[height]4.1[diam]4.0
*[name]herring[x]44[z]45[height]1.0[diam]1.0
*[name]flag[x]49[z]45[height]1.0[diam]1.0
*[name]tree[x]58[z]45[height]6.8[diam]5.2
*[name]tree[x]84[z]45[height]4.1[diam]3.1
*[name]tree[x]26[z]46[height]4.1[diam]3.1
*[name]tree[x]34[z]46[height]6.5[diam]5.3
*[name]flag[x]40[z]46[height]1.0[diam]1.0
*[name]tree[x]54[z]46[height]3.6[diam]3.4
*[name]tree[x]23[z]47[height]4.0[diam]3.1
*[name]tree[x]32[z]47[height]4.5[diam]3.3
*[name]shrub[x]51[z]47[height]2.0[diam]1.4
*[name]tree[x]61[z]47[height]3.8[diam]3.6
*[name]tree[x]72[z]47[height]1.9[diam]1.7
*[name]tree[x]27[z]48[height]3.0[diam]2.2
*[name]tree[x]36[z]48[height]5.8[diam]5.1
*[name]tree[x]37[z]48[height]5.8[diam]4.6
*[name]tree[x]38[z]48[height]4.5[diam]4.3
*[name]herring[x]44[z]48[height]1.0[diam]1.0
*[name]tree[x]57[z]48[height]2.7[diam]2.7
*[name]tree[x]34[z]49[height]5.8[diam]4.4
*[name]tree[x]64[z]49[height]2.6[diam]2.1
*[name]shrub[x]68[z]49[height]1.6[diam]1.4
*[name]flag[x]39[z]50[height]1.0[diam]1.0
*[name]tree[x]55[z]50[height]3.8[diam]2.9
*[name]tree[x]79[z]50[height]7.0[diam]6.5
*[name]tree_barren[x]24[z]51[height]2.3[diam]1.9
*[name]tree[x]29[z]51[height]6.8[diam]5.9
*[name]herring[x]44[z]51[height]1.0[diam]1.0
*[name]flag[x]48[z]51[height]1.0[diam]1.0
*[name]tree[x]79[z]51[height]4.3[diam]3.6
*[name]tree[x]29[z]52[height]4.8[diam]4.6
*[name]tree[x]33[z]52[height]3.0[diam]2.7
*[name]tree[x]37[z]52[height]4.6[diam]3.9
*[name]tree[x]50[z]52[height]5.1[diam]4.1
*[name]tree[x]67[z]52[height]2.1[diam]1.7
*[name]tree_barren[x]15[z]53[height]6.1[diam]5.3
*[name]tree_barren[x]27[z]53[height]3.8[diam]3.6
*[name]herring[x]44[z]53[height]1.0[diam]1.0
*[name]tree[x]63[z]53[height]4.6[diam]3.4
*[name]shrub[x]22[z]54[height]3.2[diam]3.0
*[name]tree[x]33[z]54[height]3.1[diam]2.5
*[name]tree_barren[x]57[z]54[height]4.2[diam]3.8
*[name]tree_barren[x]74[z]54[height]4.8[diam]3.9
*[name]shrub[x]5[z]55[height]1.8[diam]1.5
*[name]tree[x]33[z]55[height]5.7[diam]4.7
*[name]herring[x]44[z]55[height]1.0[diam]1.0
*[name]flag[x]48[z]55[height]1.0[diam]1.0
*[name]tree[x]51[z]55[height]1.8[diam]1.4
*[name]tree[x]53[z]55[height]5.7[diam]5.0
*[name]tree_barren[x]65[z]55[height]2.9[diam]2.9
*[name]tree[x]30[z]56[height]2.8[diam]2.5
*[name]tree[x]38[z]56[height]4.2[diam]4.1
*[name]flag[x]40[z]56[height]1.0[diam]1.0
*[name]tree[x]28[z]57[height]7.0[diam]6.1
*[name]shrub[x]34[z]57[height]1.5[diam]1.3
*[name]tree[x]57[z]57[height]2.4[diam]2.1
*[name]shrub[x]68[z]57[height]1.9[diam]1.7
*[name]tree[x]28[z]58[height]4.8[diam]3.9
*[name]tree_barren[x]59[z]58[height]4.6[diam]4.4
*[name]tree[x]64[z]58[height]5.0[diam]4.6
*[name]tree[x]85[z]58[height]4.4[diam]3.2
*[name]shrub[x]18[z]59[height]1.0[diam]1.0
*[name]shrub[x]38[z]59[height]2.1[diam]2.0
*[name]tree[x]50[z]59[height]3.0[diam]2.6
*[name]tree[x]55[z]59[height]2.1[diam]2.1
*[name]tree[x]24[z]60[height]2.3[diam]1.8
*[name]tree[x]27[z]60[height]6.9[diam]5.5
*[name]tree[x]34[z]60[height]6.2[diam]5.2
*[name]flag[x]48[z]60[height]1.0[diam]1.0
*[name]tree[x]52[z]60[height]2.5[diam]2.4
*[name]tree[x]29[z]61[height]7.0[diam]5.8
*[name]tree[x]36[z]61[height]4.2[diam]3.2
*[name]tree[x]51[z]61[height]6.7[diam]6.5
*[name]tree[x]56[z]61[height]5.9[diam]5.1
*[name]tree_barren[x]66[z]61[height]3.8[diam]2.9
*[name]tree[x]82[z]61[height]3.7[diam]3.5
*[name]tree_barren[x]11[z]62[height]7.9[diam]7.6
*[name]tree[x]32[z]62[height]6.6[diam]6.6
*[name]tree[x]39[z]62[height]5.7[diam]4.7
*[name]tree[x]54[z]62[height]6.0[diam]5.9
*[name]tree_barren[x]68[z]62[height]8.0[diam]7.7
*[name]tree[x]24[z]63[height]6.8[diam]5.0
*[name]tree[x]27[z]63[height]2.0[diam]2.0
*[name]tree[x]29[z]63[height]3.7[diam]3.6
*[name]flag[x]41[z]63[height]1.0[diam]1.0
*[name]tree[x]50[z]63[height]3.9[diam]3.3
*[name]tree_barren[x]55[z]63[height]6.8[diam]5.6
*[name]tree[x]36[z]64[height]6.6[diam]5.1
*[name]tree[x]39[z]64[height]4.5[diam]4.3
*[name]tree[x]62[z]64[height]2.3[diam]1.9
*[name]tree_barren[x]75[z]64[height]4.5[diam]3.7
*[name]tree_barren[x]21[z]65[height]5.3[diam]4.9
*[name]tree[x]53[z]65[height]3.1[diam]2.6
*[name]tree[x]57[z]65[height]5.0[diam]3.8
*[name]tree_barren[x]28[z]66[height]4.8[diam]3.9
*[name]tree_barren[x]33[z]66[height]6.0[diam]4.6
*[name]flag[x]50[z]66[height]1.0[diam]1.0
*[name]tree[x]29[z]67[height]3.5[diam]3.0
*[name]tree_barren[x]30[z]67[height]2.7[diam]2.1
*[name]tree[x]57[z]67[height]5.0[diam]3.7
*[name]tree[x]60[z]67[height]3.0[diam]3.0
*[name]tree[x]6[z]68[height]1.9[diam]1.7
*[name]shrub[x]16[z]68[height]2.1[diam]1.9
*[name]tree[x]26[z]68[height]2.0[diam]1.6
*[name]tree_barren[x]29[z]68[height]8.3[diam]7.3
*[name]tree_barren[x]32[z]68[height]3.9[diam]2.9
*[name]tree[x]40[z]68[height]6.3[diam]5.7
*[name]tree[x]54[z]68[height]4.2[diam]3.5
*[name]shrub[x]68[z]68[height]1.9[diam]1.8
*[name]tree[x]28[z]69[height]6.1[diam]4.4
*[name]tree_barren[x]33[z]69[height]7.9[diam]6.2
*[name]flag[x]41[z]69[height]1.0[diam]1.0
*[name]tree[x]63[z]69[height]3.8[diam]3.3
*[name]shrub[x]23[z]70[height]2.0[diam]1.9
*[name]tree[x]35[z]70[height]2.2[diam]1.9
*[name]tree[x]37[z]70[height]1.9[diam]1.7
*[name]tree[x]81[z]70[height]5.4[diam]4.3
*[name]tree_barren[x]29[z]71[height]6.3[diam]5.9
*[name]tree_barren[x]30[z]71[height]7.8[diam]5.9
*[name]tree_barren[x]32[z]71[height]5.3[diam]5.2
*[name]flag[x]55[z]71[height]1.0[diam]1.0
*[name]tree_barren[x]88[z]71[height]5.8[diam]4.9
*[name]tree[x]26[z]72[height]4.4[diam]4.2
*[name]tree[x]36[z]72[height]4.9[diam]4.0
*[name]tree[x]39[z]72[height]4.6[diam]3.4
*[name]tree[x]58[z]72[height]5.7[diam]5.7
*[name]tree_barren[x]74[z]72[height]7.2[diam]6.3
*[name]tree[x]28[z]73[height]1.8[diam]1.6
*[name]tree[x]60[z]73[height]6.1[diam]5.0
*[name]shrub[x]65[z]73[height]1.5[diam]1.2
*[name]tree[x]24[z]74[height]2.4[diam]1.9
*[name]tree_barren[x]31[z]74[height]7.5[diam]5.6
*[name]tree_barren[x]34[z]74[height]2.4[diam]2.1
*[name]tree[x]40[z]74[height]3.9[diam]3.6
*[name]flag[x]44[z]74[height]1.0[diam]1.0
*[name]tree[x]37[z]75[height]3.3[diam]2.6
*[name]flag[x]57[z]75[height]1.0[diam]1.0
*[name]tree[x]15[z]76[height]6.4[diam]6.0
*[name]tree_barren[x]30[z]76[height]3.7[diam]3.1
*[name]tree_barren[x]33[z]76[height]4.0[diam]3.7
*[name]tree[x]33[z]77[height]3.5[diam]3.4
*[name]tree[x]38[z]77[height]2.4[diam]2.3
*[name]shrub[x]73[z]77[height]3.3[diam]3.2
*[name]tree[x]26[z]78[height]6.2[diam]5.8
*[name]tree[x]28[z]78[height]4.2[diam]4.0
*[name]tree_barren[x]34[z]78[height]5.3[diam]4.2
*[name]tree_barren[x]37[z]78[height]3.6[diam]3.3
*[name]tree_barren[x]3[z]79[height]5.7[diam]4.7
*[name]tree[x]41[z]79[height]2.3[diam]2.0
*[name]tree_barren[x]44[z]79[height]5.2[diam]4.0
*[name]flag[x]47[z]80[height]1.0[diam]1.0
*[name]tree_barren[x]34[z]81[height]8.3[diam]8.1
*[name]herring[x]54[z]81[height]1.0[diam]1.0
*[name]flag[x]59[z]81[height]1.0[diam]1.0
*[name]tree[x]66[z]81[height]6.4[diam]5.1
*[name]tree[x]8[z]82[height]2.8[diam]2.7
*[name]shrub[x]21[z]82[height]1.0[diam]0.9
*[name]tree_barren[x]29[z]82[height]3.6[diam]3.0
*[name]tree_barren[x]32[z]82[height]3.4[diam]3.0
*[name]tree_barren[x]39[z]82[height]3.8[diam]3.1
*[name]tree[x]60[z]82[height]4.1[diam]3.2
*[name]shrub[x]86[z]82[height]1.4[diam]1.1
*[name]tree[x]26[z]83[height]1.8[diam]1.6
*[name]tree_barren[x]33[z]83[height]2.9[diam]2.5
*[name]tree_barren[x]38[z]83[height]8.2[diam]6.7
*[name]tree_barren[x]37[z]84[height]3.8[diam]3.3
*[name]tree[x]42[z]84[height]5.6[diam]4.6
*[name]tree[x]44[z]84[height]6.9[diam]5.4
*[name]flag[x]48[z]84[height]1.0[diam]1.0
*[name]tree[x]64[z]84[height]4.6[diam]4.6
*[name]tree[x]74[z]84[height]2.4[diam]2.0
*[name]tree_barren[x]30[z]86[height]3.6[diam]2.9
*[name]tree[x]31[z]86[height]2.8[diam]2.3
*[name]tree_barren[x]33[z]86[height]7.1[diam]5.9
*[name]tree[x]40[z]86[height]5.4[diam]5.4
*[name]tree[x]13[z]87[height]1.8[diam]1.8
*[name]shrub[x]17[z]87[height]1.7[diam]1.4
*[name]tree[x]24[z]87[height]2.8[diam]2.4
*[name]flag[x]59[z]87[height]1.0[diam]1.0
*[name]tree[x]61[z]87[height]5.7[diam]4.4
*[name]tree[x]28[z]88[height]2.9[diam]2.9
*[name]tree[x]36[z]88[height]5.5[diam]4.3
*[name]tree[x]42[z]88[height]3.1[diam]3.1
*[name]flag[x]46[z]88[height]1.0[diam]1.0
*[name]tree[x]79[z]88[height]5.7[diam]5.7
*[name]tree[x]38[z]89[height]3.8[diam]3.5
*[name]tree[x]39[z]89[height]2.9[diam]2.8
*[name]tree[x]59[z]89[height]5.4[diam]4.4
*[name]shrub[x]66[z]89[height]1.8[diam]1.7
*[name]tree_barren[x]33[z]90[height]6.3[diam]5.5
*[name]shrub[x]56[z]90[height]1.5[diam]1.3
*[name]flag[x]56[z]91[height]1.0[diam]1.0
*[name]tree[x]25[z]92[height]1.8[diam]1.7
*[name]tree[x]31[z]92[height]4.1[diam]3.0
*[name]tree[x]35[z]92[height]6.5[diam]6.1
*[name]tree[x]39[z]92[height]4.3[diam]3.2
*[name]flag[x]43[z]92[height]1.0[diam]1.0
*[name]tree[x]61[z]92[height]3.4[diam]2.7
*[name]shrub[x]27[z]93[height]1.6[diam]1.4
*[name]shrub[x]38[z]93[height]1.2[diam]0.8
*[name]flag[x]55[z]93[height]1.0[diam]1.0
*[name]tree[x]4[z]94[height]5.7[diam]4.7
*[name]tree[x]20[z]94[height]1.9[diam]1.6
*[name]tree[x]31[z]94[height]3.7[diam]3.1
*[name]tree[x]60[z]94[height]3.0[diam]2.6
*[name]tree[x]29[z]95[height]3.5[diam]3.5
*[name]tree[x]34[z]95[height]6.6[diam]6.0
*[name]tree[x]36[z]95[height]6.4[diam]5.6
*[name]flag[x]40[z]95[height]1.0[diam]1.0
*[name]tree_barren[x]66[z]95[height]3.8[diam]2.9
*[name]tree[x]74[z]95[height]2.0[diam]1.6
*[name]flag[x]53[z]96[height]1.0[diam]1.0
*[name]tree[x]28[z]97[height]2.2[diam]1.9
*[name]flag[x]38[z]97[height]1.0[diam]1.0
*[name]tree[x]56[z]97[height]3.3[diam]3.3
*[name]tree[x]32[z]98[height]3.2[diam]2.9
*[name]shrub[x]35[z]98[height]1.1[diam]1.0
*[name]herring[x]45[z]98[height]1.0[diam]1.0
*[name]flag[x]51[z]98[height]1.0[diam]1.0
*[name]tree[x]60[z]98[height]1.8[diam]1.5
*[name]tree[x]64[z]98[height]2.5[diam]1.9
*[name]tree[x]32[z]99[height]4.1[diam]4.0
*[name]flag[x]36[z]99[height]1.0[diam]1.0
*[name]tree[x]57[z]99[height]4.5[diam]3.8
*[name]shrub[x]86[z]99[height]1.8[diam]1.8
*[name]tree[x]52[z]100[height]6.4[diam]5.8
*[name]tree[x]12[z]101[height]4.3[diam]3.3
*[name]tree[x]24[z]101[height]4.7[diam]3.9
*[name]flag[x]34[z]101[height]1.0[diam]1.0
*[name]flag[x]48[z]101[height]1.0[diam]1.0
*[name]tree[x]54[z]101[height]6.7[diam]5.6
*[name]tree[x]61[z]101[height]6.9[diam]5.4
*[name]tree[x]28[z]102[height]4.8[diam]3.5
*[name]shrub[x]68[z]102[height]2.1[diam]1.9
*[name]tree[x]28[z]103[height]4.5[diam]4.2
*[name]flag[x]32[z]103[height]1.0[diam]1.0
*[name]tree[x]52[z]103[height]5.2[diam]4.9
*[name]tree[x]56[z]103[height]4.6[diam]4.3
*[name]tree_barren[x]59[z]103[height]4.5[diam]3.9
*[name]flag[x]47[z]104[height]1.0[diam]1.0
*[name]flag[x]30[z]105[height]1.0[diam]1.0
*[name]tree[x]50[z]105[height]2.7[diam]2.3
*[name]tree_barren[x]61[z]105[height]6.4[diam]5.7
*[name]tree[x]64[z]105[height]3.8[diam]3.0
*[name]tree[x]53[z]106[height]2.4[diam]2.3
*[name]tree[x]26[z]107[height]2.3[diam]1.6
*[name]flag[x]45[z]107[height]1.0[diam]1.0
*[name]tree[x]56[z]107[height]3.9[diam]3.4
*[name]flag[x]30[z]108[height]1.0[diam]1.0
*[name]tree[x]49[z]108[height]3.1[diam]3.1
*[name]tree[x]70[z]108[height]6.9[diam]5.3
*[name]tree[x]80[z]108[height]3.9[diam]3.9
*[name]shrub[x]13[z]109[height]1.9[diam]1.9
*[name]shrub[x]20[z]109[height]3.3[diam]3.2
*[name]flag[x]44[z]109[height]1.0[diam]1.0
*[name]tree[x]55[z]109[height]5.2[diam]4.5
*[name]tree_barren[x]60[z]109[height]6.2[diam]5.0
*[name]tree_barren[x]63[z]109[height]4.0[diam]3.1
*[name]tree[x]81[z]109[height]2.3[diam]2.0
*[name]shrub[x]51[z]110[height]2.7[diam]2.2
*[name]tree[x]55[z]110[height]2.7[diam]2.3
*[name]tree[x]24[z]111[height]6.6[diam]5.8
*[name]flag[x]30[z]111[height]1.0[diam]1.0
*[name]tree[x]46[z]111[height]5.0[diam]3.7
*[name]tree_barren[x]49[z]111[height]4.4[diam]4.1
*[name]shrub[x]53[z]111[height]1.0[diam]0.9
*[name]tree_barren[x]56[z]111[height]4.0[diam]3.2
*[name]flag[x]42[z]112[height]1.0[diam]1.0
*[name]tree_barren[x]63[z]112[height]6.8[diam]5.4
*[name]shrub[x]51[z]113[height]2.1[diam]1.6
*[name]tree_barren[x]60[z]113[height]3.6[diam]3.6
*[name]shrub[x]65[z]113[height]1.3[diam]1.0
*[name]herring[x]36[z]114[height]1.0[diam]1.0
*[name]tree[x]43[z]114[height]6.0[diam]5.7
*[name]tree[x]46[z]114[height]5.7[diam]4.8
*[name]shrub[x]57[z]114[height]1.2[diam]0.9
*[name]shrub[x]25[z]115[height]2.5[diam]2.0
*[name]tree[x]29[z]115[height]5.5[diam]4.6
*[name]flag[x]31[z]115[height]1.0[diam]1.0
*[name]tree[x]49[z]115[height]4.6[diam]4.4
*[name]tree_barren[x]54[z]115[height]7.3[diam]6.2
*[name]tree_barren[x]61[z]115[height]5.2[diam]4.4
*[name]flag[x]32[z]116[height]1.0[diam]1.0
*[name]tree[x]11[z]117[height]4.4[diam]4.2
*[name]tree_barren[x]28[z]117[height]3.3[diam]2.9
*[name]tree_barren[x]52[z]117[height]6.1[diam]5.2
*[name]tree_barren[x]60[z]117[height]7.7[diam]6.4
*[name]tree_barren[x]64[z]117[height]7.0[diam]5.8
*[name]tree[x]88[z]117[height]4.7[diam]3.4
*[name]tree[x]89[z]117[height]3.5[diam]3.2
*[name]flag[x]42[z]118[height]1.0[diam]1.0
*[name]tree_barren[x]44[z]118[height]3.7[diam]2.8
*[name]tree[x]47[z]118[height]4.7[diam]3.3
*[name]tree_barren[x]54[z]118[height]6.0[diam]5.5
*[name]tree_barren[x]58[z]118[height]2.4[diam]1.9
*[name]tree[x]77[z]118[height]6.8[diam]6.3
*[name]tree[x]26[z]119[height]5.3[diam]4.6
*[name]tree[x]5[z]120[height]5.3[diam]4.5
*[name]shrub[x]18[z]120[height]3.2[diam]2.5
*[name]shrub[x]32[z]120[height]3.3[diam]2.8
*[name]flag[x]43[z]120[height]1.0[diam]1.0
*[name]tree[x]49[z]120[height]1.8[diam]1.4
*[name]tree[x]50[z]120[height]1.9[diam]1.7
*[name]tree_barren[x]53[z]120[height]6.2[diam]6.0
*[name]tree_barren[x]55[z]120[height]2.4[diam]2.0
*[name]tree_barren[x]62[z]120[height]4.1[diam]3.7
*[name]tree[x]47[z]121[height]4.0[diam]3.6
*[name]tree_barren[x]57[z]121[height]4.3[diam]3.9
*[name]flag[x]45[z]122[height]1.0[diam]1.0
*[name]tree[x]50[z]122[height]6.0[diam]5.8
*[name]shrub[x]70[z]122[height]2.6[diam]2.1
*[name]tree[x]29[z]123[height]4.9[diam]4.5
*[name]flag[x]33[z]123[height]1.0[diam]1.0
*[name]tree[x]47[z]123[height]5.4[diam]4.7
*[name]tree[x]50[z]123[height]4.4[diam]3.6
*[name]tree[x]53[z]123[height]2.1[diam]1.6
*[name]tree_barren[x]57[z]123[height]7.7[diam]5.5
*[name]tree_barren[x]60[z]123[height]4.1[diam]4.0
*[name]tree_barren[x]62[z]123[height]5.0[diam]4.1
*[name]tree[x]70[z]123[height]1.8[diam]1.6
*[name]tree[x]16[z]124[height]7.0[diam]6.3
*[name]tree[x]47[z]124[height]3.9[diam]2.8
*[name]flag[x]46[z]125[height]1.0[diam]1.0
*[name]tree[x]26[z]126[height]2.1[diam]2.0
*[name]tree[x]49[z]126[height]5.3[diam]4.5
*[name]shrub[x]52[z]126[height]1.8[diam]1.3
*[name]shrub[x]56[z]126[height]1.3[diam]1.0
*[name]tree_barren[x]61[z]126[height]7.8[diam]7.5
*[name]flag[x]34[z]127[height]1.0[diam]1.0
*[name]tree[x]57[z]127[height]5.0[diam]4.3
*[name]tree_barren[x]60[z]127[height]5.9[diam]4.7
*[name]tree[x]79[z]127[height]2.2[diam]1.6
*[name]tree[x]31[z]128[height]5.3[diam]4.0
*[name]tree[x]32[z]128[height]3.1[diam]2.8
*[name]flag[x]48[z]128[height]1.0[diam]1.0
*[name]tree[x]53[z]128[height]2.5[diam]2.2
*[name]tree[x]62[z]128[height]4.0[diam]3.6
*[name]tree[x]28[z]129[height]6.6[diam]5.6
*[name]tree[x]51[z]129[height]2.3[diam]2.3
*[name]flag[x]36[z]130[height]1.0[diam]1.0
*[name]flag[x]49[z]130[height]1.0[diam]1.0
*[name]tree[x]61[z]130[height]2.3[diam]2.0
*[name]tree[x]33[z]131[height]6.9[diam]5.3
*[name]tree[x]53[z]131[height]3.1[diam]2.8
*[name]tree[x]55[z]131[height]5.4[diam]4.8
*[name]tree_barren[x]58[z]131[height]6.2[diam]6.0
*[name]tree[x]27[z]132[height]6.2[diam]5.4
*[name]tree[x]12[z]133[height]5.7[diam]4.8
*[name]flag[x]38[z]133[height]1.0[diam]1.0
*[name]flag[x]50[z]133[height]1.0[diam]1.0
*[name]tree[x]58[z]133[height]2.2[diam]1.8
*[name]tree[x]60[z]133[height]5.7[diam]4.4
*[name]tree[x]63[z]133[height]4.1[diam]3.5
*[name]tree[x]31[z]134[height]3.3[diam]3.0
*[name]tree[x]70[z]134[height]1.8[diam]1.5
*[name]tree[x]29[z]135[height]3.4[diam]2.8
*[name]tree[x]54[z]135[height]2.0[diam]1.6
*[name]shrub[x]5[z]136[height]3.1[diam]2.4
*[name]tree[x]34[z]136[height]2.6[diam]1.8
*[name]herring[x]45[z]136[height]1.0[diam]1.0
*[name]shrub[x]56[z]136[height]2.6[diam]1.9
*[name]shrub[x]64[z]136[height]1.4[diam]1.3
*[name]tree[x]19[z]137[height]5.8[diam]5.6
*[name]shrub[x]25[z]137[height]2.3[diam]1.9
*[name]shrub[x]37[z]137[height]2.8[diam]2.3
*[name]flag[x]38[z]137[height]1.0[diam]1.0
*[name]flag[x]39[z]137[height]1.0[diam]1.0
*[name]flag[x]53[z]137[height]1.0[diam]1.0
*[name]tree[x]61[z]137[height]6.9[diam]6.0
*[name]tree[x]27[z]138[height]6.4[diam]4.7
*[name]tree[x]32[z]138[height]6.3[diam]5.7
*[name]tree[x]81[z]138[height]2.9[diam]2.3
*[name]tree[x]64[z]139[height]2.2[diam]1.9
*[name]tree[x]81[z]139[height]2.0[diam]1.5
*[name]flag[x]41[z]140[height]1.0[diam]1.0
*[name]flag[x]54[z]140[height]1.0[diam]1.0
*[name]tree_barren[x]61[z]140[height]8.1[diam]6.6
*[name]shrub[x]67[z]140[height]2.2[diam]1.6
*[name]tree[x]29[z]141[height]4.8[diam]4.1
*[name]shrub[x]34[z]141[height]1.3[diam]1.2
*[name]tree[x]59[z]141[height]4.3[diam]4.1
*[name]tree[x]63[z]141[height]6.3[diam]5.7
*[name]tree[x]28[z]142[height]5.9[diam]5.3
*[name]tree[x]32[z]142[height]4.8[diam]3.9
*[name]tree[x]38[z]142[height]2.1[diam]1.7
*[name]flag[x]43[z]143[height]1.0[diam]1.0
*[name]shrub[x]18[z]144[height]2.8[diam]2.1
*[name]tree[x]39[z]144[height]6.2[diam]5.7
*[name]flag[x]56[z]144[height]1.0[diam]1.0
*[name]tree[x]61[z]144[height]2.3[diam]2.1
*[name]tree_barren[x]10[z]145[height]4.1[diam]3.3
*[name]tree[x]36[z]145[height]2.0[diam]1.6
*[name]tree[x]25[z]146[height]6.1[diam]4.5
*[name]tree[x]29[z]146[height]4.4[diam]4.1
*[name]tree[x]32[z]146[height]4.0[diam]3.0
*[name]flag[x]44[z]146[height]1.0[diam]1.0
*[name]tree[x]64[z]146[height]5.8[diam]4.2
*[name]tree[x]74[z]146[height]4.5[diam]4.4
*[name]tree[x]39[z]147[height]5.7[diam]5.7
*[name]flag[x]57[z]147[height]1.0[diam]1.0
*[name]tree[x]61[z]147[height]5.9[diam]5.3
*[name]tree[x]27[z]148[height]5.3[diam]4.6
*[name]tree[x]32[z]148[height]3.1[diam]2.4
*[name]tree[x]34[z]148[height]6.7[diam]5.4
*[name]tree_barren[x]44[z]148[height]5.8[diam]5.4
*[name]tree_barren[x]18[z]149[height]4.4[diam]3.7
*[name]tree[x]34[z]149[height]3.9[diam]3.3
*[name]tree[x]61[z]149[height]2.6[diam]2.4
*[name]tree[x]63[z]149[height]5.9[diam]4.6
*[name]tree[x]28[z]150[height]2.4[diam]2.2
*[name]tree[x]42[z]150[height]3.3[diam]2.9
*[name]flag[x]46[z]150[height]1.0[diam]1.0
*[name]herring[x]52[z]150[height]1.0[diam]1.0
*[name]tree_barren[x]66[z]150[height]4.7[diam]4.3
*[name]tree[x]22[z]151[height]5.4[diam]4.1
*[name]shrub[x]25[z]151[height]2.7[diam]2.1
*[name]tree[x]39[z]151[height]2.4[diam]2.1
*[name]flag[x]57[z]151[height]1.0[diam]1.0
*[name]tree[x]77[z]151[height]2.8[diam]2.7
*[name]tree[x]28[z]152[height]2.4[diam]2.3
*[name]tree[x]32[z]153[height]4.4[diam]3.6
*[name]tree_barren[x]34[z]153[height]2.8[diam]2.4
*[name]flag[x]47[z]153[height]1.0[diam]1.0
*[name]herring[x]52[z]153[height]1.0[diam]1.0
*[name]tree[x]61[z]153[height]5.4[diam]5.0
*[name]tree[x]64[z]153[height]2.7[diam]2.0
*[name]tree[x]27[z]154[height]2.5[diam]2.2
*[name]tree[x]43[z]154[height]4.5[diam]3.6
*[name]flag[x]57[z]154[height]1.0[diam]1.0
*[name]tree[x]7[z]155[height]3.4[diam]2.8
*[name]tree[x]31[z]155[height]4.5[diam]3.8
*[name]tree[x]34[z]155[height]6.7[diam]6.4
*[name]tree[x]25[z]156[height]2.2[diam]1.8
*[name]tree[x]29[z]156[height]4.6[diam]4.3
*[name]tree[x]38[z]156[height]4.6[diam]3.7
*[name]tree[x]40[z]156[height]6.9[diam]6.2
*[name]tree[x]60[z]156[height]6.0[diam]4.6
*[name]tree[x]63[z]156[height]4.9[diam]4.8
*[name]tree[x]22[z]157[height]2.0[diam]1.5
*[name]tree[x]38[z]157[height]3.4[diam]2.6
*[name]herring[x]52[z]157[height]1.0[diam]1.0
*[name]tree[x]17[z]158[height]4.5[diam]3.3
*[name]tree[x]28[z]158[height]6.3[diam]5.8
*[name]tree[x]33[z]158[height]2.2[diam]1.6
*[name]tree[x]43[z]158[height]3.3[diam]2.9
*[name]tree[x]62[z]158[height]3.5[diam]3.1
*[name]tree[x]70[z]158[height]6.7[diam]6.4
*[name]tree_barren[x]45[z]159[height]2.5[diam]2.4
*[name]flag[x]47[z]159[height]1.0[diam]1.0
*[name]flag[x]57[z]159[height]1.0[diam]1.0
*[name]shrub[x]76[z]159[height]2.5[diam]1.9
*[name]tree[x]61[z]160[height]3.0[diam]2.3
*[name]shrub[x]65[z]160[height]3.1[diam]3.0
*[name]tree[x]61[z]161[height]4.4[diam]4.3
*[name]shrub[x]27[z]162[height]2.0[diam]1.6
*[name]tree[x]36[z]162[height]2.1[diam]1.5
*[name]tree[x]41[z]162[height]3.0[diam]2.2
*[name]shrub[x]46[z]162[height]1.2[diam]1.1
*[name]herring[x]52[z]162[height]1.0[diam]1.0
*[name]flag[x]57[z]162[height]1.0[diam]1.0
*[name]tree_barren[x]24[z]163[height]3.8[diam]3.4
*[name]tree[x]29[z]163[height]4.8[diam]3.6
*[name]tree[x]32[z]163[height]3.8[diam]3.5
*[name]tree[x]42[z]163[height]2.5[diam]2.3
*[name]flag[x]47[z]163[height]1.0[diam]1.0
*[name]tree[x]63[z]163[height]3.3[diam]2.8
*[name]shrub[x]69[z]163[height]1.6[diam]1.3
*[name]tree[x]39[z]164[height]3.5[diam]2.8
*[name]tree[x]61[z]164[height]2.4[diam]2.4
*[name]flag[x]57[z]165[height]1.0[diam]1.0
*[name]shrub[x]85[z]165[height]2.1[diam]1.8
*[name]tree[x]14[z]166[height]2.8[diam]2.3
*[name]tree[x]39[z]166[height]2.5[diam]2.3
*[name]flag[x]46[z]166[height]1.0[diam]1.0
*[name]tree_barren[x]14[z]167[height]4.1[diam]3.7
*[name]tree_barren[x]24[z]167[height]2.2[diam]1.8
*[name]tree_barren[x]28[z]167[height]6.4[diam]5.0
*[name]tree[x]33[z]167[height]4.3[diam]4.1
*[name]tree[x]34[z]167[height]6.0[diam]5.6
*[name]tree[x]39[z]167[height]4.5[diam]3.7
*[name]tree[x]60[z]167[height]6.4[diam]6.3
*[name]tree[x]63[z]167[height]2.1[diam]1.5
*[name]tree_barren[x]66[z]167[height]6.0[diam]4.9
*[name]shrub[x]19[z]168[height]2.1[diam]2.1
*[name]flag[x]43[z]168[height]1.0[diam]1.0
*[name]flag[x]56[z]168[height]1.0[diam]1.0
*[name]tree[x]34[z]170[height]4.8[diam]4.6
*[name]tree[x]60[z]170[height]3.3[diam]3.0
*[name]tree[x]63[z]170[height]6.1[diam]5.8
*[name]tree_barren[x]29[z]171[height]2.5[diam]1.8
*[name]tree[x]38[z]171[height]3.0[diam]2.3
*[name]flag[x]41[z]171[height]1.0[diam]1.0
*[name]flag[x]55[z]171[height]1.0[diam]1.0
*[name]tree_barren[x]26[z]172[height]6.7[diam]5.9
*[name]tree_barren[x]21[z]173[height]7.4[diam]6.8
*[name]tree[x]31[z]173[height]6.7[diam]5.8
*[name]tree[x]61[z]173[height]6.9[diam]5.8
*[name]tree[x]74[z]173[height]3.6[diam]3.4
*[name]tree_barren[x]32[z]174[height]3.3[diam]3.2
*[name]tree_barren[x]35[z]174[height]3.3[diam]2.4
*[name]flag[x]38[z]174[height]1.0[diam]1.0
*[name]flag[x]52[z]175[height]1.0[diam]1.0
*[name]tree[x]28[z]176[height]5.9[diam]4.7
*[name]shrub[x]33[z]176[height]1.1[diam]0.9
*[name]flag[x]37[z]176[height]1.0[diam]1.0
*[name]tree[x]82[z]176[height]5.0[diam]4.5
*[name]shrub[x]24[z]177[height]1.7[diam]1.3
*[name]tree[x]35[z]177[height]4.2[diam]3.8
*[name]tree[x]60[z]177[height]6.6[diam]5.3
*[name]tree[x]63[z]177[height]4.1[diam]4.0
*[name]tree[x]82[z]177[height]3.4[diam]3.1
*[name]tree_barren[x]28[z]178[height]3.4[diam]2.5
*[name]flag[x]49[z]178[height]1.0[diam]1.0
*[name]shrub[x]75[z]178[height]1.5[diam]1.1
*[name]tree[x]32[z]179[height]5.9[diam]4.5
*[name]flag[x]35[z]179[height]1.0[diam]1.0
*[name]tree[x]61[z]180[height]4.7[diam]4.4
*[name]tree[x]26[z]181[height]5.1[diam]4.9
*[name]flag[x]47[z]181[height]1.0[diam]1.0
*[name]tree_barren[x]5[z]182[height]5.7[diam]5.4
*[name]shrub[x]19[z]182[height]2.8[diam]2.6
*[name]tree[x]32[z]182[height]6.5[diam]5.7
*[name]tree[x]60[z]182[height]1.9[diam]1.4
*[name]tree_barren[x]24[z]183[height]8.3[diam]7.4
*[name]flag[x]44[z]183[height]1.0[diam]1.0
*[name]tree[x]63[z]183[height]5.2[diam]4.1
*[name]tree[x]60[z]184[height]6.3[diam]4.7
*[name]tree[x]28[z]185[height]6.7[diam]6.3
*[name]flag[x]32[z]185[height]1.0[diam]1.0
*[name]flag[x]41[z]185[height]1.0[diam]1.0
*[name]tree[x]86[z]185[height]3.9[diam]3.2
*[name]herring[x]35[z]186[height]1.0[diam]1.0
*[name]flag[x]39[z]186[height]1.0[diam]1.0
*[name]tree_barren[x]57[z]186[height]7.0[diam]6.4
*[name]tree_barren[x]62[z]186[height]2.5[diam]2.4
*[name]shrub[x]68[z]186[height]2.8[diam]2.3
*[name]tree_barren[x]28[z]187[height]2.2[diam]2.0
*[name]tree[x]51[z]187[height]4.4[diam]3.8
*[name]tree_barren[x]60[z]187[height]4.3[diam]3.2
*[name]tree[x]47[z]188[height]4.3[diam]4.1
*[name]tree[x]27[z]189[height]6.7[diam]5.3
*[name]tree_barren[x]60[z]189[height]6.4[diam]6.1
*[name]tree[x]74[z]189[height]6.0[diam]5.5
*[name]tree[x]8[z]190[height]6.3[diam]6.0
*[name]tree[x]29[z]190[height]3.6[diam]3.1
*[name]tree_barren[x]63[z]190[height]2.8[diam]2.2
*[name]shrub[x]29[z]191[height]2.4[diam]1.8
*[name]tree[x]44[z]191[height]1.8[diam]1.3
*[name]tree_barren[x]61[z]191[height]4.8[diam]4.5
*[name]tree[x]21[z]192[height]5.9[diam]5.0
*[name]flag[x]32[z]192[height]1.0[diam]1.0
*[name]herring[x]35[z]192[height]1.0[diam]1.0
*[name]flag[x]38[z]192[height]1.0[diam]1.0
*[name]shrub[x]54[z]192[height]2.8[diam]2.4
*[name]tree_barren[x]65[z]192[height]7.0[diam]6.6
*[name]tree[x]47[z]193[height]2.5[diam]2.0
*[name]tree_barren[x]63[z]193[height]4.4[diam]3.7
*[name]tree_barren[x]87[z]193[height]4.7[diam]4.4
*[name]tree[x]29[z]194[height]3.8[diam]3.1
*[name]tree_barren[x]57[z]194[height]2.6[diam]1.9
*[name]tree_barren[x]60[z]194[height]3.4[diam]3.3
*[name]tree[x]69[z]194[height]5.8[diam]4.3
*[name]tree[x]41[z]195[height]5.4[diam]4.1
*[name]tree_barren[x]52[z]195[height]5.9[diam]5.6
*[name]shrub[x]55[z]195[height]1.7[diam]1.3
*[name]tree_barren[x]61[z]196[height]7.5[diam]6.1
*[name]tree_barren[x]63[z]196[height]3.9[diam]3.1
*[name]tree[x]82[z]196[height]2.4[diam]1.8
*[name]tree_barren[x]27[z]197[height]6.8[diam]6.6
*[name]tree_barren[x]45[z]198[height]6.1[diam]5.3
*[name]tree_barren[x]47[z]198[height]6.4[diam]5.9
*[name]tree_barren[x]52[z]198[height]7.2[diam]5.2
*[name]tree_barren[x]62[z]198[height]3.7[diam]2.9
*[name]tree[x]25[z]199[height]6.3[diam]5.7
*[name]flag[x]31[z]199[height]1.0[diam]1.0
*[name]herring[x]35[z]199[height]1.0[diam]1.0
*[name]flag[x]39[z]199[height]1.0[diam]1.0
*[name]shrub[x]66[z]199[height]2.3[diam]2.3
*[name]tree_barren[x]57[z]200[height]6.6[diam]6.2
*[name]tree[x]60[z]200[height]6.3[diam]5.4
*[name]tree[x]62[z]200[height]6.3[diam]5.5
*[name]shrub[x]14[z]201[height]2.4[diam]2.0
*[name]tree_barren[x]62[z]201[height]4.4[diam]4.4
*[name]tree_barren[x]45[z]202[height]6.5[diam]5.1
*[name]tree_barren[x]50[z]202[height]4.1[diam]4.1
*[name]tree_barren[x]61[z]202[height]5.2[diam]4.4
*[name]shrub[x]75[z]202[height]1.0[diam]0.8
*[name]tree[x]28[z]203[height]3.5[diam]3.2
*[name]shrub[x]24[z]204[height]2.8[diam]2.0
*[name]flag[x]31[z]204[height]1.0[diam]1.0
*[name]flag[x]39[z]204[height]1.0[diam]1.0
*[name]tree_barren[x]47[z]204[height]5.1[diam]4.5
*[name]tree[x]62[z]204[height]2.0[diam]1.9
*[name]shrub[x]84[z]204[height]2.9[diam]2.8
*[name]tree_barren[x]28[z]205[height]4.4[diam]3.6
*[name]herring[x]35[z]205[height]1.0[diam]1.0
*[name]tree_barren[x]53[z]205[height]7.7[diam]5.7
*[name]tree[x]61[z]205[height]2.6[diam]2.4
*[name]tree[x]26[z]207[height]4.8[diam]3.4
*[name]tree[x]47[z]207[height]3.4[diam]2.6
*[name]tree[x]49[z]207[height]4.2[diam]3.9
*[name]tree[x]56[z]207[height]2.5[diam]1.9
*[name]tree[x]44[z]208[height]6.5[diam]5.5
*[name]tree[x]54[z]208[height]2.6[diam]2.1
*[name]tree[x]64[z]208[height]6.6[diam]5.1
*[name]flag[x]31[z]209[height]1.0[diam]1.0
*[name]flag[x]39[z]209[height]1.0[diam]1.0
*[name]tree[x]56[z]209[height]5.1[diam]4.0
*[name]shrub[x]71[z]209[height]3.2[diam]2.6
*[name]tree[x]76[z]209[height]3.2[diam]2.6
*[name]tree[x]29[z]210[height]6.9[diam]5.6
*[name]herring[x]35[z]210[height]1.0[diam]1.0
*[name]tree[x]51[z]210[height]2.3[diam]2.2
*[name]tree_barren[x]58[z]210[height]3.6[diam]3.1
*[name]tree[x]61[z]210[height]2.6[diam]2.0
*[name]tree[x]48[z]211[height]4.8[diam]3.8
*[name]tree[x]54[z]211[height]6.3[diam]4.8
*[name]flag[x]42[z]212[height]1.0[diam]1.0
*[name]tree[x]56[z]212[height]3.5[diam]2.7
*[name]tree_barren[x]63[z]212[height]4.2[diam]4.0
*[name]shrub[x]18[z]213[height]3.0[diam]2.6
*[name]flag[x]31[z]213[height]1.0[diam]1.0
*[name]tree[x]47[z]213[height]6.9[diam]6.4
*[name]tree[x]61[z]213[height]6.8[diam]5.1
*[name]tree[x]26[z]214[height]2.5[diam]2.4
*[name]shrub[x]67[z]214[height]1.8[diam]1.6
*[name]tree_barren[x]24[z]215[height]2.9[diam]2.3
*[name]tree[x]26[z]215[height]2.7[diam]2.2
*[name]shrub[x]30[z]215[height]2.5[diam]1.9
*[name]flag[x]44[z]215[height]1.0[diam]1.0
*[name]shrub[x]50[z]215[height]2.7[diam]2.5
*[name]tree_barren[x]56[z]215[height]8.1[diam]8.1
*[name]flag[x]33[z]216[height]1.0[diam]1.0
*[name]tree[x]59[z]216[height]3.1[diam]2.4
*[name]tree[x]62[z]216[height]2.2[diam]2.1
*[name]shrub[x]7[z]217[height]1.9[diam]1.9
*[name]tree[x]23[z]217[height]6.9[diam]6.5
*[name]shrub[x]54[z]217[height]1.2[diam]1.0
*[name]tree_barren[x]84[z]217[height]5.7[diam]4.1
*[name]shrub[x]26[z]219[height]2.9[diam]2.5
*[name]tree[x]31[z]219[height]5.8[diam]5.4
*[name]flag[x]47[z]219[height]1.0[diam]1.0
*[name]tree[x]51[z]219[height]5.4[diam]5.3
*[name]tree[x]60[z]219[height]5.1[diam]3.7
*[name]tree_barren[x]63[z]219[height]6.4[diam]6.0
*[name]tree_barren[x]71[z]219[height]4.3[diam]4.1
*[name]tree[x]29[z]220[height]2.6[diam]1.9
*[name]tree[x]32[z]220[height]1.9[diam]1.8
*[name]flag[x]35[z]220[height]1.0[diam]1.0
*[name]tree_barren[x]56[z]220[height]7.1[diam]7.1
*[name]tree[x]62[z]220[height]6.2[diam]4.5
*[name]tree[x]63[z]220[height]2.3[diam]2.3
*[name]shrub[x]34[z]221[height]3.1[diam]2.7
*[name]tree[x]77[z]221[height]6.5[diam]6.3
*[name]tree[x]31[z]222[height]3.4[diam]2.5
*[name]flag[x]48[z]222[height]1.0[diam]1.0
*[name]tree[x]53[z]222[height]2.8[diam]2.8
*[name]tree[x]60[z]222[height]2.1[diam]1.5
*[name]tree[x]63[z]222[height]4.1[diam]3.9
*[name]tree_barren[x]15[z]223[height]7.1[diam]5.4
*[name]tree_barren[x]28[z]223[height]6.8[diam]5.7
*[name]flag[x]38[z]223[height]1.0[diam]1.0
*[name]tree[x]50[z]223[height]2.9[diam]2.4
*[name]tree[x]22[z]225[height]2.8[diam]2.5
*[name]tree_barren[x]28[z]225[height]4.0[diam]3.3
*[name]tree[x]34[z]225[height]4.8[diam]3.9
*[name]shrub[x]54[z]225[height]1.5[diam]1.2
*[name]tree[x]62[z]225[height]3.4[diam]2.5
*[name]shrub[x]80[z]225[height]1.9[diam]1.6
*[name]tree[x]31[z]226[height]1.9[diam]1.6
*[name]tree[x]36[z]226[height]6.9[diam]6.8
*[name]flag[x]40[z]226[height]1.0[diam]1.0
*[name]herring[x]44[z]226[height]1.0[diam]1.0
*[name]flag[x]48[z]226[height]1.0[diam]1.0
*[name]tree_barren[x]57[z]226[height]3.4[diam]2.8
*[name]tree[x]60[z]226[height]1.8[diam]1.5
*[name]tree[x]36[z]227[height]2.8[diam]2.1
*[name]tree[x]51[z]227[height]4.1[diam]3.7
*[name]shrub[x]69[z]227[height]3.1[diam]2.4
*[name]tree_barren[x]29[z]228[height]7.2[diam]6.5
*[name]tree_barren[x]7[z]229[height]6.3[diam]4.6
*[name]tree[x]33[z]229[height]2.3[diam]2.2
*[name]tree[x]37[z]229[height]4.9[diam]4.0
*[name]tree_barren[x]54[z]229[height]3.6[diam]2.7
*[name]tree_barren[x]61[z]229[height]6.7[diam]5.7
*[name]tree[x]74[z]230[height]4.6[diam]3.3
*[name]shrub[x]83[z]230[height]2.3[diam]2.3
*[name]shrub[x]24[z]231[height]2.1[diam]1.8
*[name]tree_barren[x]29[z]231[height]4.0[diam]3.4
*[name]flag[x]40[z]231[height]1.0[diam]1.0
*[name]herring[x]44[z]231[height]1.0[diam]1.0
*[name]flag[x]48[z]231[height]1.0[diam]1.0
*[name]tree[x]51[z]231[height]4.7[diam]4.1
*[name]tree[x]55[z]231[height]5.8[diam]5.1
*[name]tree_barren[x]63[z]231[height]8.0[diam]8.0
*[name]tree_barren[x]87[z]231[height]6.1[diam]5.0
*[name]tree_barren[x]26[z]232[height]6.2[diam]5.3
*[name]tree[x]34[z]232[height]5.0[diam]4.2
*[name]tree_barren[x]61[z]232[height]3.4[diam]2.7
*[name]flag[x]29[z]233[height]1.0[diam]1.0
*[name]tree[x]39[z]233[height]4.3[diam]3.4
*[name]tree_barren[x]63[z]233[height]3.0[diam]2.2
*[name]shrub[x]65[z]233[height]2.6[diam]2.1
*[name]tree_barren[x]28[z]234[height]3.7[diam]3.1
*[name]tree_barren[x]32[z]234[height]7.6[diam]7.1
*[name]tree_barren[x]53[z]234[height]5.1[diam]4.3
*[name]tree_barren[x]34[z]235[height]6.9[diam]6.8
*[name]flag[x]40[z]235[height]1.0[diam]1.0
*[name]herring[x]44[z]235[height]1.0[diam]1.0
*[name]flag[x]48[z]235[height]1.0[diam]1.0
*[name]tree_barren[x]60[z]235[height]2.6[diam]1.9
*[name]tree[x]79[z]235[height]4.0[diam]3.6
*[name]tree[x]12[z]236[height]4.7[diam]3.7
*[name]tree_barren[x]56[z]236[height]3.4[diam]2.9
*[name]tree[x]84[z]236[height]2.7[diam]2.6
*[name]shrub[x]26[z]237[height]3.1[diam]2.9
*[name]flag[x]29[z]237[height]1.0[diam]1.0
*[name]tree_barren[x]32[z]237[height]4.5[diam]3.9
*[name]tree[x]37[z]237[height]3.3[diam]2.9
*[name]shrub[x]19[z]238[height]2.8[diam]2.6
*[name]shrub[x]51[z]238[height]3.1[diam]3.0
*[name]tree_barren[x]60[z]238[height]7.5[diam]6.6
*[name]tree_barren[x]64[z]238[height]4.1[diam]3.0
*[name]tree_barren[x]34[z]239[height]2.1[diam]1.6
*[name]flag[x]40[z]239[height]1.0[diam]1.0
*[name]herring[x]44[z]239[height]1.0[diam]1.0
*[name]flag[x]48[z]239[height]1.0[diam]1.0
*[name]tree[x]57[z]239[height]6.4[diam]5.5
*[name]tree_barren[x]29[z]240[height]6.1[diam]5.5
*[name]tree[x]61[z]240[height]4.1[diam]3.7
*[name]tree[x]69[z]240[height]5.4[diam]5.2
*[name]tree[x]38[z]241[height]3.6[diam]2.8
*[name]shrub[x]56[z]241[height]1.0[diam]0.9
*[name]shrub[x]74[z]241[height]2.8[diam]2.2
*[name]tree_barren[x]33[z]242[height]4.6[diam]4.2
*[name]flag[x]40[z]242[height]1.0[diam]1.0
*[name]flag[x]48[z]242[height]1.0[diam]1.0
*[name]tree[x]60[z]242[height]2.3[diam]2.1
*[name]flag[x]29[z]243[height]1.0[diam]1.0
*[name]tree[x]35[z]243[height]2.5[diam]2.1
*[name]shrub[x]51[z]243[height]1.8[diam]1.7
*[name]tree[x]7[z]244[height]2.6[diam]2.1
*[name]flag[x]48[z]244[height]1.0[diam]1.0
*[name]shrub[x]22[z]245[height]3.0[diam]2.1
*[name]shrub[x]30[z]245[height]2.9[diam]2.2
*[name]shrub[x]37[z]245[height]1.2[diam]1.1
*[name]flag[x]40[z]245[height]1.0[diam]1.0
*[name]tree[x]34[z]246[height]3.5[diam]2.5
*[name]shrub[x]57[z]246[height]1.6[diam]1.6
*[name]tree[x]62[z]246[height]5.3[diam]4.9
*[name]tree[x]76[z]246[height]5.4[diam]4.4
*[name]shrub[x]39[z]247[height]2.4[diam]1.8
*[name]flag[x]48[z]247[height]1.0[diam]1.0
*[name]tree[x]60[z]247[height]5.1[diam]4.7
*[name]tree[x]19[z]248[height]4.9[diam]4.1
*[name]flag[x]29[z]248[height]1.0[diam]1.0
*[name]flag[x]40[z]248[height]1.0[diam]1.0
*[name]tree[x]62[z]248[height]6.9[diam]4.9
*[name]shrub[x]69[z]248[height]1.0[diam]0.7
*[name]tree[x]58[z]249[height]5.9[diam]4.5
*[name]tree[x]33[z]250[height]4.2[diam]3.2
*[name]flag[x]48[z]250[height]1.0[diam]1.0
*[name]tree[x]61[z]250[height]2.4[diam]2.1
*[name]shrub[x]13[z]251[height]1.9[diam]1.8
*[name]tree[x]31[z]251[height]5.2[diam]4.0
*[name]flag[x]40[z]251[height]1.0[diam]1.0
*[name]tree[x]33[z]252[height]2.4[diam]2.2
*[name]tree[x]82[z]252[height]2.0[diam]1.7
*[name]tree[x]61[z]253[height]6.0[diam]4.9
*[name]tree[x]73[z]253[height]4.0[diam]3.4
*[name]tree[x]34[z]255[height]2.4[diam]1.8
*[name]start[x]44[z]255[height]6.0[diam]9.0
*[name]tree_barren[x]20[z]256[height]7.4[diam]6.9
*[name]tree[x]56[z]256[height]2.6[diam]2.2