*[name]finish[x]20[z]2[height]6.0[diam]9.0
*[name]tree_barren[x]34[z]2[height]2.7[diam]2.5
*[name]tree_barren[x]9[z]3[height]2.3[diam]1.2
*[name]tree[x]0[z]8[height]3.5[diam]2.2
*[name]tree[x]1[z]8[height]3.5[diam]2.1
*[name]tree[x]2[z]8[height]2.7[diam]1.6
*[name]tree[x]3[z]8[height]3.1[diam]2.3
*[name]tree[x]4[z]8[height]2.0[diam]1.5
*[name]tree[x]5[z]8[height]2.8[diam]2.6
*[name]tree[x]6[z]8[height]3.5[diam]2.1
*[name]tree[x]7[z]8[height]2.8[diam]1.7
*[name]tree[x]0[z]9[height]2.3[diam]1.5
*[name]tree[x]1[z]9[height]2.6[diam]1.8
*[name]tree[x]2[z]9[height]3.1[diam]1.5
*[name]tree[x]3[z]9[height]3.2[diam]1.8
*[name]tree[x]4[z]9[height]3.5[diam]2.4
*[name]tree[x]5[z]9[height]3.2[diam]1.8
*[name]tree[x]6[z]9[height]2.4[diam]2.1
*[name]tree[x]7[z]9[height]2.4[diam]2.3
*[name]tree[x]8[z]9[height]4.0[diam]3.9
*[name]tree[x]9[z]9[height]2.2[diam]1.5
*[name]tree[x]10[z]9[height]2.3[diam]1.9
*[name]tree_barren[x]11[z]9[height]3.6[diam]2.1
*[name]tree[x]12[z]9[height]2.3[diam]1.4
*[name]tree[x]13[z]9[height]2.0[diam]2.0
*[name]tree[x]14[z]9[height]2.8[diam]2.0
*[name]tree[x]15[z]9[height]2.3[diam]1.8
*[name]tree[x]16[z]9[height]3.5[diam]2.5
*[name]tree[x]17[z]9[height]3.8[diam]2.4
*[name]tree[x]18[z]9[height]2.9[diam]2.2
*[name]tree[x]19[z]9[height]2.8[diam]1.7
*[name]tree[x]20[z]9[height]3.8[diam]3.7
*[name]tree[x]0[z]10[height]2.6[diam]1.4
*[name]tree[x]1[z]10[height]3.4[diam]2.5
*[name]tree[x]2[z]10[height]2.0[diam]1.7
*[name]tree[x]3[z]10[height]2.9[diam]1.6
*[name]tree[x]4[z]10[height]2.0[diam]1.6
*[name]tree[x]5[z]10[height]3.5[diam]3.2
*[name]tree[x]6[z]10[height]3.5[diam]3.3
*[name]tree[x]7[z]10[height]2.1[diam]1.8
*[name]tree[x]8[z]10[height]3.6[diam]2.6
*[name]tree[x]9[z]10[height]2.4[diam]2.4
*[name]tree[x]10[z]10[height]4.0[diam]3.9
*[name]tree[x]11[z]10[height]2.8[diam]2.7
*[name]tree[x]12[z]10[height]2.5[diam]2.3
*[name]tree[x]13[z]10[height]2.8[diam]2.3
*[name]tree[x]14[z]10[height]2.1[diam]1.4
*[name]tree[x]15[z]10[height]3.3[diam]2.3
*[name]tree[x]16[z]10[height]2.7[diam]1.8
*[name]tree[x]17[z]10[height]3.8[diam]2.6
*[name]tree[x]18[z]10[height]2.0[diam]1.4
*[name]tree[x]19[z]10[height]2.9[diam]1.5
*[name]tree[x]20[z]10[height]3.9[diam]2.4
*[name]tree[x]21[z]10[height]3.7[diam]3.1
*[name]tree[x]22[z]10[height]2.3[diam]2.1
*[name]tree[x]23[z]10[height]2.9[diam]2.8
*[name]tree[x]24[z]10[height]2.6[diam]2.2
*[name]tree[x]25[z]10[height]3.8[diam]2.5
*[name]tree[x]0[z]11[height]3.2[diam]2.1
*[name]tree[x]1[z]11[height]2.4[diam]2.2
*[name]tree[x]2[z]11[height]2.4[diam]1.9
*[name]tree[x]3[z]11[height]2.9[diam]1.9
*[name]tree[x]4[z]11[height]3.7[diam]2.0
*[name]tree[x]5[z]11[height]3.3[diam]1.9
*[name]tree[x]6[z]11[height]2.9[diam]2.2
*[name]tree[x]7[z]11[height]3.0[diam]2.2
*[name]tree[x]8[z]11[height]3.8[diam]3.7
*[name]tree[x]9[z]11[height]2.9[diam]2.6
*[name]tree[x]10[z]11[height]2.4[diam]1.5
*[name]tree[x]11[z]11[height]3.0[diam]2.0
*[name]tree[x]12[z]11[height]2.3[diam]2.2
*[name]tree[x]13[z]11[height]2.6[diam]1.9
*[name]tree[x]14[z]11[height]3.2[diam]1.9
*[name]tree[x]15[z]11[height]3.5[diam]2.1
*[name]tree[x]16[z]11[height]3.0[diam]3.0
*[name]tree[x]17[z]11[height]2.1[diam]1.7
*[name]tree[x]18[z]11[height]3.1[diam]2.3
*[name]tree[x]19[z]11[height]3.9[diam]2.7
*[name]tree[x]20[z]11[height]3.2[diam]2.6
*[name]tree[x]21[z]11[height]3.1[diam]1.6
*[name]tree[x]22[z]11[height]2.3[diam]1.2
*[name]tree[x]23[z]11[height]2.9[diam]1.5
*[name]tree[x]24[z]11[height]2.0[diam]1.9
*[name]tree[x]25[z]11[height]3.7[diam]2.3
*[name]tree[x]26[z]11[height]2.4[diam]1.6
*[name]tree[x]27[z]11[height]3.1[diam]2.1
*[name]tree[x]28[z]11[height]2.6[diam]2.4
*[name]tree[x]29[z]11[height]3.6[diam]3.4
*[name]tree[x]30[z]11[height]2.0[diam]1.6
*[name]tree[x]31[z]11[height]2.2[diam]1.7
*[name]tree[x]32[z]11[height]3.1[diam]1.7
*[name]tree[x]33[z]11[height]2.4[diam]1.3
*[name]tree[x]0[z]12[height]3.3[diam]1.9
*[name]tree[x]1[z]12[height]2.9[diam]1.8
*[name]herring[x]2[z]12[height]1.0[diam]1.0
*[name]tree[x]3[z]12[height]3.5[diam]3.4
*[name]tree[x]4[z]12[height]2.1[diam]1.7
*[name]tree[x]5[z]12[height]3.7[diam]2.3
*[name]tree[x]6[z]12[height]3.6[diam]2.2
*[name]tree[x]7[z]12[height]3.6[diam]2.1
*[name]tree[x]8[z]12[height]3.0[diam]2.5
*[name]tree[x]9[z]12[height]3.9[diam]2.8
*[name]tree[x]10[z]12[height]3.3[diam]2.6
*[name]tree[x]11[z]12[height]3.0[diam]1.8
*[name]tree[x]12[z]12[height]2.2[diam]1.8
*[name]tree[x]13[z]12[height]2.8[diam]1.6
*[name]tree[x]14[z]12[height]2.6[diam]2.0
*[name]tree[x]15[z]12[height]3.2[diam]2.5
*[name]tree[x]16[z]12[height]2.6[diam]2.1
*[name]tree[x]17[z]12[height]3.6[diam]2.2
*[name]tree[x]18[z]12[height]3.2[diam]2.5
*[name]tree[x]19[z]12[height]2.3[diam]1.9
*[name]tree[x]20[z]12[height]2.3[diam]2.3
*[name]tree[x]21[z]12[height]3.9[diam]3.8
*[name]tree[x]22[z]12[height]2.4[diam]2.1
*[name]tree[x]23[z]12[height]2.3[diam]1.9
*[name]tree[x]24[z]12[height]2.8[diam]1.5
*[name]tree[x]25[z]12[height]2.2[diam]1.2
*[name]tree[x]26[z]12[height]3.2[diam]2.6
*[name]tree[x]27[z]12[height]2.5[diam]2.2
*[name]tree[x]28[z]12[height]2.6[diam]2.2
*[name]tree[x]29[z]12[height]3.7[diam]2.9
*[name]tree[x]30[z]12[height]2.4[diam]1.8
*[name]tree[x]31[z]12[height]2.2[diam]1.7
*[name]tree[x]32[z]12[height]2.1[diam]2.0
*[name]tree[x]33[z]12[height]3.4[diam]2.8
*[name]tree[x]34[z]12[height]2.9[diam]2.7
*[name]tree[x]0[z]13[height]2.6[diam]2.1
*[name]tree[x]1[z]13[height]3.7[diam]2.3
*[name]tree[x]2[z]13[height]3.2[diam]1.6
*[name]tree[x]3[z]13[height]2.0[diam]1.7
*[name]tree[x]4[z]13[height]3.4[diam]2.5
*[name]tree[x]5[z]13[height]3.6[diam]3.3
*[name]tree[x]6[z]13[height]3.0[diam]2.1
*[name]tree[x]7[z]13[height]2.9[diam]2.6
*[name]tree[x]8[z]13[height]2.2[diam]2.0
*[name]tree[x]9[z]13[height]2.9[diam]2.8
*[name]tree[x]10[z]13[height]2.7[diam]2.2
*[name]tree[x]11[z]13[height]2.8[diam]2.1
*[name]tree[x]12[z]13[height]2.3[diam]1.7
*[name]tree[x]13[z]13[height]2.8[diam]2.6
*[name]tree[x]14[z]13[height]2.2[diam]2.0
*[name]tree[x]15[z]13[height]3.5[diam]2.5
*[name]tree[x]16[z]13[height]2.9[diam]2.3
*[name]tree[x]17[z]13[height]3.3[diam]1.7
*[name]tree[x]18[z]13[height]3.3[diam]2.7
*[name]tree[x]19[z]13[height]3.4[diam]2.3
*[name]tree[x]20[z]13[height]2.2[diam]1.6
*[name]tree[x]21[z]13[height]2.4[diam]1.9
*[name]tree[x]22[z]13[height]3.9[diam]3.2
*[name]tree[x]23[z]13[height]2.7[diam]1.4
*[name]tree[x]24[z]13[height]2.8[diam]2.6
*[name]tree[x]25[z]13[height]2.0[diam]1.8
*[name]tree[x]26[z]13[height]2.9[diam]2.1
*[name]tree[x]27[z]13[height]2.4[diam]2.0
*[name]tree[x]28[z]13[height]3.7[diam]3.0
*[name]tree[x]29[z]13[height]3.0[diam]3.0
*[name]tree[x]30[z]13[height]2.9[diam]1.8
*[name]tree[x]31[z]13[height]2.7[diam]2.6
*[name]tree[x]32[z]13[height]3.7[diam]1.9
*[name]tree[x]33[z]13[height]3.8[diam]2.8
*[name]tree[x]34[z]13[height]3.4[diam]2.7
*[name]tree[x]0[z]14[height]3.7[diam]3.3
*[name]tree[x]1[z]14[height]2.2[diam]1.2
*[name]tree[x]2[z]14[height]2.7[diam]1.4
*[name]tree[x]3[z]14[height]3.4[diam]2.9
*[name]tree[x]4[z]14[height]2.2[diam]1.2
*[name]tree[x]5[z]14[height]3.1[diam]1.7
*[name]tree[x]6[z]14[height]3.7[diam]1.9
*[name]tree[x]7[z]14[height]3.0[diam]1.6
*[name]tree[x]8[z]14[height]3.3[diam]2.3
*[name]tree[x]9[z]14[height]3.4[diam]1.9
*[name]tree[x]10[z]14[height]2.7[diam]1.5
*[name]tree[x]11[z]14[height]2.8[diam]2.4
*[name]tree[x]12[z]14[height]4.0[diam]2.5
*[name]tree[x]13[z]14[height]3.5[diam]3.3
*[name]tree[x]14[z]14[height]3.5[diam]2.5
*[name]tree[x]15[z]14[height]3.0[diam]2.4
*[name]tree[x]16[z]14[height]2.4[diam]2.0
*[name]tree[x]17[z]14[height]3.3[diam]2.6
*[name]tree[x]18[z]14[height]3.3[diam]2.2
*[name]tree[x]19[z]14[height]2.7[diam]2.3
*[name]tree[x]20[z]14[height]2.9[diam]2.7
*[name]tree[x]21[z]14[height]3.7[diam]2.4
*[name]tree[x]22[z]14[height]3.8[diam]2.6
*[name]tree[x]23[z]14[height]2.8[diam]2.1
*[name]tree[x]24[z]14[height]3.5[diam]1.8
*[name]tree[x]25[z]14[height]3.4[diam]1.8
*[name]tree[x]26[z]14[height]2.4[diam]1.3
*[name]tree[x]27[z]14[height]3.6[diam]2.1
*[name]tree[x]28[z]14[height]2.7[diam]2.1
*[name]tree[x]29[z]14[height]2.1[diam]1.2
*[name]tree[x]30[z]14[height]3.9[diam]3.1
*[name]tree[x]31[z]14[height]3.5[diam]2.0
*[name]tree[x]32[z]14[height]2.4[diam]1.6
*[name]tree[x]33[z]14[height]3.5[diam]3.3
*[name]tree[x]34[z]14[height]3.4[diam]1.9
*[name]tree[x]35[z]14[height]3.3[diam]1.9
*[name]tree[x]0[z]15[height]3.9[diam]2.9
*[name]tree[x]1[z]15[height]2.9[diam]2.7
*[name]tree[x]2[z]15[height]3.7[diam]3.3
*[name]tree[x]3[z]15[height]2.8[diam]2.2
*[name]tree[x]4[z]15[height]3.8[diam]2.1
*[name]tree[x]5[z]15[height]3.2[diam]1.7
*[name]tree[x]6[z]15[height]2.4[diam]1.7
*[name]tree[x]7[z]15[height]2.5[diam]2.0
*[name]tree[x]8[z]15[height]3.8[diam]2.6
*[name]tree[x]9[z]15[height]3.4[diam]3.2
*[name]tree[x]10[z]15[height]3.8[diam]2.7
*[name]tree[x]11[z]15[height]2.1[diam]1.2
*[name]tree[x]12[z]15[height]3.6[diam]3.3
*[name]tree[x]13[z]15[height]3.9[diam]2.9
*[name]tree[x]14[z]15[height]3.8[diam]3.1
*[name]tree[x]15[z]15[height]3.3[diam]3.1
*[name]tree[x]16[z]15[height]2.1[diam]1.2
*[name]tree[x]17[z]15[height]3.5[diam]3.3
*[name]tree[x]18[z]15[height]3.8[diam]2.2
*[name]tree[x]19[z]15[height]2.9[diam]2.6
*[name]tree[x]20[z]15[height]2.6[diam]1.4
*[name]tree[x]21[z]15[height]3.7[diam]2.8
*[name]tree[x]22[z]15[height]3.0[diam]1.7
*[name]tree[x]23[z]15[height]2.1[diam]1.5
*[name]tree[x]24[z]15[height]2.9[diam]2.6
*[name]tree[x]25[z]15[height]2.6[diam]1.7
*[name]tree[x]26[z]15[height]2.4[diam]1.6
*[name]tree[x]27[z]15[height]2.9[diam]1.5
*[name]tree[x]28[z]15[height]2.3[diam]1.6
*[name]tree[x]29[z]15[height]3.0[diam]1.7
*[name]tree[x]30[z]15[height]4.0[diam]2.3
*[name]tree[x]31[z]15[height]4.0[diam]2.1
*[name]tree[x]32[z]15[height]2.5[diam]2.2
*[name]tree[x]33[z]15[height]3.9[diam]2.2
*[name]tree[x]34[z]15[height]3.9[diam]2.7
*[name]tree[x]35[z]15[height]3.9[diam]2.3
*[name]tree[x]36[z]15[height]2.9[diam]2.6
*[name]tree[x]0[z]16[height]3.4[diam]3.3
*[name]tree[x]1[z]16[height]3.8[diam]3.4
*[name]tree[x]2[z]16[height]2.7[diam]1.8
*[name]tree[x]3[z]16[height]3.1[diam]2.5
*[name]tree[x]4[z]16[height]3.4[diam]3.0
*[name]tree[x]5[z]16[height]3.9[diam]2.3
*[name]tree[x]6[z]16[height]3.5[diam]2.0
*[name]tree[x]7[z]16[height]3.1[diam]2.0
*[name]tree[x]8[z]16[height]2.5[diam]1.9
*[name]tree[x]9[z]16[height]2.9[diam]1.8
*[name]tree[x]10[z]16[height]3.2[diam]2.6
*[name]tree[x]11[z]16[height]4.0[diam]3.0
*[name]tree[x]12[z]16[height]3.6[diam]3.4
*[name]tree[x]13[z]16[height]3.9[diam]3.3
*[name]tree[x]14[z]16[height]2.2[diam]1.6
*[name]tree[x]15[z]16[height]3.0[diam]2.8
*[name]tree[x]16[z]16[height]2.7[diam]2.0
*[name]tree[x]17[z]16[height]3.2[diam]2.7
*[name]tree[x]18[z]16[height]3.6[diam]2.1
*[name]tree[x]19[z]16[height]2.7[diam]2.0
*[name]tree[x]20[z]16[height]3.8[diam]2.5
*[name]tree[x]21[z]16[height]3.4[diam]2.8
*[name]tree[x]22[z]16[height]2.9[diam]1.8
*[name]tree[x]23[z]16[height]3.9[diam]3.3
*[name]tree[x]24[z]16[height]3.5[diam]2.4
*[name]tree_barren[x]25[z]16[height]3.8[diam]2.6
*[name]tree[x]26[z]16[height]2.1[diam]2.0
*[name]tree[x]27[z]16[height]3.8[diam]3.5
*[name]tree[x]28[z]16[height]3.6[diam]3.3
*[name]tree[x]29[z]16[height]3.1[diam]3.0
*[name]tree[x]30[z]16[height]2.5[diam]1.3
*[name]tree[x]31[z]16[height]3.5[diam]2.7
*[name]tree[x]32[z]16[height]3.1[diam]2.0
*[name]tree[x]33[z]16[height]2.6[diam]1.7
*[name]tree[x]34[z]16[height]2.9[diam]2.4
*[name]tree[x]35[z]16[height]3.7[diam]2.6
*[name]tree[x]36[z]16[height]3.8[diam]3.0
*[name]tree[x]0[z]17[height]2.1[diam]1.4
*[name]tree[x]1[z]17[height]3.5[diam]1.8
*[name]tree[x]2[z]17[height]2.0[diam]1.6
*[name]tree[x]3[z]17[height]2.8[diam]2.7
*[name]tree[x]4[z]17[height]3.8[diam]2.7
*[name]tree[x]5[z]17[height]3.6[diam]3.2
*[name]tree[x]6[z]17[height]2.5[diam]2.0
*[name]tree_barren[x]7[z]17[height]3.3[diam]3.0
*[name]tree[x]8[z]17[height]3.0[diam]2.8
*[name]tree[x]9[z]17[height]3.8[diam]2.4
*[name]tree[x]10[z]17[height]2.9[diam]2.1
*[name]tree[x]11[z]17[height]3.1[diam]2.7
*[name]tree[x]12[z]17[height]3.6[diam]1.8
*[name]tree[x]13[z]17[height]2.7[diam]2.2
*[name]tree[x]14[z]17[height]2.8[diam]1.8
*[name]tree[x]15[z]17[height]2.4[diam]1.7
*[name]tree[x]16[z]17[height]3.2[diam]3.2
*[name]tree[x]17[z]17[height]2.9[diam]2.4
*[name]herring[x]18[z]17[height]1.0[diam]1.0
*[name]tree[x]19[z]17[height]3.0[diam]2.8
*[name]tree[x]20[z]17[height]3.1[diam]2.2
*[name]tree[x]21[z]17[height]2.5[diam]1.7
*[name]tree[x]22[z]17[height]2.4[diam]1.9
*[name]tree[x]23[z]17[height]3.9[diam]3.6
*[name]tree[x]24[z]17[height]2.7[diam]2.0
*[name]tree[x]25[z]17[height]3.4[diam]2.2
*[name]tree[x]26[z]17[height]3.4[diam]2.0
*[name]tree[x]27[z]17[height]3.5[diam]2.2
*[name]tree[x]28[z]17[height]3.8[diam]2.9
*[name]tree[x]29[z]17[height]2.5[diam]1.6
*[name]tree[x]30[z]17[height]2.3[diam]1.9
*[name]tree[x]31[z]17[height]3.1[diam]2.1
*[name]tree[x]32[z]17[height]2.2[diam]1.3
*[name]tree[x]33[z]17[height]2.7[diam]2.1
*[name]tree[x]34[z]17[height]3.6[diam]3.3
*[name]tree[x]35[z]17[height]2.8[diam]1.9
*[name]tree[x]36[z]17[height]2.5[diam]2.1
*[name]tree[x]37[z]17[height]3.5[diam]2.6
*[name]tree[x]0[z]18[height]2.4[diam]2.0
*[name]tree[x]1[z]18[height]2.7[diam]2.1
*[name]tree[x]2[z]18[height]2.3[diam]1.2
*[name]tree[x]3[z]18[height]3.7[diam]3.4
*[name]tree[x]4[z]18[height]2.4[diam]1.9
*[name]tree[x]5[z]18[height]2.2[diam]1.3
*[name]tree[x]6[z]18[height]2.2[diam]1.5
*[name]tree[x]7[z]18[height]2.8[diam]1.7
*[name]tree[x]8[z]18[height]2.1[diam]2.0
*[name]tree[x]9[z]18[height]3.2[diam]1.9
*[name]tree[x]10[z]18[height]2.2[diam]2.1
*[name]tree[x]11[z]18[height]3.4[diam]3.2
*[name]tree[x]12[z]18[height]3.6[diam]2.0
*[name]tree[x]13[z]18[height]2.5[diam]1.3
*[name]tree[x]14[z]18[height]3.5[diam]1.8
*[name]tree[x]15[z]18[height]3.1[diam]3.0
*[name]tree[x]16[z]18[height]3.5[diam]3.2
*[name]tree[x]17[z]18[height]2.9[diam]2.8
*[name]tree[x]18[z]18[height]3.8[diam]2.5
*[name]tree[x]19[z]18[height]3.5[diam]2.0
*[name]tree[x]20[z]18[height]3.7[diam]3.5
*[name]tree[x]21[z]18[height]2.5[diam]2.4
*[name]tree[x]22[z]18[height]2.6[diam]2.1
*[name]tree[x]23[z]18[height]2.4[diam]1.6
*[name]tree[x]24[z]18[height]3.1[diam]2.8
*[name]tree[x]25[z]18[height]3.0[diam]2.5
*[name]tree[x]26[z]18[height]3.5[diam]2.1
*[name]tree[x]27[z]18[height]3.1[diam]2.3
*[name]tree[x]28[z]18[height]2.6[diam]2.4
*[name]tree[x]29[z]18[height]3.1[diam]1.6
*[name]tree[x]30[z]18[height]3.7[diam]2.0
*[name]tree[x]31[z]18[height]4.0[diam]3.1
*[name]tree[x]32[z]18[height]3.9[diam]2.9
*[name]tree[x]33[z]18[height]2.9[diam]2.8
*[name]tree[x]34[z]18[height]3.5[diam]2.2
*[name]tree[x]35[z]18[height]2.0[diam]1.6
*[name]tree[x]36[z]18[height]2.2[diam]1.4
*[name]tree[x]37[z]18[height]3.1[diam]2.2
*[name]tree[x]0[z]19[height]3.8[diam]3.3
*[name]tree[x]1[z]19[height]3.5[diam]2.6
*[name]tree[x]2[z]19[height]3.0[diam]1.9
*[name]tree[x]3[z]19[height]2.3[diam]1.4
*[name]tree[x]4[z]19[height]2.9[diam]2.4
*[name]tree[x]5[z]19[height]3.5[diam]3.0
*[name]tree[x]6[z]19[height]3.0[diam]2.0
*[name]tree[x]7[z]19[height]3.6[diam]2.4
*[name]tree[x]8[z]19[height]2.8[diam]2.5
*[name]tree[x]9[z]19[height]3.8[diam]2.6
*[name]tree[x]10[z]19[height]2.4[diam]1.7
*[name]tree[x]11[z]19[height]2.5[diam]2.5
*[name]tree[x]12[z]19[height]3.2[diam]2.1
*[name]tree[x]13[z]19[height]3.2[diam]2.7
*[name]tree[x]14[z]19[height]3.1[diam]1.7
*[name]tree[x]15[z]19[height]2.3[diam]1.7
*[name]tree[x]16[z]19[height]3.7[diam]3.4
*[name]tree[x]17[z]19[height]3.9[diam]2.6
*[name]tree[x]18[z]19[height]2.2[diam]1.2
*[name]tree[x]19[z]19[height]3.1[diam]2.4
*[name]tree[x]20[z]19[height]3.5[diam]2.3
*[name]tree[x]21[z]19[height]2.6[diam]1.7
*[name]tree[x]22[z]19[height]3.2[diam]1.8
*[name]tree[x]23[z]19[height]3.3[diam]1.6
*[name]tree[x]24[z]19[height]3.8[diam]2.9
*[name]tree[x]25[z]19[height]2.8[diam]1.5
*[name]tree[x]26[z]19[height]3.9[diam]3.2
*[name]tree[x]27[z]19[height]2.2[diam]1.7
*[name]tree[x]28[z]19[height]3.9[diam]3.2
*[name]tree[x]29[z]19[height]2.6[diam]1.9
*[name]tree[x]30[z]19[height]3.5[diam]2.5
*[name]tree[x]31[z]19[height]4.0[diam]3.2
*[name]tree[x]32[z]19[height]2.6[diam]2.5
*[name]tree[x]33[z]19[height]3.9[diam]2.7
*[name]herring[x]34[z]19[height]1.0[diam]1.0
*[name]tree[x]35[z]19[height]2.0[diam]1.5
*[name]tree[x]36[z]19[height]4.0[diam]3.6
*[name]tree[x]37[z]19[height]3.6[diam]2.3
*[name]tree[x]0[z]20[height]2.2[diam]1.5
*[name]tree[x]1[z]20[height]2.8[diam]2.4
*[name]tree[x]2[z]20[height]2.8[diam]1.8
*[name]tree[x]3[z]20[height]2.5[diam]2.2
*[name]tree[x]4[z]20[height]2.8[diam]1.6
*[name]tree[x]5[z]20[height]2.9[diam]2.1
*[name]tree[x]6[z]20[height]3.5[diam]2.4
*[name]tree[x]7[z]20[height]2.2[diam]1.1
*[name]tree[x]8[z]20[height]3.8[diam]3.5
*[name]tree[x]9[z]20[height]2.9[diam]2.7
*[name]tree[x]10[z]20[height]3.0[diam]2.6
*[name]tree[x]11[z]20[height]3.6[diam]2.5
*[name]tree[x]12[z]20[height]2.3[diam]2.1
*[name]tree[x]13[z]20[height]3.8[diam]2.2
*[name]tree[x]14[z]20[height]3.2[diam]2.7
*[name]tree[x]15[z]20[height]2.9[diam]2.4
*[name]tree[x]16[z]20[height]2.1[diam]1.9
*[name]tree[x]17[z]20[height]2.8[diam]2.0
*[name]tree[x]18[z]20[height]2.3[diam]1.9
*[name]tree[x]19[z]20[height]2.4[diam]1.8
*[name]tree[x]20[z]20[height]3.6[diam]3.0
*[name]tree[x]21[z]20[height]4.0[diam]3.1
*[name]tree[x]22[z]20[height]2.0[diam]1.1
*[name]tree[x]23[z]20[height]3.1[diam]3.0
*[name]tree[x]24[z]20[height]4.0[diam]4.0
*[name]tree[x]25[z]20[height]3.5[diam]2.6
*[name]tree[x]26[z]20[height]3.4[diam]2.7
*[name]tree[x]27[z]20[height]3.8[diam]3.5
*[name]tree[x]28[z]20[height]2.7[diam]2.4
*[name]tree[x]29[z]20[height]2.0[diam]2.0
*[name]tree[x]30[z]20[height]2.9[diam]2.1
*[name]tree[x]31[z]20[height]3.2[diam]2.4
*[name]tree[x]32[z]20[height]2.6[diam]1.3
*[name]tree[x]33[z]20[height]3.8[diam]2.8
*[name]tree[x]34[z]20[height]3.3[diam]1.8
*[name]tree[x]35[z]20[height]3.9[diam]2.9
*[name]tree[x]36[z]20[height]3.5[diam]3.4
*[name]tree[x]37[z]20[height]2.0[diam]1.8
*[name]tree[x]0[z]21[height]2.1[diam]1.7
*[name]tree[x]1[z]21[height]3.3[diam]1.8
*[name]tree[x]2[z]21[height]3.1[diam]2.2
*[name]tree[x]3[z]21[height]3.1[diam]2.0
*[name]tree[x]4[z]21[height]3.9[diam]2.8
*[name]tree[x]5[z]21[height]2.3[diam]1.5
*[name]tree[x]6[z]21[height]2.4[diam]1.4
*[name]tree[x]7[z]21[height]2.5[diam]2.1
*[name]tree[x]8[z]21[height]3.3[diam]3.1
*[name]tree[x]9[z]21[height]2.2[diam]2.2
*[name]tree[x]10[z]21[height]3.8[diam]1.9
*[name]tree[x]11[z]21[height]2.8[diam]2.2
*[name]tree[x]12[z]21[height]2.3[diam]1.6
*[name]tree[x]13[z]21[height]2.0[diam]1.9
*[name]tree[x]14[z]21[height]2.7[diam]1.4
*[name]tree[x]15[z]21[height]3.3[diam]2.3
*[name]tree[x]16[z]21[height]3.2[diam]2.1
*[name]tree[x]17[z]21[height]2.9[diam]1.7
*[name]tree[x]18[z]21[height]3.5[diam]1.8
*[name]tree[x]19[z]21[height]2.9[diam]2.5
*[name]tree[x]20[z]21[height]2.9[diam]2.3
*[name]tree[x]21[z]21[height]2.1[diam]1.7
*[name]tree[x]22[z]21[height]3.6[diam]2.3
*[name]tree[x]23[z]21[height]2.6[diam]1.9
*[name]tree[x]24[z]21[height]2.3[diam]1.7
*[name]tree[x]25[z]21[height]2.8[diam]1.5
*[name]tree[x]26[z]21[height]2.9[diam]2.6
*[name]tree_barren[x]27[z]21[height]3.2[diam]2.5
*[name]tree[x]28[z]21[height]2.3[diam]1.9
*[name]tree[x]29[z]21[height]2.9[diam]2.2
*[name]tree[x]30[z]21[height]3.2[diam]1.8
*[name]tree[x]31[z]21[height]3.8[diam]2.3
*[name]tree[x]32[z]21[height]2.9[diam]2.0
*[name]tree[x]33[z]21[height]2.7[diam]1.6
*[name]tree[x]34[z]21[height]2.8[diam]2.5
*[name]tree[x]35[z]21[height]3.8[diam]3.6
*[name]tree[x]36[z]21[height]2.8[diam]2.7
*[name]tree[x]37[z]21[height]3.0[diam]1.8
*[name]tree[x]0[z]22[height]2.5[diam]2.2
*[name]tree[x]1[z]22[height]3.3[diam]2.3
*[name]tree[x]2[z]22[height]2.4[diam]1.3
*[name]tree[x]3[z]22[height]2.9[diam]2.4
*[name]tree[x]4[z]22[height]3.7[diam]1.9
*[name]tree[x]5[z]22[height]2.4[diam]1.2
*[name]tree[x]6[z]22[height]3.3[diam]2.8
*[name]tree[x]7[z]22[height]3.0[diam]1.9
*[name]tree[x]8[z]22[height]3.6[diam]2.6
*[name]tree[x]9[z]22[height]2.9[diam]1.9
*[name]tree[x]10[z]22[height]3.6[diam]3.3
*[name]tree[x]11[z]22[height]3.0[diam]1.8
*[name]tree[x]12[z]22[height]3.3[diam]2.3
*[name]tree[x]13[z]22[height]2.2[diam]1.1
*[name]tree[x]14[z]22[height]2.7[diam]2.1
*[name]tree[x]15[z]22[height]2.5[diam]1.9
*[name]tree[x]16[z]22[height]2.8[diam]2.6
*[name]tree[x]17[z]22[height]3.9[diam]3.2
*[name]tree[x]18[z]22[height]3.8[diam]2.7
*[name]tree[x]19[z]22[height]2.5[diam]2.2
*[name]tree[x]20[z]22[height]3.0[diam]2.2
*[name]tree[x]21[z]22[height]3.5[diam]2.0
*[name]tree[x]22[z]22[height]2.3[diam]1.5
*[name]tree[x]23[z]22[height]2.8[diam]2.7
*[name]tree[x]24[z]22[height]3.4[diam]3.1
*[name]tree[x]25[z]22[height]2.5[diam]1.9
*[name]tree[x]26[z]22[height]3.3[diam]2.9
*[name]tree[x]27[z]22[height]3.5[diam]2.2
*[name]tree[x]28[z]22[height]2.3[diam]2.1
*[name]tree[x]29[z]22[height]2.7[diam]2.0
*[name]tree[x]30[z]22[height]2.8[diam]2.2
*[name]tree[x]31[z]22[height]2.1[diam]1.9
*[name]tree[x]32[z]22[height]2.9[diam]1.5
*[name]tree[x]33[z]22[height]2.8[diam]1.9
*[name]tree[x]34[z]22[height]2.9[diam]2.4
*[name]tree[x]35[z]22[height]2.2[diam]2.1
*[name]tree[x]36[z]22[height]2.3[diam]2.1
*[name]tree[x]37[z]22[height]2.1[diam]1.4
*[name]tree[x]0[z]23[height]2.3[diam]1.6
*[name]tree[x]1[z]23[height]2.6[diam]2.4
*[name]tree[x]2[z]23[height]2.5[diam]2.0
*[name]tree[x]3[z]23[height]2.7[diam]2.6
*[name]tree[x]4[z]23[height]2.7[diam]1.4
*[name]tree[x]5[z]23[height]2.4[diam]1.8
*[name]tree[x]6[z]23[height]3.8[diam]2.9
*[name]tree[x]7[z]23[height]3.9[diam]2.5
*[name]tree[x]8[z]23[height]2.2[diam]2.2
*[name]tree_barren[x]9[z]23[height]2.2[diam]1.7
*[name]tree[x]10[z]23[height]4.0[diam]3.0
*[name]tree[x]11[z]23[height]3.8[diam]2.7
*[name]tree[x]12[z]23[height]2.4[diam]1.2
*[name]tree[x]13[z]23[height]2.7[diam]1.8
*[name]tree[x]14[z]23[height]3.7[diam]2.6
*[name]tree[x]15[z]23[height]3.3[diam]3.3
*[name]tree[x]16[z]23[height]3.6[diam]3.6
*[name]tree[x]17[z]23[height]3.6[diam]2.0
*[name]tree[x]18[z]23[height]3.2[diam]1.8
*[name]tree[x]19[z]23[height]4.0[diam]3.8
*[name]tree[x]20[z]23[height]2.5[diam]1.5
*[name]tree[x]21[z]23[height]2.7[diam]1.5
*[name]tree[x]22[z]23[height]3.5[diam]2.2
*[name]tree[x]23[z]23[height]2.9[diam]2.6
*[name]tree[x]24[z]23[height]2.5[diam]1.9
*[name]tree[x]25[z]23[height]2.7[diam]1.7
*[name]tree[x]26[z]23[height]2.1[diam]1.3
*[name]tree[x]27[z]23[height]3.3[diam]2.1
*[name]tree[x]28[z]23[height]2.5[diam]1.3
*[name]tree[x]29[z]23[height]3.2[diam]1.8
*[name]tree[x]30[z]23[height]2.8[diam]1.8
*[name]tree[x]31[z]23[height]2.3[diam]1.4
*[name]tree[x]32[z]23[height]2.5[diam]2.4
*[name]tree[x]33[z]23[height]2.6[diam]2.4
*[name]tree[x]34[z]23[height]2.2[diam]1.4
*[name]tree[x]35[z]23[height]3.5[diam]2.3
*[name]tree[x]36[z]23[height]2.9[diam]1.6
*[name]tree[x]37[z]23[height]2.9[diam]1.8
*[name]tree[x]0[z]24[height]2.8[diam]2.6
*[name]tree[x]1[z]24[height]2.1[diam]1.7
*[name]tree[x]2[z]24[height]2.9[diam]2.0
*[name]tree[x]3[z]24[height]3.8[diam]2.8
*[name]tree[x]4[z]24[height]3.3[diam]2.7
*[name]tree[x]5[z]24[height]3.5[diam]3.4
*[name]tree[x]6[z]24[height]3.2[diam]2.1
*[name]tree[x]7[z]24[height]2.2[diam]2.2
*[name]tree[x]8[z]24[height]3.2[diam]1.9
*[name]tree[x]9[z]24[height]2.4[diam]2.2
*[name]tree[x]10[z]24[height]2.3[diam]1.7
*[name]tree[x]11[z]24[height]3.3[diam]2.1
*[name]tree[x]12[z]24[height]3.5[diam]2.5
*[name]tree[x]13[z]24[height]3.2[diam]2.0
*[name]tree[x]14[z]24[height]3.0[diam]1.6
*[name]tree[x]15[z]24[height]2.9[diam]2.8
*[name]tree[x]16[z]24[height]3.9[diam]2.9
*[name]tree[x]17[z]24[height]3.1[diam]2.2
*[name]tree[x]18[z]24[height]3.8[diam]2.8
*[name]tree[x]19[z]24[height]3.7[diam]2.9
*[name]tree[x]20[z]24[height]2.2[diam]1.7
*[name]tree[x]21[z]24[height]3.0[diam]2.5
*[name]tree[x]22[z]24[height]3.8[diam]3.0
*[name]tree[x]23[z]24[height]3.3[diam]2.5
*[name]tree[x]24[z]24[height]3.6[diam]3.4
*[name]tree[x]25[z]24[height]2.6[diam]2.6
*[name]tree[x]26[z]24[height]2.7[diam]2.7
*[name]tree[x]27[z]24[height]2.4[diam]1.4
*[name]tree[x]28[z]24[height]2.8[diam]2.5
*[name]tree[x]29[z]24[height]2.8[diam]2.6
*[name]tree[x]30[z]24[height]3.7[diam]3.4
*[name]tree[x]31[z]24[height]3.6[diam]3.2
*[name]tree[x]32[z]24[height]2.6[diam]1.8
*[name]tree[x]33[z]24[height]2.4[diam]1.4
*[name]tree[x]34[z]24[height]3.7[diam]1.9
*[name]tree[x]35[z]24[height]3.5[diam]3.4
*[name]tree[x]36[z]24[height]3.2[diam]2.0
*[name]tree[x]37[z]24[height]3.2[diam]2.4
*[name]tree[x]0[z]25[height]3.7[diam]2.4
*[name]tree[x]1[z]25[height]3.9[diam]3.3
*[name]tree[x]2[z]25[height]2.3[diam]1.5
*[name]tree[x]3[z]25[height]3.2[diam]2.5
*[name]tree[x]4[z]25[height]2.5[diam]2.3
*[name]tree[x]5[z]25[height]3.3[diam]2.7
*[name]tree[x]6[z]25[height]3.3[diam]1.7
*[name]tree[x]7[z]25[height]3.0[diam]2.3
*[name]tree[x]8[z]25[height]3.8[diam]2.5
*[name]tree[x]9[z]25[height]2.6[diam]1.6
*[name]tree[x]10[z]25[height]3.3[diam]2.5
*[name]tree[x]11[z]25[height]2.9[diam]2.2
*[name]tree[x]12[z]25[height]3.0[diam]1.8
*[name]tree[x]13[z]25[height]2.9[diam]1.6
*[name]tree[x]14[z]25[height]3.0[diam]1.6
*[name]tree[x]15[z]25[height]3.2[diam]2.2
*[name]tree[x]16[z]25[height]2.7[diam]2.1
*[name]tree[x]17[z]25[height]2.0[diam]1.5
*[name]tree[x]18[z]25[height]3.7[diam]3.0
*[name]tree[x]19[z]25[height]2.0[diam]1.1
*[name]tree[x]20[z]25[height]2.9[diam]2.5
*[name]tree[x]21[z]25[height]3.5[diam]1.9
*[name]tree[x]22[z]25[height]3.4[diam]2.1
*[name]tree[x]23[z]25[height]3.3[diam]2.6
*[name]tree[x]24[z]25[height]3.1[diam]3.0
*[name]tree[x]25[z]25[height]3.7[diam]2.2
*[name]tree[x]26[z]25[height]2.9[diam]1.8
*[name]tree[x]27[z]25[height]3.4[diam]3.3
*[name]tree[x]28[z]25[height]2.9[diam]1.7
*[name]tree[x]29[z]25[height]2.1[diam]2.1
*[name]tree[x]30[z]25[height]2.5[diam]2.1
*[name]tree[x]31[z]25[height]2.6[diam]2.0
*[name]tree[x]32[z]25[height]2.5[diam]1.6
*[name]tree[x]33[z]25[height]2.1[diam]1.2
*[name]tree[x]34[z]25[height]3.9[diam]2.0
*[name]tree[x]35[z]25[height]2.4[diam]1.7
*[name]tree[x]36[z]25[height]3.4[diam]3.3
*[name]tree[x]37[z]25[height]3.1[diam]2.2
*[name]tree[x]0[z]26[height]2.4[diam]1.4
*[name]tree[x]1[z]26[height]2.1[diam]1.8
*[name]tree[x]2[z]26[height]2.2[diam]2.1
*[name]tree[x]3[z]26[height]3.8[diam]2.9
*[name]tree[x]4[z]26[height]2.3[diam]1.9
*[name]tree[x]5[z]26[height]3.0[diam]2.4
*[name]tree[x]6[z]26[height]3.6[diam]2.8
*[name]tree[x]7[z]26[height]3.1[diam]1.6
*[name]tree[x]8[z]26[height]2.4[diam]2.3
*[name]tree[x]9[z]26[height]3.2[diam]2.4
*[name]tree[x]10[z]26[height]2.3[diam]1.9
*[name]tree[x]11[z]26[height]3.2[diam]1.8
*[name]tree[x]12[z]26[height]3.3[diam]3.0
*[name]tree[x]13[z]26[height]3.0[diam]2.1
*[name]tree[x]14[z]26[height]3.6[diam]1.9
*[name]tree[x]15[z]26[height]3.6[diam]3.5
*[name]tree[x]16[z]26[height]2.4[diam]2.2
*[name]tree[x]17[z]26[height]3.4[diam]2.2
*[name]tree[x]18[z]26[height]3.4[diam]2.7
*[name]tree[x]19[z]26[height]3.7[diam]3.4
*[name]tree[x]20[z]26[height]2.5[diam]1.6
*[name]tree[x]21[z]26[height]2.9[diam]1.5
*[name]tree[x]22[z]26[height]3.7[diam]3.7
*[name]tree[x]23[z]26[height]2.1[diam]1.2
*[name]tree[x]24[z]26[height]3.7[diam]3.1
*[name]tree[x]25[z]26[height]3.1[diam]3.1
*[name]tree[x]26[z]26[height]2.6[diam]1.5
*[name]tree[x]27[z]26[height]2.2[diam]2.1
*[name]tree[x]28[z]26[height]4.0[diam]3.2
*[name]tree[x]29[z]26[height]2.7[diam]2.3
*[name]tree[x]30[z]26[height]3.3[diam]1.8
*[name]tree[x]31[z]26[height]3.4[diam]3.2
*[name]tree[x]32[z]26[height]3.9[diam]2.7
*[name]tree[x]33[z]26[height]2.3[diam]1.9
*[name]tree[x]34[z]26[height]2.0[diam]1.0
*[name]tree[x]35[z]26[height]3.0[diam]1.8
*[name]tree[x]36[z]26[height]2.7[diam]2.6
*[name]tree[x]37[z]26[height]2.6[diam]1.5
*[name]tree[x]0[z]27[height]3.8[diam]2.6
*[name]tree[x]1[z]27[height]2.5[diam]2.2
*[name]tree[x]2[z]27[height]2.0[diam]1.8
*[name]tree[x]3[z]27[height]3.5[diam]2.3
*[name]tree[x]4[z]27[height]4.0[diam]3.7
*[name]tree[x]5[z]27[height]2.5[diam]2.4
*[name]tree[x]6[z]27[height]2.9[diam]2.3
*[name]tree[x]7[z]27[height]3.5[diam]1.9
*[name]tree[x]8[z]27[height]3.4[diam]2.4
*[name]tree[x]9[z]27[height]3.9[diam]3.2
*[name]tree[x]10[z]27[height]3.7[diam]2.1
*[name]tree[x]11[z]27[height]2.6[diam]2.4
*[name]tree[x]12[z]27[height]2.2[diam]2.0
*[name]tree[x]13[z]27[height]2.2[diam]1.6
*[name]tree[x]14[z]27[height]3.4[diam]2.3
*[name]tree[x]15[z]27[height]3.3[diam]2.6
*[name]tree[x]16[z]27[height]3.4[diam]3.3
*[name]tree[x]17[z]27[height]2.8[diam]2.4
*[name]tree[x]18[z]27[height]3.4[diam]2.0
*[name]tree[x]19[z]27[height]2.0[diam]1.7
*[name]tree[x]20[z]27[height]4.0[diam]2.5
*[name]tree[x]21[z]27[height]3.3[diam]2.4
*[name]tree[x]22[z]27[height]3.6[diam]2.5
*[name]tree[x]23[z]27[height]3.0[diam]2.3
*[name]tree[x]24[z]27[height]3.7[diam]2.7
*[name]tree[x]25[z]27[height]2.3[diam]1.9
*[name]tree[x]26[z]27[height]3.2[diam]2.2
*[name]tree[x]27[z]27[height]3.1[diam]2.6
*[name]tree[x]28[z]27[height]2.4[diam]2.0
*[name]tree[x]29[z]27[height]2.3[diam]2.1
*[name]tree[x]30[z]27[height]2.1[diam]1.8
*[name]tree[x]31[z]27[height]3.0[diam]2.6
*[name]tree[x]32[z]27[height]3.4[diam]3.1
*[name]tree[x]33[z]27[height]2.9[diam]2.0
*[name]tree[x]34[z]27[height]4.0[diam]2.9
*[name]tree[x]35[z]27[height]2.2[diam]2.2
*[name]tree[x]36[z]27[height]3.4[diam]3.0
*[name]tree[x]37[z]27[height]2.8[diam]2.2
*[name]tree[x]0[z]28[height]2.3[diam]2.2
*[name]tree[x]1[z]28[height]2.1[diam]2.0
*[name]tree[x]2[z]28[height]2.8[diam]1.6
*[name]tree[x]3[z]28[height]3.4[diam]3.3
*[name]tree[x]4[z]28[height]3.2[diam]2.0
*[name]tree[x]5[z]28[height]3.3[diam]2.9
*[name]tree[x]6[z]28[height]3.8[diam]3.4
*[name]tree[x]7[z]28[height]3.3[diam]3.1
*[name]tree[x]8[z]28[height]3.2[diam]1.8
*[name]tree[x]9[z]28[height]3.3[diam]2.1
*[name]tree[x]10[z]28[height]3.9[diam]2.2
*[name]tree[x]11[z]28[height]3.3[diam]3.3
*[name]tree[x]12[z]28[height]3.2[diam]2.8
*[name]tree[x]13[z]28[height]3.9[diam]2.5
*[name]tree[x]14[z]28[height]3.0[diam]2.0
*[name]tree[x]15[z]28[height]3.7[diam]3.1
*[name]tree[x]16[z]28[height]2.5[diam]2.4
*[name]tree[x]17[z]28[height]3.3[diam]2.7
*[name]tree[x]18[z]28[height]2.1[diam]1.4
*[name]tree[x]19[z]28[height]3.3[diam]2.6
*[name]tree[x]20[z]28[height]3.1[diam]2.0
*[name]tree[x]21[z]28[height]2.8[diam]2.0
*[name]tree[x]22[z]28[height]2.2[diam]1.1
*[name]tree[x]23[z]28[height]2.7[diam]2.3
*[name]tree[x]24[z]28[height]2.2[diam]1.2
*[name]tree[x]25[z]28[height]3.9[diam]2.1
*[name]tree[x]26[z]28[height]2.3[diam]1.9
*[name]tree[x]27[z]28[height]2.1[diam]1.9
*[name]tree[x]28[z]28[height]2.8[diam]2.8
*[name]tree[x]29[z]28[height]2.2[diam]2.1
*[name]tree[x]30[z]28[height]2.6[diam]2.6
*[name]tree[x]31[z]28[height]3.1[diam]2.5
*[name]tree[x]32[z]28[height]3.6[diam]2.2
*[name]tree[x]33[z]28[height]2.5[diam]2.3
*[name]tree[x]34[z]28[height]3.1[diam]2.9
*[name]tree[x]35[z]28[height]2.9[diam]1.6
*[name]tree[x]36[z]28[height]2.3[diam]2.2
*[name]tree[x]37[z]28[height]3.1[diam]2.0
*[name]herring[x]0[z]29[height]1.0[diam]1.0
*[name]tree[x]1[z]29[height]3.7[diam]3.6
*[name]tree[x]2[z]29[height]4.0[diam]4.0
*[name]tree[x]3[z]29[height]3.9[diam]3.8
*[name]tree[x]4[z]29[height]2.2[diam]1.2
*[name]tree[x]5[z]29[height]3.2[diam]1.8
*[name]tree[x]6[z]29[height]3.8[diam]3.8
*[name]tree[x]7[z]29[height]2.2[diam]2.2
*[name]tree[x]8[z]29[height]3.8[diam]2.7
*[name]tree[x]9[z]29[height]3.8[diam]2.8
*[name]tree[x]10[z]29[height]2.1[diam]1.8
*[name]tree[x]11[z]29[height]3.3[diam]2.1
*[name]tree[x]12[z]29[height]3.1[diam]1.9
*[name]tree[x]13[z]29[height]2.3[diam]1.2
*[name]tree[x]14[z]29[height]2.6[diam]1.7
*[name]tree[x]15[z]29[height]3.8[diam]3.5
*[name]tree[x]16[z]29[height]3.2[diam]2.8
*[name]tree[x]17[z]29[height]3.5[diam]2.8
*[name]tree[x]18[z]29[height]3.5[diam]3.0
*[name]tree[x]19[z]29[height]3.1[diam]2.8
*[name]tree[x]20[z]29[height]3.7[diam]2.1
*[name]tree[x]21[z]29[height]3.9[diam]3.4
*[name]tree[x]22[z]29[height]2.2[diam]1.2
*[name]tree[x]23[z]29[height]3.4[diam]1.7
*[name]tree[x]24[z]29[height]3.0[diam]2.5
*[name]tree[x]25[z]29[height]2.9[diam]2.3
*[name]tree[x]26[z]29[height]2.7[diam]1.5
*[name]tree[x]27[z]29[height]3.7[diam]3.5
*[name]tree[x]28[z]29[height]2.7[diam]2.6
*[name]tree[x]29[z]29[height]3.8[diam]3.1
*[name]tree[x]30[z]29[height]2.6[diam]2.4
*[name]tree[x]31[z]29[height]2.9[diam]2.8
*[name]tree[x]32[z]29[height]3.1[diam]1.9
*[name]tree[x]33[z]29[height]3.0[diam]2.0
*[name]tree[x]34[z]29[height]3.9[diam]2.0
*[name]tree[x]35[z]29[height]2.3[diam]2.1
*[name]tree[x]36[z]29[height]2.4[diam]1.3
*[name]tree[x]37[z]29[height]3.0[diam]1.9
*[name]tree[x]0[z]30[height]2.4[diam]1.5
*[name]tree[x]1[z]30[height]2.6[diam]2.3
*[name]tree[x]2[z]30[height]3.6[diam]3.2
*[name]tree[x]3[z]30[height]2.6[diam]1.5
*[name]tree[x]4[z]30[height]3.8[diam]2.2
*[name]tree[x]5[z]30[height]2.1[diam]1.3
*[name]tree[x]6[z]30[height]2.2[diam]2.2
*[name]tree[x]7[z]30[height]3.7[diam]2.6
*[name]tree[x]8[z]30[height]3.5[diam]2.3
*[name]tree[x]9[z]30[height]2.7[diam]1.8
*[name]tree[x]10[z]30[height]3.0[diam]2.8
*[name]tree[x]11[z]30[height]3.3[diam]2.4
*[name]tree[x]12[z]30[height]3.8[diam]3.5
*[name]tree[x]13[z]30[height]2.4[diam]1.3
*[name]tree[x]14[z]30[height]4.0[diam]3.4
*[name]tree[x]15[z]30[height]2.7[diam]1.6
*[name]tree[x]16[z]30[height]3.8[diam]3.2
*[name]tree[x]17[z]30[height]3.9[diam]3.4
*[name]tree[x]18[z]30[height]2.9[diam]1.8
*[name]tree[x]19[z]30[height]3.8[diam]2.6
*[name]tree[x]20[z]30[height]2.8[diam]2.7
*[name]tree[x]21[z]30[height]3.2[diam]2.4
*[name]tree[x]22[z]30[height]3.8[diam]2.7
*[name]tree[x]23[z]30[height]3.9[diam]3.2
*[name]tree[x]24[z]30[height]3.5[diam]2.2
*[name]tree[x]25[z]30[height]4.0[diam]2.5
*[name]tree[x]26[z]30[height]2.2[diam]1.9
*[name]tree[x]27[z]30[height]3.4[diam]1.7
*[name]tree[x]28[z]30[height]3.0[diam]2.9
*[name]tree[x]29[z]30[height]2.1[diam]1.6
*[name]tree[x]30[z]30[height]3.3[diam]2.4
*[name]tree[x]31[z]30[height]3.4[diam]2.7
*[name]tree[x]32[z]30[height]2.2[diam]1.8
*[name]tree[x]33[z]30[height]2.6[diam]2.1
*[name]tree[x]34[z]30[height]3.8[diam]2.3
*[name]tree[x]35[z]30[height]3.9[diam]2.5
*[name]tree[x]36[z]30[height]2.3[diam]1.8
*[name]tree[x]37[z]30[height]3.5[diam]1.8
*[name]tree[x]0[z]31[height]4.0[diam]3.4
*[name]tree[x]1[z]31[height]3.4[diam]3.0
*[name]tree[x]2[z]31[height]3.9[diam]3.3
*[name]tree[x]3[z]31[height]2.1[diam]1.1
*[name]tree[x]4[z]31[height]2.7[diam]2.4
*[name]tree[x]5[z]31[height]2.2[diam]2.0
*[name]tree[x]6[z]31[height]3.4[diam]2.0
*[name]tree[x]7[z]31[height]2.7[diam]1.8
*[name]tree[x]8[z]31[height]3.2[diam]1.7
*[name]tree[x]9[z]31[height]3.8[diam]3.3
*[name]tree[x]10[z]31[height]3.3[diam]2.1
*[name]tree[x]11[z]31[height]2.6[diam]2.0
*[name]tree[x]12[z]31[height]2.9[diam]1.8
*[name]tree[x]13[z]31[height]3.6[diam]2.9
*[name]tree[x]14[z]31[height]3.6[diam]2.8
*[name]tree[x]15[z]31[height]3.2[diam]2.9
*[name]tree[x]24[z]31[height]2.6[diam]1.7
*[name]tree[x]25[z]31[height]3.1[diam]1.9
*[name]tree[x]26[z]31[height]4.0[diam]3.1
*[name]tree[x]27[z]31[height]2.7[diam]1.8
*[name]tree[x]28[z]31[height]2.6[diam]1.8
*[name]tree[x]29[z]31[height]2.4[diam]2.4
*[name]tree[x]30[z]31[height]3.2[diam]2.4
*[name]tree[x]31[z]31[height]2.6[diam]1.6
*[name]tree[x]32[z]31[height]3.2[diam]1.9
*[name]tree[x]33[z]31[height]3.8[diam]2.4
*[name]tree[x]34[z]31[height]2.9[diam]1.8
*[name]tree[x]35[z]31[height]3.6[diam]3.4
*[name]tree[x]36[z]31[height]2.9[diam]2.3
*[name]tree[x]37[z]31[height]3.0[diam]1.8
*[name]tree[x]0[z]32[height]2.4[diam]1.3
*[name]tree[x]1[z]32[height]4.0[diam]3.0
*[name]tree[x]2[z]32[height]2.8[diam]2.2
*[name]tree[x]3[z]32[height]3.5[diam]2.5
*[name]tree[x]4[z]32[height]2.1[diam]1.1
*[name]tree[x]5[z]32[height]3.5[diam]2.4
*[name]tree[x]6[z]32[height]3.0[diam]2.9
*[name]tree[x]7[z]32[height]2.7[diam]1.4
*[name]tree[x]8[z]32[height]3.0[diam]2.5
*[name]tree[x]9[z]32[height]2.5[diam]1.4
*[name]tree[x]10[z]32[height]3.8[diam]2.2
*[name]tree[x]11[z]32[height]2.7[diam]1.8
*[name]herring[x]18[z]32[height]1.0[diam]1.0
*[name]tree[x]28[z]32[height]2.7[diam]1.5
*[name]tree[x]29[z]32[height]2.6[diam]2.3
*[name]tree[x]30[z]32[height]3.5[diam]3.1
*[name]tree[x]31[z]32[height]2.0[diam]2.0
*[name]tree[x]32[z]32[height]3.8[diam]3.8
*[name]tree[x]33[z]32[height]2.9[diam]1.9
*[name]tree[x]34[z]32[height]3.0[diam]1.8
*[name]tree[x]35[z]32[height]3.4[diam]2.7
*[name]tree[x]36[z]32[height]2.5[diam]1.9
*[name]tree[x]37[z]32[height]3.9[diam]3.4
*[name]tree[x]0[z]33[height]2.9[diam]1.9
*[name]tree[x]1[z]33[height]3.6[diam]3.5
*[name]tree[x]2[z]33[height]4.0[diam]2.1
*[name]tree[x]3[z]33[height]2.1[diam]2.0
*[name]tree[x]4[z]33[height]2.4[diam]1.6
*[name]tree[x]5[z]33[height]2.6[diam]2.0
*[name]tree[x]6[z]33[height]3.0[diam]2.4
*[name]tree[x]7[z]33[height]2.7[diam]1.7
*[name]herring[x]18[z]33[height]1.0[diam]1.0
*[name]tree[x]29[z]33[height]2.7[diam]1.8
*[name]tree[x]30[z]33[height]2.5[diam]1.5
*[name]tree[x]31[z]33[height]2.7[diam]2.3
*[name]tree[x]32[z]33[height]3.1[diam]2.8
*[name]tree[x]33[z]33[height]3.8[diam]2.4
*[name]tree[x]34[z]33[height]2.8[diam]1.7
*[name]tree[x]35[z]33[height]3.5[diam]2.4
*[name]tree[x]36[z]33[height]3.8[diam]2.2
*[name]tree[x]37[z]33[height]3.4[diam]2.9
*[name]tree[x]0[z]34[height]2.2[diam]1.9
*[name]tree[x]1[z]34[height]3.5[diam]2.0
*[name]tree[x]2[z]34[height]3.2[diam]3.1
*[name]tree[x]3[z]34[height]3.0[diam]2.9
*[name]tree[x]4[z]34[height]3.0[diam]1.5
*[name]tree[x]5[z]34[height]2.9[diam]2.7
*[name]tree[x]6[z]34[height]2.6[diam]2.3
*[name]tree[x]7[z]34[height]2.3[diam]1.8
*[name]herring[x]18[z]34[height]1.0[diam]1.0
*[name]tree[x]32[z]34[height]2.0[diam]1.5
*[name]tree[x]33[z]34[height]2.5[diam]2.0
*[name]tree[x]34[z]34[height]2.6[diam]1.5
*[name]tree[x]35[z]34[height]3.6[diam]3.1
*[name]tree[x]36[z]34[height]2.7[diam]2.1
*[name]tree[x]37[z]34[height]2.2[diam]1.4
*[name]tree[x]0[z]35[height]3.4[diam]3.1
*[name]tree[x]1[z]35[height]3.9[diam]3.6
*[name]tree[x]2[z]35[height]2.9[diam]2.5
*[name]tree[x]3[z]35[height]4.0[diam]2.1
*[name]tree[x]4[z]35[height]3.3[diam]2.5
*[name]tree[x]5[z]35[height]3.9[diam]2.2
*[name]tree[x]6[z]35[height]3.1[diam]2.1
*[name]herring[x]18[z]35[height]1.0[diam]1.0
*[name]tree[x]32[z]35[height]4.0[diam]3.7
*[name]tree[x]33[z]35[height]2.3[diam]1.3
*[name]tree[x]34[z]35[height]2.8[diam]1.7
*[name]herring[x]35[z]35[height]1.0[diam]1.0
*[name]tree[x]36[z]35[height]3.2[diam]2.7
*[name]tree[x]37[z]35[height]3.5[diam]3.4
*[name]tree[x]0[z]36[height]3.6[diam]2.8
*[name]tree[x]1[z]36[height]3.4[diam]1.9
*[name]tree[x]2[z]36[height]2.2[diam]2.0
*[name]tree[x]3[z]36[height]2.7[diam]2.5
*[name]tree[x]4[z]36[height]3.1[diam]2.1
*[name]tree[x]5[z]36[height]3.4[diam]1.7
*[name]tree[x]6[z]36[height]2.0[diam]1.7
*[name]herring[x]18[z]36[height]1.0[diam]1.0
*[name]tree[x]32[z]36[height]2.1[diam]1.8
*[name]tree[x]33[z]36[height]2.4[diam]2.4
*[name]tree[x]34[z]36[height]3.6[diam]3.1
*[name]tree[x]35[z]36[height]2.8[diam]2.5
*[name]tree[x]36[z]36[height]3.2[diam]2.5
*[name]tree[x]37[z]36[height]3.9[diam]3.8
*[name]tree[x]0[z]37[height]3.5[diam]2.7
*[name]tree[x]1[z]37[height]3.2[diam]2.4
*[name]tree[x]2[z]37[height]3.0[diam]2.1
*[name]tree[x]3[z]37[height]2.2[diam]1.3
*[name]tree[x]4[z]37[height]3.1[diam]1.9
*[name]tree[x]5[z]37[height]3.9[diam]3.8
*[name]herring[x]18[z]37[height]1.0[diam]1.0
*[name]tree[x]33[z]37[height]2.1[diam]1.6
*[name]tree[x]34[z]37[height]2.5[diam]2.1
*[name]tree[x]35[z]37[height]3.1[diam]1.9
*[name]tree[x]36[z]37[height]2.8[diam]2.2
*[name]tree[x]37[z]37[height]3.8[diam]3.0
*[name]tree[x]0[z]38[height]3.2[diam]2.8
*[name]tree[x]1[z]38[height]2.6[diam]1.3
*[name]tree[x]2[z]38[height]3.1[diam]2.9
*[name]tree[x]3[z]38[height]3.1[diam]2.3
*[name]tree[x]4[z]38[height]3.7[diam]2.4
*[name]tree[x]5[z]38[height]2.0[diam]1.5
*[name]herring[x]18[z]38[height]1.0[diam]1.0
*[name]tree[x]33[z]38[height]3.6[diam]2.7
*[name]tree[x]34[z]38[height]3.8[diam]3.6
*[name]tree[x]35[z]38[height]3.4[diam]2.4
*[name]tree[x]36[z]38[height]2.2[diam]1.8
*[name]tree[x]37[z]38[height]2.7[diam]1.5
*[name]tree[x]0[z]39[height]2.4[diam]1.9
*[name]tree[x]1[z]39[height]3.7[diam]3.2
*[name]tree[x]2[z]39[height]3.7[diam]2.3
*[name]tree[x]3[z]39[height]2.7[diam]2.4
*[name]tree[x]4[z]39[height]3.6[diam]3.5
*[name]herring[x]18[z]39[height]1.0[diam]1.0
*[name]tree[x]34[z]39[height]3.1[diam]1.7
*[name]tree[x]35[z]39[height]4.0[diam]2.1
*[name]tree[x]36[z]39[height]3.9[diam]3.0
*[name]tree[x]37[z]39[height]3.1[diam]2.8
*[name]tree[x]0[z]40[height]3.7[diam]2.9
*[name]tree[x]1[z]40[height]2.6[diam]2.1
*[name]tree[x]2[z]40[height]2.1[diam]1.2
*[name]tree[x]3[z]40[height]3.1[diam]2.7
*[name]tree[x]4[z]40[height]3.2[diam]2.6
*[name]herring[x]18[z]40[height]1.0[diam]1.0
*[name]tree[x]35[z]40[height]2.8[diam]2.8
*[name]tree[x]36[z]40[height]3.5[diam]2.8
*[name]tree[x]37[z]40[height]3.2[diam]2.5
*[name]tree[x]0[z]41[height]2.7[diam]2.0
*[name]tree[x]1[z]41[height]3.6[diam]3.0
*[name]tree[x]2[z]41[height]2.5[diam]2.0
*[name]tree[x]3[z]41[height]3.3[diam]3.0
*[name]herring[x]18[z]41[height]1.0[diam]1.0
*[name]tree[x]36[z]41[height]3.3[diam]2.7
*[name]tree[x]37[z]41[height]3.7[diam]3.0
*[name]tree[x]0[z]42[height]2.4[diam]1.6
*[name]tree[x]1[z]42[height]2.8[diam]1.4
*[name]tree[x]2[z]42[height]3.9[diam]3.3
*[name]herring[x]18[z]42[height]1.0[diam]1.0
*[name]herring[x]36[z]42[height]1.0[diam]1.0
*[name]tree[x]37[z]42[height]3.3[diam]1.7
*[name]tree[x]0[z]43[height]3.7[diam]2.2
*[name]tree[x]1[z]43[height]3.6[diam]2.6
*[name]tree[x]2[z]43[height]3.7[diam]2.2
*[name]herring[x]18[z]43[height]1.0[diam]1.0
*[name]tree[x]37[z]43[height]2.9[diam]2.3
*[name]tree[x]0[z]44[height]3.6[diam]1.9
*[name]tree[x]1[z]44[height]2.3[diam]1.3
*[name]tree[x]2[z]44[height]3.1[diam]3.0
*[name]flag[x]17[z]44[height]1.0[diam]1.0
*[name]herring[x]18[z]44[height]1.0[diam]1.0
*[name]tree[x]37[z]44[height]3.6[diam]3.2
*[name]tree[x]0[z]45[height]3.0[diam]2.2
*[name]tree[x]1[z]45[height]3.2[diam]1.9
*[name]tree[x]2[z]45[height]2.2[diam]1.6
*[name]herring[x]18[z]45[height]1.0[diam]1.0
*[name]tree[x]36[z]45[height]3.6[diam]2.3
*[name]tree[x]37[z]45[height]3.7[diam]2.2
*[name]tree[x]0[z]46[height]2.6[diam]2.3
*[name]tree[x]1[z]46[height]3.8[diam]3.7
*[name]tree[x]2[z]46[height]3.6[diam]3.2
*[name]herring[x]18[z]46[height]1.0[diam]1.0
*[name]tree[x]0[z]47[height]2.3[diam]1.9
*[name]tree[x]1[z]47[height]2.5[diam]2.5
*[name]herring[x]18[z]47[height]1.0[diam]1.0
*[name]tree[x]0[z]48[height]3.6[diam]3.0
*[name]tree[x]1[z]48[height]3.1[diam]2.5
*[name]herring[x]18[z]48[height]1.0[diam]1.0
*[name]tree[x]0[z]49[height]3.5[diam]3.1
*[name]tree[x]1[z]49[height]3.4[diam]2.2
*[name]tree[x]2[z]49[height]3.3[diam]2.5
*[name]herring[x]18[z]49[height]1.0[diam]1.0
*[name]tree[x]0[z]50[height]2.2[diam]1.3
*[name]tree[x]1[z]50[height]3.9[diam]3.3
*[name]tree[x]2[z]50[height]2.7[diam]1.4
*[name]herring[x]18[z]50[height]1.0[diam]1.0
*[name]tree[x]0[z]51[height]2.3[diam]1.3
*[name]tree[x]1[z]51[height]2.6[diam]1.3
*[name]tree[x]2[z]51[height]2.7[diam]2.1
*[name]herring[x]18[z]51[height]1.0[diam]1.0
*[name]tree[x]0[z]52[height]3.6[diam]2.2
*[name]tree[x]1[z]52[height]3.1[diam]2.6
*[name]herring[x]18[z]52[height]1.0[diam]1.0
*[name]tree[x]0[z]53[height]4.0[diam]3.5
*[name]tree[x]1[z]53[height]2.5[diam]1.5
*[name]tree[x]2[z]53[height]3.4[diam]1.7
*[name]herring[x]18[z]53[height]1.0[diam]1.0
*[name]tree[x]0[z]54[height]3.9[diam]2.5
*[name]tree[x]1[z]54[height]3.2[diam]2.7
*[name]tree[x]2[z]54[height]2.0[diam]1.3
*[name]tree[x]3[z]54[height]2.1[diam]1.7
*[name]herring[x]18[z]54[height]1.0[diam]1.0
*[name]tree[x]37[z]54[height]3.5[diam]2.0
*[name]herring[x]0[z]55[height]1.0[diam]1.0
*[name]tree[x]1[z]55[height]3.7[diam]3.1
*[name]tree[x]2[z]55[height]3.7[diam]2.2
*[name]tree[x]3[z]55[height]3.4[diam]3.4
*[name]herring[x]18[z]55[height]1.0[diam]1.0
*[name]tree[x]37[z]55[height]2.7[diam]1.4
*[name]tree[x]0[z]56[height]2.0[diam]1.7
*[name]tree[x]1[z]56[height]3.3[diam]3.0
*[name]tree[x]2[z]56[height]3.8[diam]2.3
*[name]tree[x]3[z]56[height]2.9[diam]2.8
*[name]tree[x]4[z]56[height]3.9[diam]3.3
*[name]herring[x]18[z]56[height]1.0[diam]1.0
*[name]tree[x]36[z]56[height]2.3[diam]1.9
*[name]tree[x]37[z]56[height]3.4[diam]1.9
*[name]tree[x]0[z]57[height]3.9[diam]2.5
*[name]tree[x]1[z]57[height]3.7[diam]3.6
*[name]tree[x]2[z]57[height]3.1[diam]2.9
*[name]tree[x]3[z]57[height]3.3[diam]2.1
*[name]tree[x]4[z]57[height]2.0[diam]1.5
*[name]tree[x]5[z]57[height]4.0[diam]3.6
*[name]herring[x]18[z]57[height]1.0[diam]1.0
*[name]tree[x]36[z]57[height]3.5[diam]2.9
*[name]tree[x]37[z]57[height]3.7[diam]2.0
*[name]tree[x]0[z]58[height]3.5[diam]3.2
*[name]tree[x]1[z]58[height]3.5[diam]2.5
*[name]tree[x]2[z]58[height]3.3[diam]2.8
*[name]tree[x]3[z]58[height]3.2[diam]1.8
*[name]tree[x]4[z]58[height]3.2[diam]2.5
*[name]tree[x]5[z]58[height]3.6[diam]3.1
*[name]tree[x]6[z]58[height]2.4[diam]1.8
*[name]herring[x]18[z]58[height]1.0[diam]1.0
*[name]tree[x]35[z]58[height]3.7[diam]2.2
*[name]tree[x]36[z]58[height]3.5[diam]3.0
*[name]tree[x]37[z]58[height]2.3[diam]1.5
*[name]tree[x]0[z]59[height]3.1[diam]2.8
*[name]tree[x]1[z]59[height]3.2[diam]2.5
*[name]tree[x]2[z]59[height]2.6[diam]2.1
*[name]tree[x]3[z]59[height]2.8[diam]1.4
*[name]tree[x]4[z]59[height]2.6[diam]1.6
*[name]tree[x]5[z]59[height]2.2[diam]1.2
*[name]tree[x]6[z]59[height]2.1[diam]2.0
*[name]tree[x]7[z]59[height]2.9[diam]2.5
*[name]herring[x]18[z]59[height]1.0[diam]1.0
*[name]tree[x]34[z]59[height]3.1[diam]1.6
*[name]tree[x]35[z]59[height]3.7[diam]2.1
*[name]tree[x]36[z]59[height]3.2[diam]2.6
*[name]tree[x]37[z]59[height]3.8[diam]3.5
*[name]tree[x]0[z]60[height]2.2[diam]1.9
*[name]tree[x]1[z]60[height]2.0[diam]1.9
*[name]tree[x]2[z]60[height]2.9[diam]1.7
*[name]tree[x]3[z]60[height]2.4[diam]2.4
*[name]tree[x]4[z]60[height]3.9[diam]3.5
*[name]tree[x]5[z]60[height]3.1[diam]2.0
*[name]tree[x]6[z]60[height]2.8[diam]2.7
*[name]tree[x]7[z]60[height]2.6[diam]2.2
*[name]tree[x]8[z]60[height]2.3[diam]1.7
*[name]herring[x]18[z]60[height]1.0[diam]1.0
*[name]tree[x]34[z]60[height]3.5[diam]2.1
*[name]tree[x]35[z]60[height]2.6[diam]1.5
*[name]tree[x]36[z]60[height]3.9[diam]3.6
*[name]tree[x]37[z]60[height]2.4[diam]2.2
*[name]tree[x]0[z]61[height]4.0[diam]3.6
*[name]tree[x]1[z]61[height]2.8[diam]2.6
*[name]tree[x]2[z]61[height]3.3[diam]2.5
*[name]tree[x]3[z]61[height]3.2[diam]2.7
*[name]tree[x]4[z]61[height]2.8[diam]1.5
*[name]tree[x]5[z]61[height]3.6[diam]2.9
*[name]tree[x]6[z]61[height]2.1[diam]1.9
*[name]tree[x]7[z]61[height]2.7[diam]2.2
*[name]tree[x]8[z]61[height]2.1[diam]1.8
*[name]tree[x]9[z]61[height]3.1[diam]2.1
*[name]herring[x]18[z]61[height]1.0[diam]1.0
*[name]tree[x]34[z]61[height]2.9[diam]2.4
*[name]tree[x]35[z]61[height]3.6[diam]2.1
*[name]tree[x]36[z]61[height]3.9[diam]2.1
*[name]tree[x]37[z]61[height]2.7[diam]2.5
*[name]tree[x]0[z]62[height]3.8[diam]3.0
*[name]tree[x]1[z]62[height]3.3[diam]3.2
*[name]tree[x]2[z]62[height]2.8[diam]1.5
*[name]tree[x]3[z]62[height]3.6[diam]1.8
*[name]tree[x]4[z]62[height]3.2[diam]2.2
*[name]tree[x]5[z]62[height]3.4[diam]3.4
*[name]tree[x]6[z]62[height]2.9[diam]2.2
*[name]tree[x]7[z]62[height]3.1[diam]2.4
*[name]tree[x]8[z]62[height]2.5[diam]2.5
*[name]tree[x]9[z]62[height]2.2[diam]1.5
*[name]tree[x]10[z]62[height]3.4[diam]2.8
*[name]tree[x]11[z]62[height]3.4[diam]1.9
*[name]tree[x]32[z]62[height]2.7[diam]2.0
*[name]tree[x]33[z]62[height]2.6[diam]1.6
*[name]tree[x]34[z]62[height]3.1[diam]2.5
*[name]tree[x]35[z]62[height]2.3[diam]1.7
*[name]tree[x]36[z]62[height]2.4[diam]2.2
*[name]tree[x]37[z]62[height]2.7[diam]2.1
*[name]tree[x]0[z]63[height]3.8[diam]2.2
*[name]tree[x]1[z]63[height]3.2[diam]2.4
*[name]tree_barren[x]2[z]63[height]3.1[diam]1.9
*[name]tree[x]3[z]63[height]3.0[diam]1.5
*[name]tree[x]4[z]63[height]3.5[diam]1.9
*[name]tree[x]5[z]63[height]3.0[diam]1.5
*[name]tree[x]6[z]63[height]2.0[diam]1.6
*[name]tree[x]7[z]63[height]2.7[diam]2.3
*[name]tree[x]8[z]63[height]2.5[diam]1.3
*[name]tree[x]9[z]63[height]3.7[diam]2.9
*[name]tree[x]10[z]63[height]3.0[diam]1.7
*[name]tree[x]11[z]63[height]3.7[diam]1.9
*[name]tree[x]12[z]63[height]3.5[diam]1.8
*[name]tree[x]13[z]63[height]3.0[diam]2.9
*[name]tree[x]14[z]63[height]3.7[diam]3.5
*[name]tree[x]15[z]63[height]3.0[diam]2.6
*[name]tree[x]16[z]63[height]2.0[diam]1.1
*[name]tree[x]17[z]63[height]2.6[diam]2.0
*[name]tree[x]30[z]63[height]2.6[diam]2.4
*[name]tree[x]31[z]63[height]3.1[diam]1.7
*[name]tree[x]32[z]63[height]3.8[diam]2.0
*[name]tree[x]33[z]63[height]2.2[diam]2.1
*[name]tree[x]34[z]63[height]3.4[diam]2.4
*[name]tree[x]35[z]63[height]3.3[diam]3.2
*[name]tree[x]36[z]63[height]2.9[diam]2.1
*[name]tree[x]37[z]63[height]3.0[diam]2.9
*[name]tree[x]0[z]64[height]3.2[diam]2.2
*[name]tree[x]1[z]64[height]3.8[diam]2.6
*[name]tree[x]2[z]64[height]2.8[diam]2.0
*[name]tree[x]3[z]64[height]2.5[diam]1.6
*[name]tree[x]4[z]64[height]2.6[diam]2.2
*[name]tree[x]5[z]64[height]2.0[diam]1.3
*[name]tree[x]6[z]64[height]3.6[diam]2.4
*[name]tree[x]7[z]64[height]3.7[diam]2.1
*[name]tree[x]8[z]64[height]2.3[diam]1.6
*[name]tree[x]9[z]64[height]2.3[diam]1.2
*[name]tree[x]10[z]64[height]3.0[diam]1.8
*[name]tree[x]11[z]64[height]3.9[diam]2.3
*[name]tree[x]12[z]64[height]3.3[diam]2.7
*[name]tree[x]13[z]64[height]2.2[diam]1.2
*[name]tree[x]14[z]64[height]2.2[diam]1.7
*[name]tree[x]15[z]64[height]4.0[diam]3.3
*[name]tree[x]16[z]64[height]3.9[diam]3.8
*[name]tree[x]17[z]64[height]2.0[diam]1.4
*[name]tree[x]18[z]64[height]2.7[diam]1.7
*[name]tree[x]19[z]64[height]3.2[diam]2.6
*[name]tree[x]20[z]64[height]2.1[diam]1.7
*[name]tree[x]28[z]64[height]3.8[diam]3.5
*[name]tree[x]29[z]64[height]3.9[diam]3.4
*[name]tree[x]30[z]64[height]3.9[diam]2.1
*[name]tree[x]31[z]64[height]2.3[diam]1.3
*[name]tree[x]32[z]64[height]2.2[diam]1.8
*[name]tree[x]33[z]64[height]2.8[diam]1.5
*[name]tree[x]34[z]64[height]3.6[diam]1.9
*[name]tree[x]35[z]64[height]3.4[diam]3.1
*[name]tree[x]36[z]64[height]2.3[diam]2.0
*[name]tree[x]37[z]64[height]2.9[diam]1.7
*[name]tree[x]0[z]65[height]2.9[diam]2.0
*[name]tree[x]1[z]65[height]2.1[diam]1.6
*[name]tree[x]2[z]65[height]3.6[diam]2.5
*[name]tree[x]3[z]65[height]3.5[diam]2.5
*[name]tree[x]4[z]65[height]4.0[diam]3.6
*[name]tree[x]5[z]65[height]2.1[diam]1.9
*[name]tree[x]6[z]65[height]3.3[diam]3.3
*[name]tree[x]7[z]65[height]3.3[diam]2.7
*[name]tree[x]8[z]65[height]2.1[diam]1.9
*[name]tree[x]9[z]65[height]3.5[diam]2.0
*[name]tree[x]10[z]65[height]2.9[diam]1.6
*[name]tree[x]11[z]65[height]2.5[diam]1.5
*[name]tree[x]12[z]65[height]2.4[diam]2.3
*[name]tree[x]13[z]65[height]2.2[diam]1.5
*[name]tree[x]14[z]65[height]3.4[diam]2.6
*[name]tree[x]15[z]65[height]2.9[diam]1.7
*[name]tree[x]16[z]65[height]4.0[diam]3.0
*[name]tree[x]17[z]65[height]3.2[diam]2.8
*[name]tree[x]18[z]65[height]3.8[diam]2.6
*[name]tree[x]19[z]65[height]2.3[diam]2.2
*[name]tree[x]20[z]65[height]2.3[diam]1.4
*[name]tree[x]21[z]65[height]3.6[diam]3.3
*[name]tree[x]22[z]65[height]2.3[diam]1.7
*[name]tree[x]23[z]65[height]2.9[diam]1.7
*[name]tree[x]24[z]65[height]2.6[diam]1.5
*[name]tree[x]25[z]65[height]2.8[diam]2.4
*[name]tree[x]26[z]65[height]2.6[diam]2.1
*[name]tree[x]27[z]65[height]3.9[diam]2.9
*[name]tree[x]28[z]65[height]3.2[diam]1.7
*[name]tree[x]29[z]65[height]3.6[diam]2.3
*[name]tree[x]30[z]65[height]3.2[diam]2.0
*[name]tree[x]31[z]65[height]2.8[diam]2.3
*[name]herring[x]32[z]65[height]1.0[diam]1.0
*[name]tree[x]33[z]65[height]3.6[diam]1.8
*[name]tree[x]34[z]65[height]2.7[diam]2.3
*[name]tree[x]35[z]65[height]2.8[diam]2.1
*[name]tree[x]36[z]65[height]3.2[diam]2.5
*[name]tree[x]37[z]65[height]3.4[diam]2.4
*[name]tree[x]0[z]66[height]2.8[diam]2.6
*[name]tree[x]1[z]66[height]3.8[diam]3.4
*[name]tree[x]2[z]66[height]2.1[diam]1.2
*[name]tree[x]3[z]66[height]4.0[diam]2.8
*[name]tree[x]4[z]66[height]3.8[diam]2.4
*[name]tree[x]5[z]66[height]2.1[diam]2.0
*[name]tree[x]6[z]66[height]3.5[diam]2.9
*[name]tree[x]7[z]66[height]3.8[diam]2.9
*[name]tree[x]8[z]66[height]3.8[diam]2.9
*[name]tree[x]9[z]66[height]3.6[diam]2.4
*[name]tree[x]10[z]66[height]2.2[diam]1.7
*[name]tree[x]11[z]66[height]2.7[diam]2.0
*[name]tree[x]12[z]66[height]2.5[diam]2.2
*[name]tree[x]13[z]66[height]3.9[diam]3.7
*[name]tree[x]14[z]66[height]2.7[diam]2.2
*[name]herring[x]15[z]66[height]1.0[diam]1.0
*[name]tree[x]16[z]66[height]2.5[diam]2.2
*[name]tree[x]17[z]66[height]3.0[diam]1.7
*[name]tree[x]18[z]66[height]3.1[diam]2.4
*[name]tree[x]19[z]66[height]2.6[diam]2.0
*[name]tree[x]20[z]66[height]3.9[diam]2.4
*[name]tree[x]21[z]66[height]3.6[diam]1.8
*[name]tree[x]22[z]66[height]2.1[diam]1.6
*[name]tree[x]23[z]66[height]3.3[diam]3.3
*[name]tree[x]24[z]66[height]2.1[diam]1.7
*[name]tree[x]25[z]66[height]3.0[diam]2.8
*[name]tree[x]26[z]66[height]3.9[diam]3.1
*[name]tree[x]27[z]66[height]2.8[diam]1.9
*[name]tree[x]28[z]66[height]2.1[diam]1.8
*[name]tree[x]29[z]66[height]2.2[diam]1.1
*[name]tree[x]30[z]66[height]3.0[diam]2.2
*[name]tree[x]31[z]66[height]3.4[diam]3.0
*[name]tree[x]32[z]66[height]2.3[diam]1.3
*[name]tree[x]33[z]66[height]3.9[diam]3.3
*[name]tree[x]34[z]66[height]3.4[diam]2.2
*[name]tree[x]35[z]66[height]2.5[diam]2.0
*[name]tree[x]36[z]66[height]3.0[diam]1.6
*[name]tree[x]37[z]66[height]3.3[diam]2.6
*[name]tree[x]0[z]67[height]3.2[diam]2.1
*[name]tree[x]1[z]67[height]3.0[diam]2.5
*[name]tree[x]2[z]67[height]3.9[diam]3.8
*[name]tree[x]3[z]67[height]3.0[diam]2.8
*[name]tree[x]4[z]67[height]3.2[diam]3.1
*[name]tree[x]5[z]67[height]2.3[diam]1.9
*[name]tree[x]6[z]67[height]3.2[diam]2.0
*[name]tree[x]7[z]67[height]3.4[diam]1.9
*[name]tree[x]8[z]67[height]3.3[diam]2.3
*[name]tree[x]9[z]67[height]3.8[diam]3.5
*[name]tree[x]10[z]67[height]3.0[diam]2.9
*[name]tree[x]11[z]67[height]3.1[diam]1.9
*[name]tree[x]12[z]67[height]2.3[diam]2.1
*[name]tree[x]13[z]67[height]3.7[diam]3.0
*[name]tree[x]14[z]67[height]3.6[diam]2.8
*[name]tree[x]15[z]67[height]2.3[diam]1.7
*[name]tree[x]16[z]67[height]3.7[diam]3.1
*[name]tree[x]17[z]67[height]2.2[diam]1.9
*[name]tree[x]18[z]67[height]3.3[diam]2.7
*[name]tree[x]19[z]67[height]3.3[diam]2.1
*[name]tree[x]20[z]67[height]3.1[diam]2.8
*[name]tree[x]21[z]67[height]3.8[diam]2.1
*[name]tree[x]22[z]67[height]2.1[diam]1.7
*[name]tree[x]23[z]67[height]2.5[diam]2.2
*[name]tree[x]24[z]67[height]3.9[diam]2.3
*[name]tree[x]25[z]67[height]3.1[diam]2.3
*[name]tree[x]26[z]67[height]2.1[diam]1.2
*[name]tree[x]27[z]67[height]3.3[diam]2.0
*[name]tree[x]28[z]67[height]3.7[diam]2.9
*[name]tree[x]29[z]67[height]3.7[diam]3.2
*[name]tree[x]30[z]67[height]2.1[diam]1.1
*[name]tree[x]31[z]67[height]2.2[diam]2.1
*[name]tree[x]32[z]67[height]3.4[diam]2.0
*[name]tree[x]33[z]67[height]3.4[diam]2.3
*[name]tree[x]34[z]67[height]3.6[diam]2.4
*[name]tree[x]35[z]67[height]3.2[diam]2.1
*[name]tree[x]36[z]67[height]2.3[diam]1.8
*[name]tree[x]37[z]67[height]2.9[diam]1.8
*[name]tree[x]0[z]68[height]2.2[diam]1.9
*[name]tree[x]1[z]68[height]3.9[diam]2.0
*[name]tree[x]2[z]68[height]3.8[diam]2.9
*[name]tree[x]3[z]68[height]3.0[diam]2.9
*[name]tree[x]4[z]68[height]3.3[diam]1.9
*[name]tree[x]5[z]68[height]2.4[diam]1.8
*[name]tree[x]6[z]68[height]3.3[diam]1.7
*[name]tree[x]7[z]68[height]2.4[diam]2.0
*[name]tree[x]8[z]68[height]2.1[diam]1.4
*[name]tree[x]9[z]68[height]3.3[diam]2.9
*[name]tree[x]10[z]68[height]3.0[diam]2.0
*[name]tree[x]11[z]68[height]2.3[diam]1.5
*[name]tree[x]12[z]68[height]3.4[diam]3.0
*[name]tree[x]13[z]68[height]3.2[diam]3.0
*[name]tree[x]14[z]68[height]2.5[diam]1.3
*[name]tree[x]15[z]68[height]2.2[diam]1.5
*[name]tree[x]16[z]68[height]3.5[diam]1.9
*[name]tree[x]17[z]68[height]2.7[diam]2.3
*[name]tree[x]18[z]68[height]3.2[diam]3.0
*[name]tree[x]19[z]68[height]3.2[diam]2.0
*[name]tree[x]28[z]68[height]4.0[diam]3.6
*[name]tree[x]29[z]68[height]3.5[diam]2.9
*[name]tree[x]30[z]68[height]3.6[diam]3.5
*[name]tree[x]31[z]68[height]2.8[diam]2.6
*[name]tree[x]32[z]68[height]2.5[diam]1.3
*[name]tree[x]33[z]68[height]3.4[diam]2.9
*[name]tree[x]34[z]68[height]2.7[diam]2.5
*[name]tree[x]35[z]68[height]4.0[diam]2.1
*[name]tree[x]36[z]68[height]3.2[diam]2.5
*[name]tree[x]37[z]68[height]3.9[diam]3.6
*[name]tree[x]0[z]69[height]3.3[diam]1.7
*[name]tree[x]1[z]69[height]2.4[diam]1.7
*[name]tree[x]2[z]69[height]2.3[diam]1.9
*[name]tree[x]3[z]69[height]2.1[diam]1.8
*[name]tree[x]4[z]69[height]2.9[diam]2.4
*[name]tree[x]5[z]69[height]2.1[diam]1.5
*[name]tree[x]6[z]69[height]2.8[diam]2.5
*[name]tree[x]30[z]69[height]2.2[diam]1.4
*[name]tree[x]31[z]69[height]3.4[diam]2.5
*[name]tree[x]32[z]69[height]2.3[diam]2.2
*[name]tree[x]33[z]69[height]3.0[diam]2.7
*[name]tree_barren[x]34[z]69[height]3.3[diam]3.1
*[name]tree[x]35[z]69[height]3.3[diam]2.7
*[name]tree[x]36[z]69[height]3.9[diam]2.4
*[name]tree[x]37[z]69[height]2.4[diam]2.3
*[name]tree[x]0[z]70[height]2.2[diam]2.0
*[name]tree[x]1[z]70[height]4.0[diam]2.6
*[name]tree[x]2[z]70[height]2.4[diam]1.4
*[name]tree[x]3[z]70[height]3.8[diam]2.4
*[name]tree[x]4[z]70[height]3.9[diam]2.6
*[name]tree[x]5[z]70[height]3.8[diam]3.7
*[name]tree[x]31[z]70[height]3.6[diam]2.3
*[name]tree[x]32[z]70[height]3.4[diam]3.2
*[name]tree[x]33[z]70[height]3.1[diam]2.2
*[name]tree[x]34[z]70[height]2.7[diam]2.3
*[name]tree[x]35[z]70[height]2.7[diam]2.5
*[name]tree[x]36[z]70[height]3.0[diam]3.0
*[name]tree[x]37[z]70[height]3.5[diam]2.0
*[name]tree[x]0[z]71[height]3.2[diam]2.7
*[name]tree[x]1[z]71[height]2.8[diam]2.5
*[name]tree[x]2[z]71[height]3.2[diam]2.4
*[name]tree[x]3[z]71[height]3.3[diam]2.6
*[name]tree[x]4[z]71[height]3.7[diam]3.4
*[name]tree[x]32[z]71[height]3.4[diam]3.0
*[name]tree[x]33[z]71[height]2.2[diam]1.8
*[name]tree[x]34[z]71[height]2.2[diam]2.2
*[name]tree[x]35[z]71[height]3.2[diam]3.0
*[name]tree[x]36[z]71[height]2.6[diam]1.7
*[name]tree[x]37[z]71[height]3.5[diam]3.2
*[name]tree[x]33[z]72[height]3.4[diam]1.9
*[name]tree[x]34[z]72[height]3.1[diam]1.6
*[name]tree[x]35[z]72[height]3.9[diam]2.0
*[name]tree[x]36[z]72[height]2.1[diam]1.8
*[name]tree[x]37[z]72[height]2.4[diam]2.0
*[name]tree[x]7[z]73[height]2.7[diam]2.2
*[name]flag[x]13[z]73[height]1.0[diam]1.0
*[name]flag[x]24[z]73[height]1.0[diam]1.0
*[name]tree[x]33[z]73[height]2.9[diam]2.8
*[name]tree[x]34[z]73[height]2.2[diam]1.2
*[name]tree[x]35[z]73[height]3.0[diam]2.9
*[name]tree[x]36[z]73[height]3.9[diam]2.4
*[name]tree[x]37[z]73[height]3.3[diam]1.7
*[name]tree[x]34[z]74[height]3.7[diam]3.2
*[name]tree[x]35[z]74[height]2.1[diam]1.5
*[name]tree[x]36[z]74[height]3.2[diam]2.1
*[name]tree[x]37[z]74[height]3.4[diam]2.4
*[name]herring[x]18[z]75[height]1.0[diam]1.0
*[name]tree[x]35[z]75[height]2.3[diam]1.7
*[name]tree[x]36[z]75[height]3.0[diam]2.5
*[name]tree[x]37[z]75[height]3.0[diam]2.2
*[name]tree[x]36[z]76[height]3.4[diam]2.6
*[name]tree[x]37[z]76[height]2.3[diam]2.2
*[name]shrub[x]2[z]77[height]0.7[diam]0.7
*[name]flag[x]13[z]79[height]1.0[diam]1.0
*[name]herring[x]18[z]79[height]1.0[diam]1.0
*[name]flag[x]24[z]79[height]1.0[diam]1.0
*[name]tree[x]30[z]79[height]3.0[diam]2.2
*[name]shrub[x]34[z]79[height]1.0[diam]1.0
*[name]tree[x]8[z]81[height]2.9[diam]2.3
*[name]shrub[x]36[z]82[height]1.0[diam]1.0
*[name]herring[x]18[z]83[height]1.0[diam]1.0
*[name]tree[x]33[z]84[height]3.9[diam]3.0
*[name]shrub[x]2[z]85[height]1.0[diam]1.0
*[name]flag[x]13[z]86[height]1.0[diam]1.0
*[name]flag[x]24[z]86[height]1.0[diam]1.0
*[name]tree[x]34[z]86[height]2.3[diam]1.4
*[name]tree[x]35[z]86[height]3.4[diam]3.4
*[name]herring[x]18[z]88[height]1.0[diam]1.0
*[name]herring[x]30[z]88[height]1.0[diam]1.0
*[name]herring[x]6[z]89[height]1.0[diam]1.0
*[name]tree[x]36[z]90[height]3.9[diam]3.4
*[name]tree[x]36[z]91[height]2.8[diam]2.2
*[name]tree[x]36[z]93[height]2.1[diam]1.2
*[name]tree[x]7[z]94[height]3.8[diam]2.3
*[name]tree[x]2[z]95[height]3.2[diam]2.2
*[name]tree[x]11[z]96[height]3.8[diam]2.1
*[name]tree[x]33[z]96[height]3.7[diam]3.0
*[name]tree[x]32[z]98[height]3.2[diam]3.2
*[name]shrub[x]2[z]103[height]0.9[diam]0.9
*[name]tree[x]6[z]104[height]3.6[diam]2.6
*[name]tree[x]35[z]104[height]2.1[diam]1.5
*[name]tree[x]34[z]105[height]3.8[diam]3.1
*[name]herring[x]8[z]106[height]1.0[diam]1.0
*[name]tree[x]12[z]106[height]2.3[diam]2.1
*[name]herring[x]27[z]106[height]1.0[diam]1.0
*[name]tree[x]37[z]108[height]2.3[diam]2.1
*[name]tree[x]4[z]111[height]2.0[diam]1.3
*[name]tree[x]34[z]112[height]3.1[diam]1.5
*[name]tree[x]5[z]114[height]2.5[diam]1.6
*[name]shrub[x]35[z]117[height]0.8[diam]0.8
*[name]tree[x]9[z]119[height]3.6[diam]2.4
*[name]tree[x]3[z]121[height]3.1[diam]2.7
*[name]tree[x]5[z]121[height]3.1[diam]1.8
*[name]tree[x]32[z]123[height]2.3[diam]1.7
*[name]tree[x]34[z]124[height]2.4[diam]2.4
*[name]tree[x]36[z]124[height]2.1[diam]2.0
*[name]tree[x]5[z]128[height]3.9[diam]3.1
*[name]tree[x]9[z]128[height]3.3[diam]2.3
*[name]tree_barren[x]33[z]128[height]3.3[diam]1.7
*[name]tree[x]30[z]131[height]2.7[diam]1.7
*[name]tree[x]36[z]131[height]2.4[diam]1.5
*[name]tree[x]1[z]132[height]2.8[diam]1.5
*[name]tree[x]36[z]132[height]2.4[diam]2.1
*[name]tree[x]1[z]133[height]3.2[diam]1.9
*[name]shrub[x]6[z]134[height]0.6[diam]0.6
*[name]tree[x]37[z]134[height]3.7[diam]3.0
*[name]tree[x]30[z]138[height]3.6[diam]2.2
*[name]tree[x]4[z]139[height]2.3[diam]1.8
*[name]tree[x]5[z]139[height]3.5[diam]2.3
*[name]tree[x]34[z]139[height]3.4[diam]2.1
*[name]herring[x]19[z]140[height]1.0[diam]1.0
*[name]tree[x]32[z]140[height]3.0[diam]2.5
*[name]tree[x]9[z]141[height]2.6[diam]1.7
*[name]tree[x]9[z]144[height]3.3[diam]3.1
*[name]tree[x]30[z]144[height]3.9[diam]2.1
*[name]tree[x]9[z]146[height]3.0[diam]1.5
*[name]tree[x]2[z]148[height]2.8[diam]2.5
*[name]tree[x]30[z]148[height]2.5[diam]2.0
*[name]tree[x]32[z]150[height]2.4[diam]1.5
*[name]tree_barren[x]7[z]153[height]3.6[diam]3.4
*[name]shrub[x]28[z]154[height]1.1[diam]1.1
*[name]tree[x]8[z]160[height]4.0[diam]3.8
*[name]tree[x]34[z]160[height]3.4[diam]2.7
*[name]tree[x]3[z]161[height]3.5[diam]3.4
*[name]tree[x]31[z]161[height]3.5[diam]2.3
*[name]tree[x]36[z]161[height]3.3[diam]1.7
*[name]herring[x]19[z]163[height]1.0[diam]1.0
*[name]herring[x]19[z]164[height]1.0[diam]1.0
*[name]tree[x]36[z]164[height]2.0[diam]1.9
*[name]tree[x]31[z]166[height]3.1[diam]2.6
*[name]tree[x]31[z]167[height]2.3[diam]2.2
*[name]tree[x]34[z]167[height]2.7[diam]1.4
*[name]tree[x]34[z]168[height]3.6[diam]2.5
*[name]tree[x]1[z]172[height]3.1[diam]2.8
*[name]tree[x]34[z]172[height]3.6[diam]2.3
*[name]tree[x]5[z]174[height]2.1[diam]1.5
*[name]tree[x]31[z]176[height]3.0[diam]2.0
*[name]tree[x]31[z]177[height]2.3[diam]1.6
*[name]tree[x]36[z]178[height]2.4[diam]1.4
*[name]shrub[x]25[z]179[height]0.8[diam]0.8
*[name]tree[x]5[z]181[height]3.9[diam]3.4
*[name]herring[x]11[z]183[height]1.0[diam]1.0
*[name]tree[x]3[z]186[height]2.2[diam]2.0
*[name]tree[x]36[z]187[height]3.0[diam]2.1
*[name]herring[x]20[z]188[height]1.0[diam]1.0
*[name]tree[x]33[z]190[height]3.1[diam]2.3
*[name]herring[x]28[z]194[height]1.0[diam]1.0
*[name]tree[x]37[z]196[height]2.8[diam]2.0
*[name]tree[x]5[z]198[height]2.1[diam]1.2
*[name]tree[x]36[z]201[height]3.2[diam]3.0
*[name]tree[x]37[z]201[height]2.8[diam]2.3
*[name]tree[x]4[z]202[height]3.5[diam]3.2
*[name]tree[x]33[z]202[height]2.3[diam]1.8
*[name]tree[x]36[z]202[height]3.2[diam]2.3
*[name]tree[x]8[z]203[height]3.3[diam]3.2
*[name]tree[x]35[z]203[height]3.9[diam]3.8
*[name]tree[x]36[z]203[height]2.3[diam]1.5
*[name]tree[x]3[z]212[height]2.4[diam]1.5
*[name]flag[x]11[z]214[height]1.0[diam]1.0
*[name]herring[x]6[z]215[height]1.0[diam]1.0
*[name]flag[x]23[z]215[height]1.0[diam]1.0
*[name]herring[x]19[z]217[height]1.0[diam]1.0
*[name]herring[x]32[z]219[height]1.0[diam]1.0
*[name]tree[x]1[z]221[height]3.3[diam]1.9
*[name]herring[x]19[z]223[height]1.0[diam]1.0
*[name]tree[x]37[z]224[height]2.0[diam]1.8
*[name]herring[x]5[z]226[height]1.0[diam]1.0
*[name]herring[x]18[z]228[height]1.0[diam]1.0
*[name]tree[x]11[z]230[height]2.0[diam]1.5
*[name]tree[x]29[z]232[height]2.3[diam]1.8
*[name]shrub[x]37[z]232[height]0.6[diam]0.6
*[name]shrub[x]31[z]233[height]0.9[diam]0.9
*[name]tree[x]28[z]234[height]3.9[diam]2.1
*[name]herring[x]18[z]235[height]1.0[diam]1.0
*[name]tree[x]28[z]235[height]3.3[diam]2.5
*[name]tree[x]36[z]235[height]2.0[diam]1.1
*[name]tree[x]2[z]237[height]2.3[diam]2.0
*[name]tree[x]30[z]238[height]3.7[diam]2.4
*[name]tree[x]27[z]239[height]2.7[diam]2.0
*[name]tree[x]29[z]239[height]3.5[diam]3.4
*[name]herring[x]17[z]240[height]1.0[diam]1.0
*[name]tree[x]28[z]241[height]2.9[diam]2.5
*[name]tree[x]2[z]244[height]3.9[diam]3.1
*[name]herring[x]7[z]244[height]1.0[diam]1.0
*[name]herring[x]18[z]246[height]1.0[diam]1.0
*[name]tree[x]28[z]246[height]2.0[diam]1.2
*[name]herring[x]33[z]247[height]1.0[diam]1.0
*[name]herring[x]20[z]250[height]1.0[diam]1.0
*[name]tree[x]37[z]250[height]3.8[diam]3.2
*[name]herring[x]20[z]256[height]1.0[diam]1.0
*[name]shrub[x]29[z]256[height]0.8[diam]0.8
*[name]tree[x]2[z]257[height]3.8[diam]2.7
*[name]tree[x]2[z]258[height]2.6[diam]1.8
*[name]flag[x]13[z]261[height]1.0[diam]1.0
*[name]herring[x]22[z]262[height]1.0[diam]1.0
*[name]herring[x]8[z]263[height]1.0[diam]1.0
*[name]herring[x]35[z]264[height]1.0[diam]1.0
*[name]herring[x]21[z]269[height]1.0[diam]1.0
*[name]tree[x]1[z]271[height]3.1[diam]2.9
*[name]flag[x]1[z]274[height]1.0[diam]1.0
*[name]flag[x]26[z]274[height]1.0[diam]1.0
*[name]shrub[x]34[z]274[height]0.8[diam]0.8
*[name]tree[x]37[z]274[height]2.2[diam]2.0
*[name]herring[x]13[z]277[height]1.0[diam]1.0
*[name]herring[x]25[z]277[height]1.0[diam]1.0
*[name]tree[x]38[z]280[height]3.0[diam]2.6
*[name]flag[x]21[z]281[height]1.0[diam]1.0
*[name]herring[x]26[z]283[height]1.0[diam]1.0
*[name]tree[x]2[z]284[height]2.7[diam]2.1
*[name]tree[x]9[z]284[height]3.6[diam]2.7
*[name]herring[x]29[z]288[height]1.0[diam]1.0
*[name]tree[x]39[z]288[height]2.5[diam]2.1
*[name]herring[x]15[z]289[height]1.0[diam]1.0
*[name]herring[x]29[z]291[height]1.0[diam]1.0
*[name]tree_barren[x]3[z]294[height]3.6[diam]2.9
*[name]tree[x]8[z]295[height]2.3[diam]1.8
*[name]herring[x]30[z]295[height]1.0[diam]1.0
*[name]flag[x]12[z]297[height]1.0[diam]1.0
*[name]herring[x]29[z]298[height]1.0[diam]1.0
*[name]tree[x]37[z]298[height]3.1[diam]2.5
*[name]tree[x]5[z]299[height]2.5[diam]1.9
*[name]herring[x]17[z]299[height]1.0[diam]1.0
*[name]tree[x]3[z]300[height]2.4[diam]1.6
*[name]herring[x]17[z]301[height]1.0[diam]1.0
*[name]tree[x]38[z]301[height]3.3[diam]1.8
*[name]tree[x]10[z]302[height]3.9[diam]3.9
*[name]tree[x]15[z]302[height]4.0[diam]2.7
*[name]herring[x]30[z]303[height]1.0[diam]1.0
*[name]tree[x]3[z]304[height]2.6[diam]1.8
*[name]herring[x]35[z]305[height]1.0[diam]1.0
*[name]tree[x]39[z]306[height]3.9[diam]2.3
*[name]herring[x]30[z]308[height]1.0[diam]1.0
*[name]tree[x]39[z]308[height]3.5[diam]1.9
*[name]tree[x]5[z]309[height]4.0[diam]2.5
*[name]flag[x]26[z]309[height]1.0[diam]1.0
*[name]tree[x]5[z]310[height]3.6[diam]2.5
*[name]tree[x]2[z]311[height]3.5[diam]2.8
*[name]herring[x]18[z]311[height]1.0[diam]1.0
*[name]tree[x]9[z]313[height]3.7[diam]1.9
*[name]tree_barren[x]2[z]314[height]2.6[diam]2.2
*[name]herring[x]30[z]315[height]1.0[diam]1.0
*[name]tree[x]36[z]315[height]3.2[diam]2.3
*[name]flag[x]10[z]317[height]1.0[diam]1.0
*[name]flag[x]31[z]318[height]1.0[diam]1.0
*[name]tree[x]4[z]319[height]2.5[diam]1.5
*[name]shrub[x]36[z]319[height]0.6[diam]0.6
*[name]herring[x]18[z]320[height]1.0[diam]1.0
*[name]tree[x]8[z]321[height]3.0[diam]2.5
*[name]tree[x]7[z]324[height]2.6[diam]2.3
*[name]herring[x]28[z]325[height]1.0[diam]1.0
*[name]tree_barren[x]2[z]327[height]2.7[diam]1.9
*[name]herring[x]26[z]327[height]1.0[diam]1.0
*[name]flag[x]8[z]330[height]1.0[diam]1.0
*[name]herring[x]25[z]330[height]1.0[diam]1.0
*[name]herring[x]14[z]331[height]1.0[diam]1.0
*[name]herring[x]25[z]331[height]1.0[diam]1.0
*[name]tree_barren[x]5[z]333[height]3.4[diam]2.3
*[name]shrub[x]33[z]333[height]0.8[diam]0.8
*[name]herring[x]24[z]335[height]1.0[diam]1.0
*[name]tree_barren[x]37[z]336[height]2.2[diam]1.8
*[name]tree[x]30[z]340[height]3.5[diam]1.8
*[name]herring[x]24[z]341[height]1.0[diam]1.0
*[name]tree_barren[x]37[z]341[height]3.6[diam]2.7
*[name]tree[x]39[z]341[height]2.2[diam]2.0
*[name]tree[x]3[z]342[height]3.5[diam]3.3
*[name]herring[x]23[z]342[height]1.0[diam]1.0
*[name]herring[x]34[z]342[height]1.0[diam]1.0
*[name]flag[x]28[z]343[height]1.0[diam]1.0
*[name]tree_barren[x]37[z]345[height]2.3[diam]1.7
*[name]tree[x]38[z]345[height]3.0[diam]1.6
*[name]herring[x]12[z]346[height]1.0[diam]1.0
*[name]tree[x]38[z]346[height]3.0[diam]2.7
*[name]tree[x]38[z]347[height]3.4[diam]1.9
*[name]flag[x]6[z]348[height]1.0[diam]1.0
*[name]herring[x]23[z]348[height]1.0[diam]1.0
*[name]tree[x]38[z]348[height]2.5[diam]2.5
*[name]tree[x]38[z]349[height]2.5[diam]1.6
*[name]flag[x]21[z]352[height]1.0[diam]1.0
*[name]herring[x]24[z]352[height]1.0[diam]1.0
*[name]tree[x]3[z]355[height]3.0[diam]2.8
*[name]flag[x]27[z]355[height]1.0[diam]1.0
*[name]herring[x]24[z]358[height]1.0[diam]1.0
*[name]tree[x]31[z]359[height]3.2[diam]2.0
*[name]tree[x]37[z]360[height]2.5[diam]1.3
*[name]herring[x]13[z]362[height]1.0[diam]1.0
*[name]tree[x]2[z]365[height]3.9[diam]3.1
*[name]herring[x]24[z]365[height]1.0[diam]1.0
*[name]herring[x]34[z]367[height]1.0[diam]1.0
*[name]herring[x]24[z]368[height]1.0[diam]1.0
*[name]tree[x]8[z]370[height]2.8[diam]1.5
*[name]tree[x]29[z]370[height]2.5[diam]1.4
*[name]herring[x]24[z]373[height]1.0[diam]1.0
*[name]herring[x]24[z]376[height]1.0[diam]1.0
*[name]tree[x]35[z]376[height]2.2[diam]1.2
*[name]herring[x]12[z]377[height]1.0[diam]1.0
*[name]tree[x]30[z]377[height]3.2[diam]2.0
*[name]tree[x]30[z]378[height]3.7[diam]2.4
*[name]herring[x]24[z]379[height]1.0[diam]1.0
*[name]herring[x]24[z]380[height]1.0[diam]1.0
*[name]herring[x]24[z]382[height]1.0[diam]1.0
*[name]flag[x]7[z]385[height]1.0[diam]1.0
*[name]tree[x]38[z]385[height]2.3[diam]2.3
*[name]herring[x]24[z]386[height]1.0[diam]1.0
*[name]tree[x]38[z]386[height]3.6[diam]3.0
*[name]tree[x]39[z]386[height]2.1[diam]1.3
*[name]tree[x]3[z]387[height]2.9[diam]2.6
*[name]flag[x]20[z]387[height]1.0[diam]1.0
*[name]tree[x]39[z]387[height]2.8[diam]2.4
*[name]herring[x]23[z]390[height]1.0[diam]1.0
*[name]tree[x]38[z]392[height]3.4[diam]2.8
*[name]herring[x]22[z]395[height]1.0[diam]1.0
*[name]herring[x]34[z]396[height]1.0[diam]1.0
*[name]herring[x]8[z]401[height]1.0[diam]1.0
*[name]herring[x]21[z]403[height]1.0[diam]1.0
*[name]shrub[x]35[z]408[height]0.6[diam]0.6
*[name]tree[x]38[z]408[height]2.4[diam]1.9
*[name]herring[x]20[z]410[height]1.0[diam]1.0
*[name]tree[x]37[z]410[height]3.3[diam]2.4
*[name]tree[x]37[z]412[height]3.7[diam]3.0
*[name]herring[x]19[z]413[height]1.0[diam]1.0
*[name]tree[x]37[z]413[height]2.8[diam]2.0
*[name]tree[x]38[z]413[height]2.0[diam]1.5
*[name]herring[x]5[z]415[height]1.0[diam]1.0
*[name]tree[x]37[z]416[height]3.3[diam]1.9
*[name]flag[x]10[z]422[height]1.0[diam]1.0
*[name]flag[x]26[z]423[height]1.0[diam]1.0
*[name]herring[x]35[z]427[height]1.0[diam]1.0
*[name]herring[x]3[z]429[height]1.0[diam]1.0
*[name]tree[x]13[z]430[height]3.2[diam]2.7
*[name]tree[x]30[z]430[height]3.5[diam]3.2
*[name]tree[x]31[z]430[height]3.0[diam]1.6
*[name]tree[x]30[z]432[height]4.0[diam]3.0
*[name]tree[x]28[z]433[height]3.7[diam]3.1
*[name]shrub[x]32[z]433[height]0.9[diam]0.9
*[name]herring[x]19[z]434[height]1.0[diam]1.0
*[name]tree[x]30[z]435[height]2.3[diam]1.3
*[name]tree[x]3[z]439[height]2.6[diam]2.0
*[name]herring[x]17[z]449[height]1.0[diam]1.0
*[name]herring[x]35[z]449[height]1.0[diam]1.0
*[name]herring[x]4[z]450[height]1.0[diam]1.0
*[name]flag[x]9[z]453[height]1.0[diam]1.0
*[name]flag[x]26[z]453[height]1.0[diam]1.0
*[name]tree_barren[x]20[z]457[height]3.6[diam]1.8
*[name]tree[x]0[z]459[height]2.4[diam]2.2
*[name]tree[x]30[z]462[height]2.4[diam]2.1
*[name]tree[x]29[z]465[height]2.9[diam]2.4
*[name]herring[x]2[z]466[height]1.0[diam]1.0
*[name]herring[x]18[z]466[height]1.0[diam]1.0
*[name]tree[x]29[z]466[height]3.1[diam]1.7
*[name]tree[x]30[z]468[height]2.1[diam]2.1
*[name]tree[x]30[z]473[height]2.2[diam]1.7
*[name]herring[x]16[z]476[height]1.0[diam]1.0
*[name]tree[x]38[z]476[height]3.3[diam]2.1
*[name]tree[x]25[z]478[height]2.3[diam]1.6
*[name]tree[x]37[z]480[height]3.9[diam]3.9
*[name]tree[x]9[z]483[height]3.7[diam]1.9
*[name]tree[x]2[z]485[height]4.0[diam]2.7
*[name]tree[x]37[z]485[height]3.8[diam]3.1
*[name]herring[x]17[z]486[height]1.0[diam]1.0
*[name]herring[x]33[z]488[height]1.0[diam]1.0
*[name]tree_barren[x]13[z]491[height]3.8[diam]2.0
*[name]herring[x]18[z]494[height]1.0[diam]1.0
*[name]tree[x]36[z]494[height]3.4[diam]2.0
*[name]herring[x]3[z]495[height]1.0[diam]1.0
*[name]herring[x]18[z]499[height]1.0[diam]1.0
*[name]tree[x]26[z]499[height]3.2[diam]2.5
*[name]tree[x]12[z]500[height]2.4[diam]2.1
*[name]tree[x]37[z]500[height]2.7[diam]1.9
*[name]tree[x]1[z]502[height]3.1[diam]2.8
*[name]tree[x]1[z]503[height]2.1[diam]1.2
*[name]tree[x]36[z]504[height]3.9[diam]2.2
*[name]flag[x]11[z]506[height]1.0[diam]1.0
*[name]tree[x]0[z]508[height]2.2[diam]1.2
*[name]shrub[x]31[z]508[height]1.0[diam]1.0
*[name]herring[x]35[z]513[height]1.0[diam]1.0
*[name]herring[x]4[z]515[height]1.0[diam]1.0
*[name]tree[x]9[z]517[height]3.5[diam]2.3
*[name]tree[x]30[z]517[height]3.7[diam]2.0
*[name]herring[x]17[z]518[height]1.0[diam]1.0
*[name]tree[x]30[z]518[height]2.5[diam]2.3
*[name]tree[x]30[z]519[height]3.9[diam]2.5
*[name]tree_barren[x]21[z]520[height]3.6[diam]2.3
*[name]tree[x]11[z]521[height]2.4[diam]1.7
*[name]tree[x]29[z]522[height]2.4[diam]1.5
*[name]tree[x]29[z]523[height]2.3[diam]1.5
*[name]tree[x]29[z]524[height]3.8[diam]3.2
*[name]tree[x]36[z]525[height]3.1[diam]2.6
*[name]tree[x]12[z]526[height]2.0[diam]2.0
*[name]tree[x]28[z]527[height]2.5[diam]2.3
*[name]herring[x]4[z]529[height]1.0[diam]1.0
*[name]flag[x]25[z]530[height]1.0[diam]1.0
*[name]tree[x]37[z]530[height]3.9[diam]2.7
*[name]tree[x]2[z]531[height]3.6[diam]1.9
*[name]herring[x]18[z]533[height]1.0[diam]1.0
*[name]shrub[x]34[z]533[height]0.9[diam]0.9
*[name]tree[x]12[z]535[height]3.7[diam]3.2
*[name]tree[x]29[z]537[height]2.5[diam]1.4
*[name]tree[x]39[z]537[height]3.2[diam]2.1
*[name]tree[x]3[z]542[height]2.8[diam]2.0
*[name]tree[x]15[z]542[height]2.5[diam]2.2
*[name]tree[x]37[z]542[height]2.5[diam]1.9
*[name]tree[x]29[z]543[height]3.9[diam]3.2
*[name]shrub[x]30[z]545[height]1.1[diam]1.1
*[name]tree_barren[x]15[z]549[height]2.5[diam]2.2
*[name]herring[x]20[z]549[height]1.0[diam]1.0
*[name]tree[x]38[z]549[height]2.2[diam]1.3
*[name]herring[x]5[z]552[height]1.0[diam]1.0
*[name]herring[x]34[z]552[height]1.0[diam]1.0
*[name]herring[x]5[z]553[height]1.0[diam]1.0
*[name]tree[x]14[z]553[height]2.9[diam]2.4
*[name]tree[x]39[z]554[height]3.7[diam]2.8
*[name]tree[x]27[z]555[height]3.2[diam]1.8
*[name]tree[x]2[z]556[height]2.6[diam]2.1
*[name]tree[x]13[z]557[height]3.0[diam]1.7
*[name]flag[x]25[z]562[height]1.0[diam]1.0
*[name]tree[x]28[z]562[height]3.3[diam]1.6
*[name]tree[x]12[z]563[height]3.9[diam]2.7
*[name]flag[x]11[z]564[height]1.0[diam]1.0
*[name]herring[x]2[z]565[height]1.0[diam]1.0
*[name]tree[x]27[z]565[height]2.5[diam]1.4
*[name]tree[x]35[z]565[height]4.0[diam]3.1
*[name]tree[x]4[z]567[height]3.0[diam]2.2
*[name]tree[x]12[z]572[height]3.7[diam]2.3
*[name]herring[x]3[z]573[height]1.0[diam]1.0
*[name]tree[x]27[z]574[height]3.3[diam]2.4
*[name]tree[x]37[z]576[height]2.4[diam]1.6
*[name]shrub[x]30[z]578[height]0.7[diam]0.7
*[name]tree[x]3[z]579[height]2.8[diam]1.6
*[name]tree[x]8[z]579[height]2.6[diam]2.0
*[name]herring[x]17[z]579[height]1.0[diam]1.0
*[name]tree[x]34[z]580[height]3.2[diam]3.1
*[name]tree_barren[x]21[z]581[height]2.9[diam]1.5
*[name]tree[x]4[z]582[height]3.0[diam]2.4
*[name]tree[x]36[z]582[height]2.8[diam]1.5
*[name]tree[x]26[z]586[height]2.2[diam]1.6
*[name]tree[x]36[z]586[height]3.4[diam]1.9
*[name]tree[x]2[z]588[height]2.9[diam]1.6
*[name]shrub[x]10[z]590[height]0.8[diam]0.8
*[name]tree[x]33[z]590[height]3.1[diam]1.7
*[name]tree[x]6[z]592[height]3.9[diam]2.0
*[name]tree[x]32[z]592[height]3.0[diam]2.7
*[name]tree[x]27[z]593[height]2.6[diam]1.5
*[name]tree[x]30[z]594[height]2.4[diam]1.7
*[name]shrub[x]37[z]594[height]0.9[diam]0.9
*[name]tree[x]17[z]595[height]2.7[diam]2.6
*[name]tree[x]11[z]596[height]3.3[diam]2.7
*[name]tree[x]37[z]596[height]2.9[diam]1.8
*[name]tree[x]11[z]597[height]3.2[diam]3.0
*[name]tree[x]16[z]597[height]2.5[diam]1.4
*[name]tree[x]6[z]598[height]3.0[diam]2.5
*[name]tree[x]11[z]598[height]2.3[diam]1.9
*[name]tree[x]29[z]598[height]2.3[diam]2.1