*[name]finish[x]23[z]1[height]6.0[diam]9.0
*[name]tree_barren[x]4[z]2[height]2.9[diam]2.1
*[name]tree_barren[x]30[z]2[height]3.4[diam]3.3
*[name]flag[x]34[z]4[height]1.0[diam]1.0
*[name]flag[x]6[z]5[height]1.0[diam]1.0
*[name]tree[x]3[z]8[height]3.6[diam]2.6
*[name]herring[x]23[z]10[height]1.0[diam]1.0
*[name]tree[x]1[z]11[height]2.4[diam]1.5
*[name]shrub[x]14[z]12[height]0.9[diam]0.9
*[name]flag[x]33[z]12[height]1.0[diam]1.0
*[name]tree[x]3[z]13[height]2.5[diam]1.7
*[name]flag[x]7[z]14[height]1.0[diam]1.0
*[name]herring[x]23[z]14[height]1.0[diam]1.0
*[name]tree[x]1[z]15[height]2.5[diam]1.8
*[name]tree[x]6[z]16[height]2.3[diam]1.8
*[name]shrub[x]29[z]19[height]1.2[diam]1.2
*[name]tree_barren[x]34[z]22[height]3.2[diam]2.6
*[name]tree_barren[x]8[z]23[height]2.8[diam]1.9
*[name]tree_barren[x]14[z]23[height]3.6[diam]2.1
*[name]flag[x]6[z]24[height]1.0[diam]1.0
*[name]flag[x]35[z]24[height]1.0[diam]1.0
*[name]tree_barren[x]14[z]26[height]3.8[diam]2.7
*[name]shrub[x]37[z]29[height]0.9[diam]0.9
*[name]herring[x]26[z]33[height]1.0[diam]1.0
*[name]flag[x]33[z]34[height]1.0[diam]1.0
*[name]flag[x]7[z]36[height]1.0[diam]1.0
*[name]tree[x]39[z]36[height]4.0[diam]3.2
*[name]herring[x]26[z]37[height]1.0[diam]1.0
*[name]tree[x]35[z]38[height]2.2[diam]2.1
*[name]tree[x]39[z]41[height]3.0[diam]1.6
*[name]shrub[x]10[z]43[height]0.8[diam]0.8
*[name]tree[x]16[z]44[height]4.0[diam]3.5
*[name]tree[x]36[z]44[height]2.6[diam]2.3
*[name]tree[x]33[z]46[height]2.4[diam]1.8
*[name]tree[x]38[z]46[height]2.1[diam]1.8
*[name]tree_barren[x]27[z]49[height]3.4[diam]2.5
*[name]flag[x]33[z]51[height]1.0[diam]1.0
*[name]tree[x]38[z]51[height]3.9[diam]2.3
*[name]flag[x]9[z]52[height]1.0[diam]1.0
*[name]tree_barren[x]28[z]52[height]3.2[diam]2.5
*[name]tree[x]36[z]52[height]2.3[diam]1.4
*[name]shrub[x]22[z]53[height]0.7[diam]0.7
*[name]herring[x]18[z]55[height]1.0[diam]1.0
*[name]tree[x]38[z]56[height]3.1[diam]2.4
*[name]herring[x]18[z]58[height]1.0[diam]1.0
*[name]shrub[x]9[z]59[height]1.2[diam]1.2
*[name]herring[x]18[z]62[height]1.0[diam]1.0
*[name]flag[x]34[z]64[height]1.0[diam]1.0
*[name]shrub[x]33[z]65[height]1.0[diam]1.0
*[name]flag[x]9[z]66[height]1.0[diam]1.0
*[name]tree_barren[x]37[z]71[height]3.0[diam]2.0
*[name]tree[x]27[z]73[height]2.5[diam]1.9
*[name]tree_barren[x]15[z]76[height]3.9[diam]2.6
*[name]flag[x]10[z]77[height]1.0[diam]1.0
*[name]flag[x]32[z]77[height]1.0[diam]1.0
*[name]tree_barren[x]37[z]78[height]2.8[diam]2.1
*[name]tree_barren[x]5[z]85[height]2.8[diam]2.5
*[name]tree[x]14[z]86[height]2.9[diam]1.6
*[name]flag[x]33[z]86[height]1.0[diam]1.0
*[name]tree_barren[x]19[z]91[height]2.2[diam]1.4
*[name]flag[x]9[z]92[height]1.0[diam]1.0
*[name]tree_barren[x]17[z]92[height]2.6[diam]2.1
*[name]tree_barren[x]19[z]93[height]2.6[diam]1.4
*[name]tree_barren[x]5[z]94[height]2.6[diam]2.3
*[name]tree_barren[x]18[z]96[height]2.0[diam]1.5
*[name]flag[x]33[z]98[height]1.0[diam]1.0
*[name]shrub[x]11[z]99[height]0.8[diam]0.8
*[name]tree_barren[x]2[z]104[height]3.1[diam]2.5
*[name]herring[x]22[z]105[height]1.0[diam]1.0
*[name]flag[x]9[z]106[height]1.0[diam]1.0
*[name]herring[x]22[z]110[height]1.0[diam]1.0
*[name]herring[x]22[z]111[height]1.0[diam]1.0
*[name]flag[x]31[z]113[height]1.0[diam]1.0
*[name]herring[x]21[z]114[height]1.0[diam]1.0
*[name]tree_barren[x]15[z]115[height]3.1[diam]2.7
*[name]tree[x]25[z]117[height]2.3[diam]1.3
*[name]tree[x]31[z]117[height]3.4[diam]3.1
*[name]herring[x]20[z]118[height]1.0[diam]1.0
*[name]flag[x]9[z]119[height]1.0[diam]1.0
*[name]tree_barren[x]15[z]119[height]3.3[diam]1.7
*[name]tree[x]27[z]120[height]2.2[diam]1.2
*[name]tree_barren[x]31[z]121[height]2.0[diam]1.5
*[name]herring[x]21[z]122[height]1.0[diam]1.0
*[name]tree_barren[x]27[z]123[height]3.1[diam]2.3
*[name]flag[x]31[z]127[height]1.0[diam]1.0
*[name]shrub[x]37[z]127[height]1.1[diam]1.1
*[name]shrub[x]4[z]132[height]0.8[diam]0.8
*[name]flag[x]10[z]132[height]1.0[diam]1.0
*[name]flag[x]30[z]141[height]1.0[diam]1.0
*[name]shrub[x]8[z]142[height]1.2[diam]1.2
*[name]tree[x]18[z]142[height]3.9[diam]2.8
*[name]shrub[x]37[z]145[height]0.7[diam]0.7
*[name]flag[x]9[z]148[height]1.0[diam]1.0
*[name]tree[x]27[z]153[height]2.6[diam]1.3
*[name]herring[x]22[z]154[height]1.0[diam]1.0
*[name]tree_barren[x]5[z]155[height]3.0[diam]2.0
*[name]tree_barren[x]8[z]155[height]2.6[diam]1.7
*[name]flag[x]32[z]157[height]1.0[diam]1.0
*[name]herring[x]20[z]159[height]1.0[diam]1.0
*[name]tree_barren[x]36[z]160[height]2.7[diam]2.4
*[name]flag[x]7[z]162[height]1.0[diam]1.0
*[name]herring[x]21[z]163[height]1.0[diam]1.0
*[name]tree_barren[x]14[z]164[height]3.3[diam]3.1
*[name]tree[x]16[z]164[height]2.8[diam]1.6
*[name]herring[x]21[z]164[height]1.0[diam]1.0
*[name]tree_barren[x]34[z]164[height]3.3[diam]2.5
*[name]tree_barren[x]36[z]166[height]2.7[diam]1.8
*[name]herring[x]20[z]168[height]1.0[diam]1.0
*[name]tree_barren[x]7[z]170[height]2.7[diam]2.7
*[name]herring[x]19[z]171[height]1.0[diam]1.0
*[name]flag[x]32[z]172[height]1.0[diam]1.0
*[name]flag[x]5[z]173[height]1.0[diam]1.0
*[name]tree_barren[x]36[z]177[height]2.8[diam]2.1
*[name]tree[x]23[z]178[height]2.2[diam]1.5
*[name]tree_barren[x]16[z]183[height]3.9[diam]3.1
*[name]flag[x]36[z]184[height]1.0[diam]1.0
*[name]flag[x]3[z]185[height]1.0[diam]1.0
*[name]tree[x]21[z]186[height]3.8[diam]3.4
*[name]herring[x]9[z]187[height]1.0[diam]1.0
*[name]herring[x]8[z]190[height]1.0[diam]1.0
*[name]tree_barren[x]37[z]190[height]3.9[diam]3.6
*[name]tree[x]2[z]191[height]3.5[diam]2.4
*[name]shrub[x]22[z]191[height]0.6[diam]0.6
*[name]herring[x]8[z]194[height]1.0[diam]1.0
*[name]tree[x]21[z]195[height]2.1[diam]1.4
*[name]herring[x]37[z]195[height]1.0[diam]1.0
*[name]flag[x]38[z]195[height]1.0[diam]1.0
*[name]tree[x]2[z]197[height]3.1[diam]2.2
*[name]herring[x]7[z]198[height]1.0[diam]1.0
*[name]tree[x]38[z]198[height]3.4[diam]3.1
*[name]flag[x]2[z]199[height]1.0[diam]1.0
*[name]flag[x]20[z]199[height]1.0[diam]1.0
*[name]herring[x]6[z]202[height]1.0[diam]1.0
*[name]tree[x]20[z]202[height]3.5[diam]2.6
*[name]flag[x]11[z]203[height]1.0[diam]1.0
*[name]tree[x]24[z]203[height]2.9[diam]2.4
*[name]tree[x]16[z]204[height]3.7[diam]3.1
*[name]herring[x]38[z]204[height]1.0[diam]1.0
*[name]tree[x]9[z]206[height]2.6[diam]1.8
*[name]tree[x]26[z]206[height]4.0[diam]3.3
*[name]flag[x]29[z]206[height]1.0[diam]1.0
*[name]flag[x]38[z]206[height]1.0[diam]1.0
*[name]tree_barren[x]15[z]207[height]3.5[diam]3.4
*[name]tree[x]34[z]207[height]2.2[diam]1.3
*[name]tree[x]2[z]208[height]2.0[diam]1.6
*[name]tree[x]21[z]208[height]2.3[diam]1.9
*[name]herring[x]5[z]209[height]1.0[diam]1.0
*[name]shrub[x]14[z]210[height]0.9[diam]0.9
*[name]tree[x]24[z]210[height]3.9[diam]3.0
*[name]flag[x]0[z]211[height]1.0[diam]1.0
*[name]shrub[x]21[z]211[height]0.8[diam]0.8
*[name]tree_barren[x]29[z]211[height]3.4[diam]3.3
*[name]herring[x]6[z]212[height]1.0[diam]1.0
*[name]tree[x]17[z]213[height]2.7[diam]2.4
*[name]tree[x]32[z]213[height]2.6[diam]2.5
*[name]flag[x]9[z]214[height]1.0[diam]1.0
*[name]tree[x]34[z]214[height]2.3[diam]2.2
*[name]herring[x]37[z]214[height]1.0[diam]1.0
*[name]tree_barren[x]2[z]215[height]3.5[diam]3.3
*[name]tree[x]13[z]215[height]2.9[diam]1.8
*[name]flag[x]38[z]215[height]1.0[diam]1.0
*[name]tree[x]23[z]216[height]3.1[diam]2.1
*[name]tree[x]24[z]216[height]3.7[diam]3.5
*[name]tree_barren[x]30[z]216[height]3.4[diam]3.1
*[name]tree_barren[x]10[z]217[height]3.1[diam]2.3
*[name]tree_barren[x]11[z]217[height]3.5[diam]2.9
*[name]tree[x]27[z]217[height]3.4[diam]3.0
*[name]shrub[x]12[z]218[height]0.7[diam]0.7
*[name]tree[x]17[z]218[height]3.7[diam]2.6
*[name]herring[x]37[z]218[height]1.0[diam]1.0
*[name]tree[x]20[z]220[height]3.2[diam]2.9
*[name]flag[x]29[z]220[height]1.0[diam]1.0
*[name]shrub[x]25[z]221[height]1.2[diam]1.2
*[name]tree[x]26[z]221[height]3.8[diam]2.8
*[name]tree[x]27[z]221[height]3.8[diam]2.3
*[name]herring[x]35[z]221[height]1.0[diam]1.0
*[name]tree[x]16[z]222[height]2.5[diam]1.5
*[name]flag[x]1[z]223[height]1.0[diam]1.0
*[name]tree_barren[x]37[z]223[height]2.3[diam]1.6
*[name]shrub[x]19[z]224[height]0.7[diam]0.7
*[name]tree[x]22[z]224[height]3.8[diam]2.4
*[name]flag[x]38[z]224[height]1.0[diam]1.0
*[name]flag[x]9[z]225[height]1.0[diam]1.0
*[name]tree[x]13[z]225[height]3.3[diam]1.8
*[name]tree[x]22[z]225[height]3.6[diam]3.5
*[name]tree[x]24[z]225[height]3.9[diam]3.3
*[name]tree_barren[x]2[z]227[height]3.4[diam]3.1
*[name]tree[x]15[z]227[height]2.4[diam]1.4
*[name]tree[x]20[z]227[height]3.1[diam]2.9
*[name]tree_barren[x]30[z]227[height]3.7[diam]2.5
*[name]tree[x]16[z]228[height]4.0[diam]3.4
*[name]tree[x]17[z]228[height]3.5[diam]2.8
*[name]tree[x]18[z]228[height]3.1[diam]2.7
*[name]tree[x]26[z]228[height]2.9[diam]1.5
*[name]herring[x]34[z]228[height]1.0[diam]1.0
*[name]tree[x]26[z]229[height]3.2[diam]2.8
*[name]shrub[x]13[z]230[height]0.8[diam]0.8
*[name]tree[x]24[z]230[height]3.6[diam]3.4
*[name]tree[x]24[z]231[height]3.3[diam]3.2
*[name]shrub[x]29[z]231[height]1.1[diam]1.1
*[name]tree[x]15[z]232[height]3.8[diam]3.0
*[name]tree[x]24[z]232[height]3.8[diam]3.3
*[name]tree_barren[x]11[z]233[height]3.1[diam]3.0
*[name]tree[x]18[z]233[height]2.7[diam]1.7
*[name]shrub[x]21[z]233[height]1.0[diam]1.0
*[name]tree_barren[x]28[z]233[height]3.1[diam]2.2
*[name]herring[x]34[z]233[height]1.0[diam]1.0
*[name]tree[x]13[z]234[height]2.5[diam]1.8
*[name]tree[x]21[z]235[height]2.6[diam]2.1
*[name]tree_barren[x]10[z]236[height]2.8[diam]1.4
*[name]tree[x]18[z]236[height]2.8[diam]2.7
*[name]shrub[x]2[z]238[height]0.9[diam]0.9
*[name]tree_barren[x]12[z]239[height]2.2[diam]1.6
*[name]tree[x]25[z]239[height]3.2[diam]2.8
*[name]tree_barren[x]29[z]239[height]2.3[diam]2.2
*[name]tree[x]18[z]240[height]3.1[diam]1.6
*[name]tree[x]19[z]240[height]3.1[diam]2.3
*[name]tree[x]20[z]240[height]3.7[diam]2.6
*[name]herring[x]33[z]241[height]1.0[diam]1.0
*[name]tree_barren[x]26[z]242[height]2.2[diam]1.9
*[name]flag[x]4[z]248[height]1.0[diam]1.0
*[name]flag[x]7[z]248[height]1.0[diam]1.0
*[name]herring[x]32[z]248[height]1.0[diam]1.0
*[name]flag[x]35[z]248[height]1.0[diam]1.0
*[name]flag[x]38[z]248[height]1.0[diam]1.0
*[name]herring[x]5[z]250[height]1.0[diam]1.0
*[name]herring[x]36[z]251[height]1.0[diam]1.0
*[name]herring[x]5[z]252[height]1.0[diam]1.0
*[name]herring[x]29[z]253[height]1.0[diam]1.0
*[name]herring[x]5[z]254[height]1.0[diam]1.0
*[name]herring[x]35[z]254[height]1.0[diam]1.0
*[name]herring[x]5[z]256[height]1.0[diam]1.0
*[name]herring[x]5[z]258[height]1.0[diam]1.0
*[name]herring[x]36[z]258[height]1.0[diam]1.0
*[name]herring[x]11[z]259[height]1.0[diam]1.0
*[name]herring[x]5[z]260[height]1.0[diam]1.0
*[name]herring[x]28[z]261[height]1.0[diam]1.0
*[name]herring[x]5[z]262[height]1.0[diam]1.0
*[name]herring[x]35[z]262[height]1.0[diam]1.0
*[name]herring[x]5[z]264[height]1.0[diam]1.0
*[name]herring[x]27[z]266[height]1.0[diam]1.0
*[name]herring[x]36[z]266[height]1.0[diam]1.0
*[name]herring[x]27[z]269[height]1.0[diam]1.0
*[name]flag[x]21[z]270[height]1.0[diam]1.0
*[name]herring[x]27[z]272[height]1.0[diam]1.0
*[name]flag[x]17[z]274[height]1.0[diam]1.0
*[name]flag[x]25[z]274[height]1.0[diam]1.0
*[name]herring[x]27[z]274[height]1.0[diam]1.0
*[name]herring[x]5[z]278[height]1.0[diam]1.0
*[name]shrub[x]17[z]279[height]0.7[diam]0.7
*[name]tree[x]18[z]279[height]3.3[diam]2.7
*[name]shrub[x]19[z]279[height]0.9[diam]0.9
*[name]tree[x]20[z]279[height]3.8[diam]2.6
*[name]shrub[x]21[z]279[height]0.6[diam]0.6
*[name]tree[x]22[z]279[height]2.7[diam]2.2
*[name]shrub[x]23[z]279[height]0.9[diam]0.9
*[name]tree[x]24[z]279[height]3.3[diam]2.0
*[name]shrub[x]25[z]279[height]1.1[diam]1.1
*[name]flag[x]13[z]280[height]1.0[diam]1.0
*[name]flag[x]29[z]280[height]1.0[diam]1.0
*[name]herring[x]5[z]287[height]1.0[diam]1.0
*[name]herring[x]5[z]297[height]1.0[diam]1.0
*[name]flag[x]25[z]302[height]1.0[diam]1.0
*[name]flag[x]32[z]302[height]1.0[diam]1.0
*[name]herring[x]37[z]302[height]1.0[diam]1.0
*[name]herring[x]29[z]303[height]1.0[diam]1.0
*[name]herring[x]29[z]307[height]1.0[diam]1.0
*[name]herring[x]6[z]308[height]1.0[diam]1.0
*[name]flag[x]25[z]308[height]1.0[diam]1.0
*[name]flag[x]32[z]308[height]1.0[diam]1.0
*[name]herring[x]6[z]311[height]1.0[diam]1.0
*[name]herring[x]37[z]311[height]1.0[diam]1.0
*[name]herring[x]29[z]313[height]1.0[diam]1.0
*[name]flag[x]25[z]314[height]1.0[diam]1.0
*[name]flag[x]32[z]314[height]1.0[diam]1.0
*[name]herring[x]6[z]315[height]1.0[diam]1.0
*[name]tree[x]10[z]317[height]3.4[diam]2.7
*[name]herring[x]17[z]317[height]1.0[diam]1.0
*[name]herring[x]6[z]318[height]1.0[diam]1.0
*[name]tree[x]2[z]319[height]3.6[diam]2.2
*[name]herring[x]29[z]319[height]1.0[diam]1.0
*[name]herring[x]6[z]321[height]1.0[diam]1.0
*[name]flag[x]25[z]321[height]1.0[diam]1.0
*[name]flag[x]32[z]321[height]1.0[diam]1.0
*[name]herring[x]28[z]324[height]1.0[diam]1.0
*[name]herring[x]6[z]325[height]1.0[diam]1.0
*[name]herring[x]6[z]328[height]1.0[diam]1.0
*[name]herring[x]20[z]328[height]1.0[diam]1.0
*[name]flag[x]25[z]328[height]1.0[diam]1.0
*[name]flag[x]32[z]328[height]1.0[diam]1.0
*[name]herring[x]37[z]329[height]1.0[diam]1.0
*[name]tree[x]32[z]330[height]3.5[diam]2.1
*[name]herring[x]6[z]332[height]1.0[diam]1.0
*[name]herring[x]28[z]332[height]1.0[diam]1.0
*[name]tree[x]2[z]333[height]3.7[diam]2.7
*[name]tree[x]13[z]333[height]2.7[diam]2.3
*[name]tree[x]15[z]333[height]2.0[diam]1.4
*[name]tree[x]9[z]334[height]2.6[diam]1.9
*[name]herring[x]6[z]335[height]1.0[diam]1.0
*[name]tree[x]34[z]337[height]2.4[diam]2.1
*[name]herring[x]6[z]339[height]1.0[diam]1.0
*[name]flag[x]24[z]340[height]1.0[diam]1.0
*[name]herring[x]27[z]341[height]1.0[diam]1.0
*[name]herring[x]6[z]342[height]1.0[diam]1.0
*[name]tree[x]21[z]343[height]3.2[diam]3.1
*[name]herring[x]36[z]344[height]1.0[diam]1.0
*[name]herring[x]27[z]345[height]1.0[diam]1.0
*[name]tree[x]3[z]346[height]3.7[diam]2.3
*[name]tree[x]35[z]346[height]3.2[diam]2.2
*[name]flag[x]31[z]347[height]1.0[diam]1.0
*[name]herring[x]5[z]351[height]1.0[diam]1.0
*[name]herring[x]25[z]351[height]1.0[diam]1.0
*[name]herring[x]16[z]352[height]1.0[diam]1.0
*[name]flag[x]22[z]356[height]1.0[diam]1.0
*[name]tree[x]3[z]357[height]2.3[diam]2.3
*[name]herring[x]5[z]357[height]1.0[diam]1.0
*[name]herring[x]37[z]357[height]1.0[diam]1.0
*[name]tree[x]15[z]360[height]2.8[diam]2.1
*[name]herring[x]5[z]361[height]1.0[diam]1.0
*[name]herring[x]20[z]361[height]1.0[diam]1.0
*[name]flag[x]29[z]361[height]1.0[diam]1.0
*[name]tree[x]11[z]363[height]3.1[diam]2.8
*[name]tree[x]13[z]363[height]2.3[diam]2.1
*[name]tree[x]31[z]363[height]3.3[diam]3.0
*[name]herring[x]5[z]365[height]1.0[diam]1.0
*[name]flag[x]12[z]365[height]1.0[diam]1.0
*[name]herring[x]6[z]370[height]1.0[diam]1.0
*[name]flag[x]19[z]371[height]1.0[diam]1.0
*[name]flag[x]29[z]371[height]1.0[diam]1.0
*[name]herring[x]21[z]377[height]1.0[diam]1.0
*[name]tree[x]3[z]379[height]2.8[diam]2.0
*[name]flag[x]10[z]383[height]1.0[diam]1.0
*[name]herring[x]22[z]383[height]1.0[diam]1.0
*[name]tree[x]37[z]383[height]2.2[diam]1.3
*[name]herring[x]7[z]384[height]1.0[diam]1.0
*[name]tree[x]3[z]387[height]3.2[diam]3.1
*[name]flag[x]18[z]387[height]1.0[diam]1.0
*[name]flag[x]25[z]387[height]1.0[diam]1.0
*[name]tree[x]36[z]389[height]3.3[diam]3.2
*[name]herring[x]22[z]390[height]1.0[diam]1.0
*[name]herring[x]29[z]390[height]1.0[diam]1.0
*[name]tree[x]2[z]392[height]3.3[diam]2.8
*[name]tree[x]38[z]395[height]2.7[diam]2.6
*[name]tree[x]3[z]397[height]2.3[diam]1.8
*[name]tree[x]35[z]397[height]3.3[diam]2.9
*[name]herring[x]21[z]398[height]1.0[diam]1.0
*[name]herring[x]31[z]400[height]1.0[diam]1.0
*[name]tree[x]2[z]401[height]3.1[diam]2.3
*[name]flag[x]8[z]401[height]1.0[diam]1.0
*[name]flag[x]16[z]401[height]1.0[diam]1.0
*[name]flag[x]26[z]401[height]1.0[diam]1.0
*[name]tree[x]38[z]402[height]2.0[diam]1.2
*[name]herring[x]21[z]403[height]1.0[diam]1.0
*[name]herring[x]4[z]406[height]1.0[diam]1.0
*[name]tree[x]6[z]406[height]3.7[diam]2.2
*[name]tree[x]36[z]407[height]2.2[diam]1.4
*[name]tree[x]2[z]409[height]3.4[diam]2.8
*[name]herring[x]4[z]411[height]1.0[diam]1.0
*[name]flag[x]8[z]412[height]1.0[diam]1.0
*[name]flag[x]16[z]414[height]1.0[diam]1.0
*[name]flag[x]26[z]414[height]1.0[diam]1.0
*[name]herring[x]4[z]416[height]1.0[diam]1.0
*[name]tree[x]10[z]418[height]2.1[diam]2.0
*[name]herring[x]18[z]418[height]1.0[diam]1.0
*[name]herring[x]18[z]421[height]1.0[diam]1.0
*[name]herring[x]4[z]423[height]1.0[diam]1.0
*[name]herring[x]18[z]424[height]1.0[diam]1.0
*[name]flag[x]9[z]426[height]1.0[diam]1.0
*[name]tree[x]10[z]426[height]2.9[diam]2.5
*[name]shrub[x]35[z]426[height]1.0[diam]1.0
*[name]flag[x]26[z]429[height]1.0[diam]1.0
*[name]flag[x]16[z]431[height]1.0[diam]1.0
*[name]herring[x]22[z]434[height]1.0[diam]1.0
*[name]tree[x]13[z]435[height]3.7[diam]2.1
*[name]herring[x]29[z]435[height]1.0[diam]1.0
*[name]herring[x]4[z]437[height]1.0[diam]1.0
*[name]herring[x]22[z]437[height]1.0[diam]1.0
*[name]flag[x]9[z]441[height]1.0[diam]1.0
*[name]herring[x]23[z]441[height]1.0[diam]1.0
*[name]herring[x]25[z]446[height]1.0[diam]1.0
*[name]shrub[x]34[z]448[height]1.1[diam]1.1
*[name]herring[x]8[z]450[height]1.0[diam]1.0
*[name]herring[x]20[z]452[height]1.0[diam]1.0
*[name]herring[x]18[z]455[height]1.0[diam]1.0
*[name]herring[x]28[z]455[height]1.0[diam]1.0
*[name]flag[x]30[z]455[height]1.0[diam]1.0
*[name]flag[x]10[z]456[height]1.0[diam]1.0
*[name]shrub[x]3[z]458[height]0.6[diam]0.6
*[name]herring[x]17[z]459[height]1.0[diam]1.0
*[name]flag[x]31[z]460[height]1.0[diam]1.0
*[name]tree[x]22[z]464[height]3.5[diam]3.0
*[name]flag[x]19[z]465[height]1.0[diam]1.0
*[name]herring[x]34[z]465[height]1.0[diam]1.0
*[name]herring[x]8[z]466[height]1.0[diam]1.0
*[name]herring[x]29[z]466[height]1.0[diam]1.0
*[name]flag[x]32[z]468[height]1.0[diam]1.0
*[name]herring[x]15[z]469[height]1.0[diam]1.0
*[name]herring[x]15[z]472[height]1.0[diam]1.0
*[name]shrub[x]3[z]474[height]1.0[diam]1.0
*[name]herring[x]14[z]474[height]1.0[diam]1.0
*[name]flag[x]32[z]474[height]1.0[diam]1.0
*[name]flag[x]16[z]475[height]1.0[diam]1.0
*[name]herring[x]12[z]477[height]1.0[diam]1.0
*[name]herring[x]29[z]478[height]1.0[diam]1.0
*[name]herring[x]21[z]480[height]1.0[diam]1.0
*[name]shrub[x]3[z]481[height]1.0[diam]1.0
*[name]tree[x]25[z]481[height]2.7[diam]1.8
*[name]flag[x]31[z]482[height]1.0[diam]1.0
*[name]herring[x]10[z]485[height]1.0[diam]1.0
*[name]flag[x]14[z]489[height]1.0[diam]1.0
*[name]herring[x]27[z]490[height]1.0[diam]1.0
*[name]tree[x]16[z]493[height]2.1[diam]1.4
*[name]shrub[x]38[z]493[height]0.9[diam]0.9
*[name]herring[x]26[z]495[height]1.0[diam]1.0
*[name]herring[x]12[z]498[height]1.0[diam]1.0
*[name]herring[x]20[z]499[height]1.0[diam]1.0
*[name]flag[x]27[z]502[height]1.0[diam]1.0
*[name]herring[x]25[z]504[height]1.0[diam]1.0
*[name]herring[x]13[z]508[height]1.0[diam]1.0
*[name]tree[x]25[z]511[height]3.3[diam]3.2
*[name]shrub[x]37[z]512[height]0.7[diam]0.7
*[name]herring[x]27[z]514[height]1.0[diam]1.0
*[name]flag[x]20[z]515[height]1.0[diam]1.0
*[name]shrub[x]3[z]516[height]0.7[diam]0.7
*[name]herring[x]14[z]516[height]1.0[diam]1.0
*[name]flag[x]28[z]519[height]1.0[diam]1.0
*[name]herring[x]22[z]520[height]1.0[diam]1.0
*[name]shrub[x]38[z]521[height]0.9[diam]0.9
*[name]herring[x]26[z]522[height]1.0[diam]1.0
*[name]tree[x]11[z]526[height]2.5[diam]1.7
*[name]herring[x]7[z]528[height]1.0[diam]1.0
*[name]tree[x]13[z]528[height]2.7[diam]1.9
*[name]tree[x]11[z]529[height]2.8[diam]2.3
*[name]herring[x]25[z]531[height]1.0[diam]1.0
*[name]tree[x]12[z]533[height]2.3[diam]1.2
*[name]tree[x]16[z]533[height]3.3[diam]3.3
*[name]flag[x]1[z]534[height]1.0[diam]1.0
*[name]tree[x]11[z]536[height]3.1[diam]2.1
*[name]herring[x]24[z]536[height]1.0[diam]1.0
*[name]tree[x]12[z]538[height]3.4[diam]2.4
*[name]tree[x]16[z]538[height]3.0[diam]2.2
*[name]flag[x]28[z]539[height]1.0[diam]1.0
*[name]herring[x]5[z]540[height]1.0[diam]1.0
*[name]shrub[x]34[z]542[height]0.9[diam]0.9
*[name]flag[x]2[z]543[height]1.0[diam]1.0
*[name]herring[x]26[z]544[height]1.0[diam]1.0
*[name]flag[x]5[z]552[height]1.0[diam]1.0
*[name]flag[x]16[z]553[height]1.0[diam]1.0
*[name]herring[x]9[z]554[height]1.0[diam]1.0
*[name]herring[x]34[z]554[height]1.0[diam]1.0
*[name]shrub[x]27[z]556[height]0.7[diam]0.7
*[name]flag[x]33[z]558[height]1.0[diam]1.0
*[name]flag[x]7[z]559[height]1.0[diam]1.0
*[name]tree[x]28[z]560[height]2.3[diam]1.3
*[name]shrub[x]20[z]561[height]1.2[diam]1.2
*[name]herring[x]25[z]562[height]1.0[diam]1.0
*[name]tree[x]28[z]564[height]3.1[diam]2.2
*[name]flag[x]9[z]567[height]1.0[diam]1.0
*[name]tree[x]21[z]567[height]2.0[diam]1.9
*[name]flag[x]33[z]567[height]1.0[diam]1.0
*[name]herring[x]25[z]568[height]1.0[diam]1.0
*[name]tree[x]27[z]569[height]3.8[diam]3.2
*[name]tree[x]21[z]570[height]3.7[diam]2.1
*[name]tree[x]21[z]573[height]3.7[diam]2.4
*[name]tree[x]27[z]573[height]2.8[diam]1.6
*[name]flag[x]11[z]574[height]1.0[diam]1.0
*[name]herring[x]25[z]574[height]1.0[diam]1.0
*[name]tree[x]21[z]576[height]3.3[diam]3.1
*[name]flag[x]33[z]576[height]1.0[diam]1.0
*[name]herring[x]25[z]579[height]1.0[diam]1.0
*[name]tree[x]20[z]580[height]3.2[diam]2.0
*[name]tree[x]28[z]581[height]4.0[diam]3.3
*[name]flag[x]12[z]582[height]1.0[diam]1.0
*[name]herring[x]25[z]582[height]1.0[diam]1.0
*[name]tree[x]20[z]583[height]3.8[diam]3.8
*[name]flag[x]33[z]584[height]1.0[diam]1.0
*[name]tree[x]27[z]585[height]2.4[diam]1.5
*[name]tree[x]21[z]586[height]3.3[diam]2.6
*[name]flag[x]14[z]587[height]1.0[diam]1.0
*[name]tree[x]28[z]587[height]3.5[diam]2.0
*[name]flag[x]33[z]593[height]1.0[diam]1.0
*[name]start[x]25[z]596[height]6.0[diam]9.0
*[name]flag[x]16[z]597[height]1.0[diam]1.0