*[name]finish[x]21[z]1[height]6.0[diam]9.0
*[name]herring[x]24[z]37[height]1.0[diam]1.0
*[name]herring[x]30[z]55[height]1.0[diam]1.0
*[name]herring[x]33[z]70[height]1.0[diam]1.0
*[name]herring[x]34[z]90[height]1.0[diam]1.0
*[name]float[x]32[z]100[height]1.0[diam]1.0
*[name]herring[x]31[z]117[height]1.0[diam]1.0
*[name]herring[x]30[z]126[height]1.0[diam]1.0
*[name]herring[x]30[z]132[height]1.0[diam]1.0
*[name]herring[x]28[z]149[height]1.0[diam]1.0
*[name]herring[x]23[z]178[height]1.0[diam]1.0
*[name]herring[x]21[z]204[height]1.0[diam]1.0
*[name]herring[x]24[z]233[height]1.0[diam]1.0
*[name]herring[x]27[z]252[height]1.0[diam]1.0
*[name]herring[x]30[z]284[height]1.0[diam]1.0
*[name]herring[x]29[z]301[height]1.0[diam]1.0
*[name]float[x]29[z]308[height]1.0[diam]1.0
*[name]herring[x]37[z]323[height]1.0[diam]1.0
*[name]herring[x]40[z]339[height]1.0[diam]1.0
*[name]herring[x]16[z]353[height]1.0[diam]1.0
*[name]herring[x]43[z]357[height]1.0[diam]1.0
*[name]herring[x]17[z]372[height]1.0[diam]1.0
*[name]herring[x]47[z]377[height]1.0[diam]1.0
*[name]herring[x]19[z]383[height]1.0[diam]1.0
*[name]herring[x]23[z]398[height]1.0[diam]1.0
*[name]herring[x]24[z]402[height]1.0[diam]1.0
*[name]herring[x]25[z]405[height]1.0[diam]1.0
*[name]herring[x]27[z]408[height]1.0[diam]1.0
*[name]herring[x]29[z]410[height]1.0[diam]1.0
*[name]herring[x]23[z]432[height]1.0[diam]1.0
*[name]herring[x]16[z]450[height]1.0[diam]1.0
*[name]float[x]20[z]465[height]1.0[diam]1.0
*[name]herring[x]22[z]473[height]1.0[diam]1.0
*[name]herring[x]29[z]492[height]1.0[diam]1.0
*[name]herring[x]28[z]515[height]1.0[diam]1.0
*[name]herring[x]31[z]541[height]1.0[diam]1.0
*[name]herring[x]29[z]560[height]1.0[diam]1.0
*[name]herring[x]30[z]583[height]1.0[diam]1.0
*[name]herring[x]32[z]591[height]1.0[diam]1.0
*[name]herring[x]33[z]600[height]1.0[diam]1.0
*[name]herring[x]34[z]606[height]1.0[diam]1.0
*[name]herring[x]34[z]612[height]1.0[diam]1.0
*[name]herring[x]34[z]617[height]1.0[diam]1.0
*[name]herring[x]34[z]621[height]1.0[diam]1.0
*[name]herring[x]35[z]637[height]1.0[diam]1.0
*[name]float[x]35[z]653[height]1.0[diam]1.0
*[name]herring[x]29[z]666[height]1.0[diam]1.0
*[name]herring[x]17[z]682[height]1.0[diam]1.0
*[name]herring[x]31[z]710[height]1.0[diam]1.0
*[name]herring[x]33[z]739[height]1.0[diam]1.0
*[name]herring[x]33[z]777[height]1.0[diam]1.0
*[name]herring[x]40[z]807[height]1.0[diam]1.0
*[name]herring[x]32[z]840[height]1.0[diam]1.0
*[name]herring[x]21[z]862[height]1.0[diam]1.0
*[name]herring[x]16[z]887[height]1.0[diam]1.0
*[name]herring[x]15[z]900[height]1.0[diam]1.0
*[name]herring[x]39[z]902[height]1.0[diam]1.0
*[name]herring[x]15[z]912[height]1.0[diam]1.0
*[name]float[x]41[z]915[height]1.0[diam]1.0
*[name]herring[x]15[z]924[height]1.0[diam]1.0
*[name]herring[x]39[z]926[height]1.0[diam]1.0
*[name]herring[x]17[z]939[height]1.0[diam]1.0
*[name]herring[x]18[z]957[height]1.0[diam]1.0
*[name]herring[x]22[z]978[height]1.0[diam]1.0
*[name]herring[x]25[z]995[height]1.0[diam]1.0
*[name]herring[x]29[z]1004[height]1.0[diam]1.0
*[name]herring[x]27[z]1023[height]1.0[diam]1.0
*[name]herring[x]30[z]1041[height]1.0[diam]1.0
*[name]herring[x]29[z]1056[height]1.0[diam]1.0
*[name]herring[x]36[z]1066[height]1.0[diam]1.0
*[name]herring[x]38[z]1079[height]1.0[diam]1.0
*[name]herring[x]39[z]1099[height]1.0[diam]1.0
*[name]float[x]37[z]1116[height]1.0[diam]1.0
*[name]herring[x]35[z]1123[height]1.0[diam]1.0
*[name]herring[x]32[z]1134[height]1.0[diam]1.0
*[name]herring[x]29[z]1146[height]1.0[diam]1.0
*[name]herring[x]27[z]1153[height]1.0[diam]1.0
*[name]herring[x]29[z]1269[height]1.0[diam]1.0
*[name]herring[x]31[z]1285[height]1.0[diam]1.0
*[name]float[x]33[z]1294[height]1.0[diam]1.0
*[name]herring[x]34[z]1303[height]1.0[diam]1.0
*[name]herring[x]37[z]1316[height]1.0[diam]1.0
*[name]herring[x]37[z]1328[height]1.0[diam]1.0
*[name]herring[x]33[z]1352[height]1.0[diam]1.0
*[name]herring[x]29[z]1366[height]1.0[diam]1.0
*[name]herring[x]26[z]1380[height]1.0[diam]1.0
*[name]herring[x]30[z]1391[height]1.0[diam]1.0
*[name]herring[x]33[z]1403[height]1.0[diam]1.0
*[name]herring[x]34[z]1412[height]1.0[diam]1.0
*[name]herring[x]19[z]1414[height]1.0[diam]1.0
*[name]herring[x]36[z]1420[height]1.0[diam]1.0
*[name]herring[x]36[z]1430[height]1.0[diam]1.0
*[name]herring[x]36[z]1437[height]1.0[diam]1.0
*[name]herring[x]17[z]1441[height]1.0[diam]1.0
*[name]herring[x]37[z]1444[height]1.0[diam]1.0
*[name]herring[x]38[z]1451[height]1.0[diam]1.0
*[name]herring[x]37[z]1456[height]1.0[diam]1.0
*[name]herring[x]20[z]1464[height]1.0[diam]1.0
*[name]herring[x]36[z]1466[height]1.0[diam]1.0
*[name]herring[x]35[z]1474[height]1.0[diam]1.0
*[name]herring[x]32[z]1482[height]1.0[diam]1.0
*[name]herring[x]25[z]1493[height]1.0[diam]1.0
*[name]float[x]26[z]1501[height]1.0[diam]1.0
*[name]herring[x]27[z]1509[height]1.0[diam]1.0
*[name]herring[x]29[z]1514[height]1.0[diam]1.0
*[name]herring[x]19[z]1518[height]1.0[diam]1.0
*[name]herring[x]17[z]1528[height]1.0[diam]1.0
*[name]herring[x]35[z]1530[height]1.0[diam]1.0
*[name]herring[x]16[z]1536[height]1.0[diam]1.0
*[name]herring[x]14[z]1545[height]1.0[diam]1.0
*[name]herring[x]39[z]1552[height]1.0[diam]1.0
*[name]herring[x]13[z]1555[height]1.0[diam]1.0
*[name]herring[x]39[z]1556[height]1.0[diam]1.0
*[name]herring[x]39[z]1560[height]1.0[diam]1.0
*[name]herring[x]13[z]1566[height]1.0[diam]1.0
*[name]herring[x]13[z]1574[height]1.0[diam]1.0
*[name]herring[x]37[z]1574[height]1.0[diam]1.0
*[name]herring[x]15[z]1583[height]1.0[diam]1.0
*[name]herring[x]17[z]1591[height]1.0[diam]1.0
*[name]herring[x]30[z]1591[height]1.0[diam]1.0
*[name]herring[x]25[z]1611[height]1.0[diam]1.0
*[name]herring[x]22[z]1626[height]1.0[diam]1.0
*[name]herring[x]22[z]1636[height]1.0[diam]1.0
*[name]herring[x]24[z]1647[height]1.0[diam]1.0
*[name]float[x]26[z]1653[height]1.0[diam]1.0
*[name]herring[x]28[z]1659[height]1.0[diam]1.0
*[name]herring[x]29[z]1675[height]1.0[diam]1.0
*[name]herring[x]24[z]1687[height]1.0[diam]1.0
*[name]herring[x]22[z]1700[height]1.0[diam]1.0
*[name]herring[x]23[z]1709[height]1.0[diam]1.0
*[name]herring[x]26[z]1724[height]1.0[diam]1.0
*[name]herring[x]30[z]1735[height]1.0[diam]1.0
*[name]herring[x]30[z]1743[height]1.0[diam]1.0
*[name]herring[x]28[z]1751[height]1.0[diam]1.0
*[name]start[x]29[z]1793[height]6.0[diam]9.0