# Please, don't change the idx

*[idx] 0 [engl] Press any key to start [trans] Druk een toets om te starten
*[idx] 1 [engl] Enter an event [trans] Evenementen
*[idx] 2 [engl] Practice [trans] Oefenen
*[idx] 3 [engl] Configuration [trans] Configuratie
*[idx] 4 [engl] Credits [trans] Credits
*[idx] 5 [engl] Quit [trans] Verlaten
*[idx] 6 [engl] Select an event [trans] Selecteer een evenenment
*[idx] 7 [engl] Select a cup [trans] Select een bekerwedstrijd
*[idx] 8 [engl] Back [trans] Terug
*[idx] 9 [engl] Continue [trans] Ga verder
*[idx] 10 [engl] You cannot enter this cup yet [trans] Je kan deze bekerwedstrijd nog niet betreden

*[idx] 11 [engl] Herring: [trans] Haring:
*[idx] 12 [engl] Time: [trans] Tijd:
*[idx] 13 [engl] Race! [trans] Race!
*[idx] 14 [engl] seconds [trans] seconden
*[idx] 15 [engl] Ok [trans] Ok
*[idx] 16 [engl] Congratulations! You won the cup! [trans] Proficiat! Je heb de beker gewonnen!
*[idx] 17 [engl] You have reached level [trans] Je hebt het bekomen. Level:
*[idx] 18 [engl] Sorry, you didn't advance [trans] Helaas, je hebt geen vooruitgang
*[idx] 19 [engl] You don't have any lives left [trans] Je hebt geen levens over
*[idx] 20 [engl] Select a race [trans] Selecteer een race

*[idx] 21 [engl] Failed, -1 Tuxlive [trans] Gefaald, -1 leven.
*[idx] 22 [engl] Success, +/- 0 Tuxlive [trans] Geslaagd, +/- 0 leven.
*[idx] 23 [engl] Success, +1 Tuxlive [trans] Geslaagd, + 1 leven.
*[idx] 24 [engl] Success, +2 Tuxlive [trans] Geslaagd, + 2 levens.
*[idx] 25 [engl] Race aborted [trans] Race onderbroken
*[idx] 26 [engl] Score: [trans] Score:
*[idx] 27 [engl] points [trans] punten

*[idx] 28 [engl] Cancel [trans] Annuleren
*[idx] 29 [engl] Loading [trans] Laden
*[idx] 30 [engl] Please wait... [trans] Wacht ajb...

*[idx] 31 [engl] Fullscreen: [trans] Volledig scherm:
*[idx] 32 [engl] Resolution: [trans] Resolutie:
*[idx] 33 [engl] Music volume: [trans] Muziek volume:
*[idx] 34 [engl] Sound volume: [trans] Geluid volume:
*[idx] 35 [engl] Language: [trans] Taal:
*[idx] 36 [engl] Level of detail: [trans] Niveau van detail:
*[idx] 37 [engl] Contributed by: [trans] Bijgedragen door:
*[idx] 38 [engl] Event: [trans] Evenement:
*[idx] 39 [engl] Cup: [trans] Beker:
*[idx] 40 [engl] Race Over [trans] Race voorbij

*[idx] 41 [engl] For more configuration options, please edit the [trans] Voor meer configuratieopties, ajb, bewerk het
*[idx] 42 [engl] file 'options.txt' and read the documentation. [trans] bestand 'options.txt' en lees de documentatie.
*[idx] 43 [engl] Help [trans] Help
*[idx] 44 [engl] 1, 2, 3 - change view mode [trans] 1, 2, 3 - verander de schermmode
*[idx] 45 [engl] F - hide/show fps display [trans] F - toon/verberg fps van scherm
*[idx] 46 [engl] H - hide/show hud display [trans] F - toon/verberg fps van scherm
*[idx] 47 [engl] S - screenshot [trans] S - screenshot
*[idx] 48 [engl] U - toggle ui snow [trans] U - aan/uitschakelaar gebruikersinterface sneeuw
*[idx] 49 [engl] P - set pause mode [trans] P - zet op pauze
*[idx] 50 [engl] T - trick [trans] T - truc
*[idx] 51 [engl] ESC - abort Race [trans] ESC - verlaat Race
*[idx] 52 [engl] SPACE - jump [trans] SPACE - spring
*[idx] 53 [engl] CRSR Left - turn left [trans] Pijl Left - draai links
*[idx] 54 [engl] CRSR Right - turn right [trans] Pijl Rechts - draar rechts
*[idx] 55 [engl] CRSR Up - accelerate [trans] Pijl Omhoog - versnel
*[idx] 56 [engl] CRSR down - brake [trans] Pijl Beneden - rem
*[idx] 57 [engl] Keyboard Functions [trans] Toetsenbordfuncties

*[idx] 58 [engl] Select your player name: [trans] Selecteer je spelersnaam:
*[idx] 59 [engl] Select a character: [trans] Selecteer een karakter
*[idx] 60 [engl] Enter [trans] Verder
*[idx] 61 [engl] Register a new player [trans] Registreer een nieuwe speler

*[idx] 62 [engl] Highscore list [trans] Hogescorelijst
*[idx] 63 [engl] No entries for this race [trans] Geen toegang voor deze race
*[idx] 64 [engl] Back [trans] Terug

*[idx] 65 [engl] Press any key to return to the main menu [trans] Druk een toets om terug te keren naar het hoofdmenu
*[idx] 66 [engl] Enter a name for the new player and select an avatar: [trans] Voer een naam in voor de nieuwe speler en selecteer een avatar

*[idx] 67 [engl] Loading resources, [trans] Bezig met bronnen te laden,
*[idx] 68 [engl] please wait ... [trans] wacht ajb

*[idx] 69 [engl] Mirror track: Off [trans] Spiegel traject: uit
*[idx] 70 [engl] Mirror track: On [trans] Spiegel traject: aan

*[idx] 71 [engl] Light: Sunny [trans] Licht: zonnig
*[idx] 72 [engl] Light: Cloudy [trans] Licht: bewolkt
*[idx] 73 [engl] Light: Evening [trans] Licht: avond
*[idx] 74 [engl] Light: Night [trans] Licht: nacht

*[idx] 75 [engl] Snow: No [trans] Sneeuw: Nee
*[idx] 76 [engl] Snow: A little [trans] Sneeuw: Weinig
*[idx] 77 [engl] Snow: Some [trans] Sneeuw: Wat
*[idx] 78 [engl] Snow: A lot [trans] sneeuw: Veel

*[idx] 79 [engl] Wind: No [trans] Wind: Nee
*[idx] 80 [engl] Wind: Breeze [trans] Wind: Bries
*[idx] 81 [engl] Wind: Strong [trans] Wind: Sterk
*[idx] 82 [engl] Wind: Blustery [trans] Wind: Stormachtig

*[idx] 83 [engl] Randomize settings [trans] Willekeurige instellingen

*[idx] 84 [engl] Score [trans] Score
*[idx] 85 [engl] Herring [trans] Haring
*[idx] 86 [engl] Time [trans] Tijd
*[idx] 87 [engl] Path length [trans] Padlengte
*[idx] 88 [engl] Average speed [trans] Gemiddelde snelheid
*[idx] 89 [engl] Position [trans] Positie
*[idx] 90 [engl] in highscore list [trans] in hogeschorelijst

*[idx] 91 [engl] Author [trans] Auteur

*[idx] 92 [engl] Loading courses failed. [trans] Laden van parcours gefaald.
*[idx] 93 [engl] Loading characters failed. [trans] Laden van karakters gefaald.
*[idx] 94 [engl] Loading environments failed. [trans] Laden van omgevingen gefaald.
*[idx] 95 [engl] Loading terrains failed. [trans] Laden van terreinen gefaald.
*[idx] 96 [engl] Loading avatars failed. [trans]Laden van avatars gefaald.
*[idx] 97 [engl] herrings [trans] haringen
*[idx] 98 [engl] sec [trans] sec
