# Please, don't change the idx

*[idx] 0 [engl] PRESS ANY KEY TO START [trans] PRESS ANY KEY TO START
*[idx] 1 [engl] Enter an event [trans] Enter an event
*[idx] 2 [engl] Practice [trans] Practice
*[idx] 3 [engl] Configuration [trans] Configuration
*[idx] 4 [engl] Credits [trans] Credits
*[idx] 5 [engl] Quit [trans] Quit
*[idx] 6 [engl] Select an event [trans] Select an event
*[idx] 7 [engl] Select a cup [trans] Select a cup
*[idx] 8 [engl] Back [trans] Back
*[idx] 9 [engl] Continue [trans] Continue
*[idx] 10 [engl] You cannot enter this cup yet 
	[trans] You cannot enter this cup yet

*[idx] 11 [engl] Herring: [trans] Herring:
*[idx] 12 [engl] Time: [trans] Time:
*[idx] 13 [engl] Race! [trans] Race!
*[idx] 14 [engl] seconds [trans] seconds
*[idx] 15 [engl] Ok [trans] Ok
*[idx] 16 [engl] Congratulations! You won the cup! 
	[trans] Congratulations! You won the cup!
*[idx] 17 [engl] You have reached level [trans] You have reached level
*[idx] 18 [engl] Sorry, you didn't advance [trans] Sorry, you didn't advance
*[idx] 19 [engl] You don't have any lives left [trans] You don't have any lives left
*[idx] 20 [engl] Select a race [trans] Select a race

*[idx] 21 [engl] Failed, -1 Tuxlive [trans] Failed, -1 Tuxlive
*[idx] 22 [engl] Success, +/- 0 Tuxlive [trans] Success, +/- 0 Tuxlive
*[idx] 23 [engl] Success, +1 Tuxlive [trans] Success, +1 Tuxlive
*[idx] 24 [engl] Success, +2 Tuxlive [trans] Success, +2 Tuxlive
*[idx] 25 [engl] Race aborted [trans] Race aborted
*[idx] 26 [engl] Score: [trans] Score: 
*[idx] 27 [engl] points [trans] points

*[idx] 28 [engl] Cancel [trans] Cancel
*[idx] 29 [engl] Loading [trans] Loading
*[idx] 30 [engl] Please wait... [trans] Please wait...

*[idx] 31 [engl] Fullscreen: [trans] Fullscreen:
*[idx] 32 [engl] Resolution: [trans] Resolution:
*[idx] 33 [engl] Music volume: [trans] Music volume:
*[idx] 34 [engl] Sound volume: [trans] Sound volume:
*[idx] 35 [engl] Language: [trans] Language:
*[idx] 36 [engl] Level of detail: [trans] Level of detail:
*[idx] 37 [engl] Contributed by: [trans] Contributed by:
*[idx] 38 [engl] Event: [trans] Event:
*[idx] 39 [engl] Cup: [trans] Cup: 
*[idx] 40 [engl] Race Over [trans] Race Over

*[idx] 41 [engl] For more configuration options, please edit the 
	[trans] For more configuration options, please edit the 
*[idx] 42 [engl] file 'options.lst' and read the documentation. 
	[trans] file 'options.lst' and read the documentation. 

*[idx] 43 [engl] Help [trans] Help
*[idx] 44 [engl] 1, 2, 3 - change view mode [trans] 1, 2, 3 - change view mode
*[idx] 45 [engl] F - hide/show fps display [trans] F - hide/show fps display
*[idx] 46 [engl] H - hide/show hud display [trans] H - hide/show hud display
*[idx] 47 [engl] S - screenshot [trans] S - screenshot
*[idx] 48 [engl] U - toggle ui snow [trans]  U - toggle ui snow
*[idx] 49 [engl] P - set pause mode [trans]  P - set pause mode
*[idx] 50 [engl] T - trick [trans] T - trick
*[idx] 51 [engl] ESC - abort Race [trans]  ESC - abort Race
*[idx] 52 [engl] SPACE - jump [trans] SPACE - jump
*[idx] 53 [engl] CRSR Left - turn left [trans] CRSR Left - turn left
*[idx] 54 [engl] CRSR Left - turn left [trans] CRSR Left - turn left
*[idx] 55 [engl] CRSR Up - accelerate [trans] CRSR Up - accelerate
*[idx] 56 [engl] CRSR down - brake [trans] CRSR down - brake
*[idx] 57 [engl] Keyboard Functions [trans]  Keyboard Functions
