*[name]tree[x]18[z]1[height]6.0[diam]6.0
*[name]flag[x]28[z]1[height]1.0[diam]1.0
*[name]flag[x]29[z]1[height]1.0[diam]1.0
*[name]flag[x]30[z]1[height]1.0[diam]1.0
*[name]flag[x]31[z]1[height]1.0[diam]1.0
*[name]flag[x]27[z]2[height]1.0[diam]1.0
*[name]tree[x]28[z]2[height]6.0[diam]6.0
*[name]tree[x]31[z]2[height]6.0[diam]6.0
*[name]flag[x]32[z]2[height]1.0[diam]1.0
*[name]tree[x]34[z]2[height]6.0[diam]6.0
*[name]tree[x]7[z]3[height]6.0[diam]6.0
*[name]tree[x]14[z]3[height]6.0[diam]6.0
*[name]tree[x]26[z]3[height]6.0[diam]6.0
*[name]flag[x]27[z]3[height]1.0[diam]1.0
*[name]flag[x]32[z]3[height]1.0[diam]1.0
*[name]tree[x]38[z]3[height]6.0[diam]6.0
*[name]tree[x]49[z]3[height]6.0[diam]6.0
*[name]tree[x]23[z]4[height]6.0[diam]6.0
*[name]flag[x]26[z]4[height]1.0[diam]1.0
*[name]finish[x]30[z]4[height]6.0[diam]9.0
*[name]flag[x]33[z]4[height]1.0[diam]1.0
*[name]tree[x]41[z]4[height]6.0[diam]6.0
*[name]tree[x]26[z]5[height]6.0[diam]6.0
*[name]tree[x]33[z]5[height]6.0[diam]6.0
*[name]tree[x]35[z]5[height]6.0[diam]6.0
*[name]tree[x]4[z]6[height]6.0[diam]6.0
*[name]flag[x]26[z]6[height]1.0[diam]1.0
*[name]flag[x]33[z]6[height]1.0[diam]1.0
*[name]tree[x]18[z]7[height]6.0[diam]6.0
*[name]flag[x]34[z]7[height]1.0[diam]1.0
*[name]tree[x]39[z]7[height]6.0[diam]6.0
*[name]tree[x]45[z]7[height]6.0[diam]6.0
*[name]flag[x]24[z]8[height]1.0[diam]1.0
*[name]tree[x]47[z]8[height]6.0[diam]6.0
*[name]flag[x]22[z]9[height]1.0[diam]1.0
*[name]flag[x]37[z]9[height]1.0[diam]1.0
*[name]tree[x]12[z]10[height]6.0[diam]6.0
*[name]tree[x]16[z]10[height]6.0[diam]6.0
*[name]tree[x]43[z]10[height]6.0[diam]6.0
*[name]flag[x]20[z]11[height]1.0[diam]1.0
*[name]flag[x]39[z]11[height]1.0[diam]1.0
*[name]tree[x]42[z]11[height]6.0[diam]6.0
*[name]tree[x]2[z]12[height]6.0[diam]6.0
*[name]flag[x]19[z]13[height]1.0[diam]1.0
*[name]flag[x]41[z]13[height]1.0[diam]1.0
*[name]tree[x]45[z]13[height]6.0[diam]6.0
*[name]tree[x]8[z]14[height]6.0[diam]6.0
*[name]tree[x]50[z]14[height]6.0[diam]6.0
*[name]flag[x]17[z]15[height]1.0[diam]1.0
*[name]flag[x]42[z]16[height]1.0[diam]1.0
*[name]tree[x]2[z]17[height]6.0[diam]6.0
*[name]tree[x]14[z]17[height]6.0[diam]6.0
*[name]flag[x]16[z]17[height]1.0[diam]1.0
*[name]tree[x]18[z]17[height]6.0[diam]6.0
*[name]tree[x]23[z]17[height]6.0[diam]6.0
*[name]flag[x]26[z]17[height]1.0[diam]1.0
*[name]flag[x]33[z]17[height]1.0[diam]1.0
*[name]flag[x]44[z]18[height]1.0[diam]1.0
*[name]tree[x]6[z]20[height]6.0[diam]6.0
*[name]tree[x]13[z]20[height]6.0[diam]6.0
*[name]flag[x]26[z]20[height]1.0[diam]1.0
*[name]flag[x]33[z]20[height]1.0[diam]1.0
*[name]herring[x]30[z]21[height]1.0[diam]1.0
*[name]tree[x]37[z]21[height]6.0[diam]6.0
*[name]tree[x]41[z]21[height]6.0[diam]6.0
*[name]tree[x]44[z]21[height]6.0[diam]6.0
*[name]tree[x]49[z]21[height]6.0[diam]6.0
*[name]flag[x]26[z]23[height]1.0[diam]1.0
*[name]flag[x]33[z]23[height]1.0[diam]1.0
*[name]tree[x]50[z]23[height]6.0[diam]6.0
*[name]tree[x]17[z]25[height]6.0[diam]6.0
*[name]tree[x]40[z]25[height]6.0[diam]6.0
*[name]flag[x]26[z]26[height]1.0[diam]1.0
*[name]flag[x]33[z]26[height]1.0[diam]1.0
*[name]tree[x]56[z]26[height]6.0[diam]6.0
*[name]tree[x]3[z]27[height]6.0[diam]6.0
*[name]tree[x]44[z]27[height]6.0[diam]6.0
*[name]flag[x]26[z]28[height]1.0[diam]1.0
*[name]flag[x]33[z]28[height]1.0[diam]1.0
*[name]tree[x]38[z]28[height]6.0[diam]6.0
*[name]herring[x]30[z]29[height]1.0[diam]1.0
*[name]tree[x]42[z]30[height]6.0[diam]6.0
*[name]tree[x]50[z]30[height]6.0[diam]6.0
*[name]tree[x]19[z]31[height]6.0[diam]6.0
*[name]flag[x]26[z]31[height]1.0[diam]1.0
*[name]flag[x]33[z]31[height]1.0[diam]1.0
*[name]tree[x]11[z]32[height]6.0[diam]6.0
*[name]tree[x]53[z]32[height]6.0[diam]6.0
*[name]herring[x]30[z]33[height]1.0[diam]1.0
*[name]tree[x]44[z]33[height]6.0[diam]6.0
*[name]flag[x]26[z]34[height]1.0[diam]1.0
*[name]flag[x]33[z]34[height]1.0[diam]1.0
*[name]tree[x]45[z]36[height]6.0[diam]6.0
*[name]flag[x]25[z]37[height]1.0[diam]1.0
*[name]flag[x]34[z]37[height]1.0[diam]1.0
*[name]tree[x]15[z]39[height]6.0[diam]6.0
*[name]tree[x]52[z]39[height]6.0[diam]6.0
*[name]flag[x]24[z]41[height]1.0[diam]1.0
*[name]flag[x]35[z]41[height]1.0[diam]1.0
*[name]tree[x]50[z]42[height]6.0[diam]6.0
*[name]tree[x]56[z]44[height]6.0[diam]6.0
*[name]flag[x]23[z]45[height]1.0[diam]1.0
*[name]flag[x]36[z]45[height]1.0[diam]1.0
*[name]tree[x]46[z]45[height]6.0[diam]6.0
*[name]tree[x]54[z]47[height]6.0[diam]6.0
*[name]tree[x]12[z]48[height]6.0[diam]6.0
*[name]tree[x]16[z]48[height]6.0[diam]6.0
*[name]flag[x]23[z]49[height]1.0[diam]1.0
*[name]flag[x]36[z]49[height]1.0[diam]1.0
*[name]tree[x]48[z]50[height]6.0[diam]6.0
*[name]flag[x]23[z]53[height]1.0[diam]1.0
*[name]flag[x]36[z]53[height]1.0[diam]1.0
*[name]tree[x]53[z]53[height]6.0[diam]6.0
*[name]tree[x]45[z]54[height]6.0[diam]6.0
*[name]tree[x]19[z]55[height]6.0[diam]6.0
*[name]flag[x]23[z]57[height]1.0[diam]1.0
*[name]flag[x]36[z]57[height]1.0[diam]1.0
*[name]tree[x]11[z]61[height]6.0[diam]6.0
*[name]flag[x]23[z]61[height]1.0[diam]1.0
*[name]flag[x]36[z]61[height]1.0[diam]1.0
*[name]tree[x]51[z]61[height]6.0[diam]6.0
*[name]tree[x]18[z]64[height]6.0[diam]6.0
*[name]tree[x]19[z]64[height]6.0[diam]6.0
*[name]flag[x]23[z]65[height]1.0[diam]1.0
*[name]flag[x]36[z]65[height]1.0[diam]1.0
*[name]tree[x]47[z]66[height]6.0[diam]6.0
*[name]flag[x]23[z]69[height]1.0[diam]1.0
*[name]flag[x]36[z]69[height]1.0[diam]1.0
*[name]flag[x]23[z]72[height]1.0[diam]1.0
*[name]flag[x]36[z]72[height]1.0[diam]1.0
*[name]flag[x]23[z]74[height]1.0[diam]1.0
*[name]flag[x]36[z]74[height]1.0[diam]1.0
*[name]tree[x]12[z]75[height]6.0[diam]6.0
*[name]tree[x]54[z]75[height]6.0[diam]6.0
*[name]flag[x]23[z]77[height]1.0[diam]1.0
*[name]flag[x]36[z]77[height]1.0[diam]1.0
*[name]tree[x]45[z]81[height]6.0[diam]6.0
*[name]tree_barren[x]13[z]82[height]10.0[diam]10.0
*[name]tree_barren[x]16[z]82[height]10.0[diam]10.0
*[name]tree_barren[x]27[z]83[height]10.0[diam]10.0
*[name]tree_barren[x]32[z]83[height]10.0[diam]10.0
*[name]tree[x]10[z]84[height]6.0[diam]6.0
*[name]tree_barren[x]47[z]84[height]10.0[diam]10.0
*[name]tree_barren[x]17[z]85[height]10.0[diam]10.0
*[name]tree_barren[x]22[z]85[height]10.0[diam]10.0
*[name]tree_barren[x]37[z]85[height]10.0[diam]10.0
*[name]tree[x]53[z]85[height]6.0[diam]6.0
*[name]tree[x]43[z]86[height]6.0[diam]6.0
*[name]tree[x]12[z]87[height]6.0[diam]6.0
*[name]tree[x]19[z]87[height]6.0[diam]6.0
*[name]tree_barren[x]14[z]88[height]10.0[diam]10.0
*[name]tree_barren[x]41[z]88[height]10.0[diam]10.0
*[name]tree_barren[x]53[z]88[height]10.0[diam]10.0
*[name]flag[x]26[z]89[height]1.0[diam]1.0
*[name]herring[x]30[z]89[height]1.0[diam]1.0
*[name]flag[x]35[z]89[height]1.0[diam]1.0
*[name]tree_barren[x]49[z]89[height]10.0[diam]10.0
*[name]tree_barren[x]9[z]91[height]10.0[diam]10.0
*[name]tree_barren[x]13[z]91[height]10.0[diam]10.0
*[name]tree_barren[x]16[z]91[height]10.0[diam]10.0
*[name]tree_barren[x]46[z]91[height]10.0[diam]10.0
*[name]tree_barren[x]50[z]91[height]10.0[diam]10.0
*[name]flag[x]36[z]92[height]1.0[diam]1.0
*[name]tree_barren[x]57[z]92[height]10.0[diam]10.0
*[name]tree_barren[x]21[z]93[height]10.0[diam]10.0
*[name]flag[x]23[z]93[height]1.0[diam]1.0
*[name]tree_barren[x]48[z]93[height]10.0[diam]10.0
*[name]tree_barren[x]10[z]94[height]10.0[diam]10.0
*[name]tree_barren[x]16[z]94[height]10.0[diam]10.0
*[name]herring[x]30[z]94[height]1.0[diam]1.0
*[name]tree_barren[x]41[z]94[height]10.0[diam]10.0
*[name]flag[x]36[z]96[height]1.0[diam]1.0
*[name]flag[x]23[z]97[height]1.0[diam]1.0
*[name]tree[x]53[z]97[height]6.0[diam]6.0
*[name]tree_barren[x]40[z]98[height]10.0[diam]10.0
*[name]herring[x]30[z]99[height]1.0[diam]1.0
*[name]tree_barren[x]44[z]99[height]10.0[diam]10.0
*[name]tree_barren[x]21[z]101[height]10.0[diam]10.0
*[name]flag[x]23[z]101[height]1.0[diam]1.0
*[name]flag[x]36[z]101[height]1.0[diam]1.0
*[name]tree_barren[x]42[z]102[height]10.0[diam]10.0
*[name]tree[x]12[z]103[height]6.0[diam]6.0
*[name]tree[x]47[z]103[height]6.0[diam]6.0
*[name]tree_barren[x]53[z]103[height]10.0[diam]10.0
*[name]flag[x]23[z]105[height]1.0[diam]1.0
*[name]flag[x]36[z]105[height]1.0[diam]1.0
*[name]flag[x]23[z]109[height]1.0[diam]1.0
*[name]flag[x]36[z]109[height]1.0[diam]1.0
*[name]tree[x]19[z]110[height]6.0[diam]6.0
*[name]tree[x]53[z]111[height]6.0[diam]6.0
*[name]tree_barren[x]48[z]112[height]10.0[diam]10.0
*[name]flag[x]23[z]113[height]1.0[diam]1.0
*[name]flag[x]36[z]113[height]1.0[diam]1.0
*[name]tree[x]11[z]116[height]6.0[diam]6.0
*[name]tree[x]48[z]116[height]6.0[diam]6.0
*[name]flag[x]23[z]117[height]1.0[diam]1.0
*[name]flag[x]36[z]117[height]1.0[diam]1.0
*[name]tree_barren[x]52[z]117[height]10.0[diam]10.0
*[name]tree[x]13[z]120[height]6.0[diam]6.0
*[name]flag[x]23[z]121[height]1.0[diam]1.0
*[name]flag[x]35[z]121[height]1.0[diam]1.0
*[name]tree[x]18[z]124[height]6.0[diam]6.0
*[name]flag[x]23[z]124[height]1.0[diam]1.0
*[name]flag[x]35[z]124[height]1.0[diam]1.0
*[name]tree[x]46[z]125[height]6.0[diam]6.0
*[name]tree[x]11[z]126[height]6.0[diam]6.0
*[name]tree[x]15[z]126[height]6.0[diam]6.0
*[name]tree[x]53[z]126[height]6.0[diam]6.0
*[name]flag[x]23[z]128[height]1.0[diam]1.0
*[name]flag[x]35[z]128[height]1.0[diam]1.0
*[name]tree[x]16[z]129[height]6.0[diam]6.0
*[name]tree_barren[x]50[z]129[height]10.0[diam]10.0
*[name]tree[x]55[z]129[height]6.0[diam]6.0
*[name]flag[x]23[z]131[height]1.0[diam]1.0
*[name]flag[x]35[z]131[height]1.0[diam]1.0
*[name]tree[x]10[z]133[height]6.0[diam]6.0
*[name]tree[x]20[z]134[height]6.0[diam]6.0
*[name]flag[x]23[z]134[height]1.0[diam]1.0
*[name]flag[x]35[z]134[height]1.0[diam]1.0
*[name]tree[x]48[z]134[height]6.0[diam]6.0
*[name]tree[x]54[z]134[height]6.0[diam]6.0
*[name]tree[x]16[z]137[height]6.0[diam]6.0
*[name]flag[x]23[z]137[height]1.0[diam]1.0
*[name]flag[x]35[z]137[height]1.0[diam]1.0
*[name]flag[x]23[z]141[height]1.0[diam]1.0
*[name]flag[x]35[z]141[height]1.0[diam]1.0
*[name]tree[x]42[z]142[height]6.0[diam]6.0
*[name]tree[x]53[z]142[height]6.0[diam]6.0
*[name]flag[x]23[z]144[height]1.0[diam]1.0
*[name]flag[x]35[z]144[height]1.0[diam]1.0
*[name]tree[x]8[z]146[height]6.0[diam]6.0
*[name]tree[x]18[z]146[height]6.0[diam]6.0
*[name]tree[x]48[z]146[height]6.0[diam]6.0
*[name]flag[x]24[z]147[height]1.0[diam]1.0
*[name]flag[x]34[z]147[height]1.0[diam]1.0
*[name]tree[x]13[z]148[height]6.0[diam]6.0
*[name]flag[x]25[z]150[height]1.0[diam]1.0
*[name]flag[x]33[z]150[height]1.0[diam]1.0
*[name]tree[x]56[z]150[height]6.0[diam]6.0
*[name]flag[x]25[z]152[height]1.0[diam]1.0
*[name]flag[x]33[z]152[height]1.0[diam]1.0
*[name]tree[x]41[z]153[height]6.0[diam]6.0
*[name]tree[x]46[z]153[height]6.0[diam]6.0
*[name]tree[x]15[z]154[height]6.0[diam]6.0
*[name]tree[x]20[z]155[height]6.0[diam]6.0
*[name]tree[x]11[z]157[height]6.0[diam]6.0
*[name]tree[x]20[z]159[height]6.0[diam]6.0
*[name]tree[x]38[z]159[height]6.0[diam]6.0
*[name]tree[x]16[z]160[height]6.0[diam]6.0
*[name]tree[x]47[z]163[height]6.0[diam]6.0
*[name]tree[x]12[z]165[height]6.0[diam]6.0
*[name]flag[x]25[z]165[height]1.0[diam]1.0
*[name]herring[x]29[z]165[height]1.0[diam]1.0
*[name]flag[x]32[z]165[height]1.0[diam]1.0
*[name]herring[x]29[z]169[height]1.0[diam]1.0
*[name]flag[x]24[z]170[height]1.0[diam]1.0
*[name]flag[x]33[z]170[height]1.0[diam]1.0
*[name]tree[x]42[z]170[height]6.0[diam]6.0
*[name]tree[x]51[z]171[height]6.0[diam]6.0
*[name]tree[x]53[z]171[height]6.0[diam]6.0
*[name]tree[x]18[z]172[height]6.0[diam]6.0
*[name]herring[x]30[z]173[height]1.0[diam]1.0
*[name]flag[x]24[z]174[height]1.0[diam]1.0
*[name]flag[x]34[z]174[height]1.0[diam]1.0
*[name]tree[x]53[z]175[height]6.0[diam]6.0
*[name]flag[x]23[z]177[height]1.0[diam]1.0
*[name]flag[x]36[z]177[height]1.0[diam]1.0
*[name]herring[x]30[z]178[height]1.0[diam]1.0
*[name]tree[x]14[z]180[height]6.0[diam]6.0
*[name]flag[x]23[z]180[height]1.0[diam]1.0
*[name]flag[x]36[z]180[height]1.0[diam]1.0
*[name]flag[x]23[z]183[height]1.0[diam]1.0
*[name]flag[x]36[z]183[height]1.0[diam]1.0
*[name]tree[x]43[z]184[height]6.0[diam]6.0
*[name]tree[x]51[z]184[height]6.0[diam]6.0
*[name]tree[x]11[z]185[height]6.0[diam]6.0
*[name]flag[x]23[z]186[height]1.0[diam]1.0
*[name]flag[x]36[z]186[height]1.0[diam]1.0
*[name]tree[x]15[z]189[height]6.0[diam]6.0
*[name]flag[x]23[z]189[height]1.0[diam]1.0
*[name]flag[x]36[z]189[height]1.0[diam]1.0
*[name]flag[x]23[z]192[height]1.0[diam]1.0
*[name]flag[x]36[z]192[height]1.0[diam]1.0
*[name]tree[x]14[z]194[height]6.0[diam]6.0
*[name]tree[x]45[z]194[height]6.0[diam]6.0
*[name]flag[x]23[z]195[height]1.0[diam]1.0
*[name]flag[x]36[z]195[height]1.0[diam]1.0
*[name]tree[x]50[z]196[height]6.0[diam]6.0
*[name]tree[x]53[z]196[height]6.0[diam]6.0
*[name]tree[x]12[z]197[height]6.0[diam]6.0
*[name]flag[x]23[z]198[height]1.0[diam]1.0
*[name]flag[x]36[z]198[height]1.0[diam]1.0
*[name]flag[x]24[z]200[height]1.0[diam]1.0
*[name]flag[x]36[z]200[height]1.0[diam]1.0
*[name]flag[x]26[z]202[height]1.0[diam]1.0
*[name]flag[x]37[z]202[height]1.0[diam]1.0
*[name]tree[x]14[z]204[height]6.0[diam]6.0
*[name]flag[x]28[z]204[height]1.0[diam]1.0
*[name]flag[x]37[z]205[height]1.0[diam]1.0
*[name]tree_barren[x]51[z]205[height]10.0[diam]10.0
*[name]tree[x]18[z]206[height]6.0[diam]6.0
*[name]flag[x]29[z]206[height]1.0[diam]1.0
*[name]tree[x]57[z]206[height]6.0[diam]6.0
*[name]tree[x]22[z]208[height]6.0[diam]6.0
*[name]tree_barren[x]44[z]209[height]10.0[diam]10.0
*[name]tree_barren[x]26[z]211[height]10.0[diam]10.0
*[name]tree_barren[x]39[z]211[height]10.0[diam]10.0
*[name]tree[x]16[z]212[height]6.0[diam]6.0
*[name]tree[x]44[z]212[height]6.0[diam]6.0
*[name]tree_barren[x]53[z]212[height]10.0[diam]10.0
*[name]flag[x]29[z]214[height]1.0[diam]1.0
*[name]flag[x]35[z]214[height]1.0[diam]1.0
*[name]tree[x]24[z]215[height]6.0[diam]6.0
*[name]tree_barren[x]41[z]216[height]10.0[diam]10.0
*[name]flag[x]28[z]217[height]1.0[diam]1.0
*[name]herring[x]32[z]217[height]1.0[diam]1.0
*[name]flag[x]36[z]217[height]1.0[diam]1.0
*[name]flag[x]28[z]219[height]1.0[diam]1.0
*[name]flag[x]36[z]219[height]1.0[diam]1.0
*[name]tree[x]57[z]219[height]6.0[diam]6.0
*[name]tree[x]22[z]220[height]6.0[diam]6.0
*[name]flag[x]27[z]221[height]1.0[diam]1.0
*[name]herring[x]32[z]221[height]1.0[diam]1.0
*[name]flag[x]37[z]221[height]1.0[diam]1.0
*[name]tree[x]17[z]222[height]6.0[diam]6.0
*[name]tree[x]46[z]222[height]6.0[diam]6.0
*[name]flag[x]26[z]223[height]1.0[diam]1.0
*[name]flag[x]37[z]223[height]1.0[diam]1.0
*[name]tree_barren[x]54[z]223[height]10.0[diam]10.0
*[name]tree[x]10[z]224[height]6.0[diam]6.0
*[name]tree_barren[x]54[z]224[height]10.0[diam]10.0
*[name]flag[x]26[z]225[height]1.0[diam]1.0
*[name]herring[x]32[z]225[height]1.0[diam]1.0
*[name]flag[x]37[z]225[height]1.0[diam]1.0
*[name]tree_barren[x]47[z]226[height]10.0[diam]10.0
*[name]tree[x]21[z]227[height]6.0[diam]6.0
*[name]flag[x]26[z]227[height]1.0[diam]1.0
*[name]flag[x]37[z]227[height]1.0[diam]1.0
*[name]flag[x]26[z]229[height]1.0[diam]1.0
*[name]herring[x]32[z]229[height]1.0[diam]1.0
*[name]flag[x]37[z]229[height]1.0[diam]1.0
*[name]tree[x]51[z]230[height]6.0[diam]6.0
*[name]flag[x]26[z]231[height]1.0[diam]1.0
*[name]flag[x]37[z]231[height]1.0[diam]1.0
*[name]tree[x]41[z]231[height]6.0[diam]6.0
*[name]tree[x]14[z]233[height]6.0[diam]6.0
*[name]flag[x]26[z]233[height]1.0[diam]1.0
*[name]flag[x]37[z]233[height]1.0[diam]1.0
*[name]flag[x]26[z]235[height]1.0[diam]1.0
*[name]flag[x]37[z]235[height]1.0[diam]1.0
*[name]tree[x]20[z]236[height]6.0[diam]6.0
*[name]tree[x]45[z]236[height]6.0[diam]6.0
*[name]tree_barren[x]49[z]236[height]10.0[diam]10.0
*[name]tree[x]10[z]237[height]6.0[diam]6.0
*[name]flag[x]26[z]237[height]1.0[diam]1.0
*[name]flag[x]37[z]237[height]1.0[diam]1.0
*[name]tree[x]56[z]238[height]6.0[diam]6.0
*[name]flag[x]26[z]239[height]1.0[diam]1.0
*[name]flag[x]37[z]239[height]1.0[diam]1.0
*[name]tree_barren[x]11[z]241[height]10.0[diam]10.0
*[name]flag[x]26[z]241[height]1.0[diam]1.0
*[name]flag[x]37[z]241[height]1.0[diam]1.0
*[name]flag[x]35[z]242[height]1.0[diam]1.0
*[name]flag[x]26[z]243[height]1.0[diam]1.0
*[name]herring[x]30[z]243[height]1.0[diam]1.0
*[name]tree[x]49[z]243[height]6.0[diam]6.0
*[name]tree[x]19[z]244[height]6.0[diam]6.0
*[name]flag[x]33[z]244[height]1.0[diam]1.0
*[name]tree[x]13[z]246[height]6.0[diam]6.0
*[name]flag[x]27[z]246[height]1.0[diam]1.0
*[name]flag[x]32[z]246[height]1.0[diam]1.0
*[name]tree_barren[x]19[z]249[height]10.0[diam]10.0
*[name]flag[x]27[z]249[height]1.0[diam]1.0
*[name]flag[x]32[z]249[height]1.0[diam]1.0
*[name]tree[x]38[z]249[height]6.0[diam]6.0
*[name]tree[x]45[z]249[height]6.0[diam]6.0
*[name]tree[x]54[z]249[height]6.0[diam]6.0
*[name]tree_barren[x]13[z]250[height]10.0[diam]10.0
*[name]tree_barren[x]48[z]250[height]10.0[diam]10.0
*[name]tree[x]16[z]253[height]6.0[diam]6.0
*[name]tree_barren[x]22[z]254[height]10.0[diam]10.0
*[name]herring[x]30[z]254[height]1.0[diam]1.0
*[name]tree[x]37[z]254[height]6.0[diam]6.0
*[name]tree_barren[x]45[z]255[height]10.0[diam]10.0
*[name]flag[x]27[z]256[height]1.0[diam]1.0
*[name]flag[x]32[z]256[height]1.0[diam]1.0
*[name]tree[x]12[z]257[height]6.0[diam]6.0
*[name]tree_barren[x]14[z]259[height]10.0[diam]10.0
*[name]tree[x]20[z]259[height]6.0[diam]6.0
*[name]tree[x]40[z]259[height]6.0[diam]6.0
*[name]tree[x]52[z]259[height]6.0[diam]6.0
*[name]flag[x]27[z]260[height]1.0[diam]1.0
*[name]flag[x]32[z]260[height]1.0[diam]1.0
*[name]tree[x]47[z]262[height]6.0[diam]6.0
*[name]tree[x]38[z]263[height]6.0[diam]6.0
*[name]tree_barren[x]24[z]264[height]10.0[diam]10.0
*[name]herring[x]30[z]264[height]1.0[diam]1.0
*[name]tree[x]9[z]265[height]6.0[diam]6.0
*[name]tree[x]22[z]265[height]6.0[diam]6.0
*[name]tree[x]40[z]265[height]6.0[diam]6.0
*[name]tree_barren[x]12[z]267[height]10.0[diam]10.0
*[name]tree[x]17[z]267[height]6.0[diam]6.0
*[name]flag[x]27[z]267[height]1.0[diam]1.0
*[name]flag[x]33[z]267[height]1.0[diam]1.0
*[name]tree[x]21[z]268[height]6.0[diam]6.0
*[name]tree[x]38[z]269[height]6.0[diam]6.0
*[name]tree_barren[x]50[z]269[height]10.0[diam]10.0
*[name]flag[x]25[z]271[height]1.0[diam]1.0
*[name]flag[x]34[z]271[height]1.0[diam]1.0
*[name]tree[x]53[z]271[height]6.0[diam]6.0
*[name]tree_barren[x]17[z]272[height]10.0[diam]10.0
*[name]tree[x]44[z]272[height]6.0[diam]6.0
*[name]tree_barren[x]11[z]274[height]10.0[diam]10.0
*[name]tree[x]13[z]275[height]6.0[diam]6.0
*[name]tree[x]19[z]275[height]6.0[diam]6.0
*[name]tree[x]42[z]275[height]6.0[diam]6.0
*[name]start[x]30[z]276[height]6.0[diam]9.0
*[name]flag[x]25[z]277[height]1.0[diam]1.0
*[name]flag[x]34[z]277[height]1.0[diam]1.0
*[name]tree[x]50[z]277[height]6.0[diam]6.0
