*[name]shrub[x]44[z]2[height]0.6[diam]0.6
*[name]shrub[x]52[z]2[height]1.0[diam]1.0
*[name]shrub[x]53[z]2[height]0.6[diam]0.6
*[name]tree[x]62[z]2[height]2.2[diam]1.3
*[name]shrub[x]49[z]3[height]0.8[diam]0.8
*[name]shrub[x]53[z]3[height]0.9[diam]0.9
*[name]shrub[x]54[z]3[height]0.8[diam]0.8
*[name]shrub[x]55[z]3[height]0.9[diam]0.9
*[name]shrub[x]52[z]4[height]0.8[diam]0.8
*[name]shrub[x]53[z]4[height]0.7[diam]0.7
*[name]shrub[x]54[z]4[height]0.9[diam]0.9
*[name]tree[x]64[z]4[height]3.3[diam]2.7
*[name]tree[x]67[z]4[height]2.2[diam]2.1
*[name]tree[x]60[z]5[height]3.5[diam]3.1
*[name]tree[x]64[z]5[height]2.2[diam]1.4
*[name]tree[x]65[z]5[height]2.4[diam]1.3
*[name]tree[x]68[z]5[height]3.7[diam]2.6
*[name]tree[x]71[z]5[height]2.2[diam]1.3
*[name]tree[x]62[z]6[height]2.0[diam]1.3
*[name]tree[x]63[z]6[height]2.4[diam]2.1
*[name]tree[x]64[z]6[height]2.8[diam]2.8
*[name]tree[x]66[z]6[height]3.0[diam]2.8
*[name]tree[x]67[z]6[height]2.2[diam]1.8
*[name]tree[x]70[z]6[height]2.4[diam]1.9
*[name]tree[x]64[z]7[height]4.0[diam]3.3
*[name]tree[x]65[z]7[height]3.9[diam]2.2
*[name]tree[x]69[z]7[height]2.3[diam]1.8
*[name]tree[x]70[z]7[height]3.5[diam]2.2
*[name]tree[x]71[z]8[height]3.0[diam]2.2
*[name]tree[x]69[z]9[height]2.1[diam]1.7
*[name]tree[x]65[z]10[height]3.4[diam]2.1
*[name]tree[x]66[z]10[height]3.3[diam]2.6
*[name]tree[x]69[z]10[height]3.2[diam]2.9
*[name]tree[x]71[z]10[height]3.5[diam]2.8
*[name]tree[x]67[z]11[height]2.2[diam]2.2
*[name]tree[x]71[z]11[height]2.7[diam]2.0
*[name]tree[x]72[z]11[height]3.9[diam]3.6
*[name]finish[x]48[z]12[height]6.0[diam]9.0
*[name]tree[x]65[z]12[height]2.7[diam]1.4
*[name]tree[x]67[z]12[height]3.0[diam]2.3
*[name]tree[x]72[z]12[height]3.3[diam]2.4
*[name]tree[x]74[z]12[height]2.5[diam]2.0
*[name]tree[x]66[z]13[height]3.2[diam]2.2
*[name]tree[x]74[z]13[height]2.4[diam]1.7
*[name]tree[x]75[z]13[height]3.3[diam]2.8
*[name]tree[x]65[z]14[height]3.7[diam]3.1
*[name]tree[x]66[z]14[height]2.6[diam]2.0
*[name]tree[x]67[z]14[height]3.8[diam]3.7
*[name]tree[x]74[z]14[height]2.3[diam]1.7
*[name]tree[x]75[z]14[height]3.5[diam]3.3
*[name]tree[x]76[z]14[height]2.3[diam]2.1
*[name]tree[x]77[z]14[height]3.7[diam]2.8
*[name]tree[x]65[z]15[height]2.7[diam]2.4
*[name]tree[x]67[z]15[height]2.7[diam]2.3
*[name]tree[x]75[z]15[height]3.7[diam]3.4
*[name]tree[x]78[z]15[height]2.5[diam]1.9
*[name]tree[x]79[z]15[height]2.7[diam]2.0
*[name]tree[x]64[z]16[height]2.2[diam]2.1
*[name]tree[x]65[z]16[height]3.7[diam]2.4
*[name]tree[x]66[z]16[height]2.6[diam]1.9
*[name]tree[x]76[z]16[height]4.0[diam]2.3
*[name]tree[x]64[z]17[height]2.3[diam]1.5
*[name]tree[x]65[z]17[height]3.5[diam]1.9
*[name]tree[x]76[z]17[height]2.5[diam]2.4
*[name]tree[x]79[z]17[height]3.2[diam]1.6
*[name]tree[x]80[z]17[height]3.6[diam]3.1
*[name]herring[x]48[z]18[height]1.0[diam]1.0
*[name]tree[x]76[z]18[height]3.6[diam]3.1
*[name]tree[x]77[z]18[height]3.0[diam]1.7
*[name]tree[x]80[z]18[height]2.0[diam]2.0
*[name]tree[x]63[z]19[height]2.2[diam]1.3
*[name]tree[x]80[z]19[height]2.3[diam]1.6
*[name]tree[x]35[z]20[height]3.8[diam]2.3
*[name]tree[x]36[z]20[height]3.3[diam]3.0
*[name]tree[x]59[z]20[height]3.6[diam]2.9
*[name]tree[x]65[z]20[height]3.2[diam]2.4
*[name]tree[x]77[z]20[height]3.0[diam]1.8
*[name]tree[x]35[z]21[height]3.5[diam]3.0
*[name]tree[x]36[z]21[height]3.2[diam]2.2
*[name]tree[x]37[z]21[height]3.3[diam]3.1
*[name]tree[x]38[z]21[height]3.6[diam]3.3
*[name]tree[x]61[z]21[height]3.1[diam]2.4
*[name]tree[x]34[z]22[height]3.0[diam]2.0
*[name]tree[x]35[z]22[height]2.5[diam]1.3
*[name]tree[x]38[z]22[height]2.9[diam]1.9
*[name]tree[x]40[z]22[height]4.0[diam]3.1
*[name]tree[x]58[z]22[height]2.9[diam]1.7
*[name]tree[x]59[z]22[height]3.9[diam]2.7
*[name]tree[x]61[z]22[height]2.7[diam]2.1
*[name]tree[x]33[z]23[height]2.4[diam]1.3
*[name]tree[x]34[z]23[height]2.5[diam]2.2
*[name]tree[x]40[z]23[height]3.3[diam]2.9
*[name]tree[x]59[z]23[height]2.0[diam]1.4
*[name]tree[x]60[z]23[height]3.0[diam]2.4
*[name]tree[x]64[z]23[height]3.4[diam]2.0
*[name]tree[x]60[z]24[height]2.9[diam]2.2
*[name]tree[x]66[z]24[height]2.0[diam]1.0
*[name]tree[x]57[z]25[height]2.1[diam]1.6
*[name]tree[x]58[z]25[height]2.7[diam]1.8
*[name]tree[x]60[z]25[height]3.0[diam]2.8
*[name]tree[x]61[z]25[height]3.2[diam]2.4
*[name]tree[x]62[z]25[height]2.8[diam]1.5
*[name]tree[x]63[z]25[height]3.3[diam]2.2
*[name]tree[x]58[z]26[height]2.9[diam]2.9
*[name]tree[x]64[z]26[height]3.9[diam]3.1
*[name]tree[x]69[z]26[height]2.3[diam]1.3
*[name]tree[x]56[z]27[height]2.8[diam]2.5
*[name]tree[x]63[z]27[height]3.9[diam]2.7
*[name]tree[x]56[z]28[height]2.3[diam]1.7
*[name]tree[x]63[z]28[height]2.1[diam]1.9
*[name]tree[x]65[z]28[height]3.2[diam]2.4
*[name]tree[x]53[z]30[height]2.8[diam]2.2
*[name]tree[x]55[z]30[height]3.0[diam]2.2
*[name]tree[x]63[z]30[height]2.2[diam]2.1
*[name]tree[x]64[z]30[height]3.6[diam]2.9
*[name]tree[x]77[z]30[height]3.4[diam]2.4
*[name]tree[x]79[z]30[height]2.3[diam]1.2
*[name]tree[x]62[z]31[height]3.0[diam]2.7
*[name]tree[x]63[z]31[height]2.9[diam]2.8
*[name]tree[x]77[z]31[height]3.5[diam]2.4
*[name]tree[x]79[z]31[height]3.2[diam]3.0
*[name]tree[x]53[z]32[height]3.0[diam]3.0
*[name]tree[x]55[z]32[height]3.3[diam]2.4
*[name]tree[x]57[z]32[height]2.8[diam]2.6
*[name]tree[x]62[z]32[height]3.8[diam]2.7
*[name]tree[x]64[z]32[height]3.4[diam]2.5
*[name]tree[x]77[z]32[height]3.9[diam]2.1
*[name]tree[x]53[z]33[height]2.2[diam]1.6
*[name]tree[x]55[z]33[height]3.1[diam]1.9
*[name]tree[x]61[z]33[height]2.7[diam]1.8
*[name]tree[x]64[z]33[height]3.7[diam]1.9
*[name]tree[x]75[z]33[height]3.6[diam]3.5
*[name]tree[x]79[z]33[height]2.3[diam]1.5
*[name]herring[x]46[z]34[height]1.0[diam]1.0
*[name]tree[x]53[z]34[height]3.4[diam]2.7
*[name]tree[x]54[z]34[height]2.5[diam]1.9
*[name]tree[x]55[z]34[height]3.8[diam]3.5
*[name]tree[x]56[z]34[height]2.8[diam]2.0
*[name]tree[x]57[z]34[height]3.7[diam]1.9
*[name]tree[x]58[z]34[height]3.7[diam]2.3
*[name]tree[x]59[z]34[height]3.8[diam]3.3
*[name]tree[x]73[z]34[height]3.4[diam]2.7
*[name]tree[x]58[z]35[height]2.5[diam]2.0
*[name]tree[x]59[z]35[height]3.4[diam]2.3
*[name]tree[x]60[z]35[height]2.2[diam]1.4
*[name]tree[x]57[z]36[height]3.0[diam]2.2
*[name]tree[x]60[z]36[height]3.3[diam]2.2
*[name]tree[x]61[z]36[height]2.9[diam]2.1
*[name]tree[x]63[z]36[height]2.6[diam]2.0
*[name]herring[x]46[z]37[height]1.0[diam]1.0
*[name]tree[x]57[z]37[height]3.5[diam]1.8
*[name]tree[x]58[z]37[height]2.3[diam]2.2
*[name]tree[x]59[z]37[height]3.0[diam]1.6
*[name]shrub[x]79[z]37[height]1.1[diam]1.1
*[name]tree[x]59[z]38[height]3.8[diam]2.8
*[name]tree[x]60[z]38[height]3.3[diam]3.2
*[name]tree[x]61[z]38[height]2.6[diam]2.5
*[name]shrub[x]70[z]38[height]1.1[diam]1.1
*[name]shrub[x]71[z]38[height]0.6[diam]0.6
*[name]shrub[x]73[z]38[height]0.9[diam]0.9
*[name]shrub[x]80[z]38[height]0.9[diam]0.9
*[name]shrub[x]81[z]38[height]0.8[diam]0.8
*[name]shrub[x]74[z]39[height]0.7[diam]0.7
*[name]shrub[x]75[z]39[height]0.7[diam]0.7
*[name]shrub[x]76[z]39[height]1.0[diam]1.0
*[name]tree[x]57[z]40[height]2.6[diam]1.9
*[name]tree[x]58[z]40[height]2.3[diam]1.9
*[name]tree[x]59[z]40[height]2.2[diam]1.6
*[name]tree[x]60[z]40[height]2.3[diam]1.7
*[name]shrub[x]76[z]40[height]1.1[diam]1.1
*[name]shrub[x]88[z]40[height]1.0[diam]1.0
*[name]shrub[x]89[z]40[height]0.7[diam]0.7
*[name]tree[x]62[z]41[height]3.6[diam]3.3
*[name]shrub[x]90[z]41[height]0.7[diam]0.7
*[name]herring[x]46[z]42[height]1.0[diam]1.0
*[name]tree[x]62[z]42[height]2.6[diam]2.5
*[name]shrub[x]90[z]42[height]0.6[diam]0.6
*[name]tree[x]62[z]43[height]2.4[diam]1.6
*[name]tree[x]63[z]43[height]3.4[diam]2.0
*[name]shrub[x]91[z]43[height]1.0[diam]1.0
*[name]tree[x]62[z]44[height]3.1[diam]1.6
*[name]tree[x]63[z]44[height]3.4[diam]1.9
*[name]tree[x]63[z]45[height]3.0[diam]1.5
*[name]tree[x]64[z]45[height]2.6[diam]2.2
*[name]shrub[x]91[z]45[height]1.0[diam]1.0
*[name]shrub[x]91[z]46[height]1.0[diam]1.0
*[name]shrub[x]93[z]46[height]0.7[diam]0.7
*[name]tree[x]70[z]50[height]3.5[diam]2.3
*[name]tree[x]71[z]50[height]2.5[diam]1.5
*[name]tree[x]73[z]50[height]2.9[diam]2.5
*[name]herring[x]55[z]51[height]1.0[diam]1.0
*[name]tree[x]69[z]51[height]2.0[diam]1.2
*[name]tree[x]33[z]52[height]4.0[diam]3.6
*[name]tree[x]34[z]52[height]2.1[diam]1.3
*[name]tree[x]35[z]52[height]2.3[diam]2.2
*[name]tree[x]69[z]52[height]2.5[diam]1.7
*[name]tree[x]33[z]53[height]2.5[diam]2.4
*[name]tree[x]34[z]53[height]3.1[diam]2.9
*[name]tree[x]69[z]53[height]3.0[diam]2.4
*[name]tree[x]75[z]53[height]3.2[diam]2.6
*[name]tree[x]32[z]54[height]2.3[diam]1.8
*[name]tree[x]69[z]54[height]3.9[diam]3.6
*[name]tree[x]76[z]54[height]2.5[diam]1.9
*[name]tree[x]77[z]54[height]4.0[diam]4.0
*[name]tree[x]76[z]55[height]3.7[diam]2.2
*[name]tree[x]78[z]55[height]2.5[diam]1.6
*[name]tree[x]49[z]56[height]3.9[diam]2.5
*[name]tree[x]50[z]56[height]3.0[diam]2.9
*[name]tree[x]71[z]56[height]2.2[diam]1.6
*[name]tree[x]48[z]57[height]2.3[diam]1.4
*[name]tree[x]51[z]57[height]2.8[diam]2.0
*[name]tree[x]74[z]57[height]3.2[diam]2.7
*[name]tree[x]76[z]57[height]2.7[diam]1.6
*[name]tree[x]78[z]57[height]3.1[diam]2.9
*[name]tree[x]48[z]58[height]3.6[diam]2.0
*[name]tree[x]49[z]58[height]3.0[diam]2.8
*[name]tree[x]50[z]58[height]3.5[diam]2.5
*[name]tree[x]51[z]58[height]3.5[diam]3.5
*[name]herring[x]60[z]58[height]1.0[diam]1.0
*[name]tree[x]72[z]58[height]3.9[diam]3.4
*[name]tree[x]76[z]58[height]4.0[diam]3.6
*[name]herring[x]36[z]59[height]1.0[diam]1.0
*[name]tree[x]48[z]59[height]3.9[diam]2.4
*[name]tree[x]50[z]59[height]2.2[diam]2.1
*[name]tree[x]52[z]59[height]3.0[diam]2.3
*[name]tree[x]72[z]59[height]3.8[diam]3.0
*[name]tree[x]75[z]59[height]2.2[diam]1.1
*[name]tree[x]76[z]59[height]3.6[diam]2.7
*[name]tree[x]77[z]59[height]2.9[diam]2.1
*[name]shrub[x]82[z]59[height]0.7[diam]0.7
*[name]tree[x]49[z]60[height]3.7[diam]2.9
*[name]tree[x]50[z]60[height]3.4[diam]2.9
*[name]tree[x]52[z]60[height]2.7[diam]2.5
*[name]tree[x]53[z]60[height]2.4[diam]1.5
*[name]tree[x]73[z]60[height]3.2[diam]2.5
*[name]tree[x]77[z]60[height]2.1[diam]1.7
*[name]shrub[x]83[z]60[height]0.9[diam]0.9
*[name]shrub[x]84[z]60[height]1.1[diam]1.1
*[name]tree[x]49[z]61[height]3.1[diam]2.1
*[name]tree[x]53[z]61[height]3.6[diam]3.2
*[name]tree[x]54[z]61[height]2.9[diam]2.5
*[name]shrub[x]84[z]61[height]0.8[diam]0.8
*[name]tree[x]50[z]62[height]2.0[diam]1.6
*[name]tree[x]55[z]62[height]3.7[diam]2.0
*[name]tree[x]74[z]62[height]3.3[diam]2.7
*[name]tree[x]75[z]62[height]3.2[diam]1.8
*[name]shrub[x]84[z]62[height]0.7[diam]0.7
*[name]tree[x]53[z]63[height]3.5[diam]3.4
*[name]tree[x]54[z]63[height]3.3[diam]2.4
*[name]tree[x]55[z]63[height]3.3[diam]1.7
*[name]shrub[x]83[z]63[height]0.8[diam]0.8
*[name]tree[x]49[z]64[height]3.6[diam]2.4
*[name]tree[x]50[z]64[height]3.8[diam]2.7
*[name]tree[x]51[z]64[height]2.7[diam]2.0
*[name]tree[x]52[z]64[height]3.9[diam]2.3
*[name]tree[x]57[z]64[height]2.1[diam]1.4
*[name]shrub[x]83[z]64[height]1.2[diam]1.2
*[name]shrub[x]82[z]65[height]1.1[diam]1.1
*[name]shrub[x]82[z]66[height]1.0[diam]1.0
*[name]shrub[x]81[z]68[height]1.0[diam]1.0
*[name]shrub[x]80[z]69[height]0.7[diam]0.7
*[name]shrub[x]78[z]70[height]1.1[diam]1.1
*[name]shrub[x]76[z]71[height]0.8[diam]0.8
*[name]shrub[x]84[z]71[height]1.2[diam]1.2
*[name]shrub[x]76[z]72[height]1.1[diam]1.1
*[name]shrub[x]75[z]73[height]1.1[diam]1.1
*[name]herring[x]29[z]81[height]1.0[diam]1.0
*[name]herring[x]29[z]86[height]1.0[diam]1.0
*[name]herring[x]59[z]89[height]1.0[diam]1.0
*[name]herring[x]23[z]92[height]1.0[diam]1.0
*[name]herring[x]59[z]94[height]1.0[diam]1.0
*[name]herring[x]61[z]97[height]1.0[diam]1.0
*[name]herring[x]25[z]114[height]1.0[diam]1.0
*[name]herring[x]27[z]116[height]1.0[diam]1.0
*[name]herring[x]37[z]121[height]1.0[diam]1.0
*[name]herring[x]62[z]126[height]1.0[diam]1.0
*[name]herring[x]65[z]129[height]1.0[diam]1.0
*[name]herring[x]30[z]135[height]1.0[diam]1.0
*[name]herring[x]66[z]144[height]1.0[diam]1.0
*[name]herring[x]64[z]146[height]1.0[diam]1.0
*[name]herring[x]25[z]157[height]1.0[diam]1.0
*[name]herring[x]61[z]165[height]1.0[diam]1.0
*[name]herring[x]29[z]166[height]1.0[diam]1.0
*[name]herring[x]39[z]171[height]1.0[diam]1.0
*[name]herring[x]51[z]176[height]1.0[diam]1.0
*[name]herring[x]61[z]180[height]1.0[diam]1.0
*[name]herring[x]62[z]185[height]1.0[diam]1.0
*[name]herring[x]36[z]186[height]1.0[diam]1.0
*[name]tree[x]56[z]191[height]3.3[diam]2.4
*[name]tree[x]56[z]193[height]2.0[diam]1.8
*[name]tree[x]57[z]194[height]2.3[diam]2.3
*[name]tree[x]58[z]195[height]2.8[diam]2.3
*[name]tree[x]59[z]195[height]3.2[diam]2.3
*[name]tree[x]57[z]196[height]3.8[diam]2.7
*[name]tree[x]58[z]196[height]3.5[diam]3.2
*[name]tree[x]59[z]196[height]3.7[diam]2.1
*[name]tree[x]57[z]197[height]2.5[diam]2.3
*[name]tree[x]59[z]197[height]2.6[diam]1.8
*[name]tree[x]59[z]198[height]2.2[diam]1.4
*[name]herring[x]22[z]200[height]1.0[diam]1.0
*[name]herring[x]68[z]204[height]1.0[diam]1.0
*[name]herring[x]29[z]206[height]1.0[diam]1.0
*[name]herring[x]67[z]210[height]1.0[diam]1.0
*[name]herring[x]68[z]215[height]1.0[diam]1.0
*[name]herring[x]73[z]216[height]1.0[diam]1.0
*[name]herring[x]65[z]219[height]1.0[diam]1.0
*[name]herring[x]28[z]220[height]1.0[diam]1.0
*[name]herring[x]74[z]221[height]1.0[diam]1.0
*[name]herring[x]70[z]222[height]1.0[diam]1.0
*[name]shrub[x]33[z]223[height]0.7[diam]0.7
*[name]shrub[x]34[z]223[height]1.1[diam]1.1
*[name]shrub[x]35[z]223[height]1.2[diam]1.2
*[name]shrub[x]36[z]223[height]0.8[diam]0.8
*[name]shrub[x]33[z]224[height]1.0[diam]1.0
*[name]shrub[x]35[z]224[height]0.7[diam]0.7
*[name]herring[x]68[z]224[height]1.0[diam]1.0
*[name]shrub[x]33[z]225[height]0.8[diam]0.8
*[name]shrub[x]34[z]225[height]0.9[diam]0.9
*[name]shrub[x]33[z]226[height]0.7[diam]0.7
*[name]shrub[x]34[z]226[height]1.2[diam]1.2
*[name]herring[x]72[z]227[height]1.0[diam]1.0
*[name]shrub[x]32[z]228[height]1.1[diam]1.1
*[name]shrub[x]33[z]228[height]0.7[diam]0.7
*[name]shrub[x]31[z]229[height]1.0[diam]1.0
*[name]herring[x]76[z]230[height]1.0[diam]1.0
*[name]shrub[x]19[z]231[height]0.6[diam]0.6
*[name]shrub[x]19[z]232[height]0.6[diam]0.6
*[name]shrub[x]19[z]233[height]0.7[diam]0.7
*[name]herring[x]72[z]233[height]1.0[diam]1.0
*[name]shrub[x]18[z]234[height]1.0[diam]1.0
*[name]tree[x]34[z]234[height]3.4[diam]2.7
*[name]tree[x]35[z]234[height]3.1[diam]1.7
*[name]shrub[x]19[z]235[height]0.8[diam]0.8
*[name]tree[x]35[z]235[height]2.7[diam]2.6
*[name]tree[x]36[z]235[height]3.0[diam]2.5
*[name]tree[x]37[z]235[height]3.5[diam]3.2
*[name]herring[x]70[z]235[height]1.0[diam]1.0
*[name]shrub[x]19[z]236[height]1.2[diam]1.2
*[name]tree[x]37[z]236[height]3.7[diam]2.1
*[name]herring[x]75[z]238[height]1.0[diam]1.0
*[name]herring[x]79[z]239[height]1.0[diam]1.0
*[name]herring[x]32[z]241[height]1.0[diam]1.0
*[name]herring[x]78[z]241[height]1.0[diam]1.0
*[name]herring[x]56[z]242[height]1.0[diam]1.0
*[name]herring[x]75[z]242[height]1.0[diam]1.0
*[name]herring[x]54[z]244[height]1.0[diam]1.0
*[name]tree[x]27[z]246[height]2.3[diam]2.0
*[name]tree[x]28[z]247[height]2.2[diam]1.6
*[name]tree[x]30[z]247[height]2.6[diam]1.7
*[name]herring[x]68[z]247[height]1.0[diam]1.0
*[name]tree[x]26[z]248[height]3.6[diam]3.2
*[name]tree[x]27[z]248[height]2.8[diam]2.5
*[name]tree[x]28[z]248[height]3.3[diam]2.5
*[name]herring[x]77[z]248[height]1.0[diam]1.0
*[name]tree[x]26[z]249[height]3.0[diam]2.6
*[name]tree[x]29[z]249[height]3.2[diam]2.7
*[name]tree[x]30[z]249[height]2.7[diam]1.8
*[name]herring[x]66[z]249[height]1.0[diam]1.0
*[name]tree[x]41[z]250[height]2.6[diam]2.5
*[name]tree[x]40[z]251[height]2.8[diam]2.3
*[name]herring[x]79[z]251[height]1.0[diam]1.0
*[name]herring[x]64[z]252[height]1.0[diam]1.0
*[name]herring[x]46[z]253[height]1.0[diam]1.0
*[name]herring[x]67[z]253[height]1.0[diam]1.0
*[name]herring[x]73[z]253[height]1.0[diam]1.0
*[name]tree[x]44[z]257[height]2.6[diam]1.7
*[name]herring[x]39[z]258[height]1.0[diam]1.0
*[name]tree[x]43[z]258[height]2.4[diam]2.3
*[name]herring[x]38[z]259[height]1.0[diam]1.0
*[name]tree[x]42[z]259[height]2.1[diam]1.1
*[name]tree[x]41[z]260[height]3.8[diam]3.7
*[name]tree[x]21[z]261[height]2.3[diam]1.2
*[name]tree[x]22[z]261[height]3.2[diam]2.0
*[name]tree[x]23[z]261[height]3.1[diam]3.0
*[name]tree[x]21[z]262[height]3.0[diam]2.0
*[name]tree[x]23[z]262[height]3.4[diam]3.3
*[name]tree[x]25[z]262[height]2.2[diam]1.5
*[name]tree[x]26[z]262[height]3.0[diam]2.4
*[name]tree[x]27[z]262[height]2.0[diam]1.1
*[name]tree[x]20[z]263[height]2.6[diam]1.8
*[name]tree[x]21[z]263[height]2.8[diam]2.2
*[name]tree[x]23[z]263[height]2.6[diam]2.3
*[name]tree[x]25[z]263[height]2.5[diam]2.0
*[name]tree[x]28[z]263[height]2.2[diam]1.6
*[name]tree[x]29[z]263[height]3.0[diam]1.8
*[name]tree[x]30[z]263[height]2.9[diam]2.1
*[name]tree[x]31[z]263[height]2.2[diam]1.8
*[name]herring[x]37[z]263[height]1.0[diam]1.0
*[name]tree[x]25[z]264[height]3.0[diam]2.6
*[name]tree[x]24[z]265[height]3.6[diam]1.8
*[name]tree[x]25[z]265[height]3.3[diam]2.2
*[name]tree[x]24[z]266[height]2.7[diam]1.8
*[name]tree[x]24[z]267[height]2.5[diam]1.8
*[name]tree[x]24[z]268[height]3.3[diam]2.9
*[name]tree[x]26[z]270[height]2.2[diam]1.8
*[name]herring[x]75[z]270[height]1.0[diam]1.0
*[name]tree[x]26[z]271[height]3.7[diam]2.5
*[name]tree[x]27[z]271[height]2.0[diam]1.3
*[name]tree[x]28[z]272[height]3.9[diam]2.6
*[name]tree[x]28[z]273[height]2.0[diam]1.2
*[name]herring[x]76[z]273[height]1.0[diam]1.0
*[name]tree[x]28[z]274[height]3.8[diam]2.2
*[name]tree[x]29[z]274[height]3.3[diam]2.3
*[name]tree[x]28[z]275[height]2.7[diam]1.4
*[name]herring[x]77[z]277[height]1.0[diam]1.0
*[name]herring[x]46[z]282[height]1.0[diam]1.0
*[name]herring[x]51[z]285[height]1.0[diam]1.0
*[name]herring[x]24[z]286[height]1.0[diam]1.0
*[name]herring[x]21[z]287[height]1.0[diam]1.0
*[name]herring[x]73[z]288[height]1.0[diam]1.0
*[name]tree[x]24[z]290[height]3.7[diam]2.7
*[name]tree[x]26[z]290[height]3.3[diam]2.2
*[name]herring[x]45[z]290[height]1.0[diam]1.0
*[name]tree[x]23[z]291[height]2.3[diam]1.7
*[name]tree[x]24[z]291[height]2.7[diam]2.5
*[name]tree[x]25[z]291[height]3.6[diam]3.0
*[name]tree[x]26[z]291[height]2.3[diam]1.2
*[name]herring[x]70[z]291[height]1.0[diam]1.0
*[name]tree[x]25[z]292[height]2.3[diam]2.1
*[name]tree[x]26[z]292[height]3.6[diam]2.2
*[name]herring[x]47[z]292[height]1.0[diam]1.0
*[name]herring[x]49[z]293[height]1.0[diam]1.0
*[name]tree[x]44[z]295[height]2.9[diam]2.4
*[name]tree[x]45[z]296[height]3.3[diam]2.4
*[name]tree[x]60[z]296[height]3.7[diam]3.0
*[name]tree[x]62[z]296[height]3.6[diam]3.3
*[name]tree[x]45[z]297[height]3.6[diam]3.0
*[name]tree[x]46[z]297[height]2.1[diam]1.5
*[name]tree[x]47[z]298[height]2.2[diam]1.5
*[name]tree[x]59[z]298[height]3.0[diam]2.9
*[name]tree[x]61[z]298[height]3.6[diam]2.1
*[name]herring[x]10[z]299[height]1.0[diam]1.0
*[name]tree[x]47[z]299[height]2.5[diam]2.5
*[name]tree[x]48[z]300[height]3.2[diam]2.6
*[name]herring[x]56[z]300[height]1.0[diam]1.0
*[name]tree[x]61[z]300[height]3.6[diam]2.5
*[name]tree[x]48[z]301[height]2.6[diam]2.6
*[name]tree[x]48[z]302[height]2.8[diam]2.1
*[name]herring[x]58[z]302[height]1.0[diam]1.0
*[name]shrub[x]8[z]303[height]1.1[diam]1.1
*[name]shrub[x]9[z]303[height]0.7[diam]0.7
*[name]tree[x]49[z]303[height]3.5[diam]2.1
*[name]shrub[x]9[z]304[height]1.1[diam]1.1
*[name]tree[x]49[z]304[height]2.7[diam]2.3
*[name]tree[x]49[z]305[height]3.3[diam]3.3
*[name]herring[x]69[z]305[height]1.0[diam]1.0
*[name]tree[x]49[z]306[height]2.9[diam]2.2
*[name]tree[x]50[z]306[height]3.5[diam]2.0
*[name]tree[x]51[z]307[height]3.2[diam]1.9
*[name]tree[x]52[z]307[height]2.4[diam]2.3
*[name]shrub[x]16[z]315[height]1.0[diam]1.0
*[name]herring[x]19[z]315[height]1.0[diam]1.0
*[name]shrub[x]16[z]317[height]0.7[diam]0.7
*[name]shrub[x]17[z]317[height]1.1[diam]1.1
*[name]shrub[x]16[z]319[height]1.1[diam]1.1
*[name]shrub[x]12[z]320[height]0.8[diam]0.8
*[name]shrub[x]13[z]320[height]1.0[diam]1.0
*[name]shrub[x]14[z]320[height]0.8[diam]0.8
*[name]shrub[x]15[z]320[height]0.6[diam]0.6
*[name]herring[x]79[z]332[height]1.0[diam]1.0
*[name]herring[x]81[z]335[height]1.0[diam]1.0
*[name]herring[x]83[z]337[height]1.0[diam]1.0
*[name]herring[x]17[z]344[height]1.0[diam]1.0
*[name]herring[x]15[z]347[height]1.0[diam]1.0
*[name]herring[x]13[z]351[height]1.0[diam]1.0
*[name]herring[x]79[z]368[height]1.0[diam]1.0
*[name]herring[x]12[z]370[height]1.0[diam]1.0
*[name]herring[x]79[z]371[height]1.0[diam]1.0
*[name]herring[x]23[z]376[height]1.0[diam]1.0
*[name]herring[x]27[z]378[height]1.0[diam]1.0
*[name]herring[x]32[z]381[height]1.0[diam]1.0
*[name]herring[x]37[z]385[height]1.0[diam]1.0
*[name]tree[x]9[z]388[height]3.1[diam]2.7
*[name]tree[x]10[z]389[height]2.7[diam]2.0
*[name]tree[x]8[z]390[height]2.4[diam]2.2
*[name]tree[x]9[z]390[height]2.5[diam]1.7
*[name]tree[x]10[z]390[height]3.1[diam]2.2
*[name]herring[x]38[z]390[height]1.0[diam]1.0
*[name]tree[x]8[z]391[height]2.4[diam]2.3
*[name]tree[x]9[z]391[height]2.2[diam]2.0
*[name]tree[x]11[z]391[height]3.8[diam]2.9
*[name]tree[x]8[z]392[height]2.8[diam]2.3
*[name]herring[x]69[z]393[height]1.0[diam]1.0
*[name]herring[x]36[z]395[height]1.0[diam]1.0
*[name]shrub[x]8[z]397[height]1.0[diam]1.0
*[name]shrub[x]9[z]397[height]1.2[diam]1.2
*[name]shrub[x]6[z]398[height]1.1[diam]1.1
*[name]shrub[x]7[z]398[height]1.1[diam]1.1
*[name]shrub[x]8[z]398[height]1.2[diam]1.2
*[name]shrub[x]8[z]399[height]0.9[diam]0.9
*[name]shrub[x]9[z]399[height]0.6[diam]0.6
*[name]shrub[x]10[z]399[height]1.0[diam]1.0
*[name]herring[x]31[z]399[height]1.0[diam]1.0
*[name]shrub[x]9[z]400[height]0.8[diam]0.8
*[name]shrub[x]10[z]400[height]0.8[diam]0.8
*[name]herring[x]74[z]402[height]1.0[diam]1.0
*[name]flag[x]13[z]411[height]1.0[diam]1.0
*[name]flag[x]13[z]414[height]1.0[diam]1.0
*[name]flag[x]13[z]416[height]1.0[diam]1.0
*[name]herring[x]66[z]417[height]1.0[diam]1.0
*[name]shrub[x]11[z]420[height]0.9[diam]0.9
*[name]shrub[x]10[z]421[height]1.0[diam]1.0
*[name]shrub[x]11[z]422[height]0.9[diam]0.9
*[name]herring[x]79[z]432[height]1.0[diam]1.0
*[name]herring[x]78[z]441[height]1.0[diam]1.0
*[name]tree[x]8[z]443[height]3.9[diam]3.0
*[name]herring[x]79[z]443[height]1.0[diam]1.0
*[name]tree[x]6[z]445[height]3.5[diam]2.5
*[name]tree[x]7[z]445[height]3.4[diam]2.7
*[name]herring[x]13[z]445[height]1.0[diam]1.0
*[name]herring[x]79[z]445[height]1.0[diam]1.0
*[name]herring[x]14[z]448[height]1.0[diam]1.0
*[name]shrub[x]10[z]449[height]1.0[diam]1.0
*[name]shrub[x]10[z]450[height]0.6[diam]0.6
*[name]shrub[x]10[z]451[height]0.7[diam]0.7
*[name]shrub[x]9[z]452[height]0.7[diam]0.7
*[name]shrub[x]10[z]452[height]0.7[diam]0.7
*[name]shrub[x]10[z]453[height]0.6[diam]0.6
*[name]herring[x]13[z]457[height]1.0[diam]1.0
*[name]herring[x]13[z]459[height]1.0[diam]1.0
*[name]shrub[x]10[z]461[height]0.7[diam]0.7
*[name]herring[x]76[z]461[height]1.0[diam]1.0
*[name]shrub[x]11[z]462[height]0.7[diam]0.7
*[name]herring[x]73[z]462[height]1.0[diam]1.0
*[name]herring[x]71[z]471[height]1.0[diam]1.0
*[name]herring[x]72[z]484[height]1.0[diam]1.0
*[name]herring[x]16[z]489[height]1.0[diam]1.0
*[name]herring[x]15[z]493[height]1.0[diam]1.0
*[name]shrub[x]10[z]494[height]1.2[diam]1.2
*[name]shrub[x]11[z]494[height]1.1[diam]1.1
*[name]shrub[x]9[z]495[height]0.9[diam]0.9
*[name]shrub[x]10[z]495[height]1.0[diam]1.0
*[name]herring[x]74[z]495[height]1.0[diam]1.0
*[name]herring[x]13[z]496[height]1.0[diam]1.0
*[name]herring[x]12[z]498[height]1.0[diam]1.0
*[name]shrub[x]4[z]508[height]0.9[diam]0.9
*[name]shrub[x]4[z]509[height]0.9[diam]0.9
*[name]shrub[x]4[z]510[height]0.9[diam]0.9
*[name]herring[x]67[z]511[height]1.0[diam]1.0
*[name]shrub[x]4[z]512[height]0.8[diam]0.8
*[name]shrub[x]5[z]512[height]0.9[diam]0.9
*[name]herring[x]91[z]515[height]1.0[diam]1.0
*[name]herring[x]93[z]518[height]1.0[diam]1.0
*[name]herring[x]91[z]520[height]1.0[diam]1.0
*[name]shrub[x]7[z]525[height]1.2[diam]1.2
*[name]herring[x]72[z]525[height]1.0[diam]1.0
*[name]shrub[x]7[z]527[height]0.8[diam]0.8
*[name]herring[x]72[z]527[height]1.0[diam]1.0
*[name]shrub[x]6[z]528[height]0.7[diam]0.7
*[name]shrub[x]7[z]528[height]0.8[diam]0.8
*[name]shrub[x]7[z]529[height]1.0[diam]1.0
*[name]herring[x]11[z]531[height]1.0[diam]1.0
*[name]herring[x]12[z]534[height]1.0[diam]1.0
*[name]herring[x]12[z]536[height]1.0[diam]1.0
*[name]tree[x]59[z]536[height]3.1[diam]1.6
*[name]shrub[x]8[z]537[height]0.7[diam]0.7
*[name]shrub[x]9[z]537[height]0.9[diam]0.9
*[name]tree[x]60[z]537[height]3.1[diam]2.9
*[name]shrub[x]9[z]538[height]1.2[diam]1.2
*[name]tree[x]61[z]538[height]2.5[diam]1.9
*[name]shrub[x]56[z]539[height]1.0[diam]1.0
*[name]tree[x]59[z]539[height]2.6[diam]2.2
*[name]shrub[x]56[z]540[height]1.1[diam]1.1
*[name]herring[x]69[z]540[height]1.0[diam]1.0
*[name]shrub[x]56[z]541[height]0.9[diam]0.9
*[name]shrub[x]56[z]542[height]1.0[diam]1.0
*[name]shrub[x]57[z]543[height]1.2[diam]1.2
*[name]herring[x]86[z]543[height]1.0[diam]1.0
*[name]shrub[x]57[z]544[height]1.0[diam]1.0
*[name]tree[x]65[z]545[height]3.4[diam]3.0
*[name]tree[x]67[z]546[height]2.3[diam]1.5
*[name]shrub[x]56[z]547[height]0.7[diam]0.7
*[name]tree[x]59[z]547[height]3.3[diam]2.9
*[name]tree[x]60[z]547[height]3.1[diam]1.6
*[name]tree[x]68[z]547[height]3.4[diam]3.2
*[name]tree[x]59[z]548[height]2.4[diam]1.2
*[name]tree[x]67[z]548[height]3.2[diam]2.8
*[name]tree[x]57[z]549[height]2.1[diam]1.8
*[name]tree[x]58[z]549[height]2.5[diam]2.0
*[name]tree[x]64[z]549[height]3.3[diam]2.0
*[name]tree[x]65[z]549[height]3.6[diam]2.1
*[name]tree[x]67[z]549[height]3.7[diam]2.1
*[name]tree[x]56[z]550[height]3.6[diam]2.9
*[name]tree[x]58[z]550[height]3.3[diam]2.5
*[name]herring[x]87[z]550[height]1.0[diam]1.0
*[name]tree[x]58[z]551[height]3.2[diam]2.1
*[name]tree[x]59[z]551[height]2.5[diam]1.7
*[name]flag[x]66[z]551[height]1.0[diam]1.0
*[name]herring[x]73[z]551[height]1.0[diam]1.0
*[name]tree[x]56[z]552[height]2.9[diam]2.2
*[name]tree[x]57[z]552[height]3.2[diam]1.7
*[name]tree[x]54[z]553[height]2.6[diam]1.5
*[name]tree[x]56[z]553[height]2.2[diam]1.1
*[name]tree[x]52[z]554[height]2.0[diam]1.3
*[name]tree[x]53[z]554[height]2.1[diam]1.6
*[name]tree[x]55[z]554[height]2.1[diam]1.1
*[name]flag[x]55[z]557[height]1.0[diam]1.0
*[name]flag[x]65[z]559[height]1.0[diam]1.0
*[name]flag[x]53[z]560[height]1.0[diam]1.0
*[name]flag[x]60[z]563[height]1.0[diam]1.0
*[name]tree[x]8[z]565[height]2.6[diam]1.7
*[name]herring[x]53[z]565[height]1.0[diam]1.0
*[name]tree[x]8[z]566[height]3.3[diam]3.2
*[name]tree[x]10[z]566[height]3.1[diam]2.3
*[name]tree[x]9[z]567[height]2.2[diam]1.6
*[name]tree[x]10[z]567[height]3.2[diam]3.0
*[name]tree[x]42[z]567[height]2.1[diam]1.3
*[name]tree[x]43[z]567[height]2.8[diam]2.4
*[name]flag[x]48[z]567[height]1.0[diam]1.0
*[name]herring[x]51[z]567[height]1.0[diam]1.0
*[name]tree[x]9[z]568[height]3.1[diam]2.5
*[name]tree[x]10[z]568[height]2.1[diam]2.1
*[name]tree[x]42[z]568[height]2.4[diam]2.0
*[name]tree[x]43[z]568[height]2.0[diam]1.5
*[name]herring[x]50[z]568[height]1.0[diam]1.0
*[name]tree[x]9[z]569[height]3.7[diam]2.1
*[name]tree[x]42[z]569[height]3.0[diam]2.8
*[name]tree[x]43[z]569[height]2.9[diam]2.2
*[name]tree[x]9[z]570[height]2.9[diam]2.2
*[name]tree[x]42[z]570[height]3.2[diam]2.8
*[name]herring[x]49[z]570[height]1.0[diam]1.0
*[name]herring[x]50[z]570[height]1.0[diam]1.0
*[name]tree[x]9[z]571[height]3.7[diam]2.3
*[name]herring[x]11[z]571[height]1.0[diam]1.0
*[name]tree[x]42[z]571[height]3.4[diam]2.4
*[name]flag[x]53[z]571[height]1.0[diam]1.0
*[name]tree[x]9[z]572[height]3.4[diam]3.1
*[name]tree[x]40[z]572[height]3.6[diam]2.4
*[name]tree[x]41[z]572[height]3.4[diam]3.2
*[name]tree[x]42[z]572[height]3.1[diam]1.7
*[name]tree[x]9[z]573[height]3.1[diam]1.6
*[name]tree[x]10[z]573[height]3.5[diam]2.8
*[name]tree[x]42[z]573[height]2.0[diam]2.0
*[name]herring[x]49[z]573[height]1.0[diam]1.0
*[name]tree[x]9[z]574[height]2.6[diam]1.4
*[name]tree[x]40[z]574[height]2.9[diam]1.6
*[name]tree[x]42[z]574[height]2.4[diam]2.3
*[name]tree[x]40[z]575[height]2.0[diam]1.7
*[name]tree[x]43[z]575[height]2.9[diam]2.1
*[name]flag[x]46[z]575[height]1.0[diam]1.0
*[name]tree[x]38[z]576[height]2.4[diam]1.3
*[name]tree[x]41[z]576[height]2.4[diam]1.3
*[name]tree[x]38[z]577[height]2.6[diam]2.6
*[name]tree[x]41[z]577[height]2.9[diam]1.5
*[name]tree[x]37[z]578[height]3.5[diam]2.2
*[name]tree[x]41[z]578[height]2.6[diam]1.9
*[name]flag[x]51[z]578[height]1.0[diam]1.0
*[name]tree[x]39[z]579[height]2.3[diam]2.1
*[name]herring[x]15[z]580[height]1.0[diam]1.0
*[name]tree[x]36[z]580[height]3.1[diam]2.6
*[name]tree[x]37[z]580[height]3.8[diam]2.6
*[name]tree[x]39[z]580[height]2.6[diam]2.5
*[name]tree[x]41[z]580[height]2.6[diam]2.0
*[name]tree[x]53[z]580[height]4.0[diam]3.4
*[name]tree[x]54[z]580[height]3.4[diam]2.0
*[name]herring[x]81[z]580[height]1.0[diam]1.0
*[name]tree[x]36[z]581[height]3.3[diam]2.8
*[name]tree[x]41[z]581[height]3.6[diam]2.0
*[name]tree[x]54[z]581[height]2.3[diam]1.2
*[name]tree[x]39[z]582[height]2.4[diam]1.6
*[name]tree[x]41[z]582[height]2.1[diam]1.6
*[name]flag[x]45[z]582[height]1.0[diam]1.0
*[name]tree[x]55[z]582[height]2.6[diam]1.9
*[name]tree[x]34[z]583[height]3.1[diam]1.6
*[name]tree[x]35[z]583[height]3.5[diam]3.3
*[name]tree[x]37[z]583[height]3.0[diam]2.8
*[name]tree[x]39[z]583[height]3.4[diam]1.8
*[name]tree[x]41[z]583[height]3.1[diam]2.5
*[name]tree[x]42[z]583[height]2.8[diam]2.6
*[name]tree[x]55[z]583[height]3.1[diam]2.6
*[name]tree[x]39[z]584[height]2.8[diam]2.2
*[name]tree[x]55[z]584[height]2.8[diam]1.6
*[name]tree[x]33[z]585[height]3.4[diam]1.8
*[name]tree[x]35[z]585[height]3.7[diam]2.9
*[name]tree[x]39[z]585[height]2.3[diam]1.2
*[name]tree[x]42[z]585[height]3.1[diam]2.0
*[name]tree[x]55[z]585[height]2.8[diam]2.2
*[name]tree[x]56[z]585[height]3.6[diam]3.1
*[name]tree[x]33[z]586[height]2.1[diam]1.4
*[name]tree[x]38[z]586[height]3.6[diam]3.2
*[name]tree[x]39[z]586[height]2.4[diam]1.5
*[name]tree[x]42[z]586[height]3.4[diam]3.3
*[name]flag[x]51[z]586[height]1.0[diam]1.0
*[name]tree[x]56[z]586[height]2.7[diam]1.7
*[name]tree[x]33[z]587[height]3.1[diam]2.7
*[name]tree[x]35[z]587[height]2.2[diam]1.2
*[name]tree[x]40[z]587[height]2.9[diam]2.2
*[name]tree[x]41[z]587[height]3.3[diam]3.0
*[name]tree[x]56[z]587[height]3.4[diam]2.3
*[name]tree[x]32[z]588[height]3.7[diam]2.9
*[name]tree[x]33[z]588[height]3.8[diam]1.9
*[name]tree[x]35[z]588[height]3.1[diam]2.3
*[name]tree[x]37[z]588[height]2.6[diam]2.6
*[name]tree[x]55[z]588[height]2.0[diam]1.2
*[name]herring[x]72[z]588[height]1.0[diam]1.0
*[name]tree[x]37[z]589[height]3.4[diam]1.8
*[name]tree[x]55[z]589[height]2.9[diam]2.2
*[name]tree[x]31[z]590[height]3.8[diam]3.2
*[name]tree[x]34[z]590[height]3.5[diam]2.8
*[name]flag[x]44[z]590[height]1.0[diam]1.0
*[name]tree[x]55[z]590[height]3.2[diam]1.8
*[name]herring[x]71[z]590[height]1.0[diam]1.0
*[name]tree[x]32[z]591[height]3.8[diam]2.1
*[name]tree[x]34[z]591[height]3.8[diam]1.9
*[name]tree[x]54[z]591[height]2.4[diam]1.6
*[name]tree[x]55[z]591[height]3.1[diam]2.9
*[name]tree[x]29[z]592[height]2.3[diam]1.5
*[name]tree[x]32[z]592[height]2.5[diam]1.3
*[name]tree[x]33[z]592[height]3.6[diam]2.0
*[name]tree[x]35[z]592[height]2.1[diam]1.4
*[name]tree[x]37[z]592[height]3.2[diam]2.2
*[name]tree[x]38[z]592[height]2.7[diam]2.2
*[name]tree[x]54[z]592[height]3.0[diam]1.5
*[name]tree[x]32[z]593[height]3.4[diam]3.3
*[name]tree[x]34[z]593[height]3.0[diam]2.4
*[name]tree[x]35[z]593[height]3.3[diam]2.1
*[name]tree[x]54[z]593[height]2.4[diam]1.5
*[name]tree[x]5[z]594[height]2.8[diam]1.5
*[name]tree[x]28[z]594[height]2.7[diam]1.7
*[name]tree[x]31[z]594[height]2.3[diam]1.8
*[name]tree[x]32[z]594[height]3.2[diam]2.7
*[name]tree[x]33[z]594[height]2.9[diam]2.5
*[name]tree[x]34[z]594[height]3.9[diam]3.2
*[name]tree[x]36[z]594[height]3.6[diam]3.1
*[name]tree[x]54[z]594[height]3.6[diam]3.4
*[name]herring[x]74[z]594[height]1.0[diam]1.0
*[name]tree[x]5[z]595[height]2.1[diam]1.5
*[name]tree[x]30[z]595[height]2.4[diam]1.7
*[name]tree[x]31[z]595[height]2.0[diam]1.7
*[name]flag[x]50[z]595[height]1.0[diam]1.0
*[name]tree[x]54[z]595[height]2.9[diam]2.5
*[name]tree[x]55[z]595[height]3.3[diam]3.2
*[name]tree[x]4[z]596[height]2.6[diam]1.7
*[name]tree[x]5[z]596[height]2.4[diam]1.9
*[name]tree[x]33[z]596[height]3.0[diam]2.4
*[name]herring[x]81[z]596[height]1.0[diam]1.0
*[name]tree[x]5[z]597[height]3.3[diam]3.1
*[name]herring[x]7[z]597[height]1.0[diam]1.0
*[name]tree[x]28[z]597[height]3.7[diam]3.3
*[name]tree[x]29[z]597[height]2.8[diam]2.0
*[name]tree[x]30[z]597[height]2.9[diam]2.7
*[name]tree[x]32[z]597[height]2.4[diam]1.7
*[name]tree[x]33[z]597[height]3.0[diam]1.5
*[name]tree[x]54[z]597[height]2.2[diam]1.4
*[name]tree[x]55[z]597[height]3.7[diam]2.2
*[name]tree[x]5[z]598[height]3.4[diam]1.9
*[name]tree[x]31[z]598[height]3.1[diam]2.7
*[name]tree[x]33[z]598[height]3.6[diam]3.6
*[name]tree[x]34[z]598[height]2.9[diam]2.1
*[name]tree[x]55[z]598[height]3.9[diam]3.4
*[name]tree[x]56[z]598[height]3.5[diam]2.0
*[name]tree[x]5[z]599[height]2.6[diam]1.6
*[name]tree[x]29[z]599[height]3.4[diam]3.4
*[name]tree[x]33[z]599[height]2.2[diam]1.7
*[name]tree[x]53[z]599[height]3.5[diam]2.6
*[name]tree[x]57[z]599[height]2.0[diam]1.2
*[name]tree[x]29[z]600[height]2.7[diam]1.6
*[name]tree[x]31[z]600[height]3.2[diam]3.0
*[name]tree[x]34[z]600[height]2.4[diam]2.1
*[name]flag[x]40[z]600[height]1.0[diam]1.0
*[name]herring[x]42[z]600[height]1.0[diam]1.0
*[name]tree[x]52[z]600[height]2.4[diam]1.3
*[name]tree[x]53[z]600[height]3.7[diam]3.5
*[name]tree[x]54[z]600[height]2.3[diam]1.6
*[name]tree[x]55[z]600[height]3.3[diam]3.2
*[name]tree[x]29[z]601[height]2.8[diam]1.5
*[name]tree[x]32[z]601[height]2.8[diam]1.9
*[name]tree[x]52[z]601[height]3.7[diam]2.2
*[name]tree[x]54[z]601[height]2.9[diam]1.7
*[name]tree[x]29[z]602[height]2.8[diam]1.7
*[name]tree[x]31[z]602[height]2.3[diam]1.7
*[name]tree[x]32[z]602[height]3.5[diam]3.3
*[name]tree[x]51[z]602[height]2.1[diam]1.8
*[name]tree[x]30[z]603[height]2.1[diam]1.5
*[name]tree[x]31[z]603[height]3.9[diam]3.3
*[name]herring[x]40[z]603[height]1.0[diam]1.0
*[name]flag[x]45[z]603[height]1.0[diam]1.0
*[name]tree[x]50[z]603[height]2.5[diam]1.5
*[name]tree[x]51[z]603[height]2.7[diam]1.9
*[name]herring[x]10[z]604[height]1.0[diam]1.0
*[name]tree[x]29[z]604[height]2.6[diam]1.5
*[name]tree[x]30[z]604[height]2.7[diam]2.0
*[name]tree[x]49[z]604[height]3.2[diam]1.6
*[name]tree[x]50[z]604[height]2.8[diam]2.8
*[name]tree[x]52[z]604[height]2.2[diam]2.0
*[name]herring[x]12[z]605[height]1.0[diam]1.0
*[name]flag[x]34[z]605[height]1.0[diam]1.0
*[name]tree[x]48[z]605[height]2.6[diam]2.6
*[name]tree[x]49[z]605[height]4.0[diam]3.5
*[name]tree[x]52[z]605[height]2.3[diam]1.6
*[name]flag[x]43[z]606[height]1.0[diam]1.0
*[name]tree[x]47[z]606[height]3.9[diam]2.6
*[name]tree[x]48[z]606[height]3.8[diam]3.3
*[name]tree[x]51[z]606[height]2.3[diam]2.3
*[name]tree[x]46[z]607[height]3.0[diam]1.9
*[name]tree[x]48[z]607[height]2.7[diam]2.0
*[name]tree[x]49[z]607[height]3.8[diam]3.1
*[name]herring[x]37[z]608[height]1.0[diam]1.0
*[name]tree[x]47[z]608[height]3.3[diam]2.1
*[name]tree[x]48[z]608[height]2.1[diam]2.0
*[name]tree[x]46[z]609[height]2.8[diam]2.0
*[name]tree[x]47[z]609[height]2.8[diam]1.4
*[name]tree[x]48[z]609[height]2.8[diam]2.5
*[name]tree[x]49[z]609[height]4.0[diam]3.0
*[name]tree[x]50[z]609[height]3.2[diam]2.1
*[name]tree[x]46[z]610[height]3.0[diam]2.4
*[name]tree[x]48[z]610[height]2.1[diam]1.8
*[name]tree[x]44[z]611[height]4.0[diam]2.0
*[name]tree[x]43[z]612[height]3.9[diam]3.7
*[name]tree[x]44[z]612[height]3.5[diam]2.0
*[name]tree[x]46[z]612[height]3.7[diam]2.3
*[name]herring[x]31[z]613[height]1.0[diam]1.0
*[name]tree[x]40[z]613[height]2.8[diam]1.7
*[name]tree[x]42[z]613[height]3.4[diam]2.2
*[name]tree[x]43[z]613[height]3.6[diam]2.4
*[name]tree[x]44[z]613[height]3.1[diam]2.8
*[name]tree[x]45[z]613[height]2.5[diam]2.5
*[name]tree[x]46[z]613[height]2.5[diam]2.1
*[name]herring[x]84[z]613[height]1.0[diam]1.0
*[name]tree[x]12[z]614[height]3.9[diam]3.3
*[name]tree[x]44[z]614[height]2.9[diam]2.8
*[name]tree[x]45[z]614[height]2.4[diam]1.3
*[name]tree[x]11[z]615[height]2.5[diam]2.1
*[name]tree[x]12[z]615[height]3.3[diam]2.1
*[name]herring[x]30[z]615[height]1.0[diam]1.0
*[name]herring[x]70[z]615[height]1.0[diam]1.0
*[name]herring[x]85[z]615[height]1.0[diam]1.0
*[name]tree[x]11[z]616[height]2.7[diam]2.2
*[name]herring[x]29[z]616[height]1.0[diam]1.0
*[name]tree[x]11[z]617[height]2.6[diam]1.7
*[name]tree[x]13[z]617[height]3.1[diam]1.6
*[name]herring[x]86[z]617[height]1.0[diam]1.0
*[name]tree[x]12[z]618[height]2.9[diam]2.1
*[name]tree[x]13[z]618[height]2.5[diam]2.4
*[name]tree[x]11[z]623[height]3.2[diam]3.2
*[name]tree[x]12[z]623[height]2.3[diam]1.6
*[name]tree[x]10[z]624[height]2.6[diam]2.2
*[name]tree[x]11[z]624[height]2.5[diam]2.0
*[name]herring[x]82[z]629[height]1.0[diam]1.0
*[name]herring[x]24[z]630[height]1.0[diam]1.0
*[name]shrub[x]94[z]632[height]1.0[diam]1.0
*[name]shrub[x]94[z]633[height]0.9[diam]0.9
*[name]shrub[x]93[z]634[height]0.7[diam]0.7
*[name]shrub[x]92[z]635[height]1.0[diam]1.0
*[name]shrub[x]92[z]636[height]0.7[diam]0.7
*[name]shrub[x]92[z]638[height]1.0[diam]1.0
*[name]herring[x]81[z]640[height]1.0[diam]1.0
*[name]tree[x]91[z]642[height]3.1[diam]2.1
*[name]tree[x]93[z]642[height]3.5[diam]3.1
*[name]herring[x]81[z]643[height]1.0[diam]1.0
*[name]tree[x]94[z]643[height]2.1[diam]1.5
*[name]tree[x]91[z]644[height]2.1[diam]1.5
*[name]tree[x]93[z]644[height]2.1[diam]1.4
*[name]herring[x]82[z]645[height]1.0[diam]1.0
*[name]tree[x]91[z]645[height]3.4[diam]2.8
*[name]tree[x]95[z]645[height]2.8[diam]1.6
*[name]tree[x]93[z]646[height]2.0[diam]1.7
*[name]tree[x]94[z]646[height]2.1[diam]1.7
*[name]tree[x]96[z]646[height]3.3[diam]1.9
*[name]tree[x]94[z]647[height]2.1[diam]2.0
*[name]tree[x]94[z]648[height]3.7[diam]2.4
*[name]tree[x]95[z]648[height]3.0[diam]2.2
*[name]tree[x]96[z]648[height]3.6[diam]3.2
*[name]tree[x]93[z]649[height]2.1[diam]2.1
*[name]tree[x]94[z]649[height]2.9[diam]2.3
*[name]tree[x]95[z]649[height]2.7[diam]1.6
*[name]tree[x]96[z]649[height]2.7[diam]1.9
*[name]tree[x]93[z]650[height]3.2[diam]2.2
*[name]tree[x]92[z]651[height]3.6[diam]3.0
*[name]herring[x]19[z]663[height]1.0[diam]1.0
*[name]herring[x]21[z]666[height]1.0[diam]1.0
*[name]herring[x]22[z]667[height]1.0[diam]1.0
*[name]herring[x]81[z]680[height]1.0[diam]1.0
*[name]herring[x]35[z]681[height]1.0[diam]1.0
*[name]herring[x]81[z]682[height]1.0[diam]1.0
*[name]herring[x]37[z]683[height]1.0[diam]1.0
*[name]tree[x]92[z]683[height]3.5[diam]2.6
*[name]tree[x]92[z]684[height]2.6[diam]1.5
*[name]herring[x]38[z]685[height]1.0[diam]1.0
*[name]tree[x]92[z]685[height]3.4[diam]2.2
*[name]tree[x]92[z]686[height]3.6[diam]3.1
*[name]tree[x]91[z]687[height]3.9[diam]2.8
*[name]tree[x]90[z]688[height]3.8[diam]3.8
*[name]tree[x]91[z]688[height]2.7[diam]2.4
*[name]tree[x]90[z]689[height]2.5[diam]2.4
*[name]herring[x]16[z]690[height]1.0[diam]1.0
*[name]tree[x]89[z]690[height]2.4[diam]1.3
*[name]tree[x]89[z]691[height]3.3[diam]2.1
*[name]tree[x]88[z]692[height]2.1[diam]1.1
*[name]tree[x]89[z]692[height]3.7[diam]2.6
*[name]tree[x]90[z]692[height]2.6[diam]1.5
*[name]herring[x]15[z]693[height]1.0[diam]1.0
*[name]herring[x]76[z]693[height]1.0[diam]1.0
*[name]tree[x]88[z]693[height]3.5[diam]3.3
*[name]tree[x]89[z]693[height]3.2[diam]2.5
*[name]tree[x]90[z]693[height]3.1[diam]2.1
*[name]tree[x]88[z]694[height]2.2[diam]2.0
*[name]tree[x]89[z]694[height]2.9[diam]2.6
*[name]tree[x]89[z]695[height]2.4[diam]1.5
*[name]herring[x]15[z]696[height]1.0[diam]1.0
*[name]tree[x]89[z]696[height]3.1[diam]1.7
*[name]tree[x]89[z]697[height]3.4[diam]2.4
*[name]tree[x]89[z]698[height]2.2[diam]1.1
*[name]tree[x]90[z]698[height]2.4[diam]1.6
*[name]tree[x]91[z]698[height]3.9[diam]2.7
*[name]tree[x]95[z]709[height]2.9[diam]2.2
*[name]tree[x]95[z]710[height]3.3[diam]2.5
*[name]herring[x]35[z]711[height]1.0[diam]1.0
*[name]herring[x]83[z]711[height]1.0[diam]1.0
*[name]tree[x]95[z]711[height]3.3[diam]2.5
*[name]tree[x]95[z]712[height]3.7[diam]3.6
*[name]herring[x]64[z]713[height]1.0[diam]1.0
*[name]tree[x]95[z]713[height]3.5[diam]2.8
*[name]herring[x]36[z]714[height]1.0[diam]1.0
*[name]tree[x]95[z]714[height]3.6[diam]2.4
*[name]tree[x]94[z]715[height]2.4[diam]1.6
*[name]herring[x]36[z]716[height]1.0[diam]1.0
*[name]herring[x]66[z]716[height]1.0[diam]1.0
*[name]tree[x]94[z]716[height]3.4[diam]2.2
*[name]tree[x]94[z]717[height]2.5[diam]1.4
*[name]herring[x]36[z]719[height]1.0[diam]1.0
*[name]tree[x]95[z]719[height]2.1[diam]1.5
*[name]tree[x]96[z]720[height]2.8[diam]2.3
*[name]tree[x]96[z]721[height]3.1[diam]1.7
*[name]tree[x]96[z]723[height]2.1[diam]1.7
*[name]flag[x]85[z]726[height]1.0[diam]1.0
*[name]flag[x]85[z]727[height]1.0[diam]1.0
*[name]herring[x]51[z]733[height]1.0[diam]1.0
*[name]herring[x]82[z]734[height]1.0[diam]1.0
*[name]herring[x]50[z]736[height]1.0[diam]1.0
*[name]herring[x]50[z]739[height]1.0[diam]1.0
*[name]herring[x]74[z]740[height]1.0[diam]1.0
*[name]tree[x]90[z]745[height]2.3[diam]1.4
*[name]herring[x]33[z]746[height]1.0[diam]1.0
*[name]tree[x]88[z]747[height]4.0[diam]2.1
*[name]herring[x]69[z]748[height]1.0[diam]1.0
*[name]tree[x]87[z]748[height]3.2[diam]2.3
*[name]tree[x]88[z]748[height]3.3[diam]2.1
*[name]herring[x]34[z]749[height]1.0[diam]1.0
*[name]tree[x]87[z]749[height]3.8[diam]2.4
*[name]tree[x]87[z]750[height]3.6[diam]3.2
*[name]tree[x]89[z]750[height]2.4[diam]1.9
*[name]tree[x]87[z]751[height]2.8[diam]1.4
*[name]tree[x]87[z]752[height]3.8[diam]3.0
*[name]tree[x]87[z]753[height]2.8[diam]2.2
*[name]tree[x]89[z]753[height]3.7[diam]3.0
*[name]tree[x]87[z]754[height]3.5[diam]3.4
*[name]tree[x]90[z]754[height]2.1[diam]1.2
*[name]tree[x]87[z]755[height]3.0[diam]2.4
*[name]tree[x]88[z]755[height]2.5[diam]2.0
*[name]tree[x]90[z]755[height]2.4[diam]1.7
*[name]tree[x]89[z]756[height]3.5[diam]2.1
*[name]tree[x]90[z]756[height]3.0[diam]2.1
*[name]tree[x]89[z]757[height]3.2[diam]1.8
*[name]tree[x]89[z]759[height]3.4[diam]2.5
*[name]herring[x]39[z]764[height]1.0[diam]1.0
*[name]herring[x]76[z]764[height]1.0[diam]1.0
*[name]herring[x]39[z]766[height]1.0[diam]1.0
*[name]herring[x]78[z]767[height]1.0[diam]1.0
*[name]tree[x]40[z]770[height]2.8[diam]2.1
*[name]tree[x]40[z]771[height]2.5[diam]2.0
*[name]tree[x]38[z]773[height]2.1[diam]1.7
*[name]tree[x]39[z]773[height]3.3[diam]3.2
*[name]tree[x]90[z]778[height]2.4[diam]1.2
*[name]tree[x]89[z]779[height]3.2[diam]1.7
*[name]tree[x]90[z]779[height]3.3[diam]2.2
*[name]tree[x]91[z]779[height]4.0[diam]3.4
*[name]tree[x]89[z]780[height]3.0[diam]2.3
*[name]tree[x]91[z]780[height]2.6[diam]2.3
*[name]tree[x]89[z]781[height]2.1[diam]1.6
*[name]tree[x]91[z]781[height]2.3[diam]2.2
*[name]tree[x]89[z]782[height]3.3[diam]2.8
*[name]tree[x]91[z]782[height]2.5[diam]1.6
*[name]tree[x]90[z]783[height]3.6[diam]3.4
*[name]tree[x]91[z]783[height]3.6[diam]2.1
*[name]tree[x]92[z]783[height]2.8[diam]1.5
*[name]shrub[x]36[z]784[height]1.1[diam]1.1
*[name]tree[x]91[z]784[height]3.0[diam]2.5
*[name]shrub[x]37[z]785[height]0.9[diam]0.9
*[name]shrub[x]38[z]785[height]0.9[diam]0.9
*[name]tree[x]92[z]785[height]3.8[diam]2.8
*[name]shrub[x]37[z]786[height]0.6[diam]0.6
*[name]shrub[x]38[z]786[height]1.2[diam]1.2
*[name]herring[x]60[z]786[height]1.0[diam]1.0
*[name]shrub[x]37[z]787[height]0.7[diam]0.7
*[name]shrub[x]38[z]787[height]0.8[diam]0.8
*[name]shrub[x]39[z]787[height]1.2[diam]1.2
*[name]shrub[x]40[z]787[height]1.1[diam]1.1
*[name]tree[x]92[z]787[height]3.8[diam]2.8
*[name]shrub[x]38[z]788[height]0.7[diam]0.7
*[name]shrub[x]39[z]788[height]1.0[diam]1.0
*[name]herring[x]59[z]788[height]1.0[diam]1.0
*[name]herring[x]76[z]788[height]1.0[diam]1.0
*[name]tree[x]93[z]788[height]3.1[diam]2.5
*[name]herring[x]59[z]790[height]1.0[diam]1.0
*[name]tree[x]96[z]797[height]3.6[diam]2.5
*[name]herring[x]24[z]798[height]1.0[diam]1.0
*[name]tree[x]95[z]798[height]2.5[diam]1.9
*[name]herring[x]22[z]801[height]1.0[diam]1.0
*[name]tree[x]96[z]801[height]3.3[diam]2.5
*[name]tree[x]96[z]802[height]2.5[diam]1.9
*[name]tree[x]96[z]803[height]2.7[diam]1.9
*[name]tree[x]96[z]804[height]3.9[diam]2.7
*[name]herring[x]20[z]805[height]1.0[diam]1.0
*[name]tree[x]94[z]805[height]2.5[diam]1.8
*[name]tree[x]95[z]805[height]2.1[diam]1.8
*[name]tree[x]94[z]806[height]3.8[diam]3.7
*[name]tree[x]95[z]806[height]2.3[diam]2.2
*[name]tree[x]96[z]806[height]3.9[diam]2.5
*[name]tree[x]94[z]807[height]2.6[diam]2.5
*[name]herring[x]20[z]808[height]1.0[diam]1.0
*[name]tree[x]94[z]808[height]2.3[diam]1.3
*[name]tree[x]94[z]809[height]2.7[diam]1.7
*[name]tree[x]96[z]809[height]3.6[diam]3.5
*[name]herring[x]85[z]810[height]1.0[diam]1.0
*[name]tree[x]95[z]810[height]3.7[diam]3.0
*[name]tree[x]96[z]810[height]2.6[diam]1.4
*[name]tree[x]95[z]811[height]2.2[diam]2.1
*[name]tree[x]96[z]811[height]3.3[diam]2.2
*[name]tree[x]95[z]812[height]2.9[diam]2.9
*[name]tree[x]96[z]812[height]3.6[diam]2.5
*[name]tree[x]94[z]813[height]2.8[diam]1.4
*[name]tree[x]95[z]813[height]3.7[diam]2.7
*[name]tree[x]96[z]813[height]3.5[diam]3.0
*[name]tree[x]32[z]814[height]2.9[diam]2.7
*[name]tree[x]33[z]814[height]3.3[diam]2.3
*[name]herring[x]85[z]814[height]1.0[diam]1.0
*[name]tree[x]96[z]814[height]2.4[diam]2.3
*[name]tree[x]32[z]815[height]2.5[diam]1.7
*[name]tree[x]33[z]815[height]2.3[diam]1.8
*[name]tree[x]93[z]815[height]3.1[diam]3.1
*[name]tree[x]32[z]816[height]3.1[diam]2.2
*[name]tree[x]93[z]816[height]3.1[diam]2.9
*[name]tree[x]96[z]816[height]3.1[diam]2.5
*[name]tree[x]31[z]817[height]3.5[diam]2.1
*[name]tree[x]94[z]817[height]2.0[diam]1.3
*[name]tree[x]94[z]818[height]2.4[diam]2.1
*[name]tree[x]97[z]818[height]3.3[diam]2.6
*[name]tree[x]97[z]819[height]3.7[diam]2.8
*[name]tree[x]95[z]820[height]2.0[diam]1.6
*[name]tree[x]95[z]821[height]2.5[diam]1.8
*[name]tree[x]97[z]821[height]2.9[diam]2.8
*[name]shrub[x]38[z]822[height]1.1[diam]1.1
*[name]shrub[x]39[z]822[height]1.0[diam]1.0
*[name]tree[x]95[z]822[height]3.7[diam]2.0
*[name]tree[x]97[z]822[height]4.0[diam]3.9
*[name]shrub[x]39[z]823[height]1.0[diam]1.0
*[name]tree[x]94[z]823[height]3.1[diam]3.0
*[name]tree[x]95[z]823[height]2.5[diam]2.4
*[name]shrub[x]39[z]824[height]0.9[diam]0.9
*[name]tree[x]89[z]824[height]2.1[diam]1.6
*[name]tree[x]90[z]824[height]2.3[diam]2.1
*[name]tree[x]93[z]824[height]3.4[diam]2.0
*[name]tree[x]98[z]824[height]2.2[diam]2.0
*[name]herring[x]69[z]825[height]1.0[diam]1.0
*[name]tree[x]89[z]825[height]3.9[diam]3.4
*[name]tree[x]90[z]825[height]2.9[diam]2.6
*[name]tree[x]91[z]825[height]2.5[diam]1.8
*[name]tree[x]91[z]826[height]2.8[diam]2.1
*[name]tree[x]93[z]826[height]3.8[diam]3.5
*[name]tree[x]98[z]826[height]2.8[diam]2.4
*[name]tree[x]92[z]827[height]3.0[diam]1.9
*[name]tree[x]93[z]827[height]3.5[diam]2.6
*[name]tree[x]97[z]827[height]2.5[diam]1.8
*[name]herring[x]35[z]828[height]1.0[diam]1.0
*[name]herring[x]76[z]828[height]1.0[diam]1.0
*[name]tree[x]93[z]828[height]2.1[diam]1.2
*[name]tree[x]97[z]828[height]3.4[diam]1.7
*[name]herring[x]18[z]829[height]1.0[diam]1.0
*[name]tree[x]94[z]829[height]3.4[diam]3.0
*[name]herring[x]36[z]830[height]1.0[diam]1.0
*[name]tree[x]94[z]830[height]3.0[diam]2.8
*[name]tree[x]95[z]831[height]3.2[diam]1.9
*[name]herring[x]15[z]832[height]1.0[diam]1.0
*[name]tree[x]95[z]833[height]2.0[diam]1.7
*[name]tree[x]32[z]834[height]2.1[diam]2.1
*[name]tree[x]33[z]834[height]2.8[diam]2.1
*[name]tree[x]34[z]834[height]3.6[diam]3.0
*[name]herring[x]54[z]834[height]1.0[diam]1.0
*[name]tree[x]95[z]834[height]3.9[diam]2.3
*[name]tree[x]32[z]835[height]2.3[diam]2.1
*[name]tree[x]33[z]835[height]2.1[diam]1.6
*[name]tree[x]34[z]835[height]3.0[diam]2.3
*[name]herring[x]53[z]836[height]1.0[diam]1.0
*[name]tree[x]31[z]837[height]3.7[diam]2.3
*[name]tree[x]33[z]837[height]2.1[diam]1.1
*[name]herring[x]77[z]837[height]1.0[diam]1.0
*[name]herring[x]79[z]839[height]1.0[diam]1.0
*[name]herring[x]80[z]840[height]1.0[diam]1.0
*[name]herring[x]82[z]843[height]1.0[diam]1.0
*[name]herring[x]39[z]845[height]1.0[diam]1.0
*[name]herring[x]57[z]846[height]1.0[diam]1.0
*[name]herring[x]65[z]846[height]1.0[diam]1.0
*[name]herring[x]67[z]846[height]1.0[diam]1.0
*[name]tree[x]91[z]847[height]3.4[diam]1.8
*[name]herring[x]57[z]848[height]1.0[diam]1.0
*[name]herring[x]75[z]848[height]1.0[diam]1.0
*[name]tree[x]91[z]848[height]2.6[diam]1.8
*[name]tree[x]91[z]850[height]2.2[diam]2.1
*[name]shrub[x]8[z]851[height]0.7[diam]0.7
*[name]herring[x]11[z]851[height]1.0[diam]1.0
*[name]herring[x]82[z]851[height]1.0[diam]1.0
*[name]tree[x]91[z]851[height]3.2[diam]2.9
*[name]tree[x]92[z]851[height]3.5[diam]3.1
*[name]shrub[x]9[z]852[height]1.1[diam]1.1
*[name]tree[x]92[z]852[height]2.8[diam]2.6
*[name]shrub[x]9[z]853[height]1.1[diam]1.1
*[name]herring[x]35[z]853[height]1.0[diam]1.0
*[name]herring[x]12[z]854[height]1.0[diam]1.0
*[name]herring[x]71[z]854[height]1.0[diam]1.0
*[name]herring[x]13[z]855[height]1.0[diam]1.0
*[name]herring[x]33[z]855[height]1.0[diam]1.0
*[name]herring[x]82[z]856[height]1.0[diam]1.0
*[name]shrub[x]5[z]857[height]1.1[diam]1.1
*[name]shrub[x]5[z]858[height]0.8[diam]0.8
*[name]shrub[x]7[z]859[height]1.0[diam]1.0
*[name]tree[x]8[z]859[height]2.9[diam]1.9
*[name]herring[x]71[z]859[height]1.0[diam]1.0
*[name]tree[x]94[z]859[height]3.7[diam]3.0
*[name]tree[x]8[z]860[height]2.2[diam]2.1
*[name]tree[x]38[z]860[height]2.4[diam]1.9
*[name]tree[x]39[z]860[height]2.8[diam]1.5
*[name]tree[x]94[z]860[height]3.8[diam]2.7
*[name]tree[x]8[z]861[height]2.2[diam]1.8
*[name]tree[x]9[z]861[height]3.0[diam]2.1
*[name]tree[x]37[z]861[height]2.0[diam]1.6
*[name]tree[x]38[z]861[height]2.8[diam]1.6
*[name]tree[x]39[z]861[height]2.4[diam]1.5
*[name]herring[x]78[z]861[height]1.0[diam]1.0
*[name]herring[x]84[z]861[height]1.0[diam]1.0
*[name]tree[x]94[z]861[height]3.8[diam]3.7
*[name]tree[x]95[z]861[height]2.2[diam]1.4
*[name]tree[x]94[z]862[height]3.7[diam]3.6
*[name]tree[x]37[z]863[height]2.2[diam]1.3
*[name]tree[x]38[z]863[height]3.2[diam]2.5
*[name]herring[x]76[z]863[height]1.0[diam]1.0
*[name]tree[x]37[z]864[height]3.0[diam]2.2
*[name]tree[x]94[z]864[height]2.3[diam]1.8
*[name]tree[x]95[z]864[height]2.7[diam]1.8
*[name]tree[x]37[z]865[height]2.4[diam]2.1
*[name]herring[x]74[z]865[height]1.0[diam]1.0
*[name]herring[x]85[z]865[height]1.0[diam]1.0
*[name]herring[x]23[z]866[height]1.0[diam]1.0
*[name]tree[x]38[z]866[height]2.7[diam]1.5
*[name]tree[x]37[z]867[height]2.4[diam]1.8
*[name]shrub[x]10[z]868[height]1.0[diam]1.0
*[name]shrub[x]11[z]868[height]1.0[diam]1.0
*[name]shrub[x]12[z]868[height]1.1[diam]1.1
*[name]herring[x]62[z]868[height]1.0[diam]1.0
*[name]herring[x]71[z]868[height]1.0[diam]1.0
*[name]tree[x]37[z]869[height]3.4[diam]2.2
*[name]tree[x]37[z]870[height]2.6[diam]2.4
*[name]herring[x]70[z]870[height]1.0[diam]1.0
*[name]tree[x]37[z]871[height]3.0[diam]2.3
*[name]herring[x]77[z]871[height]1.0[diam]1.0
*[name]tree[x]37[z]872[height]3.5[diam]2.6
*[name]herring[x]61[z]872[height]1.0[diam]1.0
*[name]herring[x]63[z]874[height]1.0[diam]1.0
*[name]herring[x]79[z]874[height]1.0[diam]1.0
*[name]herring[x]15[z]875[height]1.0[diam]1.0
*[name]herring[x]31[z]875[height]1.0[diam]1.0
*[name]tree[x]38[z]875[height]3.3[diam]1.7
*[name]tree[x]39[z]875[height]2.6[diam]2.1
*[name]tree[x]40[z]875[height]2.2[diam]1.7
*[name]tree[x]93[z]875[height]2.4[diam]2.0
*[name]tree[x]39[z]876[height]4.0[diam]3.3
*[name]tree[x]40[z]876[height]3.6[diam]2.8
*[name]herring[x]32[z]877[height]1.0[diam]1.0
*[name]herring[x]81[z]877[height]1.0[diam]1.0
*[name]tree[x]93[z]877[height]3.9[diam]2.2
*[name]tree[x]5[z]878[height]3.6[diam]3.1
*[name]shrub[x]6[z]878[height]0.9[diam]0.9
*[name]tree[x]7[z]878[height]3.7[diam]3.6
*[name]tree[x]5[z]879[height]3.9[diam]3.1
*[name]tree[x]6[z]879[height]3.3[diam]3.1
*[name]tree[x]7[z]879[height]2.5[diam]2.5
*[name]tree[x]17[z]879[height]2.3[diam]1.3
*[name]tree[x]18[z]879[height]2.9[diam]2.4
*[name]herring[x]79[z]879[height]1.0[diam]1.0
*[name]tree[x]94[z]879[height]3.7[diam]3.6
*[name]tree[x]5[z]880[height]2.6[diam]2.5
*[name]shrub[x]6[z]880[height]0.7[diam]0.7
*[name]herring[x]13[z]880[height]1.0[diam]1.0
*[name]tree[x]16[z]880[height]3.8[diam]1.9
*[name]tree[x]17[z]880[height]3.5[diam]1.9
*[name]tree[x]18[z]880[height]3.4[diam]2.9
*[name]tree[x]15[z]881[height]3.4[diam]2.5
*[name]tree[x]18[z]881[height]2.6[diam]2.2
*[name]tree[x]95[z]883[height]3.2[diam]1.8
*[name]tree[x]95[z]884[height]2.8[diam]1.5
*[name]herring[x]70[z]885[height]1.0[diam]1.0
*[name]herring[x]72[z]885[height]1.0[diam]1.0
*[name]tree[x]95[z]886[height]3.9[diam]2.6
*[name]tree[x]95[z]887[height]2.1[diam]1.6
*[name]herring[x]88[z]889[height]1.0[diam]1.0
*[name]tree[x]95[z]889[height]4.0[diam]3.8
*[name]herring[x]8[z]890[height]1.0[diam]1.0
*[name]herring[x]88[z]890[height]1.0[diam]1.0
*[name]tree[x]39[z]892[height]3.6[diam]3.5
*[name]herring[x]71[z]892[height]1.0[diam]1.0
*[name]tree[x]39[z]893[height]2.1[diam]2.0
*[name]tree[x]20[z]894[height]2.8[diam]2.4
*[name]tree[x]21[z]894[height]3.6[diam]2.4
*[name]shrub[x]22[z]894[height]0.6[diam]0.6
*[name]tree[x]23[z]894[height]3.4[diam]2.7
*[name]tree[x]39[z]894[height]3.8[diam]3.3
*[name]herring[x]88[z]894[height]1.0[diam]1.0
*[name]tree[x]21[z]895[height]2.7[diam]2.7
*[name]tree[x]22[z]895[height]2.8[diam]1.5
*[name]tree[x]24[z]895[height]3.4[diam]3.2
*[name]tree[x]26[z]895[height]2.8[diam]1.9
*[name]tree[x]37[z]895[height]3.0[diam]2.2
*[name]tree[x]38[z]895[height]3.6[diam]2.8
*[name]tree[x]39[z]895[height]2.9[diam]1.6
*[name]tree[x]45[z]895[height]3.3[diam]1.6
*[name]shrub[x]23[z]896[height]0.7[diam]0.7
*[name]tree[x]24[z]896[height]3.0[diam]2.7
*[name]shrub[x]25[z]896[height]0.6[diam]0.6
*[name]tree[x]26[z]896[height]3.1[diam]2.7
*[name]tree[x]39[z]896[height]3.0[diam]1.9
*[name]tree[x]45[z]896[height]3.0[diam]2.8
*[name]tree[x]8[z]897[height]2.6[diam]1.6
*[name]herring[x]19[z]897[height]1.0[diam]1.0
*[name]tree[x]23[z]897[height]2.8[diam]1.8
*[name]herring[x]79[z]897[height]1.0[diam]1.0
*[name]tree[x]7[z]898[height]3.8[diam]3.4
*[name]tree[x]8[z]898[height]2.4[diam]1.6
*[name]tree[x]9[z]898[height]3.7[diam]3.5
*[name]tree[x]43[z]898[height]2.4[diam]1.5
*[name]shrub[x]55[z]898[height]0.8[diam]0.8
*[name]tree[x]56[z]898[height]3.4[diam]2.9
*[name]tree[x]9[z]899[height]2.1[diam]1.3
*[name]shrub[x]54[z]899[height]0.7[diam]0.7
*[name]shrub[x]55[z]899[height]0.7[diam]0.7
*[name]tree[x]57[z]899[height]3.8[diam]2.3
*[name]tree[x]58[z]899[height]2.6[diam]1.8
*[name]tree[x]59[z]899[height]2.0[diam]1.4
*[name]tree[x]10[z]900[height]4.0[diam]3.4
*[name]tree[x]11[z]900[height]3.7[diam]2.4
*[name]tree[x]12[z]900[height]2.5[diam]2.1
*[name]shrub[x]54[z]900[height]1.0[diam]1.0
*[name]tree[x]56[z]900[height]2.9[diam]1.6
*[name]tree[x]57[z]900[height]3.7[diam]2.5
*[name]tree[x]8[z]901[height]3.7[diam]2.0
*[name]tree[x]9[z]901[height]3.3[diam]2.9
*[name]tree[x]10[z]901[height]3.9[diam]3.7
*[name]shrub[x]11[z]901[height]1.2[diam]1.2
*[name]shrub[x]12[z]901[height]0.7[diam]0.7
*[name]tree[x]13[z]901[height]3.1[diam]2.7
*[name]tree[x]14[z]901[height]2.6[diam]2.4
*[name]tree[x]15[z]901[height]3.8[diam]2.8
*[name]shrub[x]54[z]901[height]1.0[diam]1.0
*[name]tree[x]56[z]901[height]2.2[diam]2.0
*[name]tree[x]57[z]901[height]2.3[diam]1.3
*[name]tree[x]59[z]901[height]2.2[diam]1.3
*[name]herring[x]70[z]901[height]1.0[diam]1.0
*[name]tree[x]8[z]902[height]3.7[diam]3.7
*[name]tree[x]11[z]902[height]2.9[diam]1.5
*[name]tree[x]12[z]902[height]3.3[diam]1.7
*[name]tree[x]13[z]902[height]3.0[diam]2.7
*[name]tree[x]14[z]902[height]3.7[diam]3.5
*[name]herring[x]24[z]902[height]1.0[diam]1.0
*[name]shrub[x]55[z]902[height]1.0[diam]1.0
*[name]tree[x]56[z]902[height]3.9[diam]2.9
*[name]tree[x]57[z]902[height]2.7[diam]2.6
*[name]tree[x]58[z]902[height]2.8[diam]1.8
*[name]tree[x]59[z]902[height]2.3[diam]2.2
*[name]shrub[x]13[z]903[height]0.6[diam]0.6
*[name]shrub[x]55[z]903[height]0.9[diam]0.9
*[name]tree[x]57[z]903[height]3.5[diam]3.4
*[name]herring[x]69[z]903[height]1.0[diam]1.0
*[name]tree[x]42[z]904[height]3.8[diam]2.9
*[name]tree[x]43[z]904[height]2.1[diam]1.8
*[name]shrub[x]55[z]904[height]1.0[diam]1.0
*[name]herring[x]81[z]904[height]1.0[diam]1.0
*[name]tree[x]42[z]905[height]2.4[diam]2.1
*[name]tree[x]44[z]905[height]3.6[diam]1.9
*[name]shrub[x]54[z]905[height]1.1[diam]1.1
*[name]herring[x]69[z]905[height]1.0[diam]1.0
*[name]tree[x]42[z]906[height]2.5[diam]1.4
*[name]herring[x]79[z]906[height]1.0[diam]1.0
*[name]tree[x]42[z]907[height]2.8[diam]1.8
*[name]tree[x]43[z]907[height]3.3[diam]2.0
*[name]herring[x]71[z]907[height]1.0[diam]1.0
*[name]tree[x]43[z]908[height]2.3[diam]1.7
*[name]tree[x]43[z]909[height]3.7[diam]2.0
*[name]herring[x]49[z]909[height]1.0[diam]1.0
*[name]tree[x]44[z]910[height]2.1[diam]1.2
*[name]herring[x]49[z]911[height]1.0[diam]1.0
*[name]herring[x]89[z]911[height]1.0[diam]1.0
*[name]herring[x]50[z]913[height]1.0[diam]1.0
*[name]herring[x]75[z]913[height]1.0[diam]1.0
*[name]herring[x]89[z]915[height]1.0[diam]1.0
*[name]tree[x]32[z]916[height]3.9[diam]2.8
*[name]tree[x]33[z]916[height]3.1[diam]1.7
*[name]herring[x]77[z]916[height]1.0[diam]1.0
*[name]tree[x]32[z]917[height]2.7[diam]2.1
*[name]tree[x]33[z]917[height]3.1[diam]1.7
*[name]tree[x]34[z]917[height]3.0[diam]2.2
*[name]herring[x]88[z]917[height]1.0[diam]1.0
*[name]tree[x]32[z]918[height]3.3[diam]2.6
*[name]shrub[x]33[z]918[height]0.7[diam]0.7
*[name]tree[x]34[z]918[height]2.6[diam]2.3
*[name]shrub[x]33[z]919[height]1.1[diam]1.1
*[name]tree[x]34[z]919[height]2.2[diam]2.0
*[name]tree[x]32[z]920[height]3.2[diam]2.2
*[name]tree[x]33[z]920[height]4.0[diam]2.1
*[name]tree[x]34[z]921[height]3.2[diam]2.6
*[name]tree[x]31[z]922[height]2.5[diam]2.1
*[name]herring[x]26[z]924[height]1.0[diam]1.0
*[name]tree[x]48[z]925[height]2.3[diam]1.2
*[name]tree[x]43[z]926[height]3.6[diam]2.1
*[name]tree[x]46[z]926[height]2.6[diam]2.3
*[name]tree[x]47[z]926[height]3.2[diam]2.9
*[name]tree[x]93[z]926[height]3.7[diam]3.6
*[name]tree[x]17[z]927[height]2.8[diam]1.9
*[name]tree[x]43[z]927[height]2.1[diam]2.0
*[name]tree[x]46[z]927[height]3.7[diam]3.1
*[name]tree[x]48[z]927[height]3.0[diam]2.8
*[name]tree[x]93[z]927[height]4.0[diam]2.5
*[name]tree[x]15[z]928[height]3.5[diam]1.9
*[name]tree[x]16[z]928[height]2.2[diam]1.5
*[name]tree[x]45[z]928[height]2.9[diam]1.6
*[name]tree[x]46[z]928[height]2.8[diam]1.5
*[name]tree[x]48[z]928[height]3.5[diam]2.9
*[name]tree[x]49[z]928[height]3.5[diam]3.3
*[name]shrub[x]52[z]928[height]1.0[diam]1.0
*[name]shrub[x]53[z]928[height]0.9[diam]0.9
*[name]tree[x]93[z]928[height]2.1[diam]1.1
*[name]tree[x]15[z]929[height]2.6[diam]2.2
*[name]tree[x]18[z]929[height]3.7[diam]2.2
*[name]tree[x]46[z]929[height]3.2[diam]2.0
*[name]tree[x]47[z]929[height]3.1[diam]2.6
*[name]tree[x]14[z]930[height]2.2[diam]1.6
*[name]shrub[x]16[z]930[height]0.8[diam]0.8
*[name]tree[x]17[z]930[height]3.2[diam]2.1
*[name]tree[x]47[z]930[height]2.7[diam]2.5
*[name]shrub[x]53[z]930[height]0.6[diam]0.6
*[name]shrub[x]54[z]930[height]0.9[diam]0.9
*[name]shrub[x]64[z]930[height]1.2[diam]1.2
*[name]tree[x]13[z]931[height]2.9[diam]2.8
*[name]shrub[x]15[z]931[height]0.6[diam]0.6
*[name]tree[x]16[z]931[height]3.8[diam]3.6
*[name]tree[x]17[z]931[height]3.5[diam]2.7
*[name]tree[x]49[z]931[height]3.3[diam]2.8
*[name]tree[x]13[z]932[height]2.6[diam]1.6
*[name]tree[x]14[z]932[height]3.4[diam]2.2
*[name]tree[x]15[z]932[height]3.1[diam]2.1
*[name]tree[x]16[z]932[height]2.2[diam]1.9
*[name]tree[x]49[z]932[height]4.0[diam]2.7
*[name]shrub[x]54[z]932[height]0.8[diam]0.8
*[name]shrub[x]63[z]932[height]1.0[diam]1.0
*[name]tree[x]16[z]933[height]2.9[diam]2.5
*[name]tree[x]50[z]933[height]2.0[diam]1.1
*[name]shrub[x]53[z]933[height]1.2[diam]1.2
*[name]tree[x]16[z]934[height]2.8[diam]2.6
*[name]herring[x]21[z]935[height]1.0[diam]1.0
*[name]tree[x]49[z]935[height]2.1[diam]2.0
*[name]tree[x]49[z]937[height]3.7[diam]2.9
*[name]tree[x]24[z]938[height]3.5[diam]3.3
*[name]tree[x]25[z]938[height]2.9[diam]2.4
*[name]tree[x]26[z]938[height]3.3[diam]3.3
*[name]tree[x]47[z]938[height]2.6[diam]1.8
*[name]tree[x]25[z]939[height]2.5[diam]1.9
*[name]tree[x]26[z]939[height]2.1[diam]1.6
*[name]tree[x]49[z]939[height]2.2[diam]1.5
*[name]herring[x]21[z]940[height]1.0[diam]1.0
*[name]tree[x]24[z]940[height]3.3[diam]3.0
*[name]tree[x]25[z]940[height]2.8[diam]1.4
*[name]tree[x]26[z]940[height]2.2[diam]1.1
*[name]tree[x]45[z]940[height]3.0[diam]2.6
*[name]tree[x]46[z]940[height]2.2[diam]1.6
*[name]tree[x]48[z]940[height]3.5[diam]2.6
*[name]tree[x]49[z]940[height]2.9[diam]2.6
*[name]tree[x]50[z]940[height]2.6[diam]1.7
*[name]herring[x]58[z]940[height]1.0[diam]1.0
*[name]tree[x]8[z]941[height]2.7[diam]1.4
*[name]tree[x]25[z]941[height]2.4[diam]2.1
*[name]tree[x]50[z]941[height]3.4[diam]3.1
*[name]tree[x]51[z]941[height]3.5[diam]1.8
*[name]herring[x]58[z]941[height]1.0[diam]1.0
*[name]tree[x]8[z]942[height]2.3[diam]1.2
*[name]tree[x]9[z]942[height]3.2[diam]1.9
*[name]tree[x]25[z]942[height]3.1[diam]2.6
*[name]tree[x]43[z]942[height]3.3[diam]2.0
*[name]tree[x]48[z]942[height]2.9[diam]1.5
*[name]tree[x]51[z]942[height]2.5[diam]1.9
*[name]tree[x]7[z]943[height]2.2[diam]1.9
*[name]tree[x]8[z]943[height]2.6[diam]1.5
*[name]tree[x]9[z]943[height]2.5[diam]1.3
*[name]tree[x]23[z]943[height]3.3[diam]2.8
*[name]tree[x]24[z]943[height]3.7[diam]3.6
*[name]tree[x]25[z]943[height]4.0[diam]2.4
*[name]tree[x]42[z]943[height]2.0[diam]1.2
*[name]tree[x]43[z]943[height]2.0[diam]1.7
*[name]tree[x]46[z]943[height]2.0[diam]1.8
*[name]tree[x]47[z]943[height]3.5[diam]2.1
*[name]tree[x]48[z]943[height]3.6[diam]2.4
*[name]tree[x]49[z]943[height]2.8[diam]1.9
*[name]tree[x]7[z]944[height]4.0[diam]2.1
*[name]tree[x]8[z]944[height]3.3[diam]2.4
*[name]herring[x]16[z]944[height]1.0[diam]1.0
*[name]tree[x]22[z]944[height]2.2[diam]2.1
*[name]tree[x]23[z]944[height]3.9[diam]2.3
*[name]tree[x]50[z]944[height]3.3[diam]2.1
*[name]tree[x]90[z]944[height]2.7[diam]2.6
*[name]tree[x]62[z]945[height]2.6[diam]1.3
*[name]tree[x]90[z]945[height]3.2[diam]1.9
*[name]tree[x]91[z]945[height]3.9[diam]3.1
*[name]tree[x]51[z]946[height]2.8[diam]2.7
*[name]tree[x]52[z]947[height]3.5[diam]2.4
*[name]tree[x]63[z]947[height]3.4[diam]3.0
*[name]tree[x]52[z]948[height]2.4[diam]1.7
*[name]tree[x]53[z]949[height]3.8[diam]2.0
*[name]tree[x]3[z]951[height]3.5[diam]2.3
*[name]tree[x]4[z]951[height]2.8[diam]2.5
*[name]tree[x]3[z]952[height]2.7[diam]1.4
*[name]herring[x]11[z]952[height]1.0[diam]1.0
*[name]tree[x]4[z]953[height]2.4[diam]1.7
*[name]tree[x]5[z]953[height]3.9[diam]2.2
*[name]tree[x]6[z]953[height]3.3[diam]2.6
*[name]herring[x]47[z]955[height]1.0[diam]1.0
*[name]tree[x]22[z]956[height]2.8[diam]1.4
*[name]tree[x]23[z]956[height]3.0[diam]2.5
*[name]tree[x]24[z]956[height]2.0[diam]1.1
*[name]tree[x]23[z]957[height]3.7[diam]3.7
*[name]tree[x]24[z]957[height]3.4[diam]2.1
*[name]tree[x]25[z]957[height]3.9[diam]2.8
*[name]flag[x]70[z]957[height]1.0[diam]1.0
*[name]flag[x]71[z]957[height]1.0[diam]1.0
*[name]tree[x]7[z]958[height]3.3[diam]2.7
*[name]tree[x]8[z]958[height]2.3[diam]2.1
*[name]tree[x]22[z]958[height]2.2[diam]1.2
*[name]tree[x]24[z]958[height]3.7[diam]3.5
*[name]tree[x]25[z]958[height]2.8[diam]1.8
*[name]herring[x]42[z]959[height]1.0[diam]1.0
*[name]tree[x]8[z]960[height]3.3[diam]2.9
*[name]tree[x]9[z]960[height]2.6[diam]2.4
*[name]tree[x]10[z]961[height]2.4[diam]1.5
*[name]herring[x]41[z]961[height]1.0[diam]1.0
*[name]tree[x]10[z]962[height]3.9[diam]3.6
*[name]tree[x]11[z]962[height]3.7[diam]2.5
*[name]flag[x]74[z]962[height]1.0[diam]1.0
*[name]flag[x]75[z]962[height]1.0[diam]1.0
*[name]flag[x]76[z]962[height]1.0[diam]1.0
*[name]flag[x]77[z]962[height]1.0[diam]1.0
*[name]flag[x]78[z]962[height]1.0[diam]1.0
*[name]flag[x]79[z]962[height]1.0[diam]1.0
*[name]flag[x]80[z]962[height]1.0[diam]1.0
*[name]flag[x]81[z]962[height]1.0[diam]1.0
*[name]flag[x]82[z]962[height]1.0[diam]1.0
*[name]tree[x]12[z]963[height]3.7[diam]2.5
*[name]herring[x]24[z]963[height]1.0[diam]1.0
*[name]herring[x]27[z]963[height]1.0[diam]1.0
*[name]herring[x]30[z]963[height]1.0[diam]1.0
*[name]tree[x]13[z]964[height]2.1[diam]2.0
*[name]tree[x]14[z]964[height]2.9[diam]2.8
*[name]tree[x]17[z]964[height]3.7[diam]2.1
*[name]tree[x]18[z]964[height]2.3[diam]2.1
*[name]herring[x]42[z]964[height]1.0[diam]1.0
*[name]tree[x]15[z]965[height]3.1[diam]2.8
*[name]tree[x]19[z]965[height]3.0[diam]2.6
*[name]tree[x]15[z]966[height]3.3[diam]2.6
*[name]tree[x]16[z]966[height]3.6[diam]2.7
*[name]tree[x]17[z]966[height]3.0[diam]1.8
*[name]herring[x]43[z]966[height]1.0[diam]1.0
*[name]tree[x]17[z]967[height]3.5[diam]1.9
*[name]herring[x]44[z]967[height]1.0[diam]1.0
*[name]tree[x]18[z]968[height]4.0[diam]2.1
*[name]herring[x]45[z]969[height]1.0[diam]1.0
*[name]herring[x]48[z]973[height]1.0[diam]1.0
*[name]flag[x]65[z]976[height]1.0[diam]1.0
*[name]flag[x]66[z]980[height]1.0[diam]1.0
*[name]shrub[x]35[z]983[height]1.2[diam]1.2
*[name]shrub[x]36[z]983[height]0.7[diam]0.7
*[name]shrub[x]34[z]984[height]0.8[diam]0.8
*[name]flag[x]57[z]984[height]1.0[diam]1.0
*[name]flag[x]65[z]984[height]1.0[diam]1.0
*[name]tree[x]38[z]985[height]3.8[diam]1.9
*[name]tree[x]36[z]986[height]2.3[diam]1.5
*[name]tree[x]38[z]986[height]3.7[diam]2.8
*[name]flag[x]53[z]986[height]1.0[diam]1.0
*[name]tree[x]36[z]987[height]2.6[diam]2.2
*[name]tree[x]38[z]987[height]3.9[diam]2.4
*[name]flag[x]63[z]987[height]1.0[diam]1.0
*[name]flag[x]49[z]989[height]1.0[diam]1.0
*[name]flag[x]60[z]990[height]1.0[diam]1.0
*[name]flag[x]47[z]991[height]1.0[diam]1.0
*[name]flag[x]57[z]991[height]1.0[diam]1.0
*[name]flag[x]47[z]995[height]1.0[diam]1.0
*[name]start[x]50[z]996[height]6.0[diam]9.0
*[name]flag[x]54[z]996[height]1.0[diam]1.0