*[name]tree[x]28[z]0[height]5.9[diam]5.4
*[name]tree[x]32[z]1[height]5.5[diam]4.8
*[name]tree[x]34[z]1[height]3.1[diam]2.8
*[name]tree[x]38[z]1[height]3.6[diam]3.0
*[name]tree[x]40[z]1[height]2.2[diam]2.1
*[name]tree[x]20[z]2[height]5.1[diam]4.4
*[name]tree[x]25[z]2[height]6.3[diam]5.5
*[name]tree_barren[x]34[z]2[height]8.3[diam]7.7
*[name]tree[x]37[z]2[height]5.3[diam]4.9
*[name]tree[x]38[z]2[height]4.5[diam]3.5
*[name]tree[x]23[z]3[height]4.6[diam]4.4
*[name]tree[x]30[z]3[height]4.0[diam]3.5
*[name]tree[x]36[z]3[height]3.3[diam]2.8
*[name]tree_barren[x]21[z]4[height]6.6[diam]5.0
*[name]tree[x]25[z]4[height]3.3[diam]2.7
*[name]tree[x]33[z]4[height]4.8[diam]3.5
*[name]tree[x]39[z]4[height]2.0[diam]1.6
*[name]tree[x]18[z]6[height]5.0[diam]4.0
*[name]tree_barren[x]41[z]7[height]8.3[diam]8.2
*[name]tree[x]43[z]8[height]5.7[diam]4.2
*[name]tree_barren[x]18[z]9[height]7.1[diam]5.9
*[name]tree[x]15[z]10[height]4.8[diam]4.4
*[name]tree[x]40[z]10[height]6.7[diam]5.8
*[name]tree[x]19[z]12[height]4.0[diam]3.6
*[name]tree[x]41[z]13[height]3.3[diam]3.3
*[name]tree[x]19[z]15[height]5.9[diam]5.7
*[name]tree[x]16[z]16[height]5.8[diam]4.5
*[name]tree[x]38[z]16[height]3.7[diam]2.7
*[name]tree[x]40[z]18[height]5.0[diam]3.7
*[name]tree[x]20[z]19[height]2.8[diam]2.7
*[name]tree[x]21[z]19[height]4.1[diam]3.8
*[name]tree[x]21[z]20[height]7.0[diam]6.0
*[name]tree[x]24[z]20[height]2.0[diam]1.8
*[name]tree_barren[x]38[z]20[height]7.2[diam]5.2
*[name]tree[x]41[z]20[height]4.7[diam]4.1
*[name]tree[x]18[z]21[height]2.3[diam]1.9
*[name]tree_barren[x]35[z]22[height]8.0[diam]7.3
*[name]tree[x]7[z]23[height]1.9[diam]1.8
*[name]tree[x]14[z]23[height]3.1[diam]2.6
*[name]tree[x]38[z]23[height]4.3[diam]3.8
*[name]tree[x]49[z]23[height]4.0[diam]3.2
*[name]tree[x]23[z]24[height]3.9[diam]3.0
*[name]finish[x]30[z]24[height]6.0[diam]9.0
*[name]tree[x]41[z]24[height]4.4[diam]4.1
*[name]tree[x]4[z]26[height]3.1[diam]2.3
*[name]tree_barren[x]37[z]26[height]7.6[diam]6.4
*[name]tree[x]18[z]27[height]1.9[diam]1.5
*[name]tree[x]39[z]27[height]2.9[diam]2.1
*[name]tree[x]45[z]27[height]6.0[diam]4.7
*[name]tree[x]47[z]28[height]5.1[diam]4.5
*[name]flag[x]22[z]29[height]1.0[diam]1.0
*[name]flag[x]37[z]29[height]1.0[diam]1.0
*[name]tree[x]12[z]30[height]3.4[diam]2.6
*[name]tree[x]16[z]30[height]2.6[diam]2.2
*[name]tree[x]43[z]30[height]4.7[diam]3.5
*[name]flag[x]20[z]31[height]1.0[diam]1.0
*[name]flag[x]39[z]31[height]1.0[diam]1.0
*[name]tree[x]42[z]31[height]2.4[diam]2.1
*[name]tree[x]2[z]32[height]6.9[diam]5.7
*[name]flag[x]19[z]33[height]1.0[diam]1.0
*[name]flag[x]41[z]33[height]1.0[diam]1.0
*[name]tree[x]45[z]33[height]2.0[diam]1.7
*[name]tree[x]8[z]34[height]6.7[diam]5.6
*[name]tree[x]50[z]34[height]5.7[diam]4.6
*[name]flag[x]17[z]35[height]1.0[diam]1.0
*[name]flag[x]42[z]36[height]1.0[diam]1.0
*[name]tree[x]2[z]37[height]5.2[diam]4.1
*[name]tree[x]14[z]37[height]2.3[diam]2.3
*[name]flag[x]16[z]37[height]1.0[diam]1.0
*[name]tree[x]18[z]37[height]3.8[diam]3.7
*[name]tree[x]23[z]37[height]3.6[diam]3.0
*[name]flag[x]26[z]37[height]1.0[diam]1.0
*[name]flag[x]33[z]37[height]1.0[diam]1.0
*[name]flag[x]44[z]38[height]1.0[diam]1.0
*[name]tree[x]6[z]40[height]3.3[diam]2.9
*[name]tree[x]13[z]40[height]4.1[diam]3.0
*[name]flag[x]26[z]40[height]1.0[diam]1.0
*[name]flag[x]33[z]40[height]1.0[diam]1.0
*[name]herring[x]30[z]41[height]1.0[diam]1.0
*[name]tree[x]37[z]41[height]6.2[diam]4.5
*[name]tree[x]41[z]41[height]5.5[diam]4.2
*[name]tree[x]44[z]41[height]3.2[diam]3.1
*[name]tree[x]49[z]41[height]4.7[diam]4.5
*[name]flag[x]26[z]43[height]1.0[diam]1.0
*[name]flag[x]33[z]43[height]1.0[diam]1.0
*[name]tree[x]50[z]43[height]6.9[diam]6.3
*[name]tree[x]17[z]45[height]4.0[diam]4.0
*[name]tree[x]40[z]45[height]2.1[diam]1.8
*[name]flag[x]26[z]46[height]1.0[diam]1.0
*[name]flag[x]33[z]46[height]1.0[diam]1.0
*[name]tree[x]56[z]46[height]4.1[diam]4.1
*[name]tree[x]3[z]47[height]6.7[diam]5.2
*[name]tree[x]44[z]47[height]3.5[diam]3.1
*[name]flag[x]26[z]48[height]1.0[diam]1.0
*[name]flag[x]33[z]48[height]1.0[diam]1.0
*[name]tree[x]38[z]48[height]4.2[diam]3.5
*[name]herring[x]30[z]49[height]1.0[diam]1.0
*[name]tree[x]42[z]50[height]4.4[diam]4.2
*[name]tree[x]50[z]50[height]3.9[diam]3.8
*[name]tree[x]19[z]51[height]3.1[diam]2.9
*[name]flag[x]26[z]51[height]1.0[diam]1.0
*[name]flag[x]33[z]51[height]1.0[diam]1.0
*[name]tree[x]11[z]52[height]4.0[diam]3.7
*[name]tree[x]53[z]52[height]6.0[diam]4.7
*[name]herring[x]30[z]53[height]1.0[diam]1.0
*[name]tree[x]44[z]53[height]5.9[diam]5.1
*[name]flag[x]26[z]54[height]1.0[diam]1.0
*[name]flag[x]33[z]54[height]1.0[diam]1.0
*[name]tree[x]45[z]56[height]4.0[diam]2.9
*[name]flag[x]25[z]57[height]1.0[diam]1.0
*[name]flag[x]34[z]57[height]1.0[diam]1.0
*[name]tree[x]15[z]59[height]3.8[diam]3.8
*[name]tree[x]52[z]59[height]6.5[diam]5.4
*[name]flag[x]24[z]61[height]1.0[diam]1.0
*[name]flag[x]35[z]61[height]1.0[diam]1.0
*[name]tree[x]50[z]62[height]5.3[diam]4.3
*[name]tree[x]56[z]64[height]3.6[diam]3.4
*[name]flag[x]23[z]65[height]1.0[diam]1.0
*[name]flag[x]36[z]65[height]1.0[diam]1.0
*[name]tree[x]46[z]65[height]6.1[diam]5.8
*[name]tree[x]54[z]67[height]5.6[diam]5.2
*[name]tree[x]12[z]68[height]1.8[diam]1.3
*[name]tree[x]16[z]68[height]3.7[diam]3.1
*[name]flag[x]23[z]69[height]1.0[diam]1.0
*[name]flag[x]36[z]69[height]1.0[diam]1.0
*[name]tree[x]48[z]70[height]4.4[diam]4.3
*[name]flag[x]23[z]73[height]1.0[diam]1.0
*[name]flag[x]36[z]73[height]1.0[diam]1.0
*[name]tree[x]53[z]73[height]3.4[diam]3.3
*[name]tree[x]45[z]74[height]5.6[diam]4.9
*[name]tree[x]19[z]75[height]5.1[diam]3.9
*[name]flag[x]23[z]77[height]1.0[diam]1.0
*[name]flag[x]36[z]77[height]1.0[diam]1.0
*[name]tree[x]11[z]81[height]3.3[diam]2.8
*[name]flag[x]23[z]81[height]1.0[diam]1.0
*[name]flag[x]36[z]81[height]1.0[diam]1.0
*[name]tree[x]51[z]81[height]4.0[diam]3.0
*[name]tree[x]18[z]84[height]6.8[diam]6.5
*[name]tree[x]19[z]84[height]2.5[diam]2.1
*[name]flag[x]23[z]85[height]1.0[diam]1.0
*[name]flag[x]36[z]85[height]1.0[diam]1.0
*[name]tree[x]47[z]86[height]6.2[diam]4.5
*[name]flag[x]23[z]89[height]1.0[diam]1.0
*[name]flag[x]36[z]89[height]1.0[diam]1.0
*[name]flag[x]23[z]92[height]1.0[diam]1.0
*[name]flag[x]36[z]92[height]1.0[diam]1.0
*[name]flag[x]23[z]94[height]1.0[diam]1.0
*[name]flag[x]36[z]94[height]1.0[diam]1.0
*[name]tree[x]12[z]95[height]5.7[diam]4.9
*[name]tree[x]54[z]95[height]3.9[diam]2.9
*[name]flag[x]23[z]97[height]1.0[diam]1.0
*[name]flag[x]36[z]97[height]1.0[diam]1.0
*[name]tree[x]45[z]101[height]3.1[diam]2.4
*[name]tree_barren[x]13[z]102[height]7.8[diam]7.8
*[name]tree_barren[x]16[z]102[height]2.2[diam]2.1
*[name]tree_barren[x]27[z]103[height]2.5[diam]2.0
*[name]tree_barren[x]32[z]103[height]4.4[diam]3.9
*[name]tree[x]10[z]104[height]3.1[diam]2.8
*[name]tree_barren[x]47[z]104[height]5.2[diam]5.2
*[name]tree_barren[x]17[z]105[height]3.8[diam]2.8
*[name]tree_barren[x]22[z]105[height]3.1[diam]2.7
*[name]tree_barren[x]37[z]105[height]5.7[diam]5.0
*[name]tree[x]53[z]105[height]5.1[diam]4.4
*[name]tree[x]43[z]106[height]4.0[diam]3.8
*[name]tree[x]12[z]107[height]6.4[diam]5.1
*[name]tree[x]19[z]107[height]6.2[diam]5.5
*[name]tree_barren[x]14[z]108[height]7.1[diam]5.6
*[name]tree_barren[x]41[z]108[height]6.7[diam]4.9
*[name]tree_barren[x]53[z]108[height]5.2[diam]4.6
*[name]flag[x]26[z]109[height]1.0[diam]1.0
*[name]herring[x]30[z]109[height]1.0[diam]1.0
*[name]flag[x]35[z]109[height]1.0[diam]1.0
*[name]tree_barren[x]49[z]109[height]2.4[diam]2.0
*[name]tree_barren[x]9[z]111[height]5.5[diam]4.1
*[name]tree_barren[x]13[z]111[height]7.6[diam]7.4
*[name]tree_barren[x]16[z]111[height]6.3[diam]4.7
*[name]tree_barren[x]46[z]111[height]5.9[diam]4.5
*[name]tree_barren[x]50[z]111[height]2.9[diam]2.8
*[name]flag[x]36[z]112[height]1.0[diam]1.0
*[name]tree_barren[x]57[z]112[height]3.8[diam]3.1
*[name]tree_barren[x]21[z]113[height]4.8[diam]4.6
*[name]flag[x]23[z]113[height]1.0[diam]1.0
*[name]tree_barren[x]48[z]113[height]7.6[diam]5.6
*[name]tree_barren[x]10[z]114[height]4.4[diam]3.5
*[name]tree_barren[x]16[z]114[height]7.5[diam]5.9
*[name]herring[x]30[z]114[height]1.0[diam]1.0
*[name]tree_barren[x]41[z]114[height]5.8[diam]5.3
*[name]flag[x]36[z]116[height]1.0[diam]1.0
*[name]flag[x]23[z]117[height]1.0[diam]1.0
*[name]tree[x]53[z]117[height]6.4[diam]5.2
*[name]tree_barren[x]40[z]118[height]8.1[diam]7.2
*[name]herring[x]30[z]119[height]1.0[diam]1.0
*[name]tree_barren[x]44[z]119[height]4.8[diam]4.1
*[name]tree_barren[x]21[z]121[height]3.7[diam]3.1
*[name]flag[x]23[z]121[height]1.0[diam]1.0
*[name]flag[x]36[z]121[height]1.0[diam]1.0
*[name]tree_barren[x]42[z]122[height]8.0[diam]7.5
*[name]tree[x]12[z]123[height]4.7[diam]4.5
*[name]tree[x]47[z]123[height]5.4[diam]4.2
*[name]tree_barren[x]53[z]123[height]8.0[diam]6.4
*[name]flag[x]23[z]125[height]1.0[diam]1.0
*[name]flag[x]36[z]125[height]1.0[diam]1.0
*[name]flag[x]23[z]129[height]1.0[diam]1.0
*[name]flag[x]36[z]129[height]1.0[diam]1.0
*[name]tree[x]19[z]130[height]3.8[diam]2.8
*[name]tree[x]53[z]131[height]2.7[diam]2.4
*[name]tree_barren[x]48[z]132[height]4.3[diam]3.8
*[name]flag[x]23[z]133[height]1.0[diam]1.0
*[name]flag[x]36[z]133[height]1.0[diam]1.0
*[name]tree[x]11[z]136[height]4.4[diam]3.4
*[name]tree[x]48[z]136[height]5.3[diam]5.1
*[name]flag[x]23[z]137[height]1.0[diam]1.0
*[name]flag[x]36[z]137[height]1.0[diam]1.0
*[name]tree_barren[x]52[z]137[height]5.5[diam]4.7
*[name]tree[x]13[z]140[height]2.4[diam]1.8
*[name]flag[x]23[z]141[height]1.0[diam]1.0
*[name]flag[x]35[z]141[height]1.0[diam]1.0
*[name]tree[x]18[z]144[height]3.1[diam]2.2
*[name]flag[x]23[z]144[height]1.0[diam]1.0
*[name]flag[x]35[z]144[height]1.0[diam]1.0
*[name]tree[x]46[z]145[height]4.4[diam]3.4
*[name]tree[x]11[z]146[height]5.0[diam]4.9
*[name]tree[x]15[z]146[height]5.1[diam]4.9
*[name]tree[x]53[z]146[height]3.9[diam]3.4
*[name]flag[x]23[z]148[height]1.0[diam]1.0
*[name]flag[x]35[z]148[height]1.0[diam]1.0
*[name]tree[x]16[z]149[height]5.1[diam]5.1
*[name]tree_barren[x]50[z]149[height]4.5[diam]3.7
*[name]tree[x]55[z]149[height]2.9[diam]2.3
*[name]flag[x]23[z]151[height]1.0[diam]1.0
*[name]flag[x]35[z]151[height]1.0[diam]1.0
*[name]tree[x]10[z]153[height]5.2[diam]4.6
*[name]tree[x]20[z]154[height]3.8[diam]3.6
*[name]flag[x]23[z]154[height]1.0[diam]1.0
*[name]flag[x]35[z]154[height]1.0[diam]1.0
*[name]tree[x]48[z]154[height]3.1[diam]2.9
*[name]tree[x]54[z]154[height]4.0[diam]3.8
*[name]tree[x]16[z]157[height]6.8[diam]5.1
*[name]flag[x]23[z]157[height]1.0[diam]1.0
*[name]flag[x]35[z]157[height]1.0[diam]1.0
*[name]flag[x]23[z]161[height]1.0[diam]1.0
*[name]flag[x]35[z]161[height]1.0[diam]1.0
*[name]tree[x]42[z]162[height]5.0[diam]4.3
*[name]tree[x]53[z]162[height]5.2[diam]4.9
*[name]flag[x]23[z]164[height]1.0[diam]1.0
*[name]flag[x]35[z]164[height]1.0[diam]1.0
*[name]tree[x]8[z]166[height]5.0[diam]4.9
*[name]tree[x]18[z]166[height]5.7[diam]4.3
*[name]tree[x]48[z]166[height]2.4[diam]1.9
*[name]flag[x]24[z]167[height]1.0[diam]1.0
*[name]flag[x]34[z]167[height]1.0[diam]1.0
*[name]tree[x]13[z]168[height]2.1[diam]1.9
*[name]flag[x]25[z]170[height]1.0[diam]1.0
*[name]flag[x]33[z]170[height]1.0[diam]1.0
*[name]tree[x]56[z]170[height]2.9[diam]2.5
*[name]flag[x]25[z]172[height]1.0[diam]1.0
*[name]flag[x]33[z]172[height]1.0[diam]1.0
*[name]tree[x]41[z]173[height]3.5[diam]3.4
*[name]tree[x]46[z]173[height]4.1[diam]3.8
*[name]tree[x]15[z]174[height]2.9[diam]2.6
*[name]tree[x]20[z]175[height]2.0[diam]1.9
*[name]tree[x]11[z]177[height]3.1[diam]2.6
*[name]tree[x]20[z]179[height]5.4[diam]4.6
*[name]tree[x]38[z]179[height]2.7[diam]2.0
*[name]tree[x]16[z]180[height]3.2[diam]2.4
*[name]tree[x]47[z]183[height]3.1[diam]3.0
*[name]tree[x]12[z]185[height]5.1[diam]5.0
*[name]flag[x]25[z]185[height]1.0[diam]1.0
*[name]herring[x]29[z]185[height]1.0[diam]1.0
*[name]flag[x]32[z]185[height]1.0[diam]1.0
*[name]herring[x]29[z]189[height]1.0[diam]1.0
*[name]flag[x]24[z]190[height]1.0[diam]1.0
*[name]flag[x]33[z]190[height]1.0[diam]1.0
*[name]tree[x]42[z]190[height]5.2[diam]4.1
*[name]tree[x]51[z]191[height]6.1[diam]5.0
*[name]tree[x]53[z]191[height]3.7[diam]3.7
*[name]tree[x]18[z]192[height]5.8[diam]4.8
*[name]herring[x]30[z]193[height]1.0[diam]1.0
*[name]flag[x]24[z]194[height]1.0[diam]1.0
*[name]flag[x]34[z]194[height]1.0[diam]1.0
*[name]tree[x]53[z]195[height]5.4[diam]5.4
*[name]flag[x]23[z]197[height]1.0[diam]1.0
*[name]flag[x]36[z]197[height]1.0[diam]1.0
*[name]herring[x]30[z]198[height]1.0[diam]1.0
*[name]tree[x]14[z]200[height]6.5[diam]4.7
*[name]flag[x]23[z]200[height]1.0[diam]1.0
*[name]flag[x]36[z]200[height]1.0[diam]1.0
*[name]flag[x]23[z]203[height]1.0[diam]1.0
*[name]flag[x]36[z]203[height]1.0[diam]1.0
*[name]tree[x]43[z]204[height]6.2[diam]5.0
*[name]tree[x]51[z]204[height]5.7[diam]4.2
*[name]tree[x]11[z]205[height]1.9[diam]1.8
*[name]flag[x]23[z]206[height]1.0[diam]1.0
*[name]flag[x]36[z]206[height]1.0[diam]1.0
*[name]tree[x]15[z]209[height]6.6[diam]5.2
*[name]flag[x]23[z]209[height]1.0[diam]1.0
*[name]flag[x]36[z]209[height]1.0[diam]1.0
*[name]flag[x]23[z]212[height]1.0[diam]1.0
*[name]flag[x]36[z]212[height]1.0[diam]1.0
*[name]tree[x]14[z]214[height]3.0[diam]2.6
*[name]tree[x]45[z]214[height]6.0[diam]5.0
*[name]flag[x]23[z]215[height]1.0[diam]1.0
*[name]flag[x]36[z]215[height]1.0[diam]1.0
*[name]tree[x]50[z]216[height]5.6[diam]4.2
*[name]tree[x]53[z]216[height]4.6[diam]4.6
*[name]tree[x]12[z]217[height]6.9[diam]5.3
*[name]flag[x]23[z]218[height]1.0[diam]1.0
*[name]flag[x]36[z]218[height]1.0[diam]1.0
*[name]flag[x]24[z]220[height]1.0[diam]1.0
*[name]flag[x]36[z]220[height]1.0[diam]1.0
*[name]flag[x]26[z]222[height]1.0[diam]1.0
*[name]flag[x]37[z]222[height]1.0[diam]1.0
*[name]tree[x]14[z]224[height]6.5[diam]5.9
*[name]flag[x]28[z]224[height]1.0[diam]1.0
*[name]flag[x]37[z]225[height]1.0[diam]1.0
*[name]tree_barren[x]51[z]225[height]4.8[diam]4.4
*[name]tree[x]18[z]226[height]2.0[diam]1.9
*[name]flag[x]29[z]226[height]1.0[diam]1.0
*[name]tree[x]57[z]226[height]5.3[diam]5.0
*[name]tree[x]22[z]228[height]3.0[diam]2.5
*[name]tree_barren[x]44[z]229[height]7.1[diam]5.3
*[name]tree_barren[x]26[z]231[height]4.7[diam]4.2
*[name]tree_barren[x]39[z]231[height]5.3[diam]4.1
*[name]tree[x]16[z]232[height]5.3[diam]4.6
*[name]tree[x]44[z]232[height]6.8[diam]6.1
*[name]tree_barren[x]53[z]232[height]7.3[diam]5.6
*[name]flag[x]29[z]234[height]1.0[diam]1.0
*[name]flag[x]35[z]234[height]1.0[diam]1.0
*[name]tree[x]24[z]235[height]2.9[diam]2.6
*[name]tree_barren[x]41[z]236[height]5.9[diam]5.8
*[name]flag[x]28[z]237[height]1.0[diam]1.0
*[name]herring[x]32[z]237[height]1.0[diam]1.0
*[name]flag[x]36[z]237[height]1.0[diam]1.0
*[name]flag[x]28[z]239[height]1.0[diam]1.0
*[name]flag[x]36[z]239[height]1.0[diam]1.0
*[name]tree[x]57[z]239[height]5.5[diam]4.2
*[name]tree[x]22[z]240[height]6.7[diam]6.1
*[name]flag[x]27[z]241[height]1.0[diam]1.0
*[name]herring[x]32[z]241[height]1.0[diam]1.0
*[name]flag[x]37[z]241[height]1.0[diam]1.0
*[name]tree[x]17[z]242[height]3.4[diam]3.3
*[name]tree[x]46[z]242[height]3.6[diam]3.3
*[name]flag[x]26[z]243[height]1.0[diam]1.0
*[name]flag[x]37[z]243[height]1.0[diam]1.0
*[name]tree_barren[x]54[z]243[height]5.8[diam]4.8
*[name]tree[x]10[z]244[height]4.7[diam]3.7
*[name]tree_barren[x]54[z]244[height]3.3[diam]3.2
*[name]flag[x]26[z]245[height]1.0[diam]1.0
*[name]herring[x]32[z]245[height]1.0[diam]1.0
*[name]flag[x]37[z]245[height]1.0[diam]1.0
*[name]tree_barren[x]47[z]246[height]6.1[diam]6.1
*[name]tree[x]21[z]247[height]6.8[diam]4.9
*[name]flag[x]26[z]247[height]1.0[diam]1.0
*[name]flag[x]37[z]247[height]1.0[diam]1.0
*[name]flag[x]26[z]249[height]1.0[diam]1.0
*[name]herring[x]32[z]249[height]1.0[diam]1.0
*[name]flag[x]37[z]249[height]1.0[diam]1.0
*[name]tree[x]51[z]250[height]5.0[diam]4.2
*[name]flag[x]26[z]251[height]1.0[diam]1.0
*[name]flag[x]37[z]251[height]1.0[diam]1.0
*[name]tree[x]41[z]251[height]2.9[diam]2.3
*[name]tree[x]14[z]253[height]1.8[diam]1.4
*[name]flag[x]26[z]253[height]1.0[diam]1.0
*[name]flag[x]37[z]253[height]1.0[diam]1.0
*[name]flag[x]26[z]255[height]1.0[diam]1.0
*[name]flag[x]37[z]255[height]1.0[diam]1.0
*[name]tree[x]20[z]256[height]6.5[diam]6.1
*[name]tree[x]45[z]256[height]3.8[diam]2.8
*[name]tree_barren[x]49[z]256[height]5.0[diam]5.0
*[name]tree[x]10[z]257[height]2.1[diam]1.6
*[name]flag[x]26[z]257[height]1.0[diam]1.0
*[name]flag[x]37[z]257[height]1.0[diam]1.0
*[name]tree[x]56[z]258[height]2.5[diam]1.8
*[name]flag[x]26[z]259[height]1.0[diam]1.0
*[name]flag[x]37[z]259[height]1.0[diam]1.0
*[name]tree_barren[x]11[z]261[height]7.6[diam]6.5
*[name]flag[x]26[z]261[height]1.0[diam]1.0
*[name]flag[x]37[z]261[height]1.0[diam]1.0
*[name]flag[x]35[z]262[height]1.0[diam]1.0
*[name]flag[x]26[z]263[height]1.0[diam]1.0
*[name]herring[x]30[z]263[height]1.0[diam]1.0
*[name]tree[x]49[z]263[height]6.2[diam]4.9
*[name]tree[x]19[z]264[height]2.9[diam]2.4
*[name]flag[x]33[z]264[height]1.0[diam]1.0
*[name]tree[x]13[z]266[height]5.0[diam]4.7
*[name]flag[x]27[z]266[height]1.0[diam]1.0
*[name]flag[x]32[z]266[height]1.0[diam]1.0
*[name]tree_barren[x]19[z]269[height]6.5[diam]6.2
*[name]flag[x]27[z]269[height]1.0[diam]1.0
*[name]flag[x]32[z]269[height]1.0[diam]1.0
*[name]tree[x]38[z]269[height]4.8[diam]3.9
*[name]tree[x]45[z]269[height]5.9[diam]5.2
*[name]tree[x]54[z]269[height]3.8[diam]3.2
*[name]tree_barren[x]13[z]270[height]2.2[diam]1.9
*[name]tree_barren[x]48[z]270[height]6.6[diam]4.7
*[name]tree[x]16[z]273[height]6.0[diam]5.3
*[name]tree_barren[x]22[z]274[height]7.4[diam]5.7
*[name]herring[x]30[z]274[height]1.0[diam]1.0
*[name]tree[x]37[z]274[height]5.5[diam]4.4
*[name]tree_barren[x]45[z]275[height]3.4[diam]3.2
*[name]flag[x]27[z]276[height]1.0[diam]1.0
*[name]flag[x]32[z]276[height]1.0[diam]1.0
*[name]tree[x]12[z]277[height]4.3[diam]3.5
*[name]tree_barren[x]14[z]279[height]7.0[diam]5.7
*[name]tree[x]20[z]279[height]6.1[diam]5.4
*[name]tree[x]40[z]279[height]4.8[diam]3.5
*[name]tree[x]52[z]279[height]2.1[diam]1.6
*[name]flag[x]27[z]280[height]1.0[diam]1.0
*[name]flag[x]32[z]280[height]1.0[diam]1.0
*[name]tree[x]47[z]282[height]6.1[diam]5.7
*[name]tree[x]38[z]283[height]1.8[diam]1.5
*[name]tree_barren[x]24[z]284[height]2.8[diam]2.7
*[name]herring[x]30[z]284[height]1.0[diam]1.0
*[name]tree[x]9[z]285[height]6.7[diam]5.8
*[name]tree[x]22[z]285[height]2.9[diam]2.8
*[name]tree[x]40[z]285[height]2.5[diam]2.4
*[name]tree_barren[x]12[z]287[height]8.2[diam]8.1
*[name]tree[x]17[z]287[height]4.5[diam]4.3
*[name]flag[x]27[z]287[height]1.0[diam]1.0
*[name]flag[x]33[z]287[height]1.0[diam]1.0
*[name]tree[x]21[z]288[height]2.6[diam]2.0
*[name]tree[x]38[z]289[height]2.4[diam]1.9
*[name]tree_barren[x]50[z]289[height]8.4[diam]7.4
*[name]flag[x]25[z]291[height]1.0[diam]1.0
*[name]flag[x]34[z]291[height]1.0[diam]1.0
*[name]tree[x]53[z]291[height]5.6[diam]5.2
*[name]tree_barren[x]17[z]292[height]8.1[diam]7.1
*[name]tree[x]44[z]292[height]3.8[diam]3.3
*[name]tree_barren[x]11[z]294[height]5.8[diam]4.9
*[name]tree[x]13[z]295[height]5.6[diam]4.6
*[name]tree[x]19[z]295[height]3.0[diam]2.8
*[name]tree[x]42[z]295[height]6.0[diam]4.9
*[name]start[x]30[z]296[height]6.0[diam]9.0
*[name]flag[x]25[z]297[height]1.0[diam]1.0
*[name]flag[x]34[z]297[height]1.0[diam]1.0
*[name]tree[x]50[z]297[height]4.6[diam]4.3