# the credits list is still incomplete and only a suggestion

*[offs] 0 [text] Extreme Tux Racer [font] 0 [size] 36 [col] 1
*[offs] 50 [text] Version 0.5  [font] 0 [size] 16 [col] 0
*[offs] 40 [text] Release "Bunny Hill"  [font] 0 [size] 24 [col] 1
*[offs] 50 [text] Copyright © 1999 - 2000 Jasmin F. Patry[font] 0 [size] 20 [col] 0
*[offs] 25 [text] Copyright © 2010 Extreme Tux Racer Team[font] 0 [size] 20 [col] 0
*[offs] 40 [text] on the web at: www.extremetuxracer.com [font] 0 [size] 20 [col] 0

*[offs] 40 [text] The ETR Team: [font] 0 [size] 24 [col] 1
*[offs] 30 [text] Christian Picon [font] 0 [size] 20 [col] 0
*[offs] 30 [text] Nicosmos [font] 0 [size] 20 [col] 0
*[offs] 30 [text] Reinhard Niehoff [font] 0 [size] 20 [col] 0
*[offs] 30 [text] Steven Bell [font] 0 [size] 20 [col] 0

*[offs] 40 [text] Authors Of Tuxracer: [font] 0 [size] 24 [col] 1
*[offs] 30 [text] Eric Hall [font] 0 [size] 20 [col] 0
*[offs] 30 [text] Jasmin Patry [font] 0 [size] 20 [col] 0
*[offs] 30 [text] Mark Riddell [font] 0 [size] 20 [col] 0
*[offs] 30 [text] Patrick Gilhuly [font] 0 [size] 20 [col] 0
*[offs] 30 [text] Rick Knowles [font] 0 [size] 20 [col] 0
*[offs] 30 [text] Vincent Ma [font] 0 [size] 20 [col] 0

*[offs] 40 [text] Thanks To: [font] 0 [size] 24 [col] 1
*[offs] 30 [text] Christian Picon (music, font)[font] 0 [size] 20 [col] 0
*[offs] 30 [text] Daniel Poeira (font)[font] 0 [size] 20 [col] 0
*[offs] 30 [text] Joseph Toscano (music)[font] 0 [size] 20 [col] 0
*[offs] 30 [text] Larry Ewing (creator of Tux) [font] 0 [size] 20 [col] 0
*[offs] 30 [text] Ulrich Thatcher (quadtree algorithm)[font] 0 [size] 20 [col] 0

*[offs] 40 [text] Translations: [font] 0 [size] 24 [col] 1
*[offs] 30 [text] Nicosmos (French)[font] 0 [size] 20 [col] 0
*[offs] 30 [text] Woody (Polish)[font] 0 [size] 20 [col] 0

*[offs] 50 [text] ----------------------- [font] 0 [size] 20 [col] 0
*[offs] 30 [text] This program is distributed in the hope that it will be useful, [font] 1 [size] 14 [col] 0
*[offs] 20 [text] but WITHOUT ANY WARRANTY; without even the implied warranty of [font] 1 [size] 14 [col] 0
*[offs] 20 [text] MERCHANTABILITY or FITNESS FOR A PARTICULAR PURPOSE.  See the [font] 1 [size] 14 [col] 0
*[offs] 20 [text] GNU General Public License for more details. [font] 1 [size] 14 [col] 0

