*[name]tree[x]51[z]1[height]3.4[diam]2.4
*[name]tree[x]68[z]1[height]3.4[diam]2.3
*[name]tree[x]90[z]1[height]3.4[diam]2.0
*[name]tree[x]27[z]2[height]3.2[diam]2.5
*[name]tree[x]39[z]2[height]3.5[diam]2.9
*[name]tree[x]45[z]2[height]3.3[diam]2.6
*[name]tree[x]62[z]2[height]2.2[diam]1.3
*[name]tree[x]33[z]5[height]2.3[diam]1.5
*[name]tree[x]82[z]6[height]3.4[diam]2.0
*[name]tree[x]66[z]7[height]2.1[diam]1.6
*[name]tree[x]29[z]10[height]3.7[diam]2.4
*[name]tree[x]76[z]11[height]2.8[diam]1.5
*[name]tree[x]88[z]11[height]2.0[diam]1.9
*[name]tree[x]20[z]12[height]2.2[diam]1.8
*[name]tree[x]83[z]13[height]2.1[diam]1.4
*[name]tree[x]14[z]14[height]3.3[diam]3.0
*[name]flag[x]45[z]14[height]1.0[diam]1.0
*[name]finish[x]49[z]14[height]6.0[diam]9.0
*[name]flag[x]53[z]14[height]1.0[diam]1.0
*[name]tree[x]35[z]17[height]3.5[diam]2.4
*[name]tree[x]20[z]18[height]2.2[diam]1.7
*[name]tree[x]76[z]18[height]3.0[diam]2.6
*[name]flag[x]53[z]20[height]1.0[diam]1.0
*[name]tree[x]88[z]22[height]4.0[diam]2.5
*[name]flag[x]43[z]23[height]1.0[diam]1.0
*[name]tree[x]66[z]23[height]2.8[diam]2.3
*[name]herring[x]49[z]24[height]1.0[diam]1.0
*[name]tree[x]13[z]26[height]3.5[diam]2.7
*[name]tree[x]30[z]26[height]3.6[diam]3.5
*[name]herring[x]50[z]30[height]1.0[diam]1.0
*[name]flag[x]57[z]32[height]1.0[diam]1.0
*[name]tree[x]13[z]33[height]3.6[diam]2.7
*[name]tree[x]66[z]34[height]2.2[diam]2.0
*[name]herring[x]52[z]35[height]1.0[diam]1.0
*[name]tree[x]31[z]36[height]2.0[diam]2.0
*[name]flag[x]43[z]37[height]1.0[diam]1.0
*[name]tree[x]16[z]39[height]2.3[diam]1.7
*[name]tree[x]68[z]44[height]4.0[diam]2.3
*[name]flag[x]59[z]45[height]1.0[diam]1.0
*[name]herring[x]54[z]48[height]1.0[diam]1.0
*[name]tree[x]71[z]49[height]2.7[diam]1.5
*[name]tree[x]11[z]50[height]3.4[diam]2.4
*[name]flag[x]47[z]53[height]1.0[diam]1.0
*[name]flag[x]63[z]57[height]1.0[diam]1.0
*[name]tree[x]65[z]58[height]2.9[diam]2.0
*[name]tree[x]33[z]60[height]2.4[diam]1.5
*[name]herring[x]57[z]61[height]1.0[diam]1.0
*[name]flag[x]52[z]62[height]1.0[diam]1.0
*[name]flag[x]63[z]68[height]1.0[diam]1.0
*[name]flag[x]50[z]73[height]1.0[diam]1.0
*[name]tree[x]30[z]76[height]3.5[diam]2.3
*[name]float[x]57[z]77[height]1.0[diam]1.0
*[name]flag[x]63[z]77[height]1.0[diam]1.0
*[name]flag[x]49[z]82[height]1.0[diam]1.0
*[name]herring[x]56[z]82[height]1.0[diam]1.0
*[name]tree[x]16[z]85[height]3.4[diam]2.0
*[name]flag[x]60[z]89[height]1.0[diam]1.0
*[name]tree[x]15[z]94[height]2.1[diam]1.8
*[name]tree[x]27[z]94[height]2.9[diam]2.1
*[name]tree[x]82[z]94[height]2.7[diam]1.6
*[name]flag[x]59[z]95[height]1.0[diam]1.0
*[name]tree[x]10[z]97[height]4.0[diam]2.3
*[name]tree[x]17[z]99[height]2.3[diam]2.0
*[name]flag[x]47[z]99[height]1.0[diam]1.0
*[name]herring[x]52[z]99[height]1.0[diam]1.0
*[name]tree[x]89[z]101[height]3.3[diam]2.0
*[name]tree[x]41[z]103[height]3.3[diam]2.7
*[name]tree[x]47[z]103[height]2.3[diam]2.0
*[name]tree[x]39[z]109[height]2.2[diam]1.3
*[name]herring[x]54[z]109[height]1.0[diam]1.0
*[name]tree[x]45[z]110[height]3.9[diam]2.9
*[name]flag[x]62[z]110[height]1.0[diam]1.0
*[name]tree[x]86[z]110[height]2.5[diam]2.1
*[name]tree[x]48[z]114[height]3.8[diam]3.3
*[name]flag[x]44[z]116[height]1.0[diam]1.0
*[name]flag[x]62[z]118[height]1.0[diam]1.0
*[name]tree[x]45[z]120[height]2.1[diam]1.1
*[name]tree[x]95[z]121[height]3.8[diam]3.4
*[name]tree[x]9[z]123[height]2.8[diam]2.3
*[name]flag[x]43[z]128[height]1.0[diam]1.0
*[name]flag[x]60[z]129[height]1.0[diam]1.0
*[name]flag[x]43[z]134[height]1.0[diam]1.0
*[name]tree[x]39[z]137[height]3.9[diam]2.9
*[name]tree[x]88[z]137[height]2.6[diam]1.8
*[name]tree[x]40[z]140[height]3.9[diam]3.2
*[name]flag[x]45[z]140[height]1.0[diam]1.0
*[name]flag[x]62[z]140[height]1.0[diam]1.0
*[name]float[x]55[z]144[height]1.0[diam]1.0
*[name]herring[x]55[z]146[height]1.0[diam]1.0
*[name]tree[x]35[z]147[height]3.2[diam]3.1
*[name]flag[x]49[z]149[height]1.0[diam]1.0
*[name]herring[x]55[z]149[height]1.0[diam]1.0
*[name]herring[x]56[z]153[height]1.0[diam]1.0
*[name]tree[x]80[z]155[height]3.5[diam]3.1
*[name]herring[x]56[z]156[height]1.0[diam]1.0
*[name]tree[x]62[z]157[height]3.4[diam]2.4
*[name]flag[x]65[z]158[height]1.0[diam]1.0
*[name]tree[x]86[z]160[height]3.9[diam]2.6
*[name]tree[x]47[z]162[height]2.2[diam]1.2
*[name]herring[x]55[z]162[height]1.0[diam]1.0
*[name]tree[x]61[z]162[height]2.2[diam]1.4
*[name]flag[x]45[z]165[height]1.0[diam]1.0
*[name]herring[x]54[z]166[height]1.0[diam]1.0
*[name]herring[x]53[z]172[height]1.0[diam]1.0
*[name]flag[x]65[z]173[height]1.0[diam]1.0
*[name]flag[x]44[z]174[height]1.0[diam]1.0
*[name]tree[x]89[z]179[height]2.5[diam]1.3
*[name]flag[x]42[z]181[height]1.0[diam]1.0
*[name]flag[x]63[z]182[height]1.0[diam]1.0
*[name]herring[x]51[z]184[height]1.0[diam]1.0
*[name]tree[x]80[z]187[height]3.4[diam]2.5
*[name]tree[x]86[z]189[height]3.4[diam]2.7
*[name]flag[x]35[z]193[height]1.0[diam]1.0
*[name]herring[x]42[z]193[height]1.0[diam]1.0
*[name]flag[x]55[z]196[height]1.0[diam]1.0
*[name]tree[x]55[z]202[height]2.4[diam]2.1
*[name]tree[x]60[z]203[height]3.4[diam]1.9
*[name]herring[x]40[z]204[height]1.0[diam]1.0
*[name]tree[x]89[z]204[height]3.0[diam]1.7
*[name]flag[x]35[z]206[height]1.0[diam]1.0
*[name]flag[x]59[z]209[height]1.0[diam]1.0
*[name]tree[x]10[z]212[height]3.5[diam]2.6
*[name]flag[x]37[z]215[height]1.0[diam]1.0
*[name]tree[x]16[z]217[height]3.2[diam]1.6
*[name]flag[x]53[z]217[height]1.0[diam]1.0
*[name]flag[x]38[z]221[height]1.0[diam]1.0
*[name]tree[x]10[z]222[height]3.8[diam]2.9
*[name]flag[x]53[z]225[height]1.0[diam]1.0
*[name]herring[x]52[z]226[height]1.0[diam]1.0
*[name]flag[x]54[z]229[height]1.0[diam]1.0
*[name]tree[x]14[z]230[height]3.3[diam]2.5
*[name]flag[x]42[z]230[height]1.0[diam]1.0
*[name]flag[x]58[z]234[height]1.0[diam]1.0
*[name]flag[x]45[z]236[height]1.0[diam]1.0
*[name]herring[x]51[z]236[height]1.0[diam]1.0
*[name]float[x]52[z]240[height]1.0[diam]1.0
*[name]flag[x]62[z]240[height]1.0[diam]1.0
*[name]tree[x]20[z]246[height]2.9[diam]2.1
*[name]flag[x]44[z]246[height]1.0[diam]1.0
*[name]flag[x]60[z]249[height]1.0[diam]1.0
*[name]herring[x]48[z]253[height]1.0[diam]1.0
*[name]tree[x]43[z]254[height]2.5[diam]1.4
*[name]tree[x]38[z]257[height]3.7[diam]2.2
*[name]tree[x]38[z]261[height]3.0[diam]2.9
*[name]herring[x]49[z]262[height]1.0[diam]1.0
*[name]tree[x]35[z]263[height]2.6[diam]2.1
*[name]flag[x]43[z]263[height]1.0[diam]1.0
*[name]flag[x]59[z]264[height]1.0[diam]1.0
*[name]tree[x]38[z]267[height]2.3[diam]1.8
*[name]herring[x]50[z]268[height]1.0[diam]1.0
*[name]tree[x]38[z]271[height]3.4[diam]3.1
*[name]flag[x]43[z]272[height]1.0[diam]1.0
*[name]herring[x]50[z]273[height]1.0[diam]1.0
*[name]tree[x]84[z]276[height]2.0[diam]1.4
*[name]herring[x]50[z]278[height]1.0[diam]1.0
*[name]flag[x]60[z]278[height]1.0[diam]1.0
*[name]flag[x]45[z]282[height]1.0[diam]1.0
*[name]herring[x]51[z]283[height]1.0[diam]1.0
*[name]tree[x]84[z]285[height]2.9[diam]1.8
*[name]herring[x]52[z]288[height]1.0[diam]1.0
*[name]flag[x]49[z]293[height]1.0[diam]1.0
*[name]flag[x]60[z]293[height]1.0[diam]1.0
*[name]flag[x]49[z]303[height]1.0[diam]1.0
*[name]float[x]57[z]303[height]1.0[diam]1.0
*[name]flag[x]65[z]305[height]1.0[diam]1.0
*[name]herring[x]56[z]309[height]1.0[diam]1.0
*[name]tree[x]50[z]310[height]2.3[diam]1.3
*[name]tree[x]44[z]311[height]2.7[diam]2.2
*[name]herring[x]58[z]314[height]1.0[diam]1.0
*[name]tree[x]39[z]315[height]2.5[diam]1.4
*[name]tree[x]72[z]315[height]2.2[diam]2.1
*[name]flag[x]53[z]318[height]1.0[diam]1.0
*[name]herring[x]60[z]318[height]1.0[diam]1.0
*[name]flag[x]70[z]322[height]1.0[diam]1.0
*[name]tree[x]74[z]322[height]2.2[diam]1.1
*[name]tree[x]88[z]326[height]2.7[diam]2.4
*[name]flag[x]56[z]327[height]1.0[diam]1.0
*[name]tree[x]77[z]327[height]3.0[diam]2.7
*[name]flag[x]71[z]334[height]1.0[diam]1.0
*[name]tree[x]83[z]334[height]2.4[diam]2.1
*[name]tree[x]78[z]335[height]3.9[diam]2.1
*[name]tree[x]60[z]339[height]3.8[diam]2.7
*[name]tree[x]78[z]339[height]2.1[diam]1.2
*[name]flag[x]56[z]340[height]1.0[diam]1.0
*[name]tree[x]77[z]342[height]2.1[diam]1.3
*[name]tree[x]62[z]343[height]3.5[diam]3.0
*[name]flag[x]74[z]344[height]1.0[diam]1.0
*[name]tree[x]80[z]344[height]2.1[diam]1.9
*[name]tree[x]83[z]344[height]2.2[diam]1.7
*[name]tree[x]79[z]347[height]4.0[diam]2.5
*[name]flag[x]57[z]350[height]1.0[diam]1.0
*[name]tree[x]79[z]351[height]3.3[diam]2.2
*[name]tree[x]79[z]352[height]3.8[diam]3.6
*[name]flag[x]75[z]359[height]1.0[diam]1.0
*[name]flag[x]58[z]361[height]1.0[diam]1.0
*[name]tree[x]17[z]365[height]2.9[diam]1.5
*[name]tree[x]46[z]365[height]3.5[diam]2.7
*[name]tree[x]56[z]365[height]2.1[diam]1.1
*[name]tree[x]73[z]368[height]2.7[diam]2.1
*[name]flag[x]75[z]368[height]1.0[diam]1.0
*[name]flag[x]58[z]369[height]1.0[diam]1.0
*[name]herring[x]69[z]369[height]1.0[diam]1.0
*[name]tree[x]20[z]372[height]3.8[diam]2.9
*[name]herring[x]54[z]373[height]1.0[diam]1.0
*[name]tree[x]13[z]376[height]2.5[diam]2.3
*[name]tree[x]49[z]377[height]3.2[diam]1.9
*[name]flag[x]58[z]379[height]1.0[diam]1.0
*[name]herring[x]69[z]380[height]1.0[diam]1.0
*[name]flag[x]74[z]380[height]1.0[diam]1.0
*[name]tree[x]60[z]382[height]2.5[diam]2.1
*[name]tree[x]51[z]384[height]2.8[diam]1.8
*[name]herring[x]66[z]385[height]1.0[diam]1.0
*[name]flag[x]58[z]386[height]1.0[diam]1.0
*[name]tree[x]76[z]386[height]3.7[diam]2.0
*[name]float[x]66[z]389[height]1.0[diam]1.0
*[name]flag[x]73[z]389[height]1.0[diam]1.0
*[name]herring[x]62[z]391[height]1.0[diam]1.0
*[name]flag[x]56[z]397[height]1.0[diam]1.0
*[name]herring[x]61[z]398[height]1.0[diam]1.0
*[name]flag[x]68[z]400[height]1.0[diam]1.0
*[name]flag[x]54[z]404[height]1.0[diam]1.0
*[name]tree[x]74[z]405[height]2.1[diam]2.0
*[name]tree[x]93[z]406[height]3.7[diam]2.1
*[name]flag[x]64[z]407[height]1.0[diam]1.0
*[name]herring[x]55[z]408[height]1.0[diam]1.0
*[name]tree[x]48[z]410[height]2.8[diam]2.6
*[name]flag[x]49[z]410[height]1.0[diam]1.0
*[name]tree[x]47[z]413[height]2.8[diam]1.5
*[name]tree[x]45[z]415[height]2.3[diam]1.5
*[name]flag[x]61[z]415[height]1.0[diam]1.0
*[name]tree[x]36[z]417[height]3.9[diam]3.2
*[name]tree[x]58[z]417[height]2.7[diam]2.2
*[name]tree[x]83[z]417[height]2.3[diam]1.6
*[name]tree[x]46[z]418[height]3.5[diam]2.7
*[name]flag[x]46[z]420[height]1.0[diam]1.0
*[name]tree[x]56[z]421[height]3.8[diam]3.1
*[name]tree[x]38[z]424[height]2.1[diam]1.2
*[name]tree[x]45[z]424[height]3.0[diam]2.5
*[name]tree[x]57[z]425[height]2.7[diam]2.3
*[name]tree[x]34[z]428[height]2.7[diam]2.3
*[name]tree[x]62[z]429[height]2.1[diam]1.2
*[name]tree[x]42[z]430[height]3.6[diam]2.0
*[name]flag[x]44[z]430[height]1.0[diam]1.0
*[name]tree[x]53[z]430[height]2.2[diam]1.8
*[name]tree[x]20[z]431[height]2.4[diam]1.8
*[name]tree[x]56[z]431[height]3.0[diam]2.4
*[name]tree[x]34[z]432[height]3.2[diam]2.6
*[name]tree[x]38[z]432[height]3.8[diam]3.0
*[name]tree[x]51[z]433[height]2.6[diam]1.6
*[name]tree[x]41[z]434[height]2.5[diam]1.8
*[name]flag[x]54[z]434[height]1.0[diam]1.0
*[name]tree[x]80[z]435[height]3.2[diam]1.6
*[name]herring[x]46[z]436[height]1.0[diam]1.0
*[name]tree[x]24[z]437[height]3.9[diam]2.9
*[name]tree[x]37[z]437[height]3.3[diam]1.7
*[name]tree[x]55[z]437[height]3.3[diam]1.9
*[name]tree[x]30[z]438[height]3.4[diam]3.4
*[name]tree[x]12[z]439[height]3.8[diam]1.9
*[name]flag[x]40[z]439[height]1.0[diam]1.0
*[name]tree[x]93[z]440[height]3.4[diam]3.3
*[name]flag[x]35[z]441[height]1.0[diam]1.0
*[name]herring[x]43[z]441[height]1.0[diam]1.0
*[name]tree[x]51[z]441[height]2.4[diam]1.8
*[name]tree[x]59[z]441[height]2.0[diam]1.3
*[name]tree[x]23[z]444[height]2.4[diam]1.5
*[name]flag[x]50[z]445[height]1.0[diam]1.0
*[name]tree[x]65[z]446[height]3.6[diam]3.1
*[name]tree[x]17[z]447[height]3.7[diam]2.5
*[name]herring[x]41[z]449[height]1.0[diam]1.0
*[name]flag[x]31[z]452[height]1.0[diam]1.0
*[name]flag[x]46[z]452[height]1.0[diam]1.0
*[name]tree[x]17[z]454[height]2.8[diam]2.5
*[name]tree[x]80[z]459[height]3.8[diam]3.2
*[name]flag[x]29[z]463[height]1.0[diam]1.0
*[name]tree[x]13[z]465[height]2.0[diam]1.2
*[name]flag[x]42[z]465[height]1.0[diam]1.0
*[name]tree[x]21[z]466[height]2.2[diam]1.8
*[name]herring[x]34[z]467[height]1.0[diam]1.0
*[name]tree[x]91[z]467[height]2.3[diam]1.2
*[name]flag[x]29[z]470[height]1.0[diam]1.0
*[name]tree[x]24[z]472[height]2.2[diam]2.1
*[name]tree[x]15[z]475[height]2.1[diam]1.9
*[name]flag[x]43[z]476[height]1.0[diam]1.0
*[name]tree[x]52[z]477[height]3.9[diam]3.4
*[name]flag[x]31[z]479[height]1.0[diam]1.0
*[name]tree[x]39[z]481[height]3.6[diam]3.3
*[name]tree[x]91[z]483[height]3.5[diam]2.6
*[name]flag[x]44[z]484[height]1.0[diam]1.0
*[name]tree[x]19[z]485[height]3.6[diam]3.5
*[name]float[x]37[z]486[height]1.0[diam]1.0
*[name]tree[x]72[z]488[height]2.1[diam]1.9
*[name]flag[x]33[z]490[height]1.0[diam]1.0
*[name]flag[x]46[z]491[height]1.0[diam]1.0
*[name]tree[x]20[z]494[height]2.5[diam]1.5
*[name]flag[x]51[z]496[height]1.0[diam]1.0
*[name]flag[x]37[z]499[height]1.0[diam]1.0
*[name]flag[x]56[z]501[height]1.0[diam]1.0
*[name]tree[x]83[z]504[height]2.1[diam]1.1
*[name]flag[x]65[z]508[height]1.0[diam]1.0
*[name]tree[x]24[z]509[height]3.9[diam]3.7
*[name]flag[x]41[z]509[height]1.0[diam]1.0
*[name]herring[x]49[z]509[height]1.0[diam]1.0
*[name]tree[x]20[z]510[height]2.8[diam]1.9
*[name]herring[x]63[z]511[height]1.0[diam]1.0
*[name]tree[x]39[z]516[height]3.4[diam]2.2
*[name]flag[x]64[z]518[height]1.0[diam]1.0
*[name]herring[x]52[z]520[height]1.0[diam]1.0
*[name]tree[x]68[z]521[height]2.0[diam]1.7
*[name]flag[x]44[z]522[height]1.0[diam]1.0
*[name]flag[x]60[z]524[height]1.0[diam]1.0
*[name]tree[x]74[z]526[height]3.0[diam]1.7
*[name]tree[x]20[z]528[height]2.6[diam]2.2
*[name]flag[x]47[z]529[height]1.0[diam]1.0
*[name]herring[x]53[z]533[height]1.0[diam]1.0
*[name]tree[x]84[z]533[height]2.3[diam]1.7
*[name]tree[x]90[z]533[height]3.0[diam]1.8
*[name]flag[x]59[z]536[height]1.0[diam]1.0
*[name]tree[x]10[z]538[height]2.4[diam]1.8
*[name]flag[x]47[z]538[height]1.0[diam]1.0
*[name]flag[x]60[z]546[height]1.0[diam]1.0
*[name]tree[x]92[z]547[height]3.9[diam]3.9
*[name]flag[x]50[z]548[height]1.0[diam]1.0
*[name]herring[x]56[z]549[height]1.0[diam]1.0
*[name]tree[x]82[z]553[height]2.7[diam]2.3
*[name]herring[x]56[z]556[height]1.0[diam]1.0
*[name]flag[x]50[z]558[height]1.0[diam]1.0
*[name]flag[x]62[z]558[height]1.0[diam]1.0
*[name]float[x]56[z]562[height]1.0[diam]1.0
*[name]flag[x]62[z]566[height]1.0[diam]1.0
*[name]flag[x]49[z]572[height]1.0[diam]1.0
*[name]flag[x]60[z]573[height]1.0[diam]1.0
*[name]herring[x]55[z]574[height]1.0[diam]1.0
*[name]tree[x]43[z]578[height]3.0[diam]1.7
*[name]tree[x]48[z]578[height]3.4[diam]2.6
*[name]tree[x]64[z]578[height]3.9[diam]3.8
*[name]tree[x]58[z]580[height]3.5[diam]1.8
*[name]tree[x]36[z]581[height]4.0[diam]3.4
*[name]tree[x]46[z]581[height]3.8[diam]2.7
*[name]flag[x]48[z]581[height]1.0[diam]1.0
*[name]tree[x]43[z]582[height]2.1[diam]1.7
*[name]tree[x]34[z]583[height]3.5[diam]1.8
*[name]herring[x]53[z]583[height]1.0[diam]1.0
*[name]tree[x]60[z]583[height]2.6[diam]1.6
*[name]flag[x]60[z]584[height]1.0[diam]1.0
*[name]tree[x]68[z]584[height]2.3[diam]1.9
*[name]tree[x]40[z]585[height]3.8[diam]2.6
*[name]tree[x]36[z]589[height]2.1[diam]1.5
*[name]flag[x]49[z]589[height]1.0[diam]1.0
*[name]tree[x]63[z]589[height]3.1[diam]1.9
*[name]tree[x]46[z]591[height]3.8[diam]2.9
*[name]tree[x]23[z]593[height]2.5[diam]1.5
*[name]tree[x]28[z]593[height]2.5[diam]2.2
*[name]tree[x]76[z]593[height]2.8[diam]2.7
*[name]flag[x]58[z]594[height]1.0[diam]1.0
*[name]flag[x]49[z]597[height]1.0[diam]1.0
*[name]herring[x]53[z]597[height]1.0[diam]1.0
*[name]tree[x]46[z]598[height]2.5[diam]1.7
*[name]tree[x]46[z]603[height]3.8[diam]1.9
*[name]flag[x]49[z]604[height]1.0[diam]1.0
*[name]flag[x]58[z]605[height]1.0[diam]1.0
*[name]tree[x]75[z]606[height]2.7[diam]2.5
*[name]tree[x]16[z]612[height]3.4[diam]2.2
*[name]flag[x]47[z]613[height]1.0[diam]1.0
*[name]flag[x]59[z]613[height]1.0[diam]1.0
*[name]herring[x]53[z]616[height]1.0[diam]1.0
*[name]tree[x]22[z]617[height]2.6[diam]2.3
*[name]tree[x]74[z]617[height]3.7[diam]1.9
*[name]flag[x]46[z]619[height]1.0[diam]1.0
*[name]flag[x]61[z]619[height]1.0[diam]1.0
*[name]tree[x]76[z]622[height]3.7[diam]2.1
*[name]tree[x]25[z]627[height]2.6[diam]1.3
*[name]flag[x]61[z]628[height]1.0[diam]1.0
*[name]flag[x]47[z]632[height]1.0[diam]1.0
*[name]float[x]55[z]632[height]1.0[diam]1.0
*[name]tree[x]16[z]633[height]3.4[diam]2.1
*[name]herring[x]55[z]635[height]1.0[diam]1.0
*[name]tree[x]63[z]635[height]2.7[diam]2.3
*[name]flag[x]62[z]636[height]1.0[diam]1.0
*[name]tree[x]69[z]638[height]3.3[diam]3.1
*[name]tree[x]75[z]638[height]4.0[diam]3.1
*[name]flag[x]49[z]640[height]1.0[diam]1.0
*[name]tree[x]80[z]640[height]2.9[diam]1.8
*[name]tree[x]46[z]641[height]3.6[diam]3.0
*[name]tree[x]65[z]642[height]4.0[diam]2.3
*[name]herring[x]59[z]643[height]1.0[diam]1.0
*[name]flag[x]62[z]643[height]1.0[diam]1.0
*[name]tree[x]70[z]643[height]3.3[diam]2.0
*[name]tree[x]84[z]643[height]3.0[diam]2.4
*[name]tree[x]44[z]645[height]2.5[diam]2.3
*[name]tree[x]77[z]645[height]2.9[diam]2.9
*[name]tree[x]15[z]647[height]2.2[diam]1.9
*[name]tree[x]22[z]647[height]3.5[diam]3.4
*[name]flag[x]52[z]647[height]1.0[diam]1.0
*[name]tree[x]68[z]647[height]3.6[diam]2.8
*[name]tree[x]44[z]650[height]2.2[diam]1.2
*[name]flag[x]66[z]650[height]1.0[diam]1.0
*[name]tree[x]77[z]650[height]3.2[diam]2.9
*[name]tree[x]48[z]651[height]2.6[diam]2.5
*[name]tree[x]70[z]651[height]3.1[diam]3.0
*[name]flag[x]56[z]652[height]1.0[diam]1.0
*[name]herring[x]60[z]654[height]1.0[diam]1.0
*[name]tree[x]47[z]656[height]3.6[diam]2.8
*[name]tree[x]14[z]658[height]2.9[diam]1.8
*[name]flag[x]67[z]659[height]1.0[diam]1.0
*[name]tree[x]91[z]659[height]3.6[diam]2.2
*[name]tree[x]87[z]660[height]3.9[diam]3.4
*[name]flag[x]58[z]661[height]1.0[diam]1.0
*[name]flag[x]67[z]665[height]1.0[diam]1.0
*[name]flag[x]58[z]669[height]1.0[diam]1.0
*[name]herring[x]61[z]670[height]1.0[diam]1.0
*[name]tree[x]24[z]672[height]2.8[diam]2.3
*[name]flag[x]67[z]672[height]1.0[diam]1.0
*[name]tree[x]57[z]675[height]4.0[diam]3.8
*[name]flag[x]57[z]676[height]1.0[diam]1.0
*[name]tree[x]82[z]677[height]2.3[diam]1.4
*[name]tree[x]17[z]678[height]3.5[diam]2.9
*[name]tree[x]66[z]680[height]2.4[diam]2.3
*[name]flag[x]67[z]680[height]1.0[diam]1.0
*[name]tree[x]89[z]681[height]2.8[diam]2.7
*[name]flag[x]56[z]682[height]1.0[diam]1.0
*[name]herring[x]60[z]682[height]1.0[diam]1.0
*[name]flag[x]53[z]691[height]1.0[diam]1.0
*[name]flag[x]64[z]691[height]1.0[diam]1.0
*[name]tree[x]24[z]697[height]3.6[diam]2.2
*[name]flag[x]52[z]697[height]1.0[diam]1.0
*[name]float[x]58[z]697[height]1.0[diam]1.0
*[name]tree[x]85[z]697[height]3.1[diam]2.9
*[name]tree[x]44[z]698[height]2.6[diam]1.4
*[name]tree[x]91[z]699[height]3.4[diam]2.7
*[name]herring[x]56[z]700[height]1.0[diam]1.0
*[name]flag[x]63[z]700[height]1.0[diam]1.0
*[name]herring[x]56[z]705[height]1.0[diam]1.0
*[name]flag[x]52[z]706[height]1.0[diam]1.0
*[name]flag[x]63[z]707[height]1.0[diam]1.0
*[name]tree[x]24[z]710[height]2.1[diam]1.3
*[name]tree[x]88[z]710[height]3.1[diam]2.8
*[name]flag[x]51[z]711[height]1.0[diam]1.0
*[name]herring[x]54[z]712[height]1.0[diam]1.0
*[name]tree[x]20[z]714[height]3.7[diam]3.7
*[name]tree[x]92[z]717[height]2.2[diam]1.8
*[name]herring[x]52[z]718[height]1.0[diam]1.0
*[name]flag[x]58[z]718[height]1.0[diam]1.0
*[name]flag[x]46[z]719[height]1.0[diam]1.0
*[name]flag[x]43[z]723[height]1.0[diam]1.0
*[name]flag[x]56[z]723[height]1.0[diam]1.0
*[name]herring[x]47[z]724[height]1.0[diam]1.0
*[name]tree[x]26[z]726[height]2.5[diam]1.3
*[name]flag[x]54[z]727[height]1.0[diam]1.0
*[name]flag[x]38[z]730[height]1.0[diam]1.0
*[name]tree[x]14[z]734[height]2.8[diam]2.3
*[name]tree[x]85[z]734[height]3.3[diam]2.3
*[name]flag[x]49[z]735[height]1.0[diam]1.0
*[name]tree[x]38[z]736[height]3.2[diam]2.8
*[name]flag[x]37[z]737[height]1.0[diam]1.0
*[name]tree[x]34[z]738[height]3.3[diam]2.2
*[name]tree[x]82[z]740[height]2.8[diam]2.6
*[name]tree[x]33[z]741[height]2.4[diam]2.2
*[name]flag[x]49[z]743[height]1.0[diam]1.0
*[name]flag[x]37[z]744[height]1.0[diam]1.0
*[name]tree[x]31[z]746[height]3.6[diam]1.9
*[name]float[x]44[z]746[height]1.0[diam]1.0
*[name]flag[x]49[z]748[height]1.0[diam]1.0
*[name]tree[x]92[z]750[height]4.0[diam]2.7
*[name]tree[x]58[z]751[height]3.9[diam]2.5
*[name]flag[x]37[z]754[height]1.0[diam]1.0
*[name]tree[x]14[z]755[height]2.9[diam]2.4
*[name]flag[x]51[z]757[height]1.0[diam]1.0
*[name]tree[x]66[z]757[height]3.7[diam]2.8
*[name]herring[x]45[z]760[height]1.0[diam]1.0
*[name]tree[x]51[z]761[height]3.9[diam]2.7
*[name]flag[x]52[z]762[height]1.0[diam]1.0
*[name]flag[x]40[z]763[height]1.0[diam]1.0
*[name]tree[x]89[z]764[height]2.7[diam]2.4
*[name]tree[x]54[z]765[height]2.8[diam]2.0
*[name]tree[x]57[z]767[height]2.8[diam]2.3
*[name]tree[x]30[z]768[height]2.9[diam]2.6
*[name]flag[x]52[z]769[height]1.0[diam]1.0
*[name]flag[x]43[z]771[height]1.0[diam]1.0
*[name]tree[x]62[z]771[height]2.6[diam]1.4
*[name]tree[x]80[z]771[height]2.3[diam]2.2
*[name]tree[x]26[z]772[height]3.8[diam]3.4
*[name]tree[x]54[z]772[height]2.5[diam]1.6
*[name]flag[x]54[z]774[height]1.0[diam]1.0
*[name]flag[x]44[z]775[height]1.0[diam]1.0
*[name]tree[x]55[z]775[height]3.3[diam]2.5
*[name]herring[x]50[z]778[height]1.0[diam]1.0
*[name]flag[x]56[z]779[height]1.0[diam]1.0
*[name]tree[x]90[z]780[height]2.2[diam]1.6
*[name]tree[x]13[z]782[height]3.1[diam]1.7
*[name]tree[x]25[z]784[height]3.6[diam]2.7
*[name]flag[x]45[z]784[height]1.0[diam]1.0
*[name]flag[x]58[z]786[height]1.0[diam]1.0
*[name]start[x]51[z]788[height]6.0[diam]9.0
*[name]tree[x]88[z]788[height]2.7[diam]1.7
*[name]tree[x]80[z]789[height]2.3[diam]1.4
*[name]tree[x]24[z]790[height]3.5[diam]1.9
*[name]tree[x]75[z]796[height]3.3[diam]1.8
*[name]tree[x]25[z]797[height]3.8[diam]2.0